# `android.archs` not detected, instead `android.arch` is present.
# `android.arch` will be removed and ignored in future.
# If you're seeing this error, please migrate to `android.archs`.
# Ensure build layout
# Check configuration tokens
# Preparing build
# Check requirements for android
# Search for Git (git)
#  -> found at /usr/bin/git
# Search for Cython (cython)
#  -> found at /home/jules/.pyenv/versions/3.12.13/bin/cython
# Search for Java compiler (javac)
#  -> found at /usr/lib/jvm/java-21-openjdk-amd64/bin/javac
# Search for Java keytool (keytool)
#  -> found at /usr/lib/jvm/java-21-openjdk-amd64/bin/keytool
# Install platform
# Run 'git config --get remote.origin.url' ...
# Cwd /app/.buildozer/android/platform/python-for-android
https://github.com/kivy/python-for-android.git
# Run 'git branch -vv' ...
# Cwd /app/.buildozer/android/platform/python-for-android
* master 58d21141 [origin/master] Merge pull request #3321 from kivy/release-2026.05.09
# Run '/home/jules/.pyenv/versions/3.12.13/bin/python3.12 -m pip install -q --user appdirs colorama>=0.3.3 jinja2 sh>=2, <3.0; sys_platform!="win32" meson ninja build toml packaging setuptools wheel~=0.43.0' ...
# Cwd None

[notice] A new release of pip is available: 26.0.1 -> 26.1.2
[notice] To update, run: pip install --upgrade pip
# Apache ANT found at /home/jules/.buildozer/android/platform/apache-ant-1.9.4
# Android SDK found at /app/.buildozer/android/platform/android-sdk
# Android NDK found at /app/.buildozer/android/platform/android-ndk-r25b
# Recommended android's NDK version by p4a is: 28c
# Run '/home/jules/.pyenv/versions/3.12.13/bin/python3.12 -m pythonforandroid.toolchain aab -h --color=always --storage-dir=/app/.buildozer/android/platform/build-arm64-v8a --ndk-api=21 --ignore-setup-py --debug' ...
# Cwd /app/.buildozer/android/platform/python-for-android
# Check application requirements
# Compile platform
# Run '/home/jules/.pyenv/versions/3.12.13/bin/python3.12 -m pythonforandroid.toolchain create --dist_name=neshrblek --bootstrap=sdl2 --requirements=python3,kivy,arabic-reshaper,python-bidi,pyrebase4,openssl,requests,cryptography,pyasn1,pyasn1-modules,jwcrypto,gcloud --arch=arm64-v8a --copy-libs --color=always --storage-dir=/app/.buildozer/android/platform/build-arm64-v8a --ndk-api=21 --ignore-setup-py --debug' ...
# Cwd /app/.buildozer/android/platform/python-for-android
[WARNING]: prerequisites.py is experimental and does not support all prerequisites yet.
[WARNING]: Please report any issues to the python-for-android issue tracker.
[WARNING]: prerequisites.py is experimental and does not support all prerequisites yet.
[WARNING]: Please report any issues to the python-for-android issue tracker.
[1m[INFO][0m:    Will compile for the following archs: arm64-v8a
[1m[INFO][0m:    Found Android API target in $ANDROIDAPI: 31
[1m[INFO][0m:    Available Android APIs are (31)
[1m[INFO][0m:    Requested API target 31 is available, continuing.
[1m[INFO][0m:    Found NDK dir in $ANDROIDNDK: /app/.buildozer/android/platform/android-ndk-r25b
[1m[INFO][0m:    Found NDK version 28c
[1m[31m[WARNING][39m[0m: Maximum recommended NDK version is 28c, but newer versions may work.
[1m[31m[WARNING][39m[0m: Newer NDKs may not be fully supported by p4a.
[1m[INFO][0m:    Getting NDK API version (i.e. minimum supported API) from user argument
[1m[90m[DEBUG][39m[0m:   All possible dists: []
[1m[90m[DEBUG][39m[0m:   Dist matching name and arch: []
[1m[90m[DEBUG][39m[0m:   Dist matching ndk_api and recipe: []
[1m[INFO][0m:    No existing dists meet the given requirements!
[1m[INFO][0m:    [1m[94mNo dist exists that meets your requirements, so one will be built.[0m
[1m[INFO][0m:    Found a single valid recipe set: ['arabic-reshaper', 'gcloud', 'hostpython3', 'jwcrypto', 'libffi', 'openssl', 'pyasn1', 'pyasn1-modules', 'pyrebase4', 'python-bidi', 'requests', 'sdl2_image', 'sdl2_mixer', 'sdl2_ttf', 'six', 'sqlite3', 'python3', 'sdl2', 'pyjnius', 'setuptools', 'android', 'pycparser', 'cffi', 'kivy', 'cryptography']
[1m[INFO][0m:    The selected bootstrap is sdl2
[1m[INFO][0m:    [1m[32m# Creating dist with sdl2 bootstrap[0m[39m
[1m[INFO][0m:    [1m[94mDist will have name neshrblek and requirements (python3, kivy, arabic-reshaper, python-bidi, pyrebase4, openssl, requests, cryptography, pyasn1, pyasn1-modules, jwcrypto, gcloud)[0m
[1m[INFO][0m:    Dist contains the following requirements as recipes: ['hostpython3', 'libffi', 'openssl', 'sdl2_image', 'sdl2_mixer', 'sdl2_ttf', 'sqlite3', 'python3', 'sdl2', 'pyjnius', 'setuptools', 'android', 'pycparser', 'cffi', 'kivy', 'cryptography']
[1m[INFO][0m:    Dist will also contain modules (certifi, arabic-reshaper, urllib3, jwcrypto, six, chardet, idna, gcloud, requests, pyasn1, pyasn1-modules, pyrebase4, filetype, python-bidi) installed from pip
[1m[INFO][0m:    Dist will be build in mode debug
[1m[INFO][0m:    [36m-> directory context /app/.buildozer/android/platform/build-arm64-v8a/build/bootstrap_builds/sdl2[39m
[1m[INFO][0m:    [36m<- directory context /app/.buildozer/android/platform/python-for-android[39m
[1m[90m[DEBUG][39m[0m:   Create directory /app/.buildozer/android/platform/build-arm64-v8a/dists/neshrblek
[1m[INFO][0m:    [1m[94mRecipe build order is ['hostpython3', 'libffi', 'openssl', 'sdl2_image', 'sdl2_mixer', 'sdl2_ttf', 'sqlite3', 'python3', 'sdl2', 'pyjnius', 'setuptools', 'android', 'pycparser', 'cffi', 'kivy', 'cryptography'][0m
[1m[INFO][0m:    [1m[94mThe requirements (arabic-reshaper, certifi, chardet, filetype, gcloud, idna, jwcrypto, pyasn1, pyasn1-modules, pyrebase4, python-bidi, requests, six, urllib3) were not found as recipes, they will be installed with pip.[0m
[1m[INFO][0m:    [1m[32m# Downloading recipes [0m[39m
[1m[INFO][0m:    [1m[32mDownloading hostpython3[0m[39m
[1m[INFO][0m:    [36m-> directory context /app/.buildozer/android/platform/build-arm64-v8a/packages/hostpython3[39m
stty: 'standard input': Inappropriate ioctl for device
[1m[90m[DEBUG][39m[0m:   [90m->[0m running basename https://github.com/python/cpython/archive/refs/tags/v3.14.2.tar.gz[0m
[1m[90m[DEBUG][39m[0m:   	v3.14.2.tar.gz
[1m[INFO][0m:    hostpython3 download already cached, skipping
[1m[INFO][0m:    [36m<- directory context /app/.buildozer/android/platform/python-for-android[39m
[1m[INFO][0m:    [1m[32mDownloading libffi[0m[39m
[1m[INFO][0m:    [36m-> directory context /app/.buildozer/android/platform/build-arm64-v8a/packages/libffi[39m
stty: 'standard input': Inappropriate ioctl for device
[1m[90m[DEBUG][39m[0m:   [90m->[0m running basename https://github.com/libffi/libffi/archive/v3.4.2.tar.gz[0m
[1m[90m[DEBUG][39m[0m:   	v3.4.2.tar.gz
[1m[INFO][0m:    libffi download already cached, skipping
[1m[INFO][0m:    [36m<- directory context /app/.buildozer/android/platform/python-for-android[39m
[1m[INFO][0m:    [1m[32mDownloading openssl[0m[39m
[1m[INFO][0m:    [36m-> directory context /app/.buildozer/android/platform/build-arm64-v8a/packages/openssl[39m
stty: 'standard input': Inappropriate ioctl for device
[1m[90m[DEBUG][39m[0m:   [90m->[0m running basename https://www.openssl.org/source/openssl-3.3.1.tar.gz[0m
[1m[90m[DEBUG][39m[0m:   	openssl-3.3.1.tar.gz
[1m[INFO][0m:    openssl download already cached, skipping
[1m[INFO][0m:    [36m<- directory context /app/.buildozer/android/platform/python-for-android[39m
[1m[INFO][0m:    [1m[32mDownloading sdl2_image[0m[39m
[1m[INFO][0m:    [36m-> directory context /app/.buildozer/android/platform/build-arm64-v8a/packages/sdl2_image[39m
stty: 'standard input': Inappropriate ioctl for device
[1m[90m[DEBUG][39m[0m:   [90m->[0m running basename https://github.com/libsdl-org/SDL_image/releases/download/release-2.8.2/SDL2_image-2.8.2.tar.gz[0m
[1m[90m[DEBUG][39m[0m:   	SDL2_image-2.8.2.tar.gz
[1m[INFO][0m:    sdl2_image download already cached, skipping
[1m[INFO][0m:    [36m<- directory context /app/.buildozer/android/platform/python-for-android[39m
[1m[INFO][0m:    [1m[32mDownloading sdl2_mixer[0m[39m
[1m[INFO][0m:    [36m-> directory context /app/.buildozer/android/platform/build-arm64-v8a/packages/sdl2_mixer[39m
stty: 'standard input': Inappropriate ioctl for device
[1m[90m[DEBUG][39m[0m:   [90m->[0m running basename https://github.com/libsdl-org/SDL_mixer/releases/download/release-2.6.3/SDL2_mixer-2.6.3.tar.gz[0m
[1m[90m[DEBUG][39m[0m:   	SDL2_mixer-2.6.3.tar.gz
[1m[INFO][0m:    sdl2_mixer download already cached, skipping
[1m[INFO][0m:    [36m<- directory context /app/.buildozer/android/platform/python-for-android[39m
[1m[INFO][0m:    [1m[32mDownloading sdl2_ttf[0m[39m
[1m[INFO][0m:    [36m-> directory context /app/.buildozer/android/platform/build-arm64-v8a/packages/sdl2_ttf[39m
stty: 'standard input': Inappropriate ioctl for device
[1m[90m[DEBUG][39m[0m:   [90m->[0m running basename https://github.com/libsdl-org/SDL_ttf/releases/download/release-2.22.0/SDL2_ttf-2.22.0.tar.gz[0m
[1m[90m[DEBUG][39m[0m:   	SDL2_ttf-2.22.0.tar.gz
[1m[INFO][0m:    sdl2_ttf download already cached, skipping
[1m[INFO][0m:    [36m<- directory context /app/.buildozer/android/platform/python-for-android[39m
[1m[INFO][0m:    [1m[32mDownloading sqlite3[0m[39m
[1m[INFO][0m:    [36m-> directory context /app/.buildozer/android/platform/build-arm64-v8a/packages/sqlite3[39m
stty: 'standard input': Inappropriate ioctl for device
[1m[90m[DEBUG][39m[0m:   [90m->[0m running basename https://github.com/sqlite/sqlite/archive/refs/tags/version-3.50.4.tar.gz[0m
[1m[90m[DEBUG][39m[0m:   	version-3.50.4.tar.gz
[1m[INFO][0m:    sqlite3 download already cached, skipping
[1m[INFO][0m:    [36m<- directory context /app/.buildozer/android/platform/python-for-android[39m
[1m[INFO][0m:    [1m[32mDownloading python3[0m[39m
[1m[INFO][0m:    [36m-> directory context /app/.buildozer/android/platform/build-arm64-v8a/packages/python3[39m
stty: 'standard input': Inappropriate ioctl for device
[1m[90m[DEBUG][39m[0m:   [90m->[0m running basename https://github.com/python/cpython/archive/refs/tags/v3.14.2.tar.gz[0m
[1m[90m[DEBUG][39m[0m:   	v3.14.2.tar.gz
[1m[INFO][0m:    python3 download already cached, skipping
[1m[INFO][0m:    [36m<- directory context /app/.buildozer/android/platform/python-for-android[39m
[1m[INFO][0m:    [1m[32mDownloading sdl2[0m[39m
[1m[INFO][0m:    [36m-> directory context /app/.buildozer/android/platform/build-arm64-v8a/packages/sdl2[39m
stty: 'standard input': Inappropriate ioctl for device
[1m[90m[DEBUG][39m[0m:   [90m->[0m running basename https://github.com/libsdl-org/SDL/releases/download/release-2.30.11/SDL2-2.30.11.tar.gz[0m
[1m[90m[DEBUG][39m[0m:   	SDL2-2.30.11.tar.gz
[1m[INFO][0m:    sdl2 download already cached, skipping
[1m[INFO][0m:    [36m<- directory context /app/.buildozer/android/platform/python-for-android[39m
[1m[INFO][0m:    [1m[32mDownloading pyjnius[0m[39m
[1m[INFO][0m:    [36m-> directory context /app/.buildozer/android/platform/build-arm64-v8a/packages/pyjnius[39m
stty: 'standard input': Inappropriate ioctl for device
[1m[90m[DEBUG][39m[0m:   [90m->[0m running basename https://github.com/kivy/pyjnius/archive/1.7.0.zip[0m
[1m[90m[DEBUG][39m[0m:   	1.7.0.zip
[1m[INFO][0m:    pyjnius download already cached, skipping
[1m[INFO][0m:    [36m<- directory context /app/.buildozer/android/platform/python-for-android[39m
[1m[INFO][0m:    [1m[32mDownloading setuptools[0m[39m
[1m[INFO][0m:    Skipping setuptools download as no URL is set
[1m[INFO][0m:    [1m[32mDownloading android[0m[39m
[1m[INFO][0m:    Skipping android download as no URL is set
[1m[INFO][0m:    [1m[32mDownloading pycparser[0m[39m
[1m[INFO][0m:    [36m-> directory context /app/.buildozer/android/platform/build-arm64-v8a/packages/pycparser[39m
stty: 'standard input': Inappropriate ioctl for device
[1m[90m[DEBUG][39m[0m:   [90m->[0m running basename https://pypi.python.org/packages/source/p/pycparser/pycparser-2.14.tar.gz[0m
[1m[90m[DEBUG][39m[0m:   	pycparser-2.14.tar.gz
[1m[INFO][0m:    pycparser download already cached, skipping
[1m[INFO][0m:    [36m<- directory context /app/.buildozer/android/platform/python-for-android[39m
[1m[INFO][0m:    [1m[32mDownloading cffi[0m[39m
[1m[INFO][0m:    [36m-> directory context /app/.buildozer/android/platform/build-arm64-v8a/packages/cffi[39m
stty: 'standard input': Inappropriate ioctl for device
[1m[90m[DEBUG][39m[0m:   [90m->[0m running basename https://github.com/python-cffi/cffi/archive/refs/tags/v2.0.0.tar.gz[0m
[1m[90m[DEBUG][39m[0m:   	v2.0.0.tar.gz
[1m[INFO][0m:    cffi download already cached, skipping
[1m[INFO][0m:    [36m<- directory context /app/.buildozer/android/platform/python-for-android[39m
[1m[INFO][0m:    [1m[32mDownloading kivy[0m[39m
[1m[INFO][0m:    [36m-> directory context /app/.buildozer/android/platform/build-arm64-v8a/packages/kivy[39m
stty: 'standard input': Inappropriate ioctl for device
[1m[90m[DEBUG][39m[0m:   [90m->[0m running basename https://github.com/kivy/kivy/archive/2.3.1.zip[0m
[1m[90m[DEBUG][39m[0m:   	2.3.1.zip
[1m[INFO][0m:    kivy download already cached, skipping
[1m[INFO][0m:    [36m<- directory context /app/.buildozer/android/platform/python-for-android[39m
[1m[INFO][0m:    [1m[32mDownloading cryptography[0m[39m
[1m[INFO][0m:    [36m-> directory context /app/.buildozer/android/platform/build-arm64-v8a/packages/cryptography[39m
stty: 'standard input': Inappropriate ioctl for device
[1m[90m[DEBUG][39m[0m:   [90m->[0m running basename https://github.com/pyca/cryptography/archive/refs/tags/46.0.3.tar.gz[0m
[1m[90m[DEBUG][39m[0m:   	46.0.3.tar.gz
[1m[INFO][0m:    cryptography download already cached, skipping
[1m[INFO][0m:    [36m<- directory context /app/.buildozer/android/platform/python-for-android[39m
[1m[INFO][0m:    [1m[32m# Building all recipes for arch arm64-v8a[0m[39m
[1m[INFO][0m:    [1m[32m# Unpacking recipes[0m[39m
[1m[INFO][0m:    [1m[32mUnpacking hostpython3 for arm64-v8a[0m[39m
stty: 'standard input': Inappropriate ioctl for device
[1m[90m[DEBUG][39m[0m:   [90m->[0m running basename https://github.com/python/cpython/archive/refs/tags/v3.14.2.tar.gz[0m
[1m[90m[DEBUG][39m[0m:   	v3.14.2.tar.gz
[1m[INFO][0m:    [36m-> directory context /app/.buildozer/android/platform/build-arm64-v8a/build/other_builds/hostpython3/desktop[39m
[1m[INFO][0m:    hostpython3 is already unpacked, skipping
[1m[INFO][0m:    [36m<- directory context /app/.buildozer/android/platform/python-for-android[39m
[1m[INFO][0m:    [1m[32mUnpacking libffi for arm64-v8a[0m[39m
stty: 'standard input': Inappropriate ioctl for device
[1m[90m[DEBUG][39m[0m:   [90m->[0m running basename https://github.com/libffi/libffi/archive/v3.4.2.tar.gz[0m
[1m[90m[DEBUG][39m[0m:   	v3.4.2.tar.gz
[1m[INFO][0m:    [36m-> directory context /app/.buildozer/android/platform/build-arm64-v8a/build/other_builds/libffi/arm64-v8a__ndk_target_21[39m
[1m[INFO][0m:    libffi is already unpacked, skipping
[1m[INFO][0m:    [36m<- directory context /app/.buildozer/android/platform/python-for-android[39m
[1m[INFO][0m:    [1m[32mUnpacking openssl for arm64-v8a[0m[39m
stty: 'standard input': Inappropriate ioctl for device
[1m[90m[DEBUG][39m[0m:   [90m->[0m running basename https://www.openssl.org/source/openssl-3.3.1.tar.gz[0m
[1m[90m[DEBUG][39m[0m:   	openssl-3.3.1.tar.gz
[1m[INFO][0m:    [36m-> directory context /app/.buildozer/android/platform/build-arm64-v8a/build/other_builds/openssl/arm64-v8a__ndk_target_21[39m
[1m[INFO][0m:    openssl is already unpacked, skipping
[1m[INFO][0m:    [36m<- directory context /app/.buildozer/android/platform/python-for-android[39m
[1m[INFO][0m:    [1m[32mUnpacking sdl2_image for arm64-v8a[0m[39m
stty: 'standard input': Inappropriate ioctl for device
[1m[90m[DEBUG][39m[0m:   [90m->[0m running basename https://github.com/libsdl-org/SDL_image/releases/download/release-2.8.2/SDL2_image-2.8.2.tar.gz[0m
[1m[90m[DEBUG][39m[0m:   	SDL2_image-2.8.2.tar.gz
[1m[INFO][0m:    [36m-> directory context /app/.buildozer/android/platform/build-arm64-v8a/build/bootstrap_builds/sdl2/jni[39m
[1m[INFO][0m:    sdl2_image is already unpacked, skipping
[1m[INFO][0m:    [36m<- directory context /app/.buildozer/android/platform/python-for-android[39m
[1m[INFO][0m:    [1m[32mUnpacking sdl2_mixer for arm64-v8a[0m[39m
stty: 'standard input': Inappropriate ioctl for device
[1m[90m[DEBUG][39m[0m:   [90m->[0m running basename https://github.com/libsdl-org/SDL_mixer/releases/download/release-2.6.3/SDL2_mixer-2.6.3.tar.gz[0m
[1m[90m[DEBUG][39m[0m:   	SDL2_mixer-2.6.3.tar.gz
[1m[INFO][0m:    [36m-> directory context /app/.buildozer/android/platform/build-arm64-v8a/build/bootstrap_builds/sdl2/jni[39m
[1m[INFO][0m:    sdl2_mixer is already unpacked, skipping
[1m[INFO][0m:    [36m<- directory context /app/.buildozer/android/platform/python-for-android[39m
[1m[INFO][0m:    [1m[32mUnpacking sdl2_ttf for arm64-v8a[0m[39m
stty: 'standard input': Inappropriate ioctl for device
[1m[90m[DEBUG][39m[0m:   [90m->[0m running basename https://github.com/libsdl-org/SDL_ttf/releases/download/release-2.22.0/SDL2_ttf-2.22.0.tar.gz[0m
[1m[90m[DEBUG][39m[0m:   	SDL2_ttf-2.22.0.tar.gz
[1m[INFO][0m:    [36m-> directory context /app/.buildozer/android/platform/build-arm64-v8a/build/bootstrap_builds/sdl2/jni[39m
[1m[INFO][0m:    sdl2_ttf is already unpacked, skipping
[1m[INFO][0m:    [36m<- directory context /app/.buildozer/android/platform/python-for-android[39m
[1m[INFO][0m:    [1m[32mUnpacking sqlite3 for arm64-v8a[0m[39m
stty: 'standard input': Inappropriate ioctl for device
[1m[90m[DEBUG][39m[0m:   [90m->[0m running basename https://github.com/sqlite/sqlite/archive/refs/tags/version-3.50.4.tar.gz[0m
[1m[90m[DEBUG][39m[0m:   	version-3.50.4.tar.gz
[1m[INFO][0m:    [36m-> directory context /app/.buildozer/android/platform/build-arm64-v8a/build/other_builds/sqlite3/arm64-v8a__ndk_target_21[39m
[1m[INFO][0m:    sqlite3 is already unpacked, skipping
[1m[INFO][0m:    [36m<- directory context /app/.buildozer/android/platform/python-for-android[39m
[1m[INFO][0m:    [1m[32mUnpacking python3 for arm64-v8a[0m[39m
stty: 'standard input': Inappropriate ioctl for device
[1m[90m[DEBUG][39m[0m:   [90m->[0m running basename https://github.com/python/cpython/archive/refs/tags/v3.14.2.tar.gz[0m
[1m[90m[DEBUG][39m[0m:   	v3.14.2.tar.gz
[1m[INFO][0m:    [36m-> directory context /app/.buildozer/android/platform/build-arm64-v8a/build/other_builds/python3/arm64-v8a__ndk_target_21[39m
[1m[INFO][0m:    python3 is already unpacked, skipping
[1m[INFO][0m:    [36m<- directory context /app/.buildozer/android/platform/python-for-android[39m
[1m[INFO][0m:    [1m[32mUnpacking sdl2 for arm64-v8a[0m[39m
stty: 'standard input': Inappropriate ioctl for device
[1m[90m[DEBUG][39m[0m:   [90m->[0m running basename https://github.com/libsdl-org/SDL/releases/download/release-2.30.11/SDL2-2.30.11.tar.gz[0m
[1m[90m[DEBUG][39m[0m:   	SDL2-2.30.11.tar.gz
[1m[INFO][0m:    [36m-> directory context /app/.buildozer/android/platform/build-arm64-v8a/build/bootstrap_builds/sdl2/jni[39m
[1m[INFO][0m:    sdl2 is already unpacked, skipping
[1m[INFO][0m:    [36m<- directory context /app/.buildozer/android/platform/python-for-android[39m
[1m[INFO][0m:    [1m[32mUnpacking pyjnius for arm64-v8a[0m[39m
stty: 'standard input': Inappropriate ioctl for device
[1m[90m[DEBUG][39m[0m:   [90m->[0m running basename https://github.com/kivy/pyjnius/archive/1.7.0.zip[0m
[1m[90m[DEBUG][39m[0m:   	1.7.0.zip
[1m[INFO][0m:    [36m-> directory context /app/.buildozer/android/platform/build-arm64-v8a/build/other_builds/pyjnius-sdl2/arm64-v8a__ndk_target_21[39m
[1m[INFO][0m:    pyjnius is already unpacked, skipping
[1m[INFO][0m:    [36m<- directory context /app/.buildozer/android/platform/python-for-android[39m
[1m[INFO][0m:    [1m[32mUnpacking setuptools for arm64-v8a[0m[39m
[1m[INFO][0m:    Skipping setuptools unpack as no URL is set
[1m[90m[DEBUG][39m[0m:   Remove directory and subdirectory /app/.buildozer/android/platform/build-arm64-v8a/build/other_builds/android-sdl2/arm64-v8a__ndk_target_21/android
stty: 'standard input': Inappropriate ioctl for device
[1m[90m[DEBUG][39m[0m:   [90m->[0m running cp -a /app/.buildozer/android/platform/python-for-android/pythonforandroid/recipes/android/src /app/.buildozer/android/platform/build-arm64-v8a/build/other_builds/android-sdl2/arm64-v8a__ndk_target_21/android[0m
[1m[INFO][0m:    [1m[32mUnpacking pycparser for arm64-v8a[0m[39m
stty: 'standard input': Inappropriate ioctl for device
[1m[90m[DEBUG][39m[0m:   [90m->[0m running basename https://pypi.python.org/packages/source/p/pycparser/pycparser-2.14.tar.gz[0m
[1m[90m[DEBUG][39m[0m:   	pycparser-2.14.tar.gz
[1m[INFO][0m:    [36m-> directory context /app/.buildozer/android/platform/build-arm64-v8a/build/other_builds/pycparser/arm64-v8a__ndk_target_21[39m
[1m[INFO][0m:    pycparser is already unpacked, skipping
[1m[INFO][0m:    [36m<- directory context /app/.buildozer/android/platform/python-for-android[39m
[1m[INFO][0m:    [1m[32mUnpacking cffi for arm64-v8a[0m[39m
stty: 'standard input': Inappropriate ioctl for device
[1m[90m[DEBUG][39m[0m:   [90m->[0m running basename https://github.com/python-cffi/cffi/archive/refs/tags/v2.0.0.tar.gz[0m
[1m[90m[DEBUG][39m[0m:   	v2.0.0.tar.gz
[1m[INFO][0m:    [36m-> directory context /app/.buildozer/android/platform/build-arm64-v8a/build/other_builds/cffi/arm64-v8a__ndk_target_21[39m
[1m[INFO][0m:    cffi is already unpacked, skipping
[1m[INFO][0m:    [36m<- directory context /app/.buildozer/android/platform/python-for-android[39m
[1m[INFO][0m:    [1m[32mUnpacking kivy for arm64-v8a[0m[39m
stty: 'standard input': Inappropriate ioctl for device
[1m[90m[DEBUG][39m[0m:   [90m->[0m running basename https://github.com/kivy/kivy/archive/2.3.1.zip[0m
[1m[90m[DEBUG][39m[0m:   	2.3.1.zip
[1m[INFO][0m:    [36m-> directory context /app/.buildozer/android/platform/build-arm64-v8a/build/other_builds/kivy-sdl2/arm64-v8a__ndk_target_21[39m
[1m[INFO][0m:    kivy is already unpacked, skipping
[1m[INFO][0m:    [36m<- directory context /app/.buildozer/android/platform/python-for-android[39m
[1m[INFO][0m:    [1m[32mUnpacking cryptography for arm64-v8a[0m[39m
stty: 'standard input': Inappropriate ioctl for device
[1m[90m[DEBUG][39m[0m:   [90m->[0m running basename https://github.com/pyca/cryptography/archive/refs/tags/46.0.3.tar.gz[0m
[1m[90m[DEBUG][39m[0m:   	46.0.3.tar.gz
[1m[INFO][0m:    [36m-> directory context /app/.buildozer/android/platform/build-arm64-v8a/build/other_builds/cryptography/arm64-v8a__ndk_target_21[39m
[1m[INFO][0m:    cryptography is already unpacked, skipping
[1m[INFO][0m:    [36m<- directory context /app/.buildozer/android/platform/python-for-android[39m
[1m[INFO][0m:    [1m[32m# Prebuilding recipes[0m[39m
[1m[INFO][0m:    python3 has no prebuild_arm64_v8a, skipping
[1m[INFO][0m:    [1m[32mPrebuilding hostpython3 for arm64-v8a[0m[39m
[1m[INFO][0m:    hostpython3 has no prebuild_arm64_v8a, skipping
[1m[INFO][0m:    [1m[32mApplying patches for hostpython3[arm64-v8a][0m[39m
[1m[INFO][0m:    [1m[32mhostpython3 already patched, skipping[0m[39m
[1m[INFO][0m:    [1m[32mPrebuilding libffi for arm64-v8a[0m[39m
[1m[INFO][0m:    libffi has no prebuild_arm64_v8a, skipping
[1m[INFO][0m:    [1m[32mApplying patches for libffi[arm64-v8a][0m[39m
[1m[INFO][0m:    [1m[32mlibffi already patched, skipping[0m[39m
[1m[INFO][0m:    [1m[32mPrebuilding openssl for arm64-v8a[0m[39m
[1m[INFO][0m:    openssl has no prebuild_arm64_v8a, skipping
[1m[INFO][0m:    [1m[32mPrebuilding sdl2_image for arm64-v8a[0m[39m
[1m[INFO][0m:    sdl2_image has no prebuild_arm64_v8a, skipping
[1m[INFO][0m:    [1m[32mApplying patches for sdl2_image[arm64-v8a][0m[39m
[1m[INFO][0m:    [1m[32msdl2_image already patched, skipping[0m[39m
[1m[INFO][0m:    [1m[32mPrebuilding sdl2_mixer for arm64-v8a[0m[39m
[1m[INFO][0m:    sdl2_mixer has no prebuild_arm64_v8a, skipping
[1m[INFO][0m:    [1m[32mPrebuilding sdl2_ttf for arm64-v8a[0m[39m
[1m[INFO][0m:    sdl2_ttf has no prebuild_arm64_v8a, skipping
[1m[INFO][0m:    [1m[32mPrebuilding sqlite3 for arm64-v8a[0m[39m
[1m[INFO][0m:    sqlite3 has no prebuild_arm64_v8a, skipping
[1m[INFO][0m:    [1m[32mPrebuilding python3 for arm64-v8a[0m[39m
[1m[INFO][0m:    python3 has no prebuild_arm64_v8a, skipping
[1m[INFO][0m:    [1m[32mApplying patches for python3[arm64-v8a][0m[39m
[1m[INFO][0m:    [1m[32mpython3 already patched, skipping[0m[39m
[1m[INFO][0m:    [1m[32mPrebuilding sdl2 for arm64-v8a[0m[39m
[1m[INFO][0m:    sdl2 has no prebuild_arm64_v8a, skipping
[1m[INFO][0m:    [1m[32mPrebuilding pyjnius for arm64-v8a[0m[39m
[1m[INFO][0m:    pyjnius has no prebuild_arm64_v8a, skipping
[1m[INFO][0m:    [1m[32mApplying patches for pyjnius[arm64-v8a][0m[39m
[1m[INFO][0m:    [1m[32mpyjnius already patched, skipping[0m[39m
[1m[INFO][0m:    [1m[32mPrebuilding setuptools for arm64-v8a[0m[39m
[1m[INFO][0m:    setuptools has no prebuild_arm64_v8a, skipping
[1m[INFO][0m:    [1m[32mPrebuilding android for arm64-v8a[0m[39m
[1m[INFO][0m:    android has no prebuild_arm64_v8a, skipping
[1m[90m[DEBUG][39m[0m:   Create directory /app/.buildozer/android/platform/build-arm64-v8a/build/libs_collections/neshrblek
[1m[90m[DEBUG][39m[0m:   Create directory /app/.buildozer/android/platform/build-arm64-v8a/build/libs_collections/neshrblek/arm64-v8a
[1m[INFO][0m:    [36m-> directory context /app/.buildozer/android/platform/build-arm64-v8a/build/other_builds/android-sdl2/arm64-v8a__ndk_target_21/android[39m
[1m[INFO][0m:    [36m<- directory context /app/.buildozer/android/platform/python-for-android[39m
[1m[INFO][0m:    [1m[32mPrebuilding pycparser for arm64-v8a[0m[39m
[1m[INFO][0m:    pycparser has no prebuild_arm64_v8a, skipping
[1m[INFO][0m:    [1m[32mPrebuilding cffi for arm64-v8a[0m[39m
[1m[INFO][0m:    cffi has no prebuild_arm64_v8a, skipping
[1m[INFO][0m:    [1m[32mApplying patches for cffi[arm64-v8a][0m[39m
[1m[INFO][0m:    [1m[32mcffi already patched, skipping[0m[39m
[1m[INFO][0m:    [1m[32mPrebuilding kivy for arm64-v8a[0m[39m
[1m[INFO][0m:    kivy has no prebuild_arm64_v8a, skipping
[1m[INFO][0m:    [1m[32mApplying patches for kivy[arm64-v8a][0m[39m
[1m[INFO][0m:    [1m[32mkivy already patched, skipping[0m[39m
[1m[INFO][0m:    [1m[32mPrebuilding cryptography for arm64-v8a[0m[39m
[1m[INFO][0m:    cryptography has no prebuild_arm64_v8a, skipping
[1m[INFO][0m:    [1m[32m# Building recipes[0m[39m
[1m[INFO][0m:    [1m[32mBuilding hostpython3 for arm64-v8a[0m[39m
[1m[INFO][0m:    hostpython3 said it is already built, skipping
[1m[INFO][0m:    [1m[32mBuilding libffi for arm64-v8a[0m[39m
[1m[INFO][0m:    libffi said it is already built, skipping
stty: 'standard input': Inappropriate ioctl for device
[1m[90m[DEBUG][39m[0m:   [90m->[0m running cp /app/.buildozer/android/platform/build-arm64-v8a/build/other_builds/libffi/arm64-v8a__ndk_target_21/libffi/.libs/libffi.so /app/.buildozer/android/platform/build-arm64-v8a/build/libs_collections/neshrblek/arm64-v8a[0m
[1m[INFO][0m:    [1m[32mBuilding openssl for arm64-v8a[0m[39m
[1m[INFO][0m:    openssl said it is already built, skipping
stty: 'standard input': Inappropriate ioctl for device
[1m[90m[DEBUG][39m[0m:   [90m->[0m running cp /app/.buildozer/android/platform/build-arm64-v8a/build/other_builds/openssl/arm64-v8a__ndk_target_21/openssl3/libcrypto.so /app/.buildozer/android/platform/build-arm64-v8a/build/other_builds/openssl/arm64-v8a__ndk_target_21/openssl3/libssl.so /app/.buildozer/android/platform/build-arm64-v8a/build/libs_collections/neshrblek/arm64-v8a[0m
[1m[INFO][0m:    [1m[32mBuilding sdl2_image for arm64-v8a[0m[39m
[1m[INFO][0m:    [1m[32mBuilding sdl2_mixer for arm64-v8a[0m[39m
[1m[INFO][0m:    [1m[32mBuilding sdl2_ttf for arm64-v8a[0m[39m
[1m[INFO][0m:    [1m[32mBuilding sqlite3 for arm64-v8a[0m[39m
[1m[INFO][0m:    sqlite3 said it is already built, skipping
stty: 'standard input': Inappropriate ioctl for device
[1m[90m[DEBUG][39m[0m:   [90m->[0m running cp /app/.buildozer/android/platform/build-arm64-v8a/build/other_builds/sqlite3/arm64-v8a__ndk_target_21/sqlite3/libsqlite3.so /app/.buildozer/android/platform/build-arm64-v8a/build/libs_collections/neshrblek/arm64-v8a[0m
[1m[INFO][0m:    [1m[32mBuilding python3 for arm64-v8a[0m[39m
[1m[INFO][0m:    python3 said it is already built, skipping
stty: 'standard input': Inappropriate ioctl for device
[1m[90m[DEBUG][39m[0m:   [90m->[0m running cp /app/.buildozer/android/platform/build-arm64-v8a/build/other_builds/python3/arm64-v8a__ndk_target_21/python3/./android-build/libpythonbin.so /app/.buildozer/android/platform/build-arm64-v8a/build/libs_collections/neshrblek/arm64-v8a[0m
[1m[INFO][0m:    [1m[32mBuilding sdl2 for arm64-v8a[0m[39m
[1m[INFO][0m:    sdl2 said it is already built, skipping
[1m[INFO][0m:    [1m[32mBuilding pyjnius for arm64-v8a[0m[39m
[1m[INFO][0m:    jnius apparently isn't already in site-packages
stty: 'standard input': Inappropriate ioctl for device
[1m[90m[DEBUG][39m[0m:   [90m->[0m running pip3 install pyjnius==1.7.0 --ignore-installed --disable-pip-version-check --python-version 3.14.2 --only-binary=:all: --no-deps --platform=android_21_arm64_v8a --platform=android_21_aarch64 --dry-run -q[0m
[1m[90m[DEBUG][39m[0m:   	[31mERROR: Could not find a version that satisfies the requirement pyjnius==1.7.0 (from versions: none)[0m[31m
[1m[90m[DEBUG][39m[0m:   	[0m[31mERROR: No matching distribution found for pyjnius==1.7.0[0m[31m
[1m[90m[DEBUG][39m[0m:   	[0m
Exception in thread background thread for pid 403320:
Traceback (most recent call last):
  File "/home/jules/.pyenv/versions/3.12.13/lib/python3.12/threading.py", line 1075, in _bootstrap_inner
    self.run()
  File "/home/jules/.pyenv/versions/3.12.13/lib/python3.12/threading.py", line 1012, in run
    self._target(*self._args, **self._kwargs)
  File "/home/jules/.local/lib/python3.12/site-packages/sh/__init__.py", line 1716, in wrap
    fn(*rgs, **kwargs)
  File "/home/jules/.local/lib/python3.12/site-packages/sh/__init__.py", line 2727, in background_thread
    handle_exit_code(exit_code)
  File "/home/jules/.local/lib/python3.12/site-packages/sh/__init__.py", line 2418, in fn
    return self.command.handle_command_exit_code(exit_code)
           ^^^^^^^^^^^^^^^^^^^^^^^^^^^^^^^^^^^^^^^^^^^^^^^^
  File "/home/jules/.local/lib/python3.12/site-packages/sh/__init__.py", line 823, in handle_command_exit_code
    raise exc
sh.ErrorReturnCode_1:

  RAN: /app/.buildozer/android/platform/build-arm64-v8a/build/other_builds/hostpython3/desktop/hostpython3/native-build/root/usr/local/bin/pip3 install pyjnius==1.7.0 --ignore-installed --disable-pip-version-check --python-version 3.14.2 --only-binary=:all: --no-deps --platform=android_21_arm64_v8a --platform=android_21_aarch64 --dry-run -q

  STDOUT:
[31mERROR: Could not find a version that satisfies the requirement pyjnius==1.7.0 (from versions: none)[0m[31m
[0m[31mERROR: No matching distribution found for pyjnius==1.7.0[0m[31m
[0m

  STDERR:

stty: 'standard input': Inappropriate ioctl for device
[1m[90m[DEBUG][39m[0m:   [90m->[0m running pip3 install build[virtualenv] pip setuptools patchelf Cython<3.2 -q --upgrade[0m
[1m[INFO][0m:    [36m-> directory context /app/.buildozer/android/platform/build-arm64-v8a/build/other_builds/pyjnius-sdl2/arm64-v8a__ndk_target_21/pyjnius[39m
stty: 'standard input': Inappropriate ioctl for device
[1m[90m[DEBUG][39m[0m:   [90m->[0m running python -m build --wheel --config-setting builddir=/app/.buildozer/android/platform/build-arm64-v8a/build/other_builds/pyjnius-sdl2/arm64-v8a__ndk_target_21/pyjnius/p4a_android_build[0m
[1m[90m[DEBUG][39m[0m:   	[1m* Creating isolated environment: venv+pip...[0m
[1m[90m[DEBUG][39m[0m:   	[1m* Installing packages in isolated environment:[0m
[1m[90m[DEBUG][39m[0m:   	  - Cython~=3.1.2
[1m[90m[DEBUG][39m[0m:   	  - setuptools>=58.0.0
[1m[90m[DEBUG][39m[0m:   	  - wheel
[1m[90m[DEBUG][39m[0m:   	[1m* Getting build dependencies for wheel...[0m
[1m[90m[DEBUG][39m[0m:   	warning: [options] bootstrap class path not set in conjunction with -source 8
[1m[90m[DEBUG][39m[0m:   	warning: [options] source value 8 is obsolete and will be removed in a future release
[1m[90m[DEBUG][39m[0m:   	warning: [options] target value 8 is obsolete and will be removed in a future release
[1m[90m[DEBUG][39m[0m:   	warning: [options] To suppress warnings about obsolete options, use -Xlint:-options.
[1m[90m[DEBUG][39m[0m:   	4 warnings
[1m[90m[DEBUG][39m[0m:   	/tmp/build-env-u3hfpzll/lib/python3.14/site-packages/setuptools/dist.py:765: SetuptoolsDeprecationWarning: License classifiers are deprecated.
[1m[90m[DEBUG][39m[0m:   	!!
[1m[90m[DEBUG][39m[0m:
[1m[90m[DEBUG][39m[0m:   	        ********************************************************************************
[1m[90m[DEBUG][39m[0m:   	        Please consider removing the following classifiers in favor of a SPDX license expression:
[1m[90m[DEBUG][39m[0m:
[1m[90m[DEBUG][39m[0m:   	        License :: OSI Approved :: MIT License
[1m[90m[DEBUG][39m[0m:
[1m[90m[DEBUG][39m[0m:   	        See https://packaging.python.org/en/latest/guides/writing-pyproject-toml/#license for details.
[1m[90m[DEBUG][39m[0m:   	        ********************************************************************************
[1m[90m[DEBUG][39m[0m:
[1m[90m[DEBUG][39m[0m:   	!!
[1m[90m[DEBUG][39m[0m:   	  self._finalize_license_expression()
[1m[90m[DEBUG][39m[0m:   	running egg_info
[1m[90m[DEBUG][39m[0m:   	writing pyjnius.egg-info/PKG-INFO
[1m[90m[DEBUG][39m[0m:   	writing dependency_links to pyjnius.egg-info/dependency_links.txt
[1m[90m[DEBUG][39m[0m:   	writing requirements to pyjnius.egg-info/requires.txt
[1m[90m[DEBUG][39m[0m:   	writing top-level names to pyjnius.egg-info/top_level.txt
[1m[90m[DEBUG][39m[0m:   	reading manifest file 'pyjnius.egg-info/SOURCES.txt'
[1m[90m[DEBUG][39m[0m:   	reading manifest template 'MANIFEST.in'
[1m[90m[DEBUG][39m[0m:   	adding license file 'LICENSE'
[1m[90m[DEBUG][39m[0m:   	writing manifest file 'pyjnius.egg-info/SOURCES.txt'
[1m[90m[DEBUG][39m[0m:   	[1m* Building wheel...[0m
[1m[90m[DEBUG][39m[0m:   	warning: [options] bootstrap class path not set in conjunction with -source 8
[1m[90m[DEBUG][39m[0m:   	warning: [options] source value 8 is obsolete and will be removed in a future release
[1m[90m[DEBUG][39m[0m:   	warning: [options] target value 8 is obsolete and will be removed in a future release
[1m[90m[DEBUG][39m[0m:   	warning: [options] To suppress warnings about obsolete options, use -Xlint:-options.
[1m[90m[DEBUG][39m[0m:   	4 warnings
[1m[90m[DEBUG][39m[0m:   	/tmp/build-env-u3hfpzll/lib/python3.14/site-packages/setuptools/dist.py:765: SetuptoolsDeprecationWarning: License classifiers are deprecated.
[1m[90m[DEBUG][39m[0m:   	!!
[1m[90m[DEBUG][39m[0m:
[1m[90m[DEBUG][39m[0m:   	        ********************************************************************************
[1m[90m[DEBUG][39m[0m:   	        Please consider removing the following classifiers in favor of a SPDX license expression:
[1m[90m[DEBUG][39m[0m:
[1m[90m[DEBUG][39m[0m:   	        License :: OSI Approved :: MIT License
[1m[90m[DEBUG][39m[0m:
[1m[90m[DEBUG][39m[0m:   	        See https://packaging.python.org/en/latest/guides/writing-pyproject-toml/#license for details.
[1m[90m[DEBUG][39m[0m:   	        ********************************************************************************
[1m[90m[DEBUG][39m[0m:
[1m[90m[DEBUG][39m[0m:   	!!
[1m[90m[DEBUG][39m[0m:   	  self._finalize_license_expression()
[1m[90m[DEBUG][39m[0m:   	running bdist_wheel
[1m[90m[DEBUG][39m[0m:   	running build
[1m[90m[DEBUG][39m[0m:   	running build_py
[1m[90m[DEBUG][39m[0m:   	copying jnius/src/org/jnius/NativeInvocationHandler.class -> build/lib.linux-x86_64-cpython-314/jnius/src/org/jnius
[1m[90m[DEBUG][39m[0m:   	running build_ext
[1m[90m[DEBUG][39m[0m:   	Compiling jnius/jnius.pyx because it depends on jnius/config.pxi.
[1m[90m[DEBUG][39m[0m:   	[1/1] Cythonizing jnius/jnius.pyx
[1m[90m[DEBUG][39m[0m:   	warning: jnius/jnius.pyx:102:0: The 'IF' statement is deprecated and will be removed in a future Cython version. Consider using runtime conditions or C macros instead. See https://github.com/cython/cython/issues/4310
[1m[90m[DEBUG][39m[0m:   	building 'jnius' extension
[1m[90m[DEBUG][39m[0m:   	/usr/bin/ccache /app/.buildozer/android/platform/android-ndk-r25b/toolchains/llvm/prebuilt/linux-x86_64/bin/clang -target aarch64-linux-android21 -fomit-frame-pointer -march=armv8-a -fPIC -target aarch64-linux-android21 -fomit-frame-pointer -march=armv8-a -fPIC -I/app/.buildozer/android/platform/build-arm64-v8a/build/other_builds/python3/arm64-v8a__ndk_target_21/python3/android-build/android-root/include/python3.14 -DANDROID -I/app/.buildozer/android/platform/android-ndk-r25b/toolchains/llvm/prebuilt/linux-x86_64/sysroot/usr/include -I/app/.buildozer/android/platform/build-arm64-v8a/build/other_builds/python3/arm64-v8a__ndk_target_21/python3/android-build/android-root/include/python3.14 -fPIC -I/tmp/build-env-u3hfpzll/include -I/app/.buildozer/android/platform/build-arm64-v8a/build/other_builds/hostpython3/desktop/hostpython3/native-build/root/usr/local/include/python3.14 -c jnius/jnius.c -o build/temp.linux-x86_64-cpython-314/jnius/jnius.o
[1m[90m[DEBUG][39m[0m:   	jnius/jnius.c:19431:75: warning: incompatible pointer types passing 'void **' to parameter of type 'JNIEnv **' (aka 'const struct JNINativeInterface ***') [-Wincompatible-pointer-types]
[1m[90m[DEBUG][39m[0m:   	 19431 |   (void)((__pyx_v_5jnius_jvm[0])->AttachCurrentThread(__pyx_v_5jnius_jvm, (&__pyx_v_env), NULL));
[1m[90m[DEBUG][39m[0m:   	       |                                                                           ^~~~~~~~~~~~~~
[1m[90m[DEBUG][39m[0m:   	jnius/jnius.c:27833:19: warning: assigning to 'jchar *' (aka 'unsigned short *') from 'const jchar *' (aka 'const unsigned short *') discards qualifiers [-Wincompatible-pointer-types-discards-qualifiers]
[1m[90m[DEBUG][39m[0m:   	 27833 |   __pyx_v_j_chars = (__pyx_v_j_env[0])->GetStringChars(__pyx_v_j_env, __pyx_v_j_string, NULL);
[1m[90m[DEBUG][39m[0m:   	       |                   ^ ~~~~~~~~~~~~~~~~~~~~~~~~~~~~~~~~~~~~~~~~~~~~~~~~~~~~~~~~~~~~~~~~~~~~~~~~~
[1m[90m[DEBUG][39m[0m:   	2 warnings generated.
[1m[90m[DEBUG][39m[0m:   	/usr/bin/ccache /app/.buildozer/android/platform/android-ndk-r25b/toolchains/llvm/prebuilt/linux-x86_64/bin/clang -target aarch64-linux-android21 -fomit-frame-pointer -march=armv8-a -fPIC -shared -L/app/.buildozer/android/platform/build-arm64-v8a/build/libs_collections/neshrblek/arm64-v8a -L/app/.buildozer/android/platform/build-arm64-v8a/build/other_builds/python3/arm64-v8a__ndk_target_21/python3/android-build -lpython3.14 -L/app/.buildozer/android/platform/build-arm64-v8a/build/libs_collections/neshrblek/arm64-v8a -L/app/.buildozer/android/platform/build-arm64-v8a/build/libs_collections/neshrblek -L/app/.buildozer/android/platform/build-arm64-v8a/build/bootstrap_builds/sdl2/libs/arm64-v8a -L/app/.buildozer/android/platform/build-arm64-v8a/build/bootstrap_builds/sdl2/obj/local/arm64-v8a -target aarch64-linux-android21 -fomit-frame-pointer -march=armv8-a -fPIC -I/app/.buildozer/android/platform/build-arm64-v8a/build/other_builds/python3/arm64-v8a__ndk_target_21/python3/android-build/android-root/include/python3.14 -DANDROID -I/app/.buildozer/android/platform/android-ndk-r25b/toolchains/llvm/prebuilt/linux-x86_64/sysroot/usr/include -I/app/.buildozer/android/platform/build-arm64-v8a/build/other_builds/python3/arm64-v8a__ndk_target_21/python3/android-build/android-root/include/python3.14 build/temp.linux-x86_64-cpython-314/jnius/jnius.o -lSDL2 -llog -o build/lib.linux-x86_64-cpython-314/jnius/jnius.cpython-314-x86_64-linux-gnu.so
[1m[90m[DEBUG][39m[0m:   	installing to build/bdist.linux-x86_64/wheel
[1m[90m[DEBUG][39m[0m:   	running install
[1m[90m[DEBUG][39m[0m:   	running install_lib
[1m[90m[DEBUG][39m[0m:   	creating build/bdist.linux-x86_64/wheel
[1m[90m[DEBUG][39m[0m:   	copying build/lib.linux-x86_64-cpython-314/jnius_config.py -> build/bdist.linux-x86_64/wheel/.
[1m[90m[DEBUG][39m[0m:   	copying build/lib.linux-x86_64-cpython-314/setup_sdist.py -> build/bdist.linux-x86_64/wheel/.
[1m[90m[DEBUG][39m[0m:   	creating build/bdist.linux-x86_64/wheel/jnius
[1m[90m[DEBUG][39m[0m:   	copying build/lib.linux-x86_64-cpython-314/jnius/signatures.py -> build/bdist.linux-x86_64/wheel/./jnius
[1m[90m[DEBUG][39m[0m:   	creating build/bdist.linux-x86_64/wheel/jnius/src
[1m[90m[DEBUG][39m[0m:   	creating build/bdist.linux-x86_64/wheel/jnius/src/org
[1m[90m[DEBUG][39m[0m:   	creating build/bdist.linux-x86_64/wheel/jnius/src/org/jnius
[1m[90m[DEBUG][39m[0m:   	copying build/lib.linux-x86_64-cpython-314/jnius/src/org/jnius/NativeInvocationHandler.class -> build/bdist.linux-x86_64/wheel/./jnius/src/org/jnius
[1m[90m[DEBUG][39m[0m:   	copying build/lib.linux-x86_64-cpython-314/jnius/src/org/jnius/NativeInvocationHandler.java -> build/bdist.linux-x86_64/wheel/./jnius/src/org/jnius
[1m[90m[DEBUG][39m[0m:   	copying build/lib.linux-x86_64-cpython-314/jnius/__init__.py -> build/bdist.linux-x86_64/wheel/./jnius
[1m[90m[DEBUG][39m[0m:   	copying build/lib.linux-x86_64-cpython-314/jnius/reflect.py -> build/bdist.linux-x86_64/wheel/./jnius
[1m[90m[DEBUG][39m[0m:   	copying build/lib.linux-x86_64-cpython-314/jnius/jnius.cpython-314-x86_64-linux-gnu.so -> build/bdist.linux-x86_64/wheel/./jnius
[1m[90m[DEBUG][39m[0m:   	copying build/lib.linux-x86_64-cpython-314/jnius/env.py -> build/bdist.linux-x86_64/wheel/./jnius
[1m[90m[DEBUG][39m[0m:   	running install_egg_info
[1m[90m[DEBUG][39m[0m:   	running egg_info
[1m[90m[DEBUG][39m[0m:   	writing pyjnius.egg-info/PKG-INFO
[1m[90m[DEBUG][39m[0m:   	writing dependency_links to pyjnius.egg-info/dependency_links.txt
[1m[90m[DEBUG][39m[0m:   	writing requirements to pyjnius.egg-info/requires.txt
[1m[90m[DEBUG][39m[0m:   	writing top-level names to pyjnius.egg-info/top_level.txt
[1m[90m[DEBUG][39m[0m:   	reading manifest file 'pyjnius.egg-info/SOURCES.txt'
[1m[90m[DEBUG][39m[0m:   	reading manifest template 'MANIFEST.in'
[1m[90m[DEBUG][39m[0m:   	adding license file 'LICENSE'
[1m[90m[DEBUG][39m[0m:   	writing manifest file 'pyjnius.egg-info/SOURCES.txt'
[1m[90m[DEBUG][39m[0m:   	Copying pyjnius.egg-info to build/bdist.linux-x86_64/wheel/./pyjnius-1.7.0-py3.14.egg-info
[1m[90m[DEBUG][39m[0m:   	running install_scripts
[1m[90m[DEBUG][39m[0m:   	creating build/bdist.linux-x86_64/wheel/pyjnius-1.7.0.dist-info/WHEEL
[1m[90m[DEBUG][39m[0m:   	creating '/app/.buildozer/android/platform/build-arm64-v8a/build/other_builds/pyjnius-sdl2/arm64-v8a__ndk_target_21/pyjnius/dist/.tmp-hj0w4jr3/pyjnius-1.7.0-cp314-cp314-android_21_arm64_v8a.whl' and adding 'build/bdist.linux-x86_64/wheel' to it
[1m[90m[DEBUG][39m[0m:   	adding 'jnius_config.py'
[1m[90m[DEBUG][39m[0m:   	adding 'setup_sdist.py'
[1m[90m[DEBUG][39m[0m:   	adding 'jnius/__init__.py'
[1m[90m[DEBUG][39m[0m:   	adding 'jnius/env.py'
[1m[90m[DEBUG][39m[0m:   	adding 'jnius/jnius.cpython-314-x86_64-linux-gnu.so'
[1m[90m[DEBUG][39m[0m:   	adding 'jnius/reflect.py'
[1m[90m[DEBUG][39m[0m:   	adding 'jnius/signatures.py'
[1m[90m[DEBUG][39m[0m:   	adding 'jnius/src/org/jnius/NativeInvocationHandler.class'
[1m[90m[DEBUG][39m[0m:   	adding 'jnius/src/org/jnius/NativeInvocationHandler.java'
[1m[90m[DEBUG][39m[0m:   	adding 'pyjnius-1.7.0.dist-info/licenses/LICENSE'
[1m[90m[DEBUG][39m[0m:   	adding 'pyjnius-1.7.0.dist-info/METADATA'
[1m[90m[DEBUG][39m[0m:   	adding 'pyjnius-1.7.0.dist-info/WHEEL'
[1m[90m[DEBUG][39m[0m:   	adding 'pyjnius-1.7.0.dist-info/top_level.txt'
[1m[90m[DEBUG][39m[0m:   	adding 'pyjnius-1.7.0.dist-info/RECORD'
[1m[90m[DEBUG][39m[0m:   	removing build/bdist.linux-x86_64/wheel
[1m[90m[DEBUG][39m[0m:   	[1m[92mSuccessfully built [4mpyjnius-1.7.0-cp314-cp314-android_21_arm64_v8a.whl[0m[1m[92m[0m
[1m[INFO][0m:    [36m<- directory context /app/.buildozer/android/platform/python-for-android[39m
[1m[INFO][0m:    Installing built wheel: pyjnius-1.7.0-cp314-cp314-android_21_arm64_v8a.whl
[1m[INFO][0m:    [1m[32mBuilding setuptools for arm64-v8a[0m[39m
[1m[INFO][0m:    setuptools apparently isn't already in site-packages
stty: 'standard input': Inappropriate ioctl for device
[1m[90m[DEBUG][39m[0m:   [90m->[0m running pip3 install setuptools --ignore-installed --disable-pip-version-check --python-version 3.14.2 --only-binary=:all: --no-deps --platform=android_21_arm64_v8a --platform=android_21_aarch64 --dry-run -q[0m
[1m[INFO][0m:    Prebuilt pip wheel found, skipping build_arch
[1m[INFO][0m:    Installing prebuilt wheel
stty: 'standard input': Inappropriate ioctl for device
[1m[90m[DEBUG][39m[0m:   [90m->[0m running pip3 install setuptools --ignore-installed --disable-pip-version-check --python-version 3.14.2 --only-binary=:all: --no-deps --platform=android_21_arm64_v8a --platform=android_21_aarch64 --target /app/.buildozer/android/platform/build-arm64-v8a/build/python-installs/neshrblek/arm64-v8a --upgrade[0m
[1m[90m[DEBUG][39m[0m:   	Collecting setuptools
[1m[90m[DEBUG][39m[0m:   	  Using cached setuptools-82.0.1-py3-none-any.whl.metadata (6.5 kB)
[1m[90m[DEBUG][39m[0m:   	Using cached setuptools-82.0.1-py3-none-any.whl (1.0 MB)
[1m[90m[DEBUG][39m[0m:   	Installing collected packages: setuptools
[1m[90m[DEBUG][39m[0m:   	Successfully installed setuptools-82.0.1
[1m[INFO][0m:    [1m[32mBuilding android for arm64-v8a[0m[39m
[1m[INFO][0m:    android apparently isn't already in site-packages
stty: 'standard input': Inappropriate ioctl for device
[1m[90m[DEBUG][39m[0m:   [90m->[0m running pip3 install android --ignore-installed --disable-pip-version-check --python-version 3.14.2 --only-binary=:all: --no-deps --platform=android_21_arm64_v8a --platform=android_21_aarch64 --dry-run -q[0m
[1m[90m[DEBUG][39m[0m:   	[31mERROR: Could not find a version that satisfies the requirement android (from versions: none)[0m[31m
[1m[90m[DEBUG][39m[0m:   	[0m[31mERROR: No matching distribution found for android[0m[31m
[1m[90m[DEBUG][39m[0m:   	[0m
Exception in thread background thread for pid 407399:
Traceback (most recent call last):
  File "/home/jules/.pyenv/versions/3.12.13/lib/python3.12/threading.py", line 1075, in _bootstrap_inner
    self.run()
  File "/home/jules/.pyenv/versions/3.12.13/lib/python3.12/threading.py", line 1012, in run
    self._target(*self._args, **self._kwargs)
  File "/home/jules/.local/lib/python3.12/site-packages/sh/__init__.py", line 1716, in wrap
    fn(*rgs, **kwargs)
  File "/home/jules/.local/lib/python3.12/site-packages/sh/__init__.py", line 2727, in background_thread
    handle_exit_code(exit_code)
  File "/home/jules/.local/lib/python3.12/site-packages/sh/__init__.py", line 2418, in fn
    return self.command.handle_command_exit_code(exit_code)
           ^^^^^^^^^^^^^^^^^^^^^^^^^^^^^^^^^^^^^^^^^^^^^^^^
  File "/home/jules/.local/lib/python3.12/site-packages/sh/__init__.py", line 823, in handle_command_exit_code
    raise exc
sh.ErrorReturnCode_1:

  RAN: /app/.buildozer/android/platform/build-arm64-v8a/build/other_builds/hostpython3/desktop/hostpython3/native-build/root/usr/local/bin/pip3 install android --ignore-installed --disable-pip-version-check --python-version 3.14.2 --only-binary=:all: --no-deps --platform=android_21_arm64_v8a --platform=android_21_aarch64 --dry-run -q

  STDOUT:
[31mERROR: Could not find a version that satisfies the requirement android (from versions: none)[0m[31m
[0m[31mERROR: No matching distribution found for android[0m[31m
[0m

  STDERR:

stty: 'standard input': Inappropriate ioctl for device
[1m[90m[DEBUG][39m[0m:   [90m->[0m running pip3 install build[virtualenv] pip setuptools patchelf Cython>=0.29,<3.1 -q --upgrade[0m
[1m[90m[DEBUG][39m[0m:   Create directory /app/.buildozer/android/platform/build-arm64-v8a/build/other_builds/android-sdl2/arm64-v8a__ndk_target_21/android/p4a_android_build
[1m[INFO][0m:    [36m-> directory context /app/.buildozer/android/platform/build-arm64-v8a/build/other_builds/android-sdl2/arm64-v8a__ndk_target_21/android[39m
stty: 'standard input': Inappropriate ioctl for device
[1m[90m[DEBUG][39m[0m:   [90m->[0m running python -m build --wheel --config-setting builddir=/app/.buildozer/android/platform/build-arm64-v8a/build/other_builds/android-sdl2/arm64-v8a__ndk_target_21/android/p4a_android_build[0m
[1m[90m[DEBUG][39m[0m:   	[1m* Creating isolated environment: venv+pip...[0m
[1m[90m[DEBUG][39m[0m:   	[1m* Installing packages in isolated environment:[0m
[1m[90m[DEBUG][39m[0m:   	  - Cython>=0.29,<3.1
[1m[90m[DEBUG][39m[0m:   	  - setuptools
[1m[90m[DEBUG][39m[0m:   	  - wheel
[1m[90m[DEBUG][39m[0m:   	[1m* Getting build dependencies for wheel...[0m
[1m[90m[DEBUG][39m[0m:   	Compiling android/_android.pyx because it changed.
[1m[90m[DEBUG][39m[0m:   	Compiling android/_android_billing.pyx because it changed.
[1m[90m[DEBUG][39m[0m:   	Compiling android/_android_sound.pyx because it changed.
[1m[90m[DEBUG][39m[0m:   	[1/3] Cythonizing android/_android.pyx
[1m[90m[DEBUG][39m[0m:   	warning: android/_android.pyx:197:0: The 'IF' statement is deprecated and will be removed in a future Cython version. Consider using runtime conditions or C macros instead. See https://github.com/cython/cython/issues/4310
[1m[90m[DEBUG][39m[0m:   	[2/3] Cythonizing android/_android_billing.pyx
[1m[90m[DEBUG][39m[0m:   	[3/3] Cythonizing android/_android_sound.pyx
[1m[90m[DEBUG][39m[0m:   	running egg_info
[1m[90m[DEBUG][39m[0m:   	creating android.egg-info
[1m[90m[DEBUG][39m[0m:   	writing android.egg-info/PKG-INFO
[1m[90m[DEBUG][39m[0m:   	writing dependency_links to android.egg-info/dependency_links.txt
[1m[90m[DEBUG][39m[0m:   	writing top-level names to android.egg-info/top_level.txt
[1m[90m[DEBUG][39m[0m:   	writing manifest file 'android.egg-info/SOURCES.txt'
[1m[90m[DEBUG][39m[0m:   	reading manifest file 'android.egg-info/SOURCES.txt'
[1m[90m[DEBUG][39m[0m:   	writing manifest file 'android.egg-info/SOURCES.txt'
[1m[90m[DEBUG][39m[0m:   	[1m* Building wheel...[0m
[1m[90m[DEBUG][39m[0m:   	running bdist_wheel
[1m[90m[DEBUG][39m[0m:   	running build
[1m[90m[DEBUG][39m[0m:   	running build_py
[1m[90m[DEBUG][39m[0m:   	creating build/lib.linux-x86_64-cpython-314/android
[1m[90m[DEBUG][39m[0m:   	copying android/broadcast.py -> build/lib.linux-x86_64-cpython-314/android
[1m[90m[DEBUG][39m[0m:   	copying android/activity.py -> build/lib.linux-x86_64-cpython-314/android
[1m[90m[DEBUG][39m[0m:   	copying android/display_cutout.py -> build/lib.linux-x86_64-cpython-314/android
[1m[90m[DEBUG][39m[0m:   	copying android/storage.py -> build/lib.linux-x86_64-cpython-314/android
[1m[90m[DEBUG][39m[0m:   	copying android/permissions.py -> build/lib.linux-x86_64-cpython-314/android
[1m[90m[DEBUG][39m[0m:   	copying android/__init__.py -> build/lib.linux-x86_64-cpython-314/android
[1m[90m[DEBUG][39m[0m:   	copying android/loadingscreen.py -> build/lib.linux-x86_64-cpython-314/android
[1m[90m[DEBUG][39m[0m:   	copying android/config.py -> build/lib.linux-x86_64-cpython-314/android
[1m[90m[DEBUG][39m[0m:   	copying android/touch.py -> build/lib.linux-x86_64-cpython-314/android
[1m[90m[DEBUG][39m[0m:   	copying android/runnable.py -> build/lib.linux-x86_64-cpython-314/android
[1m[90m[DEBUG][39m[0m:   	copying android/_ctypes_library_finder.py -> build/lib.linux-x86_64-cpython-314/android
[1m[90m[DEBUG][39m[0m:   	copying android/mixer.py -> build/lib.linux-x86_64-cpython-314/android
[1m[90m[DEBUG][39m[0m:   	copying android/billing.py -> build/lib.linux-x86_64-cpython-314/android
[1m[90m[DEBUG][39m[0m:   	running build_ext
[1m[90m[DEBUG][39m[0m:   	building 'android._android' extension
[1m[90m[DEBUG][39m[0m:   	creating build/temp.linux-x86_64-cpython-314/android
[1m[90m[DEBUG][39m[0m:   	/usr/bin/ccache /app/.buildozer/android/platform/android-ndk-r25b/toolchains/llvm/prebuilt/linux-x86_64/bin/clang -target aarch64-linux-android21 -fomit-frame-pointer -march=armv8-a -fPIC -target aarch64-linux-android21 -fomit-frame-pointer -march=armv8-a -fPIC -I/app/.buildozer/android/platform/build-arm64-v8a/build/other_builds/python3/arm64-v8a__ndk_target_21/python3/android-build/android-root/include/python3.14 -DANDROID -I/app/.buildozer/android/platform/android-ndk-r25b/toolchains/llvm/prebuilt/linux-x86_64/sysroot/usr/include -I/app/.buildozer/android/platform/build-arm64-v8a/build/other_builds/python3/arm64-v8a__ndk_target_21/python3/android-build/android-root/include/python3.14 -fPIC -I/tmp/build-env-zr_deliv/include -I/app/.buildozer/android/platform/build-arm64-v8a/build/other_builds/hostpython3/desktop/hostpython3/native-build/root/usr/local/include/python3.14 -c android/_android.c -o build/temp.linux-x86_64-cpython-314/android/_android.o
[1m[90m[DEBUG][39m[0m:   	/usr/bin/ccache /app/.buildozer/android/platform/android-ndk-r25b/toolchains/llvm/prebuilt/linux-x86_64/bin/clang -target aarch64-linux-android21 -fomit-frame-pointer -march=armv8-a -fPIC -target aarch64-linux-android21 -fomit-frame-pointer -march=armv8-a -fPIC -I/app/.buildozer/android/platform/build-arm64-v8a/build/other_builds/python3/arm64-v8a__ndk_target_21/python3/android-build/android-root/include/python3.14 -DANDROID -I/app/.buildozer/android/platform/android-ndk-r25b/toolchains/llvm/prebuilt/linux-x86_64/sysroot/usr/include -I/app/.buildozer/android/platform/build-arm64-v8a/build/other_builds/python3/arm64-v8a__ndk_target_21/python3/android-build/android-root/include/python3.14 -fPIC -I/tmp/build-env-zr_deliv/include -I/app/.buildozer/android/platform/build-arm64-v8a/build/other_builds/hostpython3/desktop/hostpython3/native-build/root/usr/local/include/python3.14 -c android/_android_jni.c -o build/temp.linux-x86_64-cpython-314/android/_android_jni.o
[1m[90m[DEBUG][39m[0m:   	android/_android_jni.c:89:12: warning: returning 'const char *' from a function with result type 'char *' discards qualifiers [-Wincompatible-pointer-types-discards-qualifiers]
[1m[90m[DEBUG][39m[0m:   	   89 |     return reading;
[1m[90m[DEBUG][39m[0m:   	      |            ^~~~~~~
[1m[90m[DEBUG][39m[0m:   	android/_android_jni.c:186:28: warning: assigning to 'char *' from 'const char *' discards qualifiers [-Wincompatible-pointer-types-discards-qualifiers]
[1m[90m[DEBUG][39m[0m:   	  186 |         BUILD_MANUFACTURER = (*env)->GetStringUTFChars(env, sval, 0);
[1m[90m[DEBUG][39m[0m:   	      |                            ^ ~~~~~~~~~~~~~~~~~~~~~~~~~~~~~~~~~~~~~~~
[1m[90m[DEBUG][39m[0m:   	android/_android_jni.c:190:21: warning: assigning to 'char *' from 'const char *' discards qualifiers [-Wincompatible-pointer-types-discards-qualifiers]
[1m[90m[DEBUG][39m[0m:   	  190 |         BUILD_MODEL = (*env)->GetStringUTFChars(env, sval, 0);
[1m[90m[DEBUG][39m[0m:   	      |                     ^ ~~~~~~~~~~~~~~~~~~~~~~~~~~~~~~~~~~~~~~~
[1m[90m[DEBUG][39m[0m:   	android/_android_jni.c:194:23: warning: assigning to 'char *' from 'const char *' discards qualifiers [-Wincompatible-pointer-types-discards-qualifiers]
[1m[90m[DEBUG][39m[0m:   	  194 |         BUILD_PRODUCT = (*env)->GetStringUTFChars(env, sval, 0);
[1m[90m[DEBUG][39m[0m:   	      |                       ^ ~~~~~~~~~~~~~~~~~~~~~~~~~~~~~~~~~~~~~~~
[1m[90m[DEBUG][39m[0m:   	android/_android_jni.c:200:31: warning: assigning to 'char *' from 'const char *' discards qualifiers [-Wincompatible-pointer-types-discards-qualifiers]
[1m[90m[DEBUG][39m[0m:   	  200 |         BUILD_VERSION_RELEASE = (*env)->GetStringUTFChars(env, sval, 0);
[1m[90m[DEBUG][39m[0m:   	      |                               ^ ~~~~~~~~~~~~~~~~~~~~~~~~~~~~~~~~~~~~~~~
[1m[90m[DEBUG][39m[0m:   	5 warnings generated.
[1m[90m[DEBUG][39m[0m:   	/usr/bin/ccache /app/.buildozer/android/platform/android-ndk-r25b/toolchains/llvm/prebuilt/linux-x86_64/bin/clang -target aarch64-linux-android21 -fomit-frame-pointer -march=armv8-a -fPIC -pthread -shared -Wl,-O1 -Wl,-Bsymbolic-functions -L/app/.buildozer/android/platform/build-arm64-v8a/build/libs_collections/neshrblek/arm64-v8a -L/app/.buildozer/android/platform/build-arm64-v8a/build/other_builds/python3/arm64-v8a__ndk_target_21/python3/android-build -lpython3.14 -target aarch64-linux-android21 -fomit-frame-pointer -march=armv8-a -fPIC -I/app/.buildozer/android/platform/build-arm64-v8a/build/other_builds/python3/arm64-v8a__ndk_target_21/python3/android-build/android-root/include/python3.14 -DANDROID -I/app/.buildozer/android/platform/android-ndk-r25b/toolchains/llvm/prebuilt/linux-x86_64/sysroot/usr/include -I/app/.buildozer/android/platform/build-arm64-v8a/build/other_builds/python3/arm64-v8a__ndk_target_21/python3/android-build/android-root/include/python3.14 build/temp.linux-x86_64-cpython-314/android/_android.o build/temp.linux-x86_64-cpython-314/android/_android_jni.o -L/app/.buildozer/android/platform/build-arm64-v8a/build/libs_collections/neshrblek/arm64-v8a -L/app/.buildozer/android/platform/build-arm64-v8a/build/bootstrap_builds/sdl2/obj/local/arm64-v8a -lSDL2 -lSDL2_image -lSDL2_mixer -lSDL2_ttf -llog -o build/lib.linux-x86_64-cpython-314/android/_android.cpython-314-x86_64-linux-gnu.so
[1m[90m[DEBUG][39m[0m:   	building 'android._android_billing' extension
[1m[90m[DEBUG][39m[0m:   	/usr/bin/ccache /app/.buildozer/android/platform/android-ndk-r25b/toolchains/llvm/prebuilt/linux-x86_64/bin/clang -target aarch64-linux-android21 -fomit-frame-pointer -march=armv8-a -fPIC -target aarch64-linux-android21 -fomit-frame-pointer -march=armv8-a -fPIC -I/app/.buildozer/android/platform/build-arm64-v8a/build/other_builds/python3/arm64-v8a__ndk_target_21/python3/android-build/android-root/include/python3.14 -DANDROID -I/app/.buildozer/android/platform/android-ndk-r25b/toolchains/llvm/prebuilt/linux-x86_64/sysroot/usr/include -I/app/.buildozer/android/platform/build-arm64-v8a/build/other_builds/python3/arm64-v8a__ndk_target_21/python3/android-build/android-root/include/python3.14 -fPIC -I/tmp/build-env-zr_deliv/include -I/app/.buildozer/android/platform/build-arm64-v8a/build/other_builds/hostpython3/desktop/hostpython3/native-build/root/usr/local/include/python3.14 -c android/_android_billing.c -o build/temp.linux-x86_64-cpython-314/android/_android_billing.o
[1m[90m[DEBUG][39m[0m:   	/usr/bin/ccache /app/.buildozer/android/platform/android-ndk-r25b/toolchains/llvm/prebuilt/linux-x86_64/bin/clang -target aarch64-linux-android21 -fomit-frame-pointer -march=armv8-a -fPIC -target aarch64-linux-android21 -fomit-frame-pointer -march=armv8-a -fPIC -I/app/.buildozer/android/platform/build-arm64-v8a/build/other_builds/python3/arm64-v8a__ndk_target_21/python3/android-build/android-root/include/python3.14 -DANDROID -I/app/.buildozer/android/platform/android-ndk-r25b/toolchains/llvm/prebuilt/linux-x86_64/sysroot/usr/include -I/app/.buildozer/android/platform/build-arm64-v8a/build/other_builds/python3/arm64-v8a__ndk_target_21/python3/android-build/android-root/include/python3.14 -fPIC -I/tmp/build-env-zr_deliv/include -I/app/.buildozer/android/platform/build-arm64-v8a/build/other_builds/hostpython3/desktop/hostpython3/native-build/root/usr/local/include/python3.14 -c android/_android_billing_jni.c -o build/temp.linux-x86_64-cpython-314/android/_android_billing_jni.o
[1m[90m[DEBUG][39m[0m:   	android/_android_billing_jni.c:95:12: warning: returning 'const char *' from a function with result type 'char *' discards qualifiers [-Wincompatible-pointer-types-discards-qualifiers]
[1m[90m[DEBUG][39m[0m:   	   95 |     return reading;
[1m[90m[DEBUG][39m[0m:   	      |            ^~~~~~~
[1m[90m[DEBUG][39m[0m:   	android/_android_billing_jni.c:118:12: warning: returning 'const char *' from a function with result type 'char *' discards qualifiers [-Wincompatible-pointer-types-discards-qualifiers]
[1m[90m[DEBUG][39m[0m:   	  118 |     return reading;
[1m[90m[DEBUG][39m[0m:   	      |            ^~~~~~~
[1m[90m[DEBUG][39m[0m:   	2 warnings generated.
[1m[90m[DEBUG][39m[0m:   	/usr/bin/ccache /app/.buildozer/android/platform/android-ndk-r25b/toolchains/llvm/prebuilt/linux-x86_64/bin/clang -target aarch64-linux-android21 -fomit-frame-pointer -march=armv8-a -fPIC -pthread -shared -Wl,-O1 -Wl,-Bsymbolic-functions -L/app/.buildozer/android/platform/build-arm64-v8a/build/libs_collections/neshrblek/arm64-v8a -L/app/.buildozer/android/platform/build-arm64-v8a/build/other_builds/python3/arm64-v8a__ndk_target_21/python3/android-build -lpython3.14 -target aarch64-linux-android21 -fomit-frame-pointer -march=armv8-a -fPIC -I/app/.buildozer/android/platform/build-arm64-v8a/build/other_builds/python3/arm64-v8a__ndk_target_21/python3/android-build/android-root/include/python3.14 -DANDROID -I/app/.buildozer/android/platform/android-ndk-r25b/toolchains/llvm/prebuilt/linux-x86_64/sysroot/usr/include -I/app/.buildozer/android/platform/build-arm64-v8a/build/other_builds/python3/arm64-v8a__ndk_target_21/python3/android-build/android-root/include/python3.14 build/temp.linux-x86_64-cpython-314/android/_android_billing.o build/temp.linux-x86_64-cpython-314/android/_android_billing_jni.o -L/app/.buildozer/android/platform/build-arm64-v8a/build/libs_collections/neshrblek/arm64-v8a -L/app/.buildozer/android/platform/build-arm64-v8a/build/bootstrap_builds/sdl2/obj/local/arm64-v8a -llog -o build/lib.linux-x86_64-cpython-314/android/_android_billing.cpython-314-x86_64-linux-gnu.so
[1m[90m[DEBUG][39m[0m:   	building 'android._android_sound' extension
[1m[90m[DEBUG][39m[0m:   	/usr/bin/ccache /app/.buildozer/android/platform/android-ndk-r25b/toolchains/llvm/prebuilt/linux-x86_64/bin/clang -target aarch64-linux-android21 -fomit-frame-pointer -march=armv8-a -fPIC -target aarch64-linux-android21 -fomit-frame-pointer -march=armv8-a -fPIC -I/app/.buildozer/android/platform/build-arm64-v8a/build/other_builds/python3/arm64-v8a__ndk_target_21/python3/android-build/android-root/include/python3.14 -DANDROID -I/app/.buildozer/android/platform/android-ndk-r25b/toolchains/llvm/prebuilt/linux-x86_64/sysroot/usr/include -I/app/.buildozer/android/platform/build-arm64-v8a/build/other_builds/python3/arm64-v8a__ndk_target_21/python3/android-build/android-root/include/python3.14 -fPIC -I/tmp/build-env-zr_deliv/include -I/app/.buildozer/android/platform/build-arm64-v8a/build/other_builds/hostpython3/desktop/hostpython3/native-build/root/usr/local/include/python3.14 -c android/_android_sound.c -o build/temp.linux-x86_64-cpython-314/android/_android_sound.o -include stdlib.h
[1m[90m[DEBUG][39m[0m:   	/usr/bin/ccache /app/.buildozer/android/platform/android-ndk-r25b/toolchains/llvm/prebuilt/linux-x86_64/bin/clang -target aarch64-linux-android21 -fomit-frame-pointer -march=armv8-a -fPIC -target aarch64-linux-android21 -fomit-frame-pointer -march=armv8-a -fPIC -I/app/.buildozer/android/platform/build-arm64-v8a/build/other_builds/python3/arm64-v8a__ndk_target_21/python3/android-build/android-root/include/python3.14 -DANDROID -I/app/.buildozer/android/platform/android-ndk-r25b/toolchains/llvm/prebuilt/linux-x86_64/sysroot/usr/include -I/app/.buildozer/android/platform/build-arm64-v8a/build/other_builds/python3/arm64-v8a__ndk_target_21/python3/android-build/android-root/include/python3.14 -fPIC -I/tmp/build-env-zr_deliv/include -I/app/.buildozer/android/platform/build-arm64-v8a/build/other_builds/hostpython3/desktop/hostpython3/native-build/root/usr/local/include/python3.14 -c android/_android_sound_jni.c -o build/temp.linux-x86_64-cpython-314/android/_android_sound_jni.o -include stdlib.h
[1m[90m[DEBUG][39m[0m:   	android/_android_sound_jni.c:142:1: warning: non-void function does not return a value in all control paths [-Wreturn-type]
[1m[90m[DEBUG][39m[0m:   	  142 | }
[1m[90m[DEBUG][39m[0m:   	      | ^
[1m[90m[DEBUG][39m[0m:   	android/_android_sound_jni.c:167:10: warning: assigning to 'char *' from 'const char *' discards qualifiers [-Wincompatible-pointer-types-discards-qualifiers]
[1m[90m[DEBUG][39m[0m:   	  167 |     jbuf = (*env)->GetStringUTFChars(env, s, NULL);
[1m[90m[DEBUG][39m[0m:   	      |          ^ ~~~~~~~~~~~~~~~~~~~~~~~~~~~~~~~~~~~~~~~
[1m[90m[DEBUG][39m[0m:   	2 warnings generated.
[1m[90m[DEBUG][39m[0m:   	/usr/bin/ccache /app/.buildozer/android/platform/android-ndk-r25b/toolchains/llvm/prebuilt/linux-x86_64/bin/clang -target aarch64-linux-android21 -fomit-frame-pointer -march=armv8-a -fPIC -pthread -shared -Wl,-O1 -Wl,-Bsymbolic-functions -L/app/.buildozer/android/platform/build-arm64-v8a/build/libs_collections/neshrblek/arm64-v8a -L/app/.buildozer/android/platform/build-arm64-v8a/build/other_builds/python3/arm64-v8a__ndk_target_21/python3/android-build -lpython3.14 -target aarch64-linux-android21 -fomit-frame-pointer -march=armv8-a -fPIC -I/app/.buildozer/android/platform/build-arm64-v8a/build/other_builds/python3/arm64-v8a__ndk_target_21/python3/android-build/android-root/include/python3.14 -DANDROID -I/app/.buildozer/android/platform/android-ndk-r25b/toolchains/llvm/prebuilt/linux-x86_64/sysroot/usr/include -I/app/.buildozer/android/platform/build-arm64-v8a/build/other_builds/python3/arm64-v8a__ndk_target_21/python3/android-build/android-root/include/python3.14 build/temp.linux-x86_64-cpython-314/android/_android_sound.o build/temp.linux-x86_64-cpython-314/android/_android_sound_jni.o -L/app/.buildozer/android/platform/build-arm64-v8a/build/libs_collections/neshrblek/arm64-v8a -L/app/.buildozer/android/platform/build-arm64-v8a/build/bootstrap_builds/sdl2/obj/local/arm64-v8a -llog -o build/lib.linux-x86_64-cpython-314/android/_android_sound.cpython-314-x86_64-linux-gnu.so
[1m[90m[DEBUG][39m[0m:   	installing to build/bdist.linux-x86_64/wheel
[1m[90m[DEBUG][39m[0m:   	running install
[1m[90m[DEBUG][39m[0m:   	running install_lib
[1m[90m[DEBUG][39m[0m:   	creating build/bdist.linux-x86_64/wheel
[1m[90m[DEBUG][39m[0m:   	creating build/bdist.linux-x86_64/wheel/android
[1m[90m[DEBUG][39m[0m:   	copying build/lib.linux-x86_64-cpython-314/android/broadcast.py -> build/bdist.linux-x86_64/wheel/./android
[1m[90m[DEBUG][39m[0m:   	copying build/lib.linux-x86_64-cpython-314/android/_android.cpython-314-x86_64-linux-gnu.so -> build/bdist.linux-x86_64/wheel/./android
[1m[90m[DEBUG][39m[0m:   	copying build/lib.linux-x86_64-cpython-314/android/_android_billing.cpython-314-x86_64-linux-gnu.so -> build/bdist.linux-x86_64/wheel/./android
[1m[90m[DEBUG][39m[0m:   	copying build/lib.linux-x86_64-cpython-314/android/activity.py -> build/bdist.linux-x86_64/wheel/./android
[1m[90m[DEBUG][39m[0m:   	copying build/lib.linux-x86_64-cpython-314/android/display_cutout.py -> build/bdist.linux-x86_64/wheel/./android
[1m[90m[DEBUG][39m[0m:   	copying build/lib.linux-x86_64-cpython-314/android/storage.py -> build/bdist.linux-x86_64/wheel/./android
[1m[90m[DEBUG][39m[0m:   	copying build/lib.linux-x86_64-cpython-314/android/permissions.py -> build/bdist.linux-x86_64/wheel/./android
[1m[90m[DEBUG][39m[0m:   	copying build/lib.linux-x86_64-cpython-314/android/__init__.py -> build/bdist.linux-x86_64/wheel/./android
[1m[90m[DEBUG][39m[0m:   	copying build/lib.linux-x86_64-cpython-314/android/loadingscreen.py -> build/bdist.linux-x86_64/wheel/./android
[1m[90m[DEBUG][39m[0m:   	copying build/lib.linux-x86_64-cpython-314/android/config.py -> build/bdist.linux-x86_64/wheel/./android
[1m[90m[DEBUG][39m[0m:   	copying build/lib.linux-x86_64-cpython-314/android/touch.py -> build/bdist.linux-x86_64/wheel/./android
[1m[90m[DEBUG][39m[0m:   	copying build/lib.linux-x86_64-cpython-314/android/_android_sound.cpython-314-x86_64-linux-gnu.so -> build/bdist.linux-x86_64/wheel/./android
[1m[90m[DEBUG][39m[0m:   	copying build/lib.linux-x86_64-cpython-314/android/runnable.py -> build/bdist.linux-x86_64/wheel/./android
[1m[90m[DEBUG][39m[0m:   	copying build/lib.linux-x86_64-cpython-314/android/_ctypes_library_finder.py -> build/bdist.linux-x86_64/wheel/./android
[1m[90m[DEBUG][39m[0m:   	copying build/lib.linux-x86_64-cpython-314/android/mixer.py -> build/bdist.linux-x86_64/wheel/./android
[1m[90m[DEBUG][39m[0m:   	copying build/lib.linux-x86_64-cpython-314/android/billing.py -> build/bdist.linux-x86_64/wheel/./android
[1m[90m[DEBUG][39m[0m:   	running install_egg_info
[1m[90m[DEBUG][39m[0m:   	running egg_info
[1m[90m[DEBUG][39m[0m:   	writing android.egg-info/PKG-INFO
[1m[90m[DEBUG][39m[0m:   	writing dependency_links to android.egg-info/dependency_links.txt
[1m[90m[DEBUG][39m[0m:   	writing top-level names to android.egg-info/top_level.txt
[1m[90m[DEBUG][39m[0m:   	reading manifest file 'android.egg-info/SOURCES.txt'
[1m[90m[DEBUG][39m[0m:   	writing manifest file 'android.egg-info/SOURCES.txt'
[1m[90m[DEBUG][39m[0m:   	Copying android.egg-info to build/bdist.linux-x86_64/wheel/./android-1.0-py3.14.egg-info
[1m[90m[DEBUG][39m[0m:   	running install_scripts
[1m[90m[DEBUG][39m[0m:   	creating build/bdist.linux-x86_64/wheel/android-1.0.dist-info/WHEEL
[1m[90m[DEBUG][39m[0m:   	creating '/app/.buildozer/android/platform/build-arm64-v8a/build/other_builds/android-sdl2/arm64-v8a__ndk_target_21/android/dist/.tmp-hsod0dy9/android-1.0-cp314-cp314-android_21_arm64_v8a.whl' and adding 'build/bdist.linux-x86_64/wheel' to it
[1m[90m[DEBUG][39m[0m:   	adding 'android/__init__.py'
[1m[90m[DEBUG][39m[0m:   	adding 'android/_android.cpython-314-x86_64-linux-gnu.so'
[1m[90m[DEBUG][39m[0m:   	adding 'android/_android_billing.cpython-314-x86_64-linux-gnu.so'
[1m[90m[DEBUG][39m[0m:   	adding 'android/_android_sound.cpython-314-x86_64-linux-gnu.so'
[1m[90m[DEBUG][39m[0m:   	adding 'android/_ctypes_library_finder.py'
[1m[90m[DEBUG][39m[0m:   	adding 'android/activity.py'
[1m[90m[DEBUG][39m[0m:   	adding 'android/billing.py'
[1m[90m[DEBUG][39m[0m:   	adding 'android/broadcast.py'
[1m[90m[DEBUG][39m[0m:   	adding 'android/config.py'
[1m[90m[DEBUG][39m[0m:   	adding 'android/display_cutout.py'
[1m[90m[DEBUG][39m[0m:   	adding 'android/loadingscreen.py'
[1m[90m[DEBUG][39m[0m:   	adding 'android/mixer.py'
[1m[90m[DEBUG][39m[0m:   	adding 'android/permissions.py'
[1m[90m[DEBUG][39m[0m:   	adding 'android/runnable.py'
[1m[90m[DEBUG][39m[0m:   	adding 'android/storage.py'
[1m[90m[DEBUG][39m[0m:   	adding 'android/touch.py'
[1m[90m[DEBUG][39m[0m:   	adding 'android-1.0.dist-info/METADATA'
[1m[90m[DEBUG][39m[0m:   	adding 'android-1.0.dist-info/WHEEL'
[1m[90m[DEBUG][39m[0m:   	adding 'android-1.0.dist-info/top_level.txt'
[1m[90m[DEBUG][39m[0m:   	adding 'android-1.0.dist-info/RECORD'
[1m[90m[DEBUG][39m[0m:   	removing build/bdist.linux-x86_64/wheel
[1m[90m[DEBUG][39m[0m:   	[1m[92mSuccessfully built [4mandroid-1.0-cp314-cp314-android_21_arm64_v8a.whl[0m[1m[92m[0m
[1m[INFO][0m:    [36m<- directory context /app/.buildozer/android/platform/python-for-android[39m
[1m[INFO][0m:    Installing built wheel: android-1.0-cp314-cp314-android_21_arm64_v8a.whl
[1m[INFO][0m:    [1m[32mBuilding pycparser for arm64-v8a[0m[39m
[1m[INFO][0m:    pycparser apparently isn't already in site-packages
stty: 'standard input': Inappropriate ioctl for device
[1m[90m[DEBUG][39m[0m:   [90m->[0m running pip3 install setuptools -q --upgrade[0m
[1m[INFO][0m:    Installing pycparser into site-packages
[1m[INFO][0m:    [36m-> directory context /app/.buildozer/android/platform/build-arm64-v8a/build/other_builds/pycparser/arm64-v8a__ndk_target_21/pycparser[39m
stty: 'standard input': Inappropriate ioctl for device
[1m[90m[DEBUG][39m[0m:   [90m->[0m running pip3 install . --compile --target /app/.buildozer/android/platform/build-arm64-v8a/build/python-installs/neshrblek/arm64-v8a[0m
[1m[90m[DEBUG][39m[0m:   	Processing ./.
[1m[90m[DEBUG][39m[0m:   	  Installing build dependencies ... [?25l- \ done
[1m[90m[DEBUG][39m[0m:   	[?25h  Getting requirements to build wheel ... [?25l- done
[1m[90m[DEBUG][39m[0m:   	[?25h  Preparing metadata (pyproject.toml) ... [?25l- done
[1m[90m[DEBUG][39m[0m:   	[?25hBuilding wheels for collected packages: pycparser
[1m[90m[DEBUG][39m[0m:   	  Building wheel for pycparser (pyproject.toml) ... [?25l- \ | done
[1m[90m[DEBUG][39m[0m:   	[?25h  Created wheel for pycparser: filename=pycparser-2.14-py3-none-any.whl size=327356 sha256=a0b062f1adf6551ebf4e18b6db0bc8be3538b8c96865636fe768d28185d30b33
[1m[90m[DEBUG][39m[0m:   	  Stored in directory: /tmp/pip-ephem-wheel-cache-kmmckg87/wheels/28/c2/02/7cef255e869ef669daed4185e5754bf753fdb9dca3e17354e4
[1m[90m[DEBUG][39m[0m:   	Successfully built pycparser
[1m[90m[DEBUG][39m[0m:   	Installing collected packages: pycparser
[1m[90m[DEBUG][39m[0m:   	Successfully installed pycparser-2.14
[1m[INFO][0m:    [36m<- directory context /app/.buildozer/android/platform/python-for-android[39m
[1m[INFO][0m:    [1m[32mBuilding cffi for arm64-v8a[0m[39m
[1m[INFO][0m:    cffi apparently isn't already in site-packages
stty: 'standard input': Inappropriate ioctl for device
[1m[90m[DEBUG][39m[0m:   [90m->[0m running pip3 install cffi==2.0.0 --ignore-installed --disable-pip-version-check --python-version 3.14.2 --only-binary=:all: --no-deps --platform=android_21_arm64_v8a --platform=android_21_aarch64 --dry-run -q[0m
[1m[90m[DEBUG][39m[0m:   	[31mERROR: Could not find a version that satisfies the requirement cffi==2.0.0 (from versions: none)[0m[31m
[1m[90m[DEBUG][39m[0m:   	[0m[31mERROR: No matching distribution found for cffi==2.0.0[0m[31m
[1m[90m[DEBUG][39m[0m:   	[0m
Exception in thread background thread for pid 409414:
Traceback (most recent call last):
  File "/home/jules/.pyenv/versions/3.12.13/lib/python3.12/threading.py", line 1075, in _bootstrap_inner
    self.run()
  File "/home/jules/.pyenv/versions/3.12.13/lib/python3.12/threading.py", line 1012, in run
    self._target(*self._args, **self._kwargs)
  File "/home/jules/.local/lib/python3.12/site-packages/sh/__init__.py", line 1716, in wrap
    fn(*rgs, **kwargs)
  File "/home/jules/.local/lib/python3.12/site-packages/sh/__init__.py", line 2727, in background_thread
    handle_exit_code(exit_code)
  File "/home/jules/.local/lib/python3.12/site-packages/sh/__init__.py", line 2418, in fn
    return self.command.handle_command_exit_code(exit_code)
           ^^^^^^^^^^^^^^^^^^^^^^^^^^^^^^^^^^^^^^^^^^^^^^^^
  File "/home/jules/.local/lib/python3.12/site-packages/sh/__init__.py", line 823, in handle_command_exit_code
    raise exc
sh.ErrorReturnCode_1:

  RAN: /app/.buildozer/android/platform/build-arm64-v8a/build/other_builds/hostpython3/desktop/hostpython3/native-build/root/usr/local/bin/pip3 install cffi==2.0.0 --ignore-installed --disable-pip-version-check --python-version 3.14.2 --only-binary=:all: --no-deps --platform=android_21_arm64_v8a --platform=android_21_aarch64 --dry-run -q

  STDOUT:
[31mERROR: Could not find a version that satisfies the requirement cffi==2.0.0 (from versions: none)[0m[31m
[0m[31mERROR: No matching distribution found for cffi==2.0.0[0m[31m
[0m

  STDERR:

stty: 'standard input': Inappropriate ioctl for device
[1m[90m[DEBUG][39m[0m:   [90m->[0m running pip3 install build[virtualenv] pip setuptools patchelf setuptools -q --upgrade[0m
[1m[INFO][0m:    [36m-> directory context /app/.buildozer/android/platform/build-arm64-v8a/build/other_builds/cffi/arm64-v8a__ndk_target_21/cffi[39m
stty: 'standard input': Inappropriate ioctl for device
[1m[90m[DEBUG][39m[0m:   [90m->[0m running python -m build --wheel --config-setting builddir=/app/.buildozer/android/platform/build-arm64-v8a/build/other_builds/cffi/arm64-v8a__ndk_target_21/cffi/p4a_android_build[0m
[1m[90m[DEBUG][39m[0m:   	[1m* Creating isolated environment: venv+pip...[0m
[1m[90m[DEBUG][39m[0m:   	[1m* Installing packages in isolated environment:[0m
[1m[90m[DEBUG][39m[0m:   	  - setuptools >= 66.1
[1m[90m[DEBUG][39m[0m:   	[1m* Getting build dependencies for wheel...[0m
[1m[90m[DEBUG][39m[0m:   	running egg_info
[1m[90m[DEBUG][39m[0m:   	writing src/cffi.egg-info/PKG-INFO
[1m[90m[DEBUG][39m[0m:   	writing dependency_links to src/cffi.egg-info/dependency_links.txt
[1m[90m[DEBUG][39m[0m:   	writing entry points to src/cffi.egg-info/entry_points.txt
[1m[90m[DEBUG][39m[0m:   	writing requirements to src/cffi.egg-info/requires.txt
[1m[90m[DEBUG][39m[0m:   	writing top-level names to src/cffi.egg-info/top_level.txt
[1m[90m[DEBUG][39m[0m:   	reading manifest file 'src/cffi.egg-info/SOURCES.txt'
[1m[90m[DEBUG][39m[0m:   	reading manifest template 'MANIFEST.in'
[1m[90m[DEBUG][39m[0m:   	adding license file 'LICENSE'
[1m[90m[DEBUG][39m[0m:   	adding license file 'AUTHORS'
[1m[90m[DEBUG][39m[0m:   	writing manifest file 'src/cffi.egg-info/SOURCES.txt'
[1m[90m[DEBUG][39m[0m:   	[1m* Building wheel...[0m
[1m[90m[DEBUG][39m[0m:   	running bdist_wheel
[1m[90m[DEBUG][39m[0m:   	running build
[1m[90m[DEBUG][39m[0m:   	running build_py
[1m[90m[DEBUG][39m[0m:   	running egg_info
[1m[90m[DEBUG][39m[0m:   	writing src/cffi.egg-info/PKG-INFO
[1m[90m[DEBUG][39m[0m:   	writing dependency_links to src/cffi.egg-info/dependency_links.txt
[1m[90m[DEBUG][39m[0m:   	writing entry points to src/cffi.egg-info/entry_points.txt
[1m[90m[DEBUG][39m[0m:   	writing requirements to src/cffi.egg-info/requires.txt
[1m[90m[DEBUG][39m[0m:   	writing top-level names to src/cffi.egg-info/top_level.txt
[1m[90m[DEBUG][39m[0m:   	reading manifest file 'src/cffi.egg-info/SOURCES.txt'
[1m[90m[DEBUG][39m[0m:   	reading manifest template 'MANIFEST.in'
[1m[90m[DEBUG][39m[0m:   	adding license file 'LICENSE'
[1m[90m[DEBUG][39m[0m:   	adding license file 'AUTHORS'
[1m[90m[DEBUG][39m[0m:   	writing manifest file 'src/cffi.egg-info/SOURCES.txt'
[1m[90m[DEBUG][39m[0m:   	running build_ext
[1m[90m[DEBUG][39m[0m:   	installing to build/bdist.linux-x86_64/wheel
[1m[90m[DEBUG][39m[0m:   	running install
[1m[90m[DEBUG][39m[0m:   	running install_lib
[1m[90m[DEBUG][39m[0m:   	creating build/bdist.linux-x86_64/wheel
[1m[90m[DEBUG][39m[0m:   	creating build/bdist.linux-x86_64/wheel/cffi
[1m[90m[DEBUG][39m[0m:   	copying build/lib.linux-x86_64-cpython-314/cffi/parse_c_type.h -> build/bdist.linux-x86_64/wheel/./cffi
[1m[90m[DEBUG][39m[0m:   	copying build/lib.linux-x86_64-cpython-314/cffi/lock.py -> build/bdist.linux-x86_64/wheel/./cffi
[1m[90m[DEBUG][39m[0m:   	copying build/lib.linux-x86_64-cpython-314/cffi/pkgconfig.py -> build/bdist.linux-x86_64/wheel/./cffi
[1m[90m[DEBUG][39m[0m:   	copying build/lib.linux-x86_64-cpython-314/cffi/ffiplatform.py -> build/bdist.linux-x86_64/wheel/./cffi
[1m[90m[DEBUG][39m[0m:   	copying build/lib.linux-x86_64-cpython-314/cffi/_embedding.h -> build/bdist.linux-x86_64/wheel/./cffi
[1m[90m[DEBUG][39m[0m:   	copying build/lib.linux-x86_64-cpython-314/cffi/_shimmed_dist_utils.py -> build/bdist.linux-x86_64/wheel/./cffi
[1m[90m[DEBUG][39m[0m:   	copying build/lib.linux-x86_64-cpython-314/cffi/_imp_emulation.py -> build/bdist.linux-x86_64/wheel/./cffi
[1m[90m[DEBUG][39m[0m:   	copying build/lib.linux-x86_64-cpython-314/cffi/recompiler.py -> build/bdist.linux-x86_64/wheel/./cffi
[1m[90m[DEBUG][39m[0m:   	copying build/lib.linux-x86_64-cpython-314/cffi/api.py -> build/bdist.linux-x86_64/wheel/./cffi
[1m[90m[DEBUG][39m[0m:   	copying build/lib.linux-x86_64-cpython-314/cffi/error.py -> build/bdist.linux-x86_64/wheel/./cffi
[1m[90m[DEBUG][39m[0m:   	copying build/lib.linux-x86_64-cpython-314/cffi/_cffi_errors.h -> build/bdist.linux-x86_64/wheel/./cffi
[1m[90m[DEBUG][39m[0m:   	copying build/lib.linux-x86_64-cpython-314/cffi/verifier.py -> build/bdist.linux-x86_64/wheel/./cffi
[1m[90m[DEBUG][39m[0m:   	copying build/lib.linux-x86_64-cpython-314/cffi/model.py -> build/bdist.linux-x86_64/wheel/./cffi
[1m[90m[DEBUG][39m[0m:   	copying build/lib.linux-x86_64-cpython-314/cffi/__init__.py -> build/bdist.linux-x86_64/wheel/./cffi
[1m[90m[DEBUG][39m[0m:   	copying build/lib.linux-x86_64-cpython-314/cffi/cffi_opcode.py -> build/bdist.linux-x86_64/wheel/./cffi
[1m[90m[DEBUG][39m[0m:   	copying build/lib.linux-x86_64-cpython-314/cffi/commontypes.py -> build/bdist.linux-x86_64/wheel/./cffi
[1m[90m[DEBUG][39m[0m:   	copying build/lib.linux-x86_64-cpython-314/cffi/cparser.py -> build/bdist.linux-x86_64/wheel/./cffi
[1m[90m[DEBUG][39m[0m:   	copying build/lib.linux-x86_64-cpython-314/cffi/backend_ctypes.py -> build/bdist.linux-x86_64/wheel/./cffi
[1m[90m[DEBUG][39m[0m:   	copying build/lib.linux-x86_64-cpython-314/cffi/setuptools_ext.py -> build/bdist.linux-x86_64/wheel/./cffi
[1m[90m[DEBUG][39m[0m:   	copying build/lib.linux-x86_64-cpython-314/cffi/vengine_gen.py -> build/bdist.linux-x86_64/wheel/./cffi
[1m[90m[DEBUG][39m[0m:   	copying build/lib.linux-x86_64-cpython-314/cffi/_cffi_include.h -> build/bdist.linux-x86_64/wheel/./cffi
[1m[90m[DEBUG][39m[0m:   	copying build/lib.linux-x86_64-cpython-314/cffi/vengine_cpy.py -> build/bdist.linux-x86_64/wheel/./cffi
[1m[90m[DEBUG][39m[0m:   	copying build/lib.linux-x86_64-cpython-314/_cffi_backend.cpython-314-x86_64-linux-gnu.so -> build/bdist.linux-x86_64/wheel/.
[1m[90m[DEBUG][39m[0m:   	running install_egg_info
[1m[90m[DEBUG][39m[0m:   	Copying src/cffi.egg-info to build/bdist.linux-x86_64/wheel/./cffi-2.0.0-py3.14.egg-info
[1m[90m[DEBUG][39m[0m:   	running install_scripts
[1m[90m[DEBUG][39m[0m:   	creating build/bdist.linux-x86_64/wheel/cffi-2.0.0.dist-info/WHEEL
[1m[90m[DEBUG][39m[0m:   	creating '/app/.buildozer/android/platform/build-arm64-v8a/build/other_builds/cffi/arm64-v8a__ndk_target_21/cffi/dist/.tmp-xtvn96vb/cffi-2.0.0-cp314-cp314-android_21_arm64_v8a.whl' and adding 'build/bdist.linux-x86_64/wheel' to it
[1m[90m[DEBUG][39m[0m:   	adding '_cffi_backend.cpython-314-x86_64-linux-gnu.so'
[1m[90m[DEBUG][39m[0m:   	adding 'cffi/__init__.py'
[1m[90m[DEBUG][39m[0m:   	adding 'cffi/_cffi_errors.h'
[1m[90m[DEBUG][39m[0m:   	adding 'cffi/_cffi_include.h'
[1m[90m[DEBUG][39m[0m:   	adding 'cffi/_embedding.h'
[1m[90m[DEBUG][39m[0m:   	adding 'cffi/_imp_emulation.py'
[1m[90m[DEBUG][39m[0m:   	adding 'cffi/_shimmed_dist_utils.py'
[1m[90m[DEBUG][39m[0m:   	adding 'cffi/api.py'
[1m[90m[DEBUG][39m[0m:   	adding 'cffi/backend_ctypes.py'
[1m[90m[DEBUG][39m[0m:   	adding 'cffi/cffi_opcode.py'
[1m[90m[DEBUG][39m[0m:   	adding 'cffi/commontypes.py'
[1m[90m[DEBUG][39m[0m:   	adding 'cffi/cparser.py'
[1m[90m[DEBUG][39m[0m:   	adding 'cffi/error.py'
[1m[90m[DEBUG][39m[0m:   	adding 'cffi/ffiplatform.py'
[1m[90m[DEBUG][39m[0m:   	adding 'cffi/lock.py'
[1m[90m[DEBUG][39m[0m:   	adding 'cffi/model.py'
[1m[90m[DEBUG][39m[0m:   	adding 'cffi/parse_c_type.h'
[1m[90m[DEBUG][39m[0m:   	adding 'cffi/pkgconfig.py'
[1m[90m[DEBUG][39m[0m:   	adding 'cffi/recompiler.py'
[1m[90m[DEBUG][39m[0m:   	adding 'cffi/setuptools_ext.py'
[1m[90m[DEBUG][39m[0m:   	adding 'cffi/vengine_cpy.py'
[1m[90m[DEBUG][39m[0m:   	adding 'cffi/vengine_gen.py'
[1m[90m[DEBUG][39m[0m:   	adding 'cffi/verifier.py'
[1m[90m[DEBUG][39m[0m:   	adding 'cffi-2.0.0.dist-info/licenses/AUTHORS'
[1m[90m[DEBUG][39m[0m:   	adding 'cffi-2.0.0.dist-info/licenses/LICENSE'
[1m[90m[DEBUG][39m[0m:   	adding 'cffi-2.0.0.dist-info/METADATA'
[1m[90m[DEBUG][39m[0m:   	adding 'cffi-2.0.0.dist-info/WHEEL'
[1m[90m[DEBUG][39m[0m:   	adding 'cffi-2.0.0.dist-info/entry_points.txt'
[1m[90m[DEBUG][39m[0m:   	adding 'cffi-2.0.0.dist-info/top_level.txt'
[1m[90m[DEBUG][39m[0m:   	adding 'cffi-2.0.0.dist-info/RECORD'
[1m[90m[DEBUG][39m[0m:   	removing build/bdist.linux-x86_64/wheel
[1m[90m[DEBUG][39m[0m:   	[1m[92mSuccessfully built [4mcffi-2.0.0-cp314-cp314-android_21_arm64_v8a.whl[0m[1m[92m[0m
[1m[INFO][0m:    [36m<- directory context /app/.buildozer/android/platform/python-for-android[39m
[1m[INFO][0m:    Installing built wheel: cffi-2.0.0-cp314-cp314-android_21_arm64_v8a.whl
[1m[INFO][0m:    [1m[32mBuilding kivy for arm64-v8a[0m[39m
[1m[INFO][0m:    kivy apparently isn't already in site-packages
stty: 'standard input': Inappropriate ioctl for device
[1m[90m[DEBUG][39m[0m:   [90m->[0m running pip3 install kivy==2.3.1 --ignore-installed --disable-pip-version-check --python-version 3.14.2 --only-binary=:all: --no-deps --platform=android_21_arm64_v8a --platform=android_21_aarch64 --dry-run -q[0m
[1m[90m[DEBUG][39m[0m:   	[31mERROR: Could not find a version that satisfies the requirement kivy==2.3.1 (from versions: none)[0m[31m
[1m[90m[DEBUG][39m[0m:   	[0m[31mERROR: No matching distribution found for kivy==2.3.1[0m[31m
[1m[90m[DEBUG][39m[0m:   	[0m
Exception in thread background thread for pid 409753:
Traceback (most recent call last):
  File "/home/jules/.pyenv/versions/3.12.13/lib/python3.12/threading.py", line 1075, in _bootstrap_inner
    self.run()
  File "/home/jules/.pyenv/versions/3.12.13/lib/python3.12/threading.py", line 1012, in run
    self._target(*self._args, **self._kwargs)
  File "/home/jules/.local/lib/python3.12/site-packages/sh/__init__.py", line 1716, in wrap
    fn(*rgs, **kwargs)
  File "/home/jules/.local/lib/python3.12/site-packages/sh/__init__.py", line 2727, in background_thread
    handle_exit_code(exit_code)
  File "/home/jules/.local/lib/python3.12/site-packages/sh/__init__.py", line 2418, in fn
    return self.command.handle_command_exit_code(exit_code)
           ^^^^^^^^^^^^^^^^^^^^^^^^^^^^^^^^^^^^^^^^^^^^^^^^
  File "/home/jules/.local/lib/python3.12/site-packages/sh/__init__.py", line 823, in handle_command_exit_code
    raise exc
sh.ErrorReturnCode_1:

  RAN: /app/.buildozer/android/platform/build-arm64-v8a/build/other_builds/hostpython3/desktop/hostpython3/native-build/root/usr/local/bin/pip3 install kivy==2.3.1 --ignore-installed --disable-pip-version-check --python-version 3.14.2 --only-binary=:all: --no-deps --platform=android_21_arm64_v8a --platform=android_21_aarch64 --dry-run -q

  STDOUT:
[31mERROR: Could not find a version that satisfies the requirement kivy==2.3.1 (from versions: none)[0m[31m
[0m[31mERROR: No matching distribution found for kivy==2.3.1[0m[31m
[0m

  STDERR:

stty: 'standard input': Inappropriate ioctl for device
[1m[90m[DEBUG][39m[0m:   [90m->[0m running pip3 install build[virtualenv] pip setuptools patchelf cython>=0.29.1,<=3.0.12 -q --upgrade[0m
[1m[INFO][0m:    [36m-> directory context /app/.buildozer/android/platform/build-arm64-v8a/build/other_builds/kivy-sdl2/arm64-v8a__ndk_target_21/kivy/kivy[39m
stty: 'standard input': Inappropriate ioctl for device
[1m[90m[DEBUG][39m[0m:   [90m->[0m running python3.12 -c import _version; print(_version.__version__)[0m
[1m[90m[DEBUG][39m[0m:   	2.3.1
[1m[INFO][0m:    [36m<- directory context /app/.buildozer/android/platform/python-for-android[39m
[1m[INFO][0m:    [36m-> directory context /app/.buildozer/android/platform/build-arm64-v8a/build/other_builds/kivy-sdl2/arm64-v8a__ndk_target_21/kivy[39m
stty: 'standard input': Inappropriate ioctl for device
[1m[90m[DEBUG][39m[0m:   [90m->[0m running python -m build --wheel --config-setting builddir=/app/.buildozer/android/platform/build-arm64-v8a/build/other_builds/kivy-sdl2/arm64-v8a__ndk_target_21/kivy/p4a_android_build[0m
[1m[90m[DEBUG][39m[0m:   	[1m* Creating isolated environment: venv+pip...[0m
[1m[90m[DEBUG][39m[0m:   	[1m* Installing packages in isolated environment:[0m
[1m[90m[DEBUG][39m[0m:   	  - cython>=0.29.1,<=3.0.11
[1m[90m[DEBUG][39m[0m:   	  - kivy_deps.glew_dev~=0.3.1; sys_platform == "win32"
[1m[90m[DEBUG][39m[0m:   	  - kivy_deps.glew~=0.3.1; sys_platform == "win32"
[1m[90m[DEBUG][39m[0m:   	  - kivy_deps.gstreamer_dev~=0.3.3; sys_platform == "win32"
[1m[90m[DEBUG][39m[0m:   	  - kivy_deps.gstreamer~=0.3.3; sys_platform == "win32"
[1m[90m[DEBUG][39m[0m:   	  - kivy_deps.sdl2_dev~=0.8.0; sys_platform == "win32"
[1m[90m[DEBUG][39m[0m:   	  - kivy_deps.sdl2~=0.8.0; sys_platform == "win32"
[1m[90m[DEBUG][39m[0m:   	  - packaging~=24.0
[1m[90m[DEBUG][39m[0m:   	  - setuptools~=69.2.0
[1m[90m[DEBUG][39m[0m:   	  - wheel~=0.44.0
[1m[90m[DEBUG][39m[0m:   	[1m* Getting build dependencies for wheel...[0m
[1m[90m[DEBUG][39m[0m:   	[INFO   ] [Logger      ] Record log in /home/jules/.kivy/logs/kivy_26-06-13_0.txt
[1m[90m[DEBUG][39m[0m:   	[INFO   ] [Kivy        ] v2.3.1
[1m[90m[DEBUG][39m[0m:   	[INFO   ] [Kivy        ] Installed at "/app/.buildozer/android/platform/build-arm64-v8a/build/other_builds/kivy-sdl2/arm64-v8a__ndk_target_21/kivy/kivy/__init__.py"
[1m[90m[DEBUG][39m[0m:   	[INFO   ] [Python      ] v3.14.2 (main, Jun 10 2026, 20:46:29) [GCC 13.3.0]
[1m[90m[DEBUG][39m[0m:   	[INFO   ] [Python      ] Interpreter at "/tmp/build-env-4zgabtq8/bin/python"
[1m[90m[DEBUG][39m[0m:   	[INFO   ] [Logger      ] Purge log fired. Processing...
[1m[90m[DEBUG][39m[0m:   	[INFO   ] [Logger      ] Purge finished!
[1m[90m[DEBUG][39m[0m:   	Environ change use_sdl2 -> True
[1m[90m[DEBUG][39m[0m:   	Current directory is: /app/.buildozer/android/platform/build-arm64-v8a/build/other_builds/kivy-sdl2/arm64-v8a__ndk_target_21/kivy
[1m[90m[DEBUG][39m[0m:   	Source and initial build directory is: /app/.buildozer/android/platform/build-arm64-v8a/build/other_builds/kivy-sdl2/arm64-v8a__ndk_target_21/kivy
[1m[90m[DEBUG][39m[0m:   	Python path is:
[1m[90m[DEBUG][39m[0m:   	/app/.buildozer/android/platform/build-arm64-v8a/build/other_builds/kivy-sdl2/arm64-v8a__ndk_target_21/kivy
[1m[90m[DEBUG][39m[0m:   	/app/.buildozer/android/platform/build-arm64-v8a/build/other_builds/hostpython3/desktop/hostpython3/native-build/root/usr/local/lib/python314.zip
[1m[90m[DEBUG][39m[0m:   	/app/.buildozer/android/platform/build-arm64-v8a/build/other_builds/hostpython3/desktop/hostpython3/native-build/root/usr/local/lib/python3.14
[1m[90m[DEBUG][39m[0m:   	/app/.buildozer/android/platform/build-arm64-v8a/build/other_builds/hostpython3/desktop/hostpython3/native-build/root/usr/local/lib/python3.14/lib-dynload
[1m[90m[DEBUG][39m[0m:   	/tmp/build-env-4zgabtq8/lib/python3.14/site-packages
[1m[90m[DEBUG][39m[0m:   	/app/.buildozer/android/platform/build-arm64-v8a/build/other_builds/kivy-sdl2/arm64-v8a__ndk_target_21/kivy/kivy/modules
[1m[90m[DEBUG][39m[0m:   	/home/jules/.kivy/mods
[1m[90m[DEBUG][39m[0m:
[1m[90m[DEBUG][39m[0m:
[1m[90m[DEBUG][39m[0m:   	Found Cython at /tmp/build-env-4zgabtq8/lib/python3.14/site-packages/Cython/__init__.py
[1m[90m[DEBUG][39m[0m:   	Detected supported Cython version 3.0.11
[1m[90m[DEBUG][39m[0m:   	Using this graphics system: OpenGL ES 2
[1m[90m[DEBUG][39m[0m:   	WARNING: A problem occurred while running pkg-config --libs --cflags sdl2 SDL2_ttf SDL2_image SDL2_mixer (code 1)
[1m[90m[DEBUG][39m[0m:
[1m[90m[DEBUG][39m[0m:   	b"Package sdl2 was not found in the pkg-config search path.\nPerhaps you should add the directory containing `sdl2.pc'\nto the PKG_CONFIG_PATH environment variable\nPackage 'sdl2', required by 'virtual:world', not found\nPackage 'SDL2_ttf', required by 'virtual:world', not found\nPackage 'SDL2_image', required by 'virtual:world', not found\nPackage 'SDL2_mixer', required by 'virtual:world', not found\n"
[1m[90m[DEBUG][39m[0m:
[1m[90m[DEBUG][39m[0m:   	SDL2: found SDL header at /app/.buildozer/android/platform/build-arm64-v8a/build/bootstrap_builds/sdl2/jni/SDL/include/SDL.h
[1m[90m[DEBUG][39m[0m:   	SDL2: found SDL_mixer header at /app/.buildozer/android/platform/build-arm64-v8a/build/bootstrap_builds/sdl2/jni/SDL2_mixer/include/SDL_mixer.h
[1m[90m[DEBUG][39m[0m:   	SDL2: found SDL_ttf header at /app/.buildozer/android/platform/build-arm64-v8a/build/bootstrap_builds/sdl2/jni/SDL2_ttf/SDL_ttf.h
[1m[90m[DEBUG][39m[0m:   	SDL2: found SDL_image header at /app/.buildozer/android/platform/build-arm64-v8a/build/bootstrap_builds/sdl2/jni/SDL2_image/include/SDL_image.h
[1m[90m[DEBUG][39m[0m:   	[INFO   ] running egg_info
[1m[90m[DEBUG][39m[0m:   	[INFO   ] writing Kivy.egg-info/PKG-INFO
[1m[90m[DEBUG][39m[0m:   	[INFO   ] writing dependency_links to Kivy.egg-info/dependency_links.txt
[1m[90m[DEBUG][39m[0m:   	[INFO   ] writing requirements to Kivy.egg-info/requires.txt
[1m[90m[DEBUG][39m[0m:   	[INFO   ] writing top-level names to Kivy.egg-info/top_level.txt
[1m[90m[DEBUG][39m[0m:   	Building extensions in parallel using 4 cores
[1m[90m[DEBUG][39m[0m:   	Updated build directory to: build/lib.linux-x86_64-cpython-314
[1m[90m[DEBUG][39m[0m:   	[INFO   ] [dependency /app/.buildozer/android/platform/build-arm64-v8a/build/other_builds/kivy-sdl2/arm64-v8a__ndk_target_21/kivy/kivy/properties.pxd won't be automatically included in the manifest] the path must be relative
[1m[90m[DEBUG][39m[0m:   	[INFO   ] [dependency /app/.buildozer/android/platform/build-arm64-v8a/build/other_builds/kivy-sdl2/arm64-v8a__ndk_target_21/kivy/kivy/_event.pxd won't be automatically included in the manifest] the path must be relative
[1m[90m[DEBUG][39m[0m:   	[INFO   ] [dependency /app/.buildozer/android/platform/build-arm64-v8a/build/other_builds/kivy-sdl2/arm64-v8a__ndk_target_21/kivy/kivy/_metrics.pxd won't be automatically included in the manifest] the path must be relative
[1m[90m[DEBUG][39m[0m:   	[INFO   ] [dependency /app/.buildozer/android/platform/build-arm64-v8a/build/other_builds/kivy-sdl2/arm64-v8a__ndk_target_21/kivy/kivy/_event.pxd won't be automatically included in the manifest] the path must be relative
[1m[90m[DEBUG][39m[0m:   	[INFO   ] [dependency /app/.buildozer/android/platform/build-arm64-v8a/build/other_builds/kivy-sdl2/arm64-v8a__ndk_target_21/kivy/kivy/graphics/common.pxi won't be automatically included in the manifest] the path must be relative
[1m[90m[DEBUG][39m[0m:   	[INFO   ] [dependency /app/.buildozer/android/platform/build-arm64-v8a/build/other_builds/kivy-sdl2/arm64-v8a__ndk_target_21/kivy/kivy/graphics/instructions.pxd won't be automatically included in the manifest] the path must be relative
[1m[90m[DEBUG][39m[0m:   	[INFO   ] [dependency /app/.buildozer/android/platform/build-arm64-v8a/build/other_builds/kivy-sdl2/arm64-v8a__ndk_target_21/kivy/kivy/graphics/vbo.pxd won't be automatically included in the manifest] the path must be relative
[1m[90m[DEBUG][39m[0m:   	[INFO   ] [dependency /app/.buildozer/android/platform/build-arm64-v8a/build/other_builds/kivy-sdl2/arm64-v8a__ndk_target_21/kivy/kivy/graphics/buffer.pxd won't be automatically included in the manifest] the path must be relative
[1m[90m[DEBUG][39m[0m:   	[INFO   ] [dependency /app/.buildozer/android/platform/build-arm64-v8a/build/other_builds/kivy-sdl2/arm64-v8a__ndk_target_21/kivy/kivy/graphics/cgl.pxd won't be automatically included in the manifest] the path must be relative
[1m[90m[DEBUG][39m[0m:   	[INFO   ] [dependency /app/.buildozer/android/platform/build-arm64-v8a/build/other_builds/kivy-sdl2/arm64-v8a__ndk_target_21/kivy/kivy/graphics/common.pxi won't be automatically included in the manifest] the path must be relative
[1m[90m[DEBUG][39m[0m:   	[INFO   ] [dependency /app/.buildozer/android/platform/build-arm64-v8a/build/other_builds/kivy-sdl2/arm64-v8a__ndk_target_21/kivy/kivy/include/config.pxi won't be automatically included in the manifest] the path must be relative
[1m[90m[DEBUG][39m[0m:   	[INFO   ] [dependency /app/.buildozer/android/platform/build-arm64-v8a/build/other_builds/kivy-sdl2/arm64-v8a__ndk_target_21/kivy/kivy/include/gl_redirect.h won't be automatically included in the manifest] the path must be relative
[1m[90m[DEBUG][39m[0m:   	[INFO   ] [dependency /app/.buildozer/android/platform/build-arm64-v8a/build/other_builds/kivy-sdl2/arm64-v8a__ndk_target_21/kivy/kivy/graphics/vertex.pxd won't be automatically included in the manifest] the path must be relative
[1m[90m[DEBUG][39m[0m:   	[INFO   ] [dependency /app/.buildozer/android/platform/build-arm64-v8a/build/other_builds/kivy-sdl2/arm64-v8a__ndk_target_21/kivy/kivy/graphics/context_instructions.pxd won't be automatically included in the manifest] the path must be relative
[1m[90m[DEBUG][39m[0m:   	[INFO   ] [dependency /app/.buildozer/android/platform/build-arm64-v8a/build/other_builds/kivy-sdl2/arm64-v8a__ndk_target_21/kivy/kivy/graphics/transformation.pxd won't be automatically included in the manifest] the path must be relative
[1m[90m[DEBUG][39m[0m:   	[INFO   ] [dependency /app/.buildozer/android/platform/build-arm64-v8a/build/other_builds/kivy-sdl2/arm64-v8a__ndk_target_21/kivy/kivy/graphics/texture.pxd won't be automatically included in the manifest] the path must be relative
[1m[90m[DEBUG][39m[0m:   	[INFO   ] [dependency /app/.buildozer/android/platform/build-arm64-v8a/build/other_builds/kivy-sdl2/arm64-v8a__ndk_target_21/kivy/kivy/graphics/compiler.pxd won't be automatically included in the manifest] the path must be relative
[1m[90m[DEBUG][39m[0m:   	[INFO   ] [dependency /app/.buildozer/android/platform/build-arm64-v8a/build/other_builds/kivy-sdl2/arm64-v8a__ndk_target_21/kivy/kivy/graphics/shader.pxd won't be automatically included in the manifest] the path must be relative
[1m[90m[DEBUG][39m[0m:   	[INFO   ] [dependency /app/.buildozer/android/platform/build-arm64-v8a/build/other_builds/kivy-sdl2/arm64-v8a__ndk_target_21/kivy/kivy/graphics/../_event.pxd won't be automatically included in the manifest] the path must be relative
[1m[90m[DEBUG][39m[0m:   	[INFO   ] [dependency /app/.buildozer/android/platform/build-arm64-v8a/build/other_builds/kivy-sdl2/arm64-v8a__ndk_target_21/kivy/kivy/graphics/context_instructions.pxd won't be automatically included in the manifest] the path must be relative
[1m[90m[DEBUG][39m[0m:   	[INFO   ] [dependency /app/.buildozer/android/platform/build-arm64-v8a/build/other_builds/kivy-sdl2/arm64-v8a__ndk_target_21/kivy/kivy/graphics/transformation.pxd won't be automatically included in the manifest] the path must be relative
[1m[90m[DEBUG][39m[0m:   	[INFO   ] [dependency /app/.buildozer/android/platform/build-arm64-v8a/build/other_builds/kivy-sdl2/arm64-v8a__ndk_target_21/kivy/kivy/graphics/instructions.pxd won't be automatically included in the manifest] the path must be relative
[1m[90m[DEBUG][39m[0m:   	[INFO   ] [dependency /app/.buildozer/android/platform/build-arm64-v8a/build/other_builds/kivy-sdl2/arm64-v8a__ndk_target_21/kivy/kivy/graphics/vbo.pxd won't be automatically included in the manifest] the path must be relative
[1m[90m[DEBUG][39m[0m:   	[INFO   ] [dependency /app/.buildozer/android/platform/build-arm64-v8a/build/other_builds/kivy-sdl2/arm64-v8a__ndk_target_21/kivy/kivy/graphics/buffer.pxd won't be automatically included in the manifest] the path must be relative
[1m[90m[DEBUG][39m[0m:   	[INFO   ] [dependency /app/.buildozer/android/platform/build-arm64-v8a/build/other_builds/kivy-sdl2/arm64-v8a__ndk_target_21/kivy/kivy/graphics/cgl.pxd won't be automatically included in the manifest] the path must be relative
[1m[90m[DEBUG][39m[0m:   	[INFO   ] [dependency /app/.buildozer/android/platform/build-arm64-v8a/build/other_builds/kivy-sdl2/arm64-v8a__ndk_target_21/kivy/kivy/graphics/common.pxi won't be automatically included in the manifest] the path must be relative
[1m[90m[DEBUG][39m[0m:   	[INFO   ] [dependency /app/.buildozer/android/platform/build-arm64-v8a/build/other_builds/kivy-sdl2/arm64-v8a__ndk_target_21/kivy/kivy/include/config.pxi won't be automatically included in the manifest] the path must be relative
[1m[90m[DEBUG][39m[0m:   	[INFO   ] [dependency /app/.buildozer/android/platform/build-arm64-v8a/build/other_builds/kivy-sdl2/arm64-v8a__ndk_target_21/kivy/kivy/include/gl_redirect.h won't be automatically included in the manifest] the path must be relative
[1m[90m[DEBUG][39m[0m:   	[INFO   ] [dependency /app/.buildozer/android/platform/build-arm64-v8a/build/other_builds/kivy-sdl2/arm64-v8a__ndk_target_21/kivy/kivy/graphics/vertex.pxd won't be automatically included in the manifest] the path must be relative
[1m[90m[DEBUG][39m[0m:   	[INFO   ] [dependency /app/.buildozer/android/platform/build-arm64-v8a/build/other_builds/kivy-sdl2/arm64-v8a__ndk_target_21/kivy/kivy/graphics/compiler.pxd won't be automatically included in the manifest] the path must be relative
[1m[90m[DEBUG][39m[0m:   	[INFO   ] [dependency /app/.buildozer/android/platform/build-arm64-v8a/build/other_builds/kivy-sdl2/arm64-v8a__ndk_target_21/kivy/kivy/graphics/shader.pxd won't be automatically included in the manifest] the path must be relative
[1m[90m[DEBUG][39m[0m:   	[INFO   ] [dependency /app/.buildozer/android/platform/build-arm64-v8a/build/other_builds/kivy-sdl2/arm64-v8a__ndk_target_21/kivy/kivy/graphics/texture.pxd won't be automatically included in the manifest] the path must be relative
[1m[90m[DEBUG][39m[0m:   	[INFO   ] [dependency /app/.buildozer/android/platform/build-arm64-v8a/build/other_builds/kivy-sdl2/arm64-v8a__ndk_target_21/kivy/kivy/graphics/../_event.pxd won't be automatically included in the manifest] the path must be relative
[1m[90m[DEBUG][39m[0m:   	[INFO   ] [dependency /app/.buildozer/android/platform/build-arm64-v8a/build/other_builds/kivy-sdl2/arm64-v8a__ndk_target_21/kivy/kivy/graphics/transformation.pxd won't be automatically included in the manifest] the path must be relative
[1m[90m[DEBUG][39m[0m:   	[INFO   ] [dependency /app/.buildozer/android/platform/build-arm64-v8a/build/other_builds/kivy-sdl2/arm64-v8a__ndk_target_21/kivy/kivy/graphics/instructions.pxd won't be automatically included in the manifest] the path must be relative
[1m[90m[DEBUG][39m[0m:   	[INFO   ] [dependency /app/.buildozer/android/platform/build-arm64-v8a/build/other_builds/kivy-sdl2/arm64-v8a__ndk_target_21/kivy/kivy/graphics/vbo.pxd won't be automatically included in the manifest] the path must be relative
[1m[90m[DEBUG][39m[0m:   	[INFO   ] [dependency /app/.buildozer/android/platform/build-arm64-v8a/build/other_builds/kivy-sdl2/arm64-v8a__ndk_target_21/kivy/kivy/graphics/buffer.pxd won't be automatically included in the manifest] the path must be relative
[1m[90m[DEBUG][39m[0m:   	[INFO   ] [dependency /app/.buildozer/android/platform/build-arm64-v8a/build/other_builds/kivy-sdl2/arm64-v8a__ndk_target_21/kivy/kivy/graphics/cgl.pxd won't be automatically included in the manifest] the path must be relative
[1m[90m[DEBUG][39m[0m:   	[INFO   ] [dependency /app/.buildozer/android/platform/build-arm64-v8a/build/other_builds/kivy-sdl2/arm64-v8a__ndk_target_21/kivy/kivy/graphics/common.pxi won't be automatically included in the manifest] the path must be relative
[1m[90m[DEBUG][39m[0m:   	[INFO   ] [dependency /app/.buildozer/android/platform/build-arm64-v8a/build/other_builds/kivy-sdl2/arm64-v8a__ndk_target_21/kivy/kivy/include/config.pxi won't be automatically included in the manifest] the path must be relative
[1m[90m[DEBUG][39m[0m:   	[INFO   ] [dependency /app/.buildozer/android/platform/build-arm64-v8a/build/other_builds/kivy-sdl2/arm64-v8a__ndk_target_21/kivy/kivy/include/gl_redirect.h won't be automatically included in the manifest] the path must be relative
[1m[90m[DEBUG][39m[0m:   	[INFO   ] [dependency /app/.buildozer/android/platform/build-arm64-v8a/build/other_builds/kivy-sdl2/arm64-v8a__ndk_target_21/kivy/kivy/graphics/vertex.pxd won't be automatically included in the manifest] the path must be relative
[1m[90m[DEBUG][39m[0m:   	[INFO   ] [dependency /app/.buildozer/android/platform/build-arm64-v8a/build/other_builds/kivy-sdl2/arm64-v8a__ndk_target_21/kivy/kivy/graphics/context_instructions.pxd won't be automatically included in the manifest] the path must be relative
[1m[90m[DEBUG][39m[0m:   	[INFO   ] [dependency /app/.buildozer/android/platform/build-arm64-v8a/build/other_builds/kivy-sdl2/arm64-v8a__ndk_target_21/kivy/kivy/graphics/texture.pxd won't be automatically included in the manifest] the path must be relative
[1m[90m[DEBUG][39m[0m:   	[INFO   ] [dependency /app/.buildozer/android/platform/build-arm64-v8a/build/other_builds/kivy-sdl2/arm64-v8a__ndk_target_21/kivy/kivy/graphics/compiler.pxd won't be automatically included in the manifest] the path must be relative
[1m[90m[DEBUG][39m[0m:   	[INFO   ] [dependency /app/.buildozer/android/platform/build-arm64-v8a/build/other_builds/kivy-sdl2/arm64-v8a__ndk_target_21/kivy/kivy/graphics/shader.pxd won't be automatically included in the manifest] the path must be relative
[1m[90m[DEBUG][39m[0m:   	[INFO   ] [dependency /app/.buildozer/android/platform/build-arm64-v8a/build/other_builds/kivy-sdl2/arm64-v8a__ndk_target_21/kivy/kivy/graphics/../_event.pxd won't be automatically included in the manifest] the path must be relative
[1m[90m[DEBUG][39m[0m:   	[INFO   ] [dependency /app/.buildozer/android/platform/build-arm64-v8a/build/other_builds/kivy-sdl2/arm64-v8a__ndk_target_21/kivy/kivy/include/config.pxi won't be automatically included in the manifest] the path must be relative
[1m[90m[DEBUG][39m[0m:   	[INFO   ] [dependency /app/.buildozer/android/platform/build-arm64-v8a/build/other_builds/kivy-sdl2/arm64-v8a__ndk_target_21/kivy/kivy/graphics/opcodes.pxi won't be automatically included in the manifest] the path must be relative
[1m[90m[DEBUG][39m[0m:   	[INFO   ] [dependency /app/.buildozer/android/platform/build-arm64-v8a/build/other_builds/kivy-sdl2/arm64-v8a__ndk_target_21/kivy/kivy/graphics/transformation.pxd won't be automatically included in the manifest] the path must be relative
[1m[90m[DEBUG][39m[0m:   	[INFO   ] [dependency /app/.buildozer/android/platform/build-arm64-v8a/build/other_builds/kivy-sdl2/arm64-v8a__ndk_target_21/kivy/kivy/graphics/context.pxd won't be automatically included in the manifest] the path must be relative
[1m[90m[DEBUG][39m[0m:   	[INFO   ] [dependency /app/.buildozer/android/platform/build-arm64-v8a/build/other_builds/kivy-sdl2/arm64-v8a__ndk_target_21/kivy/kivy/graphics/instructions.pxd won't be automatically included in the manifest] the path must be relative
[1m[90m[DEBUG][39m[0m:   	[INFO   ] [dependency /app/.buildozer/android/platform/build-arm64-v8a/build/other_builds/kivy-sdl2/arm64-v8a__ndk_target_21/kivy/kivy/graphics/vbo.pxd won't be automatically included in the manifest] the path must be relative
[1m[90m[DEBUG][39m[0m:   	[INFO   ] [dependency /app/.buildozer/android/platform/build-arm64-v8a/build/other_builds/kivy-sdl2/arm64-v8a__ndk_target_21/kivy/kivy/graphics/buffer.pxd won't be automatically included in the manifest] the path must be relative
[1m[90m[DEBUG][39m[0m:   	[INFO   ] [dependency /app/.buildozer/android/platform/build-arm64-v8a/build/other_builds/kivy-sdl2/arm64-v8a__ndk_target_21/kivy/kivy/graphics/cgl.pxd won't be automatically included in the manifest] the path must be relative
[1m[90m[DEBUG][39m[0m:   	[INFO   ] [dependency /app/.buildozer/android/platform/build-arm64-v8a/build/other_builds/kivy-sdl2/arm64-v8a__ndk_target_21/kivy/kivy/graphics/common.pxi won't be automatically included in the manifest] the path must be relative
[1m[90m[DEBUG][39m[0m:   	[INFO   ] [dependency /app/.buildozer/android/platform/build-arm64-v8a/build/other_builds/kivy-sdl2/arm64-v8a__ndk_target_21/kivy/kivy/include/gl_redirect.h won't be automatically included in the manifest] the path must be relative
[1m[90m[DEBUG][39m[0m:   	[INFO   ] [dependency /app/.buildozer/android/platform/build-arm64-v8a/build/other_builds/kivy-sdl2/arm64-v8a__ndk_target_21/kivy/kivy/graphics/vertex.pxd won't be automatically included in the manifest] the path must be relative
[1m[90m[DEBUG][39m[0m:   	[INFO   ] [dependency /app/.buildozer/android/platform/build-arm64-v8a/build/other_builds/kivy-sdl2/arm64-v8a__ndk_target_21/kivy/kivy/graphics/context_instructions.pxd won't be automatically included in the manifest] the path must be relative
[1m[90m[DEBUG][39m[0m:   	[INFO   ] [dependency /app/.buildozer/android/platform/build-arm64-v8a/build/other_builds/kivy-sdl2/arm64-v8a__ndk_target_21/kivy/kivy/graphics/texture.pxd won't be automatically included in the manifest] the path must be relative
[1m[90m[DEBUG][39m[0m:   	[INFO   ] [dependency /app/.buildozer/android/platform/build-arm64-v8a/build/other_builds/kivy-sdl2/arm64-v8a__ndk_target_21/kivy/kivy/graphics/compiler.pxd won't be automatically included in the manifest] the path must be relative
[1m[90m[DEBUG][39m[0m:   	[INFO   ] [dependency /app/.buildozer/android/platform/build-arm64-v8a/build/other_builds/kivy-sdl2/arm64-v8a__ndk_target_21/kivy/kivy/graphics/shader.pxd won't be automatically included in the manifest] the path must be relative
[1m[90m[DEBUG][39m[0m:   	[INFO   ] [dependency /app/.buildozer/android/platform/build-arm64-v8a/build/other_builds/kivy-sdl2/arm64-v8a__ndk_target_21/kivy/kivy/graphics/../_event.pxd won't be automatically included in the manifest] the path must be relative
[1m[90m[DEBUG][39m[0m:   	[INFO   ] [dependency /app/.buildozer/android/platform/build-arm64-v8a/build/other_builds/kivy-sdl2/arm64-v8a__ndk_target_21/kivy/kivy/include/config.pxi won't be automatically included in the manifest] the path must be relative
[1m[90m[DEBUG][39m[0m:   	[INFO   ] [dependency /app/.buildozer/android/platform/build-arm64-v8a/build/other_builds/kivy-sdl2/arm64-v8a__ndk_target_21/kivy/kivy/graphics/opcodes.pxi won't be automatically included in the manifest] the path must be relative
[1m[90m[DEBUG][39m[0m:   	[INFO   ] [dependency /app/.buildozer/android/platform/build-arm64-v8a/build/other_builds/kivy-sdl2/arm64-v8a__ndk_target_21/kivy/kivy/graphics/cgl.pxd won't be automatically included in the manifest] the path must be relative
[1m[90m[DEBUG][39m[0m:   	[INFO   ] [dependency /app/.buildozer/android/platform/build-arm64-v8a/build/other_builds/kivy-sdl2/arm64-v8a__ndk_target_21/kivy/kivy/graphics/common.pxi won't be automatically included in the manifest] the path must be relative
[1m[90m[DEBUG][39m[0m:   	[INFO   ] [dependency /app/.buildozer/android/platform/build-arm64-v8a/build/other_builds/kivy-sdl2/arm64-v8a__ndk_target_21/kivy/kivy/include/gl_redirect.h won't be automatically included in the manifest] the path must be relative
[1m[90m[DEBUG][39m[0m:   	[INFO   ] [dependency /app/.buildozer/android/platform/build-arm64-v8a/build/other_builds/kivy-sdl2/arm64-v8a__ndk_target_21/kivy/kivy/graphics/instructions.pxd won't be automatically included in the manifest] the path must be relative
[1m[90m[DEBUG][39m[0m:   	[INFO   ] [dependency /app/.buildozer/android/platform/build-arm64-v8a/build/other_builds/kivy-sdl2/arm64-v8a__ndk_target_21/kivy/kivy/graphics/vbo.pxd won't be automatically included in the manifest] the path must be relative
[1m[90m[DEBUG][39m[0m:   	[INFO   ] [dependency /app/.buildozer/android/platform/build-arm64-v8a/build/other_builds/kivy-sdl2/arm64-v8a__ndk_target_21/kivy/kivy/graphics/buffer.pxd won't be automatically included in the manifest] the path must be relative
[1m[90m[DEBUG][39m[0m:   	[INFO   ] [dependency /app/.buildozer/android/platform/build-arm64-v8a/build/other_builds/kivy-sdl2/arm64-v8a__ndk_target_21/kivy/kivy/graphics/vertex.pxd won't be automatically included in the manifest] the path must be relative
[1m[90m[DEBUG][39m[0m:   	[INFO   ] [dependency /app/.buildozer/android/platform/build-arm64-v8a/build/other_builds/kivy-sdl2/arm64-v8a__ndk_target_21/kivy/kivy/graphics/context_instructions.pxd won't be automatically included in the manifest] the path must be relative
[1m[90m[DEBUG][39m[0m:   	[INFO   ] [dependency /app/.buildozer/android/platform/build-arm64-v8a/build/other_builds/kivy-sdl2/arm64-v8a__ndk_target_21/kivy/kivy/graphics/transformation.pxd won't be automatically included in the manifest] the path must be relative
[1m[90m[DEBUG][39m[0m:   	[INFO   ] [dependency /app/.buildozer/android/platform/build-arm64-v8a/build/other_builds/kivy-sdl2/arm64-v8a__ndk_target_21/kivy/kivy/graphics/texture.pxd won't be automatically included in the manifest] the path must be relative
[1m[90m[DEBUG][39m[0m:   	[INFO   ] [dependency /app/.buildozer/android/platform/build-arm64-v8a/build/other_builds/kivy-sdl2/arm64-v8a__ndk_target_21/kivy/kivy/graphics/compiler.pxd won't be automatically included in the manifest] the path must be relative
[1m[90m[DEBUG][39m[0m:   	[INFO   ] [dependency /app/.buildozer/android/platform/build-arm64-v8a/build/other_builds/kivy-sdl2/arm64-v8a__ndk_target_21/kivy/kivy/graphics/shader.pxd won't be automatically included in the manifest] the path must be relative
[1m[90m[DEBUG][39m[0m:   	[INFO   ] [dependency /app/.buildozer/android/platform/build-arm64-v8a/build/other_builds/kivy-sdl2/arm64-v8a__ndk_target_21/kivy/kivy/graphics/../_event.pxd won't be automatically included in the manifest] the path must be relative
[1m[90m[DEBUG][39m[0m:   	[INFO   ] [dependency /app/.buildozer/android/platform/build-arm64-v8a/build/other_builds/kivy-sdl2/arm64-v8a__ndk_target_21/kivy/kivy/include/config.pxi won't be automatically included in the manifest] the path must be relative
[1m[90m[DEBUG][39m[0m:   	[INFO   ] [dependency /app/.buildozer/android/platform/build-arm64-v8a/build/other_builds/kivy-sdl2/arm64-v8a__ndk_target_21/kivy/kivy/graphics/opcodes.pxi won't be automatically included in the manifest] the path must be relative
[1m[90m[DEBUG][39m[0m:   	[INFO   ] [dependency /app/.buildozer/android/platform/build-arm64-v8a/build/other_builds/kivy-sdl2/arm64-v8a__ndk_target_21/kivy/kivy/graphics/cgl.pxd won't be automatically included in the manifest] the path must be relative
[1m[90m[DEBUG][39m[0m:   	[INFO   ] [dependency /app/.buildozer/android/platform/build-arm64-v8a/build/other_builds/kivy-sdl2/arm64-v8a__ndk_target_21/kivy/kivy/graphics/common.pxi won't be automatically included in the manifest] the path must be relative
[1m[90m[DEBUG][39m[0m:   	[INFO   ] [dependency /app/.buildozer/android/platform/build-arm64-v8a/build/other_builds/kivy-sdl2/arm64-v8a__ndk_target_21/kivy/kivy/include/gl_redirect.h won't be automatically included in the manifest] the path must be relative
[1m[90m[DEBUG][39m[0m:   	[INFO   ] [dependency /app/.buildozer/android/platform/build-arm64-v8a/build/other_builds/kivy-sdl2/arm64-v8a__ndk_target_21/kivy/kivy/graphics/context.pxd won't be automatically included in the manifest] the path must be relative
[1m[90m[DEBUG][39m[0m:   	[INFO   ] [dependency /app/.buildozer/android/platform/build-arm64-v8a/build/other_builds/kivy-sdl2/arm64-v8a__ndk_target_21/kivy/kivy/graphics/instructions.pxd won't be automatically included in the manifest] the path must be relative
[1m[90m[DEBUG][39m[0m:   	[INFO   ] [dependency /app/.buildozer/android/platform/build-arm64-v8a/build/other_builds/kivy-sdl2/arm64-v8a__ndk_target_21/kivy/kivy/graphics/vbo.pxd won't be automatically included in the manifest] the path must be relative
[1m[90m[DEBUG][39m[0m:   	[INFO   ] [dependency /app/.buildozer/android/platform/build-arm64-v8a/build/other_builds/kivy-sdl2/arm64-v8a__ndk_target_21/kivy/kivy/graphics/buffer.pxd won't be automatically included in the manifest] the path must be relative
[1m[90m[DEBUG][39m[0m:   	[INFO   ] [dependency /app/.buildozer/android/platform/build-arm64-v8a/build/other_builds/kivy-sdl2/arm64-v8a__ndk_target_21/kivy/kivy/graphics/vertex.pxd won't be automatically included in the manifest] the path must be relative
[1m[90m[DEBUG][39m[0m:   	[INFO   ] [dependency /app/.buildozer/android/platform/build-arm64-v8a/build/other_builds/kivy-sdl2/arm64-v8a__ndk_target_21/kivy/kivy/graphics/context_instructions.pxd won't be automatically included in the manifest] the path must be relative
[1m[90m[DEBUG][39m[0m:   	[INFO   ] [dependency /app/.buildozer/android/platform/build-arm64-v8a/build/other_builds/kivy-sdl2/arm64-v8a__ndk_target_21/kivy/kivy/graphics/transformation.pxd won't be automatically included in the manifest] the path must be relative
[1m[90m[DEBUG][39m[0m:   	[INFO   ] [dependency /app/.buildozer/android/platform/build-arm64-v8a/build/other_builds/kivy-sdl2/arm64-v8a__ndk_target_21/kivy/kivy/graphics/texture.pxd won't be automatically included in the manifest] the path must be relative
[1m[90m[DEBUG][39m[0m:   	[INFO   ] [dependency /app/.buildozer/android/platform/build-arm64-v8a/build/other_builds/kivy-sdl2/arm64-v8a__ndk_target_21/kivy/kivy/graphics/compiler.pxd won't be automatically included in the manifest] the path must be relative
[1m[90m[DEBUG][39m[0m:   	[INFO   ] [dependency /app/.buildozer/android/platform/build-arm64-v8a/build/other_builds/kivy-sdl2/arm64-v8a__ndk_target_21/kivy/kivy/graphics/shader.pxd won't be automatically included in the manifest] the path must be relative
[1m[90m[DEBUG][39m[0m:   	[INFO   ] [dependency /app/.buildozer/android/platform/build-arm64-v8a/build/other_builds/kivy-sdl2/arm64-v8a__ndk_target_21/kivy/kivy/graphics/../_event.pxd won't be automatically included in the manifest] the path must be relative
[1m[90m[DEBUG][39m[0m:   	[INFO   ] [dependency /app/.buildozer/android/platform/build-arm64-v8a/build/other_builds/kivy-sdl2/arm64-v8a__ndk_target_21/kivy/kivy/include/config.pxi won't be automatically included in the manifest] the path must be relative
[1m[90m[DEBUG][39m[0m:   	[INFO   ] [dependency /app/.buildozer/android/platform/build-arm64-v8a/build/other_builds/kivy-sdl2/arm64-v8a__ndk_target_21/kivy/kivy/graphics/common.pxi won't be automatically included in the manifest] the path must be relative
[1m[90m[DEBUG][39m[0m:   	[INFO   ] [dependency /app/.buildozer/android/platform/build-arm64-v8a/build/other_builds/kivy-sdl2/arm64-v8a__ndk_target_21/kivy/kivy/graphics/cgl.pxd won't be automatically included in the manifest] the path must be relative
[1m[90m[DEBUG][39m[0m:   	[INFO   ] [dependency /app/.buildozer/android/platform/build-arm64-v8a/build/other_builds/kivy-sdl2/arm64-v8a__ndk_target_21/kivy/kivy/include/gl_redirect.h won't be automatically included in the manifest] the path must be relative
[1m[90m[DEBUG][39m[0m:   	[INFO   ] [dependency /app/.buildozer/android/platform/build-arm64-v8a/build/other_builds/kivy-sdl2/arm64-v8a__ndk_target_21/kivy/kivy/graphics/opengl_utils_def.pxi won't be automatically included in the manifest] the path must be relative
[1m[90m[DEBUG][39m[0m:   	[INFO   ] [dependency /app/.buildozer/android/platform/build-arm64-v8a/build/other_builds/kivy-sdl2/arm64-v8a__ndk_target_21/kivy/kivy/graphics/cgl.pxd won't be automatically included in the manifest] the path must be relative
[1m[90m[DEBUG][39m[0m:   	[INFO   ] [dependency /app/.buildozer/android/platform/build-arm64-v8a/build/other_builds/kivy-sdl2/arm64-v8a__ndk_target_21/kivy/kivy/graphics/common.pxi won't be automatically included in the manifest] the path must be relative
[1m[90m[DEBUG][39m[0m:   	[INFO   ] [dependency /app/.buildozer/android/platform/build-arm64-v8a/build/other_builds/kivy-sdl2/arm64-v8a__ndk_target_21/kivy/kivy/include/config.pxi won't be automatically included in the manifest] the path must be relative
[1m[90m[DEBUG][39m[0m:   	[INFO   ] [dependency /app/.buildozer/android/platform/build-arm64-v8a/build/other_builds/kivy-sdl2/arm64-v8a__ndk_target_21/kivy/kivy/include/gl_redirect.h won't be automatically included in the manifest] the path must be relative
[1m[90m[DEBUG][39m[0m:   	[INFO   ] [dependency /app/.buildozer/android/platform/build-arm64-v8a/build/other_builds/kivy-sdl2/arm64-v8a__ndk_target_21/kivy/kivy/include/config.pxi won't be automatically included in the manifest] the path must be relative
[1m[90m[DEBUG][39m[0m:   	[INFO   ] [dependency /app/.buildozer/android/platform/build-arm64-v8a/build/other_builds/kivy-sdl2/arm64-v8a__ndk_target_21/kivy/kivy/graphics/common.pxi won't be automatically included in the manifest] the path must be relative
[1m[90m[DEBUG][39m[0m:   	[INFO   ] [dependency /app/.buildozer/android/platform/build-arm64-v8a/build/other_builds/kivy-sdl2/arm64-v8a__ndk_target_21/kivy/kivy/graphics/cgl.pxd won't be automatically included in the manifest] the path must be relative
[1m[90m[DEBUG][39m[0m:   	[INFO   ] [dependency /app/.buildozer/android/platform/build-arm64-v8a/build/other_builds/kivy-sdl2/arm64-v8a__ndk_target_21/kivy/kivy/include/gl_redirect.h won't be automatically included in the manifest] the path must be relative
[1m[90m[DEBUG][39m[0m:   	[INFO   ] [dependency /app/.buildozer/android/platform/build-arm64-v8a/build/other_builds/kivy-sdl2/arm64-v8a__ndk_target_21/kivy/kivy/graphics/vertex.pxd won't be automatically included in the manifest] the path must be relative
[1m[90m[DEBUG][39m[0m:   	[INFO   ] [dependency /app/.buildozer/android/platform/build-arm64-v8a/build/other_builds/kivy-sdl2/arm64-v8a__ndk_target_21/kivy/kivy/graphics/transformation.pxd won't be automatically included in the manifest] the path must be relative
[1m[90m[DEBUG][39m[0m:   	[INFO   ] [dependency /app/.buildozer/android/platform/build-arm64-v8a/build/other_builds/kivy-sdl2/arm64-v8a__ndk_target_21/kivy/kivy/graphics/context.pxd won't be automatically included in the manifest] the path must be relative
[1m[90m[DEBUG][39m[0m:   	[INFO   ] [dependency /app/.buildozer/android/platform/build-arm64-v8a/build/other_builds/kivy-sdl2/arm64-v8a__ndk_target_21/kivy/kivy/graphics/instructions.pxd won't be automatically included in the manifest] the path must be relative
[1m[90m[DEBUG][39m[0m:   	[INFO   ] [dependency /app/.buildozer/android/platform/build-arm64-v8a/build/other_builds/kivy-sdl2/arm64-v8a__ndk_target_21/kivy/kivy/graphics/vbo.pxd won't be automatically included in the manifest] the path must be relative
[1m[90m[DEBUG][39m[0m:   	[INFO   ] [dependency /app/.buildozer/android/platform/build-arm64-v8a/build/other_builds/kivy-sdl2/arm64-v8a__ndk_target_21/kivy/kivy/graphics/buffer.pxd won't be automatically included in the manifest] the path must be relative
[1m[90m[DEBUG][39m[0m:   	[INFO   ] [dependency /app/.buildozer/android/platform/build-arm64-v8a/build/other_builds/kivy-sdl2/arm64-v8a__ndk_target_21/kivy/kivy/graphics/context_instructions.pxd won't be automatically included in the manifest] the path must be relative
[1m[90m[DEBUG][39m[0m:   	[INFO   ] [dependency /app/.buildozer/android/platform/build-arm64-v8a/build/other_builds/kivy-sdl2/arm64-v8a__ndk_target_21/kivy/kivy/graphics/texture.pxd won't be automatically included in the manifest] the path must be relative
[1m[90m[DEBUG][39m[0m:   	[INFO   ] [dependency /app/.buildozer/android/platform/build-arm64-v8a/build/other_builds/kivy-sdl2/arm64-v8a__ndk_target_21/kivy/kivy/graphics/compiler.pxd won't be automatically included in the manifest] the path must be relative
[1m[90m[DEBUG][39m[0m:   	[INFO   ] [dependency /app/.buildozer/android/platform/build-arm64-v8a/build/other_builds/kivy-sdl2/arm64-v8a__ndk_target_21/kivy/kivy/graphics/shader.pxd won't be automatically included in the manifest] the path must be relative
[1m[90m[DEBUG][39m[0m:   	[INFO   ] [dependency /app/.buildozer/android/platform/build-arm64-v8a/build/other_builds/kivy-sdl2/arm64-v8a__ndk_target_21/kivy/kivy/graphics/../_event.pxd won't be automatically included in the manifest] the path must be relative
[1m[90m[DEBUG][39m[0m:   	[INFO   ] [dependency /app/.buildozer/android/platform/build-arm64-v8a/build/other_builds/kivy-sdl2/arm64-v8a__ndk_target_21/kivy/kivy/graphics/gl_debug_logger.pxi won't be automatically included in the manifest] the path must be relative
[1m[90m[DEBUG][39m[0m:   	[INFO   ] [dependency /app/.buildozer/android/platform/build-arm64-v8a/build/other_builds/kivy-sdl2/arm64-v8a__ndk_target_21/kivy/kivy/include/config.pxi won't be automatically included in the manifest] the path must be relative
[1m[90m[DEBUG][39m[0m:   	[INFO   ] [dependency /app/.buildozer/android/platform/build-arm64-v8a/build/other_builds/kivy-sdl2/arm64-v8a__ndk_target_21/kivy/kivy/graphics/opcodes.pxi won't be automatically included in the manifest] the path must be relative
[1m[90m[DEBUG][39m[0m:   	[INFO   ] [dependency /app/.buildozer/android/platform/build-arm64-v8a/build/other_builds/kivy-sdl2/arm64-v8a__ndk_target_21/kivy/kivy/graphics/cgl.pxd won't be automatically included in the manifest] the path must be relative
[1m[90m[DEBUG][39m[0m:   	[INFO   ] [dependency /app/.buildozer/android/platform/build-arm64-v8a/build/other_builds/kivy-sdl2/arm64-v8a__ndk_target_21/kivy/kivy/graphics/common.pxi won't be automatically included in the manifest] the path must be relative
[1m[90m[DEBUG][39m[0m:   	[INFO   ] [dependency /app/.buildozer/android/platform/build-arm64-v8a/build/other_builds/kivy-sdl2/arm64-v8a__ndk_target_21/kivy/kivy/include/gl_redirect.h won't be automatically included in the manifest] the path must be relative
[1m[90m[DEBUG][39m[0m:   	[INFO   ] [dependency /app/.buildozer/android/platform/build-arm64-v8a/build/other_builds/kivy-sdl2/arm64-v8a__ndk_target_21/kivy/kivy/graphics/gl_debug_logger.pxi won't be automatically included in the manifest] the path must be relative
[1m[90m[DEBUG][39m[0m:   	[INFO   ] [dependency /app/.buildozer/android/platform/build-arm64-v8a/build/other_builds/kivy-sdl2/arm64-v8a__ndk_target_21/kivy/kivy/graphics/instructions.pxd won't be automatically included in the manifest] the path must be relative
[1m[90m[DEBUG][39m[0m:   	[INFO   ] [dependency /app/.buildozer/android/platform/build-arm64-v8a/build/other_builds/kivy-sdl2/arm64-v8a__ndk_target_21/kivy/kivy/graphics/vbo.pxd won't be automatically included in the manifest] the path must be relative
[1m[90m[DEBUG][39m[0m:   	[INFO   ] [dependency /app/.buildozer/android/platform/build-arm64-v8a/build/other_builds/kivy-sdl2/arm64-v8a__ndk_target_21/kivy/kivy/graphics/buffer.pxd won't be automatically included in the manifest] the path must be relative
[1m[90m[DEBUG][39m[0m:   	[INFO   ] [dependency /app/.buildozer/android/platform/build-arm64-v8a/build/other_builds/kivy-sdl2/arm64-v8a__ndk_target_21/kivy/kivy/graphics/vertex.pxd won't be automatically included in the manifest] the path must be relative
[1m[90m[DEBUG][39m[0m:   	[INFO   ] [dependency /app/.buildozer/android/platform/build-arm64-v8a/build/other_builds/kivy-sdl2/arm64-v8a__ndk_target_21/kivy/kivy/graphics/context_instructions.pxd won't be automatically included in the manifest] the path must be relative
[1m[90m[DEBUG][39m[0m:   	[INFO   ] [dependency /app/.buildozer/android/platform/build-arm64-v8a/build/other_builds/kivy-sdl2/arm64-v8a__ndk_target_21/kivy/kivy/graphics/transformation.pxd won't be automatically included in the manifest] the path must be relative
[1m[90m[DEBUG][39m[0m:   	[INFO   ] [dependency /app/.buildozer/android/platform/build-arm64-v8a/build/other_builds/kivy-sdl2/arm64-v8a__ndk_target_21/kivy/kivy/graphics/texture.pxd won't be automatically included in the manifest] the path must be relative
[1m[90m[DEBUG][39m[0m:   	[INFO   ] [dependency /app/.buildozer/android/platform/build-arm64-v8a/build/other_builds/kivy-sdl2/arm64-v8a__ndk_target_21/kivy/kivy/graphics/compiler.pxd won't be automatically included in the manifest] the path must be relative
[1m[90m[DEBUG][39m[0m:   	[INFO   ] [dependency /app/.buildozer/android/platform/build-arm64-v8a/build/other_builds/kivy-sdl2/arm64-v8a__ndk_target_21/kivy/kivy/graphics/shader.pxd won't be automatically included in the manifest] the path must be relative
[1m[90m[DEBUG][39m[0m:   	[INFO   ] [dependency /app/.buildozer/android/platform/build-arm64-v8a/build/other_builds/kivy-sdl2/arm64-v8a__ndk_target_21/kivy/kivy/graphics/../_event.pxd won't be automatically included in the manifest] the path must be relative
[1m[90m[DEBUG][39m[0m:   	[INFO   ] [dependency /app/.buildozer/android/platform/build-arm64-v8a/build/other_builds/kivy-sdl2/arm64-v8a__ndk_target_21/kivy/kivy/include/config.pxi won't be automatically included in the manifest] the path must be relative
[1m[90m[DEBUG][39m[0m:   	[INFO   ] [dependency /app/.buildozer/android/platform/build-arm64-v8a/build/other_builds/kivy-sdl2/arm64-v8a__ndk_target_21/kivy/kivy/graphics/opcodes.pxi won't be automatically included in the manifest] the path must be relative
[1m[90m[DEBUG][39m[0m:   	[INFO   ] [dependency /app/.buildozer/android/platform/build-arm64-v8a/build/other_builds/kivy-sdl2/arm64-v8a__ndk_target_21/kivy/kivy/graphics/cgl.pxd won't be automatically included in the manifest] the path must be relative
[1m[90m[DEBUG][39m[0m:   	[INFO   ] [dependency /app/.buildozer/android/platform/build-arm64-v8a/build/other_builds/kivy-sdl2/arm64-v8a__ndk_target_21/kivy/kivy/graphics/common.pxi won't be automatically included in the manifest] the path must be relative
[1m[90m[DEBUG][39m[0m:   	[INFO   ] [dependency /app/.buildozer/android/platform/build-arm64-v8a/build/other_builds/kivy-sdl2/arm64-v8a__ndk_target_21/kivy/kivy/include/gl_redirect.h won't be automatically included in the manifest] the path must be relative
[1m[90m[DEBUG][39m[0m:   	[INFO   ] [dependency /app/.buildozer/android/platform/build-arm64-v8a/build/other_builds/kivy-sdl2/arm64-v8a__ndk_target_21/kivy/kivy/include/config.pxi won't be automatically included in the manifest] the path must be relative
[1m[90m[DEBUG][39m[0m:   	[INFO   ] [dependency /app/.buildozer/android/platform/build-arm64-v8a/build/other_builds/kivy-sdl2/arm64-v8a__ndk_target_21/kivy/kivy/graphics/common.pxi won't be automatically included in the manifest] the path must be relative
[1m[90m[DEBUG][39m[0m:   	[INFO   ] [dependency /app/.buildozer/android/platform/build-arm64-v8a/build/other_builds/kivy-sdl2/arm64-v8a__ndk_target_21/kivy/kivy/graphics/opengl_utils_def.pxi won't be automatically included in the manifest] the path must be relative
[1m[90m[DEBUG][39m[0m:   	[INFO   ] [dependency /app/.buildozer/android/platform/build-arm64-v8a/build/other_builds/kivy-sdl2/arm64-v8a__ndk_target_21/kivy/kivy/graphics/context.pxd won't be automatically included in the manifest] the path must be relative
[1m[90m[DEBUG][39m[0m:   	[INFO   ] [dependency /app/.buildozer/android/platform/build-arm64-v8a/build/other_builds/kivy-sdl2/arm64-v8a__ndk_target_21/kivy/kivy/graphics/instructions.pxd won't be automatically included in the manifest] the path must be relative
[1m[90m[DEBUG][39m[0m:   	[INFO   ] [dependency /app/.buildozer/android/platform/build-arm64-v8a/build/other_builds/kivy-sdl2/arm64-v8a__ndk_target_21/kivy/kivy/graphics/vbo.pxd won't be automatically included in the manifest] the path must be relative
[1m[90m[DEBUG][39m[0m:   	[INFO   ] [dependency /app/.buildozer/android/platform/build-arm64-v8a/build/other_builds/kivy-sdl2/arm64-v8a__ndk_target_21/kivy/kivy/graphics/buffer.pxd won't be automatically included in the manifest] the path must be relative
[1m[90m[DEBUG][39m[0m:   	[INFO   ] [dependency /app/.buildozer/android/platform/build-arm64-v8a/build/other_builds/kivy-sdl2/arm64-v8a__ndk_target_21/kivy/kivy/graphics/cgl.pxd won't be automatically included in the manifest] the path must be relative
[1m[90m[DEBUG][39m[0m:   	[INFO   ] [dependency /app/.buildozer/android/platform/build-arm64-v8a/build/other_builds/kivy-sdl2/arm64-v8a__ndk_target_21/kivy/kivy/include/gl_redirect.h won't be automatically included in the manifest] the path must be relative
[1m[90m[DEBUG][39m[0m:   	[INFO   ] [dependency /app/.buildozer/android/platform/build-arm64-v8a/build/other_builds/kivy-sdl2/arm64-v8a__ndk_target_21/kivy/kivy/graphics/vertex.pxd won't be automatically included in the manifest] the path must be relative
[1m[90m[DEBUG][39m[0m:   	[INFO   ] [dependency /app/.buildozer/android/platform/build-arm64-v8a/build/other_builds/kivy-sdl2/arm64-v8a__ndk_target_21/kivy/kivy/graphics/context_instructions.pxd won't be automatically included in the manifest] the path must be relative
[1m[90m[DEBUG][39m[0m:   	[INFO   ] [dependency /app/.buildozer/android/platform/build-arm64-v8a/build/other_builds/kivy-sdl2/arm64-v8a__ndk_target_21/kivy/kivy/graphics/transformation.pxd won't be automatically included in the manifest] the path must be relative
[1m[90m[DEBUG][39m[0m:   	[INFO   ] [dependency /app/.buildozer/android/platform/build-arm64-v8a/build/other_builds/kivy-sdl2/arm64-v8a__ndk_target_21/kivy/kivy/graphics/texture.pxd won't be automatically included in the manifest] the path must be relative
[1m[90m[DEBUG][39m[0m:   	[INFO   ] [dependency /app/.buildozer/android/platform/build-arm64-v8a/build/other_builds/kivy-sdl2/arm64-v8a__ndk_target_21/kivy/kivy/graphics/compiler.pxd won't be automatically included in the manifest] the path must be relative
[1m[90m[DEBUG][39m[0m:   	[INFO   ] [dependency /app/.buildozer/android/platform/build-arm64-v8a/build/other_builds/kivy-sdl2/arm64-v8a__ndk_target_21/kivy/kivy/graphics/shader.pxd won't be automatically included in the manifest] the path must be relative
[1m[90m[DEBUG][39m[0m:   	[INFO   ] [dependency /app/.buildozer/android/platform/build-arm64-v8a/build/other_builds/kivy-sdl2/arm64-v8a__ndk_target_21/kivy/kivy/graphics/../_event.pxd won't be automatically included in the manifest] the path must be relative
[1m[90m[DEBUG][39m[0m:   	[INFO   ] [dependency /app/.buildozer/android/platform/build-arm64-v8a/build/other_builds/kivy-sdl2/arm64-v8a__ndk_target_21/kivy/kivy/graphics/opengl_utils.pxd won't be automatically included in the manifest] the path must be relative
[1m[90m[DEBUG][39m[0m:   	[INFO   ] [dependency /app/.buildozer/android/platform/build-arm64-v8a/build/other_builds/kivy-sdl2/arm64-v8a__ndk_target_21/kivy/kivy/graphics/img_tools.pxi won't be automatically included in the manifest] the path must be relative
[1m[90m[DEBUG][39m[0m:   	[INFO   ] [dependency /app/.buildozer/android/platform/build-arm64-v8a/build/other_builds/kivy-sdl2/arm64-v8a__ndk_target_21/kivy/kivy/graphics/gl_debug_logger.pxi won't be automatically included in the manifest] the path must be relative
[1m[90m[DEBUG][39m[0m:   	[INFO   ] [dependency /app/.buildozer/android/platform/build-arm64-v8a/build/other_builds/kivy-sdl2/arm64-v8a__ndk_target_21/kivy/kivy/include/config.pxi won't be automatically included in the manifest] the path must be relative
[1m[90m[DEBUG][39m[0m:   	[INFO   ] [dependency /app/.buildozer/android/platform/build-arm64-v8a/build/other_builds/kivy-sdl2/arm64-v8a__ndk_target_21/kivy/kivy/graphics/common.pxi won't be automatically included in the manifest] the path must be relative
[1m[90m[DEBUG][39m[0m:   	[INFO   ] [dependency /app/.buildozer/android/platform/build-arm64-v8a/build/other_builds/kivy-sdl2/arm64-v8a__ndk_target_21/kivy/kivy/graphics/context.pxd won't be automatically included in the manifest] the path must be relative
[1m[90m[DEBUG][39m[0m:   	[INFO   ] [dependency /app/.buildozer/android/platform/build-arm64-v8a/build/other_builds/kivy-sdl2/arm64-v8a__ndk_target_21/kivy/kivy/graphics/instructions.pxd won't be automatically included in the manifest] the path must be relative
[1m[90m[DEBUG][39m[0m:   	[INFO   ] [dependency /app/.buildozer/android/platform/build-arm64-v8a/build/other_builds/kivy-sdl2/arm64-v8a__ndk_target_21/kivy/kivy/graphics/vbo.pxd won't be automatically included in the manifest] the path must be relative
[1m[90m[DEBUG][39m[0m:   	[INFO   ] [dependency /app/.buildozer/android/platform/build-arm64-v8a/build/other_builds/kivy-sdl2/arm64-v8a__ndk_target_21/kivy/kivy/graphics/buffer.pxd won't be automatically included in the manifest] the path must be relative
[1m[90m[DEBUG][39m[0m:   	[INFO   ] [dependency /app/.buildozer/android/platform/build-arm64-v8a/build/other_builds/kivy-sdl2/arm64-v8a__ndk_target_21/kivy/kivy/graphics/cgl.pxd won't be automatically included in the manifest] the path must be relative
[1m[90m[DEBUG][39m[0m:   	[INFO   ] [dependency /app/.buildozer/android/platform/build-arm64-v8a/build/other_builds/kivy-sdl2/arm64-v8a__ndk_target_21/kivy/kivy/include/gl_redirect.h won't be automatically included in the manifest] the path must be relative
[1m[90m[DEBUG][39m[0m:   	[INFO   ] [dependency /app/.buildozer/android/platform/build-arm64-v8a/build/other_builds/kivy-sdl2/arm64-v8a__ndk_target_21/kivy/kivy/graphics/vertex.pxd won't be automatically included in the manifest] the path must be relative
[1m[90m[DEBUG][39m[0m:   	[INFO   ] [dependency /app/.buildozer/android/platform/build-arm64-v8a/build/other_builds/kivy-sdl2/arm64-v8a__ndk_target_21/kivy/kivy/graphics/context_instructions.pxd won't be automatically included in the manifest] the path must be relative
[1m[90m[DEBUG][39m[0m:   	[INFO   ] [dependency /app/.buildozer/android/platform/build-arm64-v8a/build/other_builds/kivy-sdl2/arm64-v8a__ndk_target_21/kivy/kivy/graphics/transformation.pxd won't be automatically included in the manifest] the path must be relative
[1m[90m[DEBUG][39m[0m:   	[INFO   ] [dependency /app/.buildozer/android/platform/build-arm64-v8a/build/other_builds/kivy-sdl2/arm64-v8a__ndk_target_21/kivy/kivy/graphics/texture.pxd won't be automatically included in the manifest] the path must be relative
[1m[90m[DEBUG][39m[0m:   	[INFO   ] [dependency /app/.buildozer/android/platform/build-arm64-v8a/build/other_builds/kivy-sdl2/arm64-v8a__ndk_target_21/kivy/kivy/graphics/compiler.pxd won't be automatically included in the manifest] the path must be relative
[1m[90m[DEBUG][39m[0m:   	[INFO   ] [dependency /app/.buildozer/android/platform/build-arm64-v8a/build/other_builds/kivy-sdl2/arm64-v8a__ndk_target_21/kivy/kivy/graphics/shader.pxd won't be automatically included in the manifest] the path must be relative
[1m[90m[DEBUG][39m[0m:   	[INFO   ] [dependency /app/.buildozer/android/platform/build-arm64-v8a/build/other_builds/kivy-sdl2/arm64-v8a__ndk_target_21/kivy/kivy/graphics/../_event.pxd won't be automatically included in the manifest] the path must be relative
[1m[90m[DEBUG][39m[0m:   	[INFO   ] [dependency /app/.buildozer/android/platform/build-arm64-v8a/build/other_builds/kivy-sdl2/arm64-v8a__ndk_target_21/kivy/kivy/graphics/gl_debug_logger.pxi won't be automatically included in the manifest] the path must be relative
[1m[90m[DEBUG][39m[0m:   	[INFO   ] [dependency /app/.buildozer/android/platform/build-arm64-v8a/build/other_builds/kivy-sdl2/arm64-v8a__ndk_target_21/kivy/kivy/include/config.pxi won't be automatically included in the manifest] the path must be relative
[1m[90m[DEBUG][39m[0m:   	[INFO   ] [dependency /app/.buildozer/android/platform/build-arm64-v8a/build/other_builds/kivy-sdl2/arm64-v8a__ndk_target_21/kivy/kivy/graphics/common.pxi won't be automatically included in the manifest] the path must be relative
[1m[90m[DEBUG][39m[0m:   	[INFO   ] [dependency /app/.buildozer/android/platform/build-arm64-v8a/build/other_builds/kivy-sdl2/arm64-v8a__ndk_target_21/kivy/kivy/graphics/cgl.pxd won't be automatically included in the manifest] the path must be relative
[1m[90m[DEBUG][39m[0m:   	[INFO   ] [dependency /app/.buildozer/android/platform/build-arm64-v8a/build/other_builds/kivy-sdl2/arm64-v8a__ndk_target_21/kivy/kivy/include/gl_redirect.h won't be automatically included in the manifest] the path must be relative
[1m[90m[DEBUG][39m[0m:   	[INFO   ] [dependency /app/.buildozer/android/platform/build-arm64-v8a/build/other_builds/kivy-sdl2/arm64-v8a__ndk_target_21/kivy/kivy/include/config.pxi won't be automatically included in the manifest] the path must be relative
[1m[90m[DEBUG][39m[0m:   	[INFO   ] [dependency /app/.buildozer/android/platform/build-arm64-v8a/build/other_builds/kivy-sdl2/arm64-v8a__ndk_target_21/kivy/kivy/graphics/common.pxi won't be automatically included in the manifest] the path must be relative
[1m[90m[DEBUG][39m[0m:   	[INFO   ] [dependency /app/.buildozer/android/platform/build-arm64-v8a/build/other_builds/kivy-sdl2/arm64-v8a__ndk_target_21/kivy/kivy/graphics/vbo.pxd won't be automatically included in the manifest] the path must be relative
[1m[90m[DEBUG][39m[0m:   	[INFO   ] [dependency /app/.buildozer/android/platform/build-arm64-v8a/build/other_builds/kivy-sdl2/arm64-v8a__ndk_target_21/kivy/kivy/graphics/buffer.pxd won't be automatically included in the manifest] the path must be relative
[1m[90m[DEBUG][39m[0m:   	[INFO   ] [dependency /app/.buildozer/android/platform/build-arm64-v8a/build/other_builds/kivy-sdl2/arm64-v8a__ndk_target_21/kivy/kivy/graphics/cgl.pxd won't be automatically included in the manifest] the path must be relative
[1m[90m[DEBUG][39m[0m:   	[INFO   ] [dependency /app/.buildozer/android/platform/build-arm64-v8a/build/other_builds/kivy-sdl2/arm64-v8a__ndk_target_21/kivy/kivy/include/gl_redirect.h won't be automatically included in the manifest] the path must be relative
[1m[90m[DEBUG][39m[0m:   	[INFO   ] [dependency /app/.buildozer/android/platform/build-arm64-v8a/build/other_builds/kivy-sdl2/arm64-v8a__ndk_target_21/kivy/kivy/graphics/vertex.pxd won't be automatically included in the manifest] the path must be relative
[1m[90m[DEBUG][39m[0m:   	[INFO   ] [dependency /app/.buildozer/android/platform/build-arm64-v8a/build/other_builds/kivy-sdl2/arm64-v8a__ndk_target_21/kivy/kivy/graphics/instructions.pxd won't be automatically included in the manifest] the path must be relative
[1m[90m[DEBUG][39m[0m:   	[INFO   ] [dependency /app/.buildozer/android/platform/build-arm64-v8a/build/other_builds/kivy-sdl2/arm64-v8a__ndk_target_21/kivy/kivy/graphics/context_instructions.pxd won't be automatically included in the manifest] the path must be relative
[1m[90m[DEBUG][39m[0m:   	[INFO   ] [dependency /app/.buildozer/android/platform/build-arm64-v8a/build/other_builds/kivy-sdl2/arm64-v8a__ndk_target_21/kivy/kivy/graphics/transformation.pxd won't be automatically included in the manifest] the path must be relative
[1m[90m[DEBUG][39m[0m:   	[INFO   ] [dependency /app/.buildozer/android/platform/build-arm64-v8a/build/other_builds/kivy-sdl2/arm64-v8a__ndk_target_21/kivy/kivy/graphics/texture.pxd won't be automatically included in the manifest] the path must be relative
[1m[90m[DEBUG][39m[0m:   	[INFO   ] [dependency /app/.buildozer/android/platform/build-arm64-v8a/build/other_builds/kivy-sdl2/arm64-v8a__ndk_target_21/kivy/kivy/graphics/compiler.pxd won't be automatically included in the manifest] the path must be relative
[1m[90m[DEBUG][39m[0m:   	[INFO   ] [dependency /app/.buildozer/android/platform/build-arm64-v8a/build/other_builds/kivy-sdl2/arm64-v8a__ndk_target_21/kivy/kivy/graphics/shader.pxd won't be automatically included in the manifest] the path must be relative
[1m[90m[DEBUG][39m[0m:   	[INFO   ] [dependency /app/.buildozer/android/platform/build-arm64-v8a/build/other_builds/kivy-sdl2/arm64-v8a__ndk_target_21/kivy/kivy/graphics/../_event.pxd won't be automatically included in the manifest] the path must be relative
[1m[90m[DEBUG][39m[0m:   	[INFO   ] [dependency /app/.buildozer/android/platform/build-arm64-v8a/build/other_builds/kivy-sdl2/arm64-v8a__ndk_target_21/kivy/kivy/graphics/vertex_instructions.pxd won't be automatically included in the manifest] the path must be relative
[1m[90m[DEBUG][39m[0m:   	[INFO   ] [dependency /app/.buildozer/android/platform/build-arm64-v8a/build/other_builds/kivy-sdl2/arm64-v8a__ndk_target_21/kivy/kivy/graphics/vertex_instructions_line.pxi won't be automatically included in the manifest] the path must be relative
[1m[90m[DEBUG][39m[0m:   	[INFO   ] [dependency /app/.buildozer/android/platform/build-arm64-v8a/build/other_builds/kivy-sdl2/arm64-v8a__ndk_target_21/kivy/kivy/graphics/stencil_instructions.pxd won't be automatically included in the manifest] the path must be relative
[1m[90m[DEBUG][39m[0m:   	[INFO   ] [dependency /app/.buildozer/android/platform/build-arm64-v8a/build/other_builds/kivy-sdl2/arm64-v8a__ndk_target_21/kivy/kivy/graphics/cgl.pxd won't be automatically included in the manifest] the path must be relative
[1m[90m[DEBUG][39m[0m:   	[INFO   ] [dependency /app/.buildozer/android/platform/build-arm64-v8a/build/other_builds/kivy-sdl2/arm64-v8a__ndk_target_21/kivy/kivy/graphics/common.pxi won't be automatically included in the manifest] the path must be relative
[1m[90m[DEBUG][39m[0m:   	[INFO   ] [dependency /app/.buildozer/android/platform/build-arm64-v8a/build/other_builds/kivy-sdl2/arm64-v8a__ndk_target_21/kivy/kivy/include/config.pxi won't be automatically included in the manifest] the path must be relative
[1m[90m[DEBUG][39m[0m:   	[INFO   ] [dependency /app/.buildozer/android/platform/build-arm64-v8a/build/other_builds/kivy-sdl2/arm64-v8a__ndk_target_21/kivy/kivy/include/gl_redirect.h won't be automatically included in the manifest] the path must be relative
[1m[90m[DEBUG][39m[0m:   	[INFO   ] [dependency /app/.buildozer/android/platform/build-arm64-v8a/build/other_builds/kivy-sdl2/arm64-v8a__ndk_target_21/kivy/kivy/graphics/cgl.pxd won't be automatically included in the manifest] the path must be relative
[1m[90m[DEBUG][39m[0m:   	[INFO   ] [dependency /app/.buildozer/android/platform/build-arm64-v8a/build/other_builds/kivy-sdl2/arm64-v8a__ndk_target_21/kivy/kivy/graphics/common.pxi won't be automatically included in the manifest] the path must be relative
[1m[90m[DEBUG][39m[0m:   	[INFO   ] [dependency /app/.buildozer/android/platform/build-arm64-v8a/build/other_builds/kivy-sdl2/arm64-v8a__ndk_target_21/kivy/kivy/include/config.pxi won't be automatically included in the manifest] the path must be relative
[1m[90m[DEBUG][39m[0m:   	[INFO   ] [dependency /app/.buildozer/android/platform/build-arm64-v8a/build/other_builds/kivy-sdl2/arm64-v8a__ndk_target_21/kivy/kivy/include/gl_redirect.h won't be automatically included in the manifest] the path must be relative
[1m[90m[DEBUG][39m[0m:   	[INFO   ] [dependency /app/.buildozer/android/platform/build-arm64-v8a/build/other_builds/kivy-sdl2/arm64-v8a__ndk_target_21/kivy/kivy/graphics/cgl.pxd won't be automatically included in the manifest] the path must be relative
[1m[90m[DEBUG][39m[0m:   	[INFO   ] [dependency /app/.buildozer/android/platform/build-arm64-v8a/build/other_builds/kivy-sdl2/arm64-v8a__ndk_target_21/kivy/kivy/graphics/common.pxi won't be automatically included in the manifest] the path must be relative
[1m[90m[DEBUG][39m[0m:   	[INFO   ] [dependency /app/.buildozer/android/platform/build-arm64-v8a/build/other_builds/kivy-sdl2/arm64-v8a__ndk_target_21/kivy/kivy/include/config.pxi won't be automatically included in the manifest] the path must be relative
[1m[90m[DEBUG][39m[0m:   	[INFO   ] [dependency /app/.buildozer/android/platform/build-arm64-v8a/build/other_builds/kivy-sdl2/arm64-v8a__ndk_target_21/kivy/kivy/include/gl_redirect.h won't be automatically included in the manifest] the path must be relative
[1m[90m[DEBUG][39m[0m:   	[INFO   ] [dependency /app/.buildozer/android/platform/build-arm64-v8a/build/other_builds/kivy-sdl2/arm64-v8a__ndk_target_21/kivy/kivy/graphics/cgl.pxd won't be automatically included in the manifest] the path must be relative
[1m[90m[DEBUG][39m[0m:   	[INFO   ] [dependency /app/.buildozer/android/platform/build-arm64-v8a/build/other_builds/kivy-sdl2/arm64-v8a__ndk_target_21/kivy/kivy/graphics/common.pxi won't be automatically included in the manifest] the path must be relative
[1m[90m[DEBUG][39m[0m:   	[INFO   ] [dependency /app/.buildozer/android/platform/build-arm64-v8a/build/other_builds/kivy-sdl2/arm64-v8a__ndk_target_21/kivy/kivy/include/config.pxi won't be automatically included in the manifest] the path must be relative
[1m[90m[DEBUG][39m[0m:   	[INFO   ] [dependency /app/.buildozer/android/platform/build-arm64-v8a/build/other_builds/kivy-sdl2/arm64-v8a__ndk_target_21/kivy/kivy/include/gl_redirect.h won't be automatically included in the manifest] the path must be relative
[1m[90m[DEBUG][39m[0m:   	[INFO   ] [dependency /app/.buildozer/android/platform/build-arm64-v8a/build/other_builds/kivy-sdl2/arm64-v8a__ndk_target_21/kivy/kivy/graphics/cgl.pxd won't be automatically included in the manifest] the path must be relative
[1m[90m[DEBUG][39m[0m:   	[INFO   ] [dependency /app/.buildozer/android/platform/build-arm64-v8a/build/other_builds/kivy-sdl2/arm64-v8a__ndk_target_21/kivy/kivy/graphics/common.pxi won't be automatically included in the manifest] the path must be relative
[1m[90m[DEBUG][39m[0m:   	[INFO   ] [dependency /app/.buildozer/android/platform/build-arm64-v8a/build/other_builds/kivy-sdl2/arm64-v8a__ndk_target_21/kivy/kivy/include/config.pxi won't be automatically included in the manifest] the path must be relative
[1m[90m[DEBUG][39m[0m:   	[INFO   ] [dependency /app/.buildozer/android/platform/build-arm64-v8a/build/other_builds/kivy-sdl2/arm64-v8a__ndk_target_21/kivy/kivy/include/gl_redirect.h won't be automatically included in the manifest] the path must be relative
[1m[90m[DEBUG][39m[0m:   	[INFO   ] [dependency /app/.buildozer/android/platform/build-arm64-v8a/build/other_builds/kivy-sdl2/arm64-v8a__ndk_target_21/kivy/kivy/include/config.pxi won't be automatically included in the manifest] the path must be relative
[1m[90m[DEBUG][39m[0m:   	[INFO   ] [dependency /app/.buildozer/android/platform/build-arm64-v8a/build/other_builds/kivy-sdl2/arm64-v8a__ndk_target_21/kivy/kivy/graphics/common.pxi won't be automatically included in the manifest] the path must be relative
[1m[90m[DEBUG][39m[0m:   	[INFO   ] [dependency /app/.buildozer/android/platform/build-arm64-v8a/build/other_builds/kivy-sdl2/arm64-v8a__ndk_target_21/kivy/kivy/graphics/texture.pxd won't be automatically included in the manifest] the path must be relative
[1m[90m[DEBUG][39m[0m:   	[INFO   ] [dependency /app/.buildozer/android/platform/build-arm64-v8a/build/other_builds/kivy-sdl2/arm64-v8a__ndk_target_21/kivy/kivy/graphics/cgl.pxd won't be automatically included in the manifest] the path must be relative
[1m[90m[DEBUG][39m[0m:   	[INFO   ] [dependency /app/.buildozer/android/platform/build-arm64-v8a/build/other_builds/kivy-sdl2/arm64-v8a__ndk_target_21/kivy/kivy/include/gl_redirect.h won't be automatically included in the manifest] the path must be relative
[1m[90m[DEBUG][39m[0m:   	[INFO   ] [dependency /app/.buildozer/android/platform/build-arm64-v8a/build/other_builds/kivy-sdl2/arm64-v8a__ndk_target_21/kivy/kivy/graphics/instructions.pxd won't be automatically included in the manifest] the path must be relative
[1m[90m[DEBUG][39m[0m:   	[INFO   ] [dependency /app/.buildozer/android/platform/build-arm64-v8a/build/other_builds/kivy-sdl2/arm64-v8a__ndk_target_21/kivy/kivy/graphics/vbo.pxd won't be automatically included in the manifest] the path must be relative
[1m[90m[DEBUG][39m[0m:   	[INFO   ] [dependency /app/.buildozer/android/platform/build-arm64-v8a/build/other_builds/kivy-sdl2/arm64-v8a__ndk_target_21/kivy/kivy/graphics/buffer.pxd won't be automatically included in the manifest] the path must be relative
[1m[90m[DEBUG][39m[0m:   	[INFO   ] [dependency /app/.buildozer/android/platform/build-arm64-v8a/build/other_builds/kivy-sdl2/arm64-v8a__ndk_target_21/kivy/kivy/graphics/vertex.pxd won't be automatically included in the manifest] the path must be relative
[1m[90m[DEBUG][39m[0m:   	[INFO   ] [dependency /app/.buildozer/android/platform/build-arm64-v8a/build/other_builds/kivy-sdl2/arm64-v8a__ndk_target_21/kivy/kivy/graphics/context_instructions.pxd won't be automatically included in the manifest] the path must be relative
[1m[90m[DEBUG][39m[0m:   	[INFO   ] [dependency /app/.buildozer/android/platform/build-arm64-v8a/build/other_builds/kivy-sdl2/arm64-v8a__ndk_target_21/kivy/kivy/graphics/transformation.pxd won't be automatically included in the manifest] the path must be relative
[1m[90m[DEBUG][39m[0m:   	[INFO   ] [dependency /app/.buildozer/android/platform/build-arm64-v8a/build/other_builds/kivy-sdl2/arm64-v8a__ndk_target_21/kivy/kivy/graphics/compiler.pxd won't be automatically included in the manifest] the path must be relative
[1m[90m[DEBUG][39m[0m:   	[INFO   ] [dependency /app/.buildozer/android/platform/build-arm64-v8a/build/other_builds/kivy-sdl2/arm64-v8a__ndk_target_21/kivy/kivy/graphics/shader.pxd won't be automatically included in the manifest] the path must be relative
[1m[90m[DEBUG][39m[0m:   	[INFO   ] [dependency /app/.buildozer/android/platform/build-arm64-v8a/build/other_builds/kivy-sdl2/arm64-v8a__ndk_target_21/kivy/kivy/graphics/../_event.pxd won't be automatically included in the manifest] the path must be relative
[1m[90m[DEBUG][39m[0m:   	[INFO   ] [dependency /app/.buildozer/android/platform/build-arm64-v8a/build/other_builds/kivy-sdl2/arm64-v8a__ndk_target_21/kivy/kivy/graphics/vertex_instructions.pxd won't be automatically included in the manifest] the path must be relative
[1m[90m[DEBUG][39m[0m:   	[INFO   ] [dependency /app/.buildozer/android/platform/build-arm64-v8a/build/other_builds/kivy-sdl2/arm64-v8a__ndk_target_21/kivy/kivy/graphics/tesselator.pxd won't be automatically included in the manifest] the path must be relative
[1m[90m[DEBUG][39m[0m:   	[INFO   ] [dependency /app/.buildozer/android/platform/build-arm64-v8a/build/other_builds/kivy-sdl2/arm64-v8a__ndk_target_21/kivy/kivy/graphics/fbo.pxd won't be automatically included in the manifest] the path must be relative
[1m[90m[DEBUG][39m[0m:   	[INFO   ] [dependency /app/.buildozer/android/platform/build-arm64-v8a/build/other_builds/kivy-sdl2/arm64-v8a__ndk_target_21/kivy/kivy/graphics/cgl.pxd won't be automatically included in the manifest] the path must be relative
[1m[90m[DEBUG][39m[0m:   	[INFO   ] [dependency /app/.buildozer/android/platform/build-arm64-v8a/build/other_builds/kivy-sdl2/arm64-v8a__ndk_target_21/kivy/kivy/graphics/common.pxi won't be automatically included in the manifest] the path must be relative
[1m[90m[DEBUG][39m[0m:   	[INFO   ] [dependency /app/.buildozer/android/platform/build-arm64-v8a/build/other_builds/kivy-sdl2/arm64-v8a__ndk_target_21/kivy/kivy/include/config.pxi won't be automatically included in the manifest] the path must be relative
[1m[90m[DEBUG][39m[0m:   	[INFO   ] [dependency /app/.buildozer/android/platform/build-arm64-v8a/build/other_builds/kivy-sdl2/arm64-v8a__ndk_target_21/kivy/kivy/include/gl_redirect.h won't be automatically included in the manifest] the path must be relative
[1m[90m[DEBUG][39m[0m:   	[INFO   ] [dependency /app/.buildozer/android/platform/build-arm64-v8a/build/other_builds/kivy-sdl2/arm64-v8a__ndk_target_21/kivy/kivy/graphics/instructions.pxd won't be automatically included in the manifest] the path must be relative
[1m[90m[DEBUG][39m[0m:   	[INFO   ] [dependency /app/.buildozer/android/platform/build-arm64-v8a/build/other_builds/kivy-sdl2/arm64-v8a__ndk_target_21/kivy/kivy/graphics/vbo.pxd won't be automatically included in the manifest] the path must be relative
[1m[90m[DEBUG][39m[0m:   	[INFO   ] [dependency /app/.buildozer/android/platform/build-arm64-v8a/build/other_builds/kivy-sdl2/arm64-v8a__ndk_target_21/kivy/kivy/graphics/buffer.pxd won't be automatically included in the manifest] the path must be relative
[1m[90m[DEBUG][39m[0m:   	[INFO   ] [dependency /app/.buildozer/android/platform/build-arm64-v8a/build/other_builds/kivy-sdl2/arm64-v8a__ndk_target_21/kivy/kivy/graphics/vertex.pxd won't be automatically included in the manifest] the path must be relative
[1m[90m[DEBUG][39m[0m:   	[INFO   ] [dependency /app/.buildozer/android/platform/build-arm64-v8a/build/other_builds/kivy-sdl2/arm64-v8a__ndk_target_21/kivy/kivy/graphics/context_instructions.pxd won't be automatically included in the manifest] the path must be relative
[1m[90m[DEBUG][39m[0m:   	[INFO   ] [dependency /app/.buildozer/android/platform/build-arm64-v8a/build/other_builds/kivy-sdl2/arm64-v8a__ndk_target_21/kivy/kivy/graphics/transformation.pxd won't be automatically included in the manifest] the path must be relative
[1m[90m[DEBUG][39m[0m:   	[INFO   ] [dependency /app/.buildozer/android/platform/build-arm64-v8a/build/other_builds/kivy-sdl2/arm64-v8a__ndk_target_21/kivy/kivy/graphics/texture.pxd won't be automatically included in the manifest] the path must be relative
[1m[90m[DEBUG][39m[0m:   	[INFO   ] [dependency /app/.buildozer/android/platform/build-arm64-v8a/build/other_builds/kivy-sdl2/arm64-v8a__ndk_target_21/kivy/kivy/graphics/compiler.pxd won't be automatically included in the manifest] the path must be relative
[1m[90m[DEBUG][39m[0m:   	[INFO   ] [dependency /app/.buildozer/android/platform/build-arm64-v8a/build/other_builds/kivy-sdl2/arm64-v8a__ndk_target_21/kivy/kivy/graphics/shader.pxd won't be automatically included in the manifest] the path must be relative
[1m[90m[DEBUG][39m[0m:   	[INFO   ] [dependency /app/.buildozer/android/platform/build-arm64-v8a/build/other_builds/kivy-sdl2/arm64-v8a__ndk_target_21/kivy/kivy/graphics/../_event.pxd won't be automatically included in the manifest] the path must be relative
[1m[90m[DEBUG][39m[0m:   	[INFO   ] [dependency /app/.buildozer/android/platform/build-arm64-v8a/build/other_builds/kivy-sdl2/arm64-v8a__ndk_target_21/kivy/kivy/graphics/instructions.pyx won't be automatically included in the manifest] the path must be relative
[1m[90m[DEBUG][39m[0m:   	[INFO   ] [dependency /app/.buildozer/android/platform/build-arm64-v8a/build/other_builds/kivy-sdl2/arm64-v8a__ndk_target_21/kivy/kivy/graphics/opcodes.pxi won't be automatically included in the manifest] the path must be relative
[1m[90m[DEBUG][39m[0m:   	[INFO   ] [dependency /app/.buildozer/android/platform/build-arm64-v8a/build/other_builds/kivy-sdl2/arm64-v8a__ndk_target_21/kivy/kivy/graphics/context.pxd won't be automatically included in the manifest] the path must be relative
[1m[90m[DEBUG][39m[0m:   	[INFO   ] [dependency /app/.buildozer/android/platform/build-arm64-v8a/build/other_builds/kivy-sdl2/arm64-v8a__ndk_target_21/kivy/kivy/graphics/vertex_instructions.pxd won't be automatically included in the manifest] the path must be relative
[1m[90m[DEBUG][39m[0m:   	[INFO   ] [dependency /app/.buildozer/android/platform/build-arm64-v8a/build/other_builds/kivy-sdl2/arm64-v8a__ndk_target_21/kivy/kivy/lib/sdl2.pxi won't be automatically included in the manifest] the path must be relative
[1m[90m[DEBUG][39m[0m:   	[INFO   ] [dependency /app/.buildozer/android/platform/build-arm64-v8a/build/other_builds/kivy-sdl2/arm64-v8a__ndk_target_21/kivy/kivy/lib/sdl2.pxi won't be automatically included in the manifest] the path must be relative
[1m[90m[DEBUG][39m[0m:   	[INFO   ] [dependency /app/.buildozer/android/platform/build-arm64-v8a/build/other_builds/kivy-sdl2/arm64-v8a__ndk_target_21/kivy/kivy/lib/sdl2.pxi won't be automatically included in the manifest] the path must be relative
[1m[90m[DEBUG][39m[0m:   	[INFO   ] [dependency /app/.buildozer/android/platform/build-arm64-v8a/build/other_builds/kivy-sdl2/arm64-v8a__ndk_target_21/kivy/kivy/lib/sdl2.pxi won't be automatically included in the manifest] the path must be relative
[1m[90m[DEBUG][39m[0m:   	[INFO   ] [dependency /app/.buildozer/android/platform/build-arm64-v8a/build/other_builds/kivy-sdl2/arm64-v8a__ndk_target_21/kivy/kivy/lib/sdl2.pxi won't be automatically included in the manifest] the path must be relative
[1m[90m[DEBUG][39m[0m:   	[INFO   ] reading manifest file 'Kivy.egg-info/SOURCES.txt'
[1m[90m[DEBUG][39m[0m:   	[INFO   ] reading manifest template 'MANIFEST.in'
[1m[90m[DEBUG][39m[0m:   	[WARNING] [warning     ] no files found matching '*.txt' under directory 'kivy/tools'
[1m[90m[DEBUG][39m[0m:   	[WARNING] [warning     ] no files found matching '*.bat' under directory 'kivy/tools'
[1m[90m[DEBUG][39m[0m:   	[WARNING] [warning     ] no files found matching '*.pyd' under directory 'kivy'
[1m[90m[DEBUG][39m[0m:   	[INFO   ] adding license file 'LICENSE'
[1m[90m[DEBUG][39m[0m:   	[INFO   ] adding license file 'AUTHORS'
[1m[90m[DEBUG][39m[0m:   	[INFO   ] writing manifest file 'Kivy.egg-info/SOURCES.txt'
[1m[90m[DEBUG][39m[0m:   	[1m* Installing packages in isolated environment:[0m
[1m[90m[DEBUG][39m[0m:   	  - wheel
[1m[90m[DEBUG][39m[0m:   	[1m* Building wheel...[0m
[1m[90m[DEBUG][39m[0m:   	[INFO   ] [Logger      ] Record log in /home/jules/.kivy/logs/kivy_26-06-13_1.txt
[1m[90m[DEBUG][39m[0m:   	[INFO   ] [Kivy        ] v2.3.1
[1m[90m[DEBUG][39m[0m:   	[INFO   ] [Kivy        ] Installed at "/app/.buildozer/android/platform/build-arm64-v8a/build/other_builds/kivy-sdl2/arm64-v8a__ndk_target_21/kivy/kivy/__init__.py"
[1m[90m[DEBUG][39m[0m:   	[INFO   ] [Python      ] v3.14.2 (main, Jun 10 2026, 20:46:29) [GCC 13.3.0]
[1m[90m[DEBUG][39m[0m:   	[INFO   ] [Python      ] Interpreter at "/tmp/build-env-4zgabtq8/bin/python"
[1m[90m[DEBUG][39m[0m:   	[INFO   ] [Logger      ] Purge log fired. Processing...
[1m[90m[DEBUG][39m[0m:   	[INFO   ] [Logger      ] Purge finished!
[1m[90m[DEBUG][39m[0m:   	Environ change use_sdl2 -> True
[1m[90m[DEBUG][39m[0m:   	Current directory is: /app/.buildozer/android/platform/build-arm64-v8a/build/other_builds/kivy-sdl2/arm64-v8a__ndk_target_21/kivy
[1m[90m[DEBUG][39m[0m:   	Source and initial build directory is: /app/.buildozer/android/platform/build-arm64-v8a/build/other_builds/kivy-sdl2/arm64-v8a__ndk_target_21/kivy
[1m[90m[DEBUG][39m[0m:   	Python path is:
[1m[90m[DEBUG][39m[0m:   	/app/.buildozer/android/platform/build-arm64-v8a/build/other_builds/kivy-sdl2/arm64-v8a__ndk_target_21/kivy
[1m[90m[DEBUG][39m[0m:   	/app/.buildozer/android/platform/build-arm64-v8a/build/other_builds/hostpython3/desktop/hostpython3/native-build/root/usr/local/lib/python314.zip
[1m[90m[DEBUG][39m[0m:   	/app/.buildozer/android/platform/build-arm64-v8a/build/other_builds/hostpython3/desktop/hostpython3/native-build/root/usr/local/lib/python3.14
[1m[90m[DEBUG][39m[0m:   	/app/.buildozer/android/platform/build-arm64-v8a/build/other_builds/hostpython3/desktop/hostpython3/native-build/root/usr/local/lib/python3.14/lib-dynload
[1m[90m[DEBUG][39m[0m:   	/tmp/build-env-4zgabtq8/lib/python3.14/site-packages
[1m[90m[DEBUG][39m[0m:   	/app/.buildozer/android/platform/build-arm64-v8a/build/other_builds/kivy-sdl2/arm64-v8a__ndk_target_21/kivy/kivy/modules
[1m[90m[DEBUG][39m[0m:   	/home/jules/.kivy/mods
[1m[90m[DEBUG][39m[0m:
[1m[90m[DEBUG][39m[0m:
[1m[90m[DEBUG][39m[0m:   	Found Cython at /tmp/build-env-4zgabtq8/lib/python3.14/site-packages/Cython/__init__.py
[1m[90m[DEBUG][39m[0m:   	Detected supported Cython version 3.0.11
[1m[90m[DEBUG][39m[0m:   	Using this graphics system: OpenGL ES 2
[1m[90m[DEBUG][39m[0m:   	WARNING: A problem occurred while running pkg-config --libs --cflags sdl2 SDL2_ttf SDL2_image SDL2_mixer (code 1)
[1m[90m[DEBUG][39m[0m:
[1m[90m[DEBUG][39m[0m:   	b"Package sdl2 was not found in the pkg-config search path.\nPerhaps you should add the directory containing `sdl2.pc'\nto the PKG_CONFIG_PATH environment variable\nPackage 'sdl2', required by 'virtual:world', not found\nPackage 'SDL2_ttf', required by 'virtual:world', not found\nPackage 'SDL2_image', required by 'virtual:world', not found\nPackage 'SDL2_mixer', required by 'virtual:world', not found\n"
[1m[90m[DEBUG][39m[0m:
[1m[90m[DEBUG][39m[0m:   	SDL2: found SDL header at /app/.buildozer/android/platform/build-arm64-v8a/build/bootstrap_builds/sdl2/jni/SDL/include/SDL.h
[1m[90m[DEBUG][39m[0m:   	SDL2: found SDL_mixer header at /app/.buildozer/android/platform/build-arm64-v8a/build/bootstrap_builds/sdl2/jni/SDL2_mixer/include/SDL_mixer.h
[1m[90m[DEBUG][39m[0m:   	SDL2: found SDL_ttf header at /app/.buildozer/android/platform/build-arm64-v8a/build/bootstrap_builds/sdl2/jni/SDL2_ttf/SDL_ttf.h
[1m[90m[DEBUG][39m[0m:   	SDL2: found SDL_image header at /app/.buildozer/android/platform/build-arm64-v8a/build/bootstrap_builds/sdl2/jni/SDL2_image/include/SDL_image.h
[1m[90m[DEBUG][39m[0m:   	[INFO   ] running bdist_wheel
[1m[90m[DEBUG][39m[0m:   	[INFO   ] running build
[1m[90m[DEBUG][39m[0m:   	[INFO   ] running build_py
[1m[90m[DEBUG][39m[0m:   	[INFO   ] copying kivy/lang/parser.py -> build/lib.linux-x86_64-cpython-314/kivy/lang
[1m[90m[DEBUG][39m[0m:   	[INFO   ] copying kivy/graphics/cgl.h -> build/lib.linux-x86_64-cpython-314/kivy/graphics
[1m[90m[DEBUG][39m[0m:   	[INFO   ] running build_ext
[1m[90m[DEBUG][39m[0m:   	Building extensions in parallel using 4 cores
[1m[90m[DEBUG][39m[0m:   	Updated build directory to: build/lib.linux-x86_64-cpython-314
[1m[90m[DEBUG][39m[0m:   	Build configuration is:
[1m[90m[DEBUG][39m[0m:   	 * use_rpi_vidcore_lite = 0
[1m[90m[DEBUG][39m[0m:   	 * use_egl = 0
[1m[90m[DEBUG][39m[0m:   	 * use_opengl_es2 = 1
[1m[90m[DEBUG][39m[0m:   	 * use_opengl_mock = 0
[1m[90m[DEBUG][39m[0m:   	 * use_sdl2 = 1
[1m[90m[DEBUG][39m[0m:   	 * use_pangoft2 = 0
[1m[90m[DEBUG][39m[0m:   	 * use_ios = 0
[1m[90m[DEBUG][39m[0m:   	 * use_android = 1
[1m[90m[DEBUG][39m[0m:   	 * use_mesagl = 0
[1m[90m[DEBUG][39m[0m:   	 * use_x11 = 0
[1m[90m[DEBUG][39m[0m:   	 * use_wayland = 0
[1m[90m[DEBUG][39m[0m:   	 * use_gstreamer = 0
[1m[90m[DEBUG][39m[0m:   	 * use_avfoundation = 0
[1m[90m[DEBUG][39m[0m:   	 * use_osx_frameworks = 0
[1m[90m[DEBUG][39m[0m:   	 * debug_gl = 0
[1m[90m[DEBUG][39m[0m:   	 * kivy_sdl_gl_alpha_size = 8
[1m[90m[DEBUG][39m[0m:   	 * debug = False
[1m[90m[DEBUG][39m[0m:   	Detected compiler is unix
[1m[90m[DEBUG][39m[0m:   	Compiling /app/.buildozer/android/platform/build-arm64-v8a/build/other_builds/kivy-sdl2/arm64-v8a__ndk_target_21/kivy/kivy/_metrics.pyx because it depends on /tmp/build-env-4zgabtq8/lib/python3.14/site-packages/Cython/Includes/libc/string.pxd.
[1m[90m[DEBUG][39m[0m:   	[1/1] Cythonizing /app/.buildozer/android/platform/build-arm64-v8a/build/other_builds/kivy-sdl2/arm64-v8a__ndk_target_21/kivy/kivy/_metrics.pyx
[1m[90m[DEBUG][39m[0m:   	Compiling /app/.buildozer/android/platform/build-arm64-v8a/build/other_builds/kivy-sdl2/arm64-v8a__ndk_target_21/kivy/kivy/properties.pyx because it depends on /tmp/build-env-4zgabtq8/lib/python3.14/site-packages/Cython/Includes/libc/string.pxd.
[1m[90m[DEBUG][39m[0m:   	[1/1] Cythonizing /app/.buildozer/android/platform/build-arm64-v8a/build/other_builds/kivy-sdl2/arm64-v8a__ndk_target_21/kivy/kivy/properties.pyx
[1m[90m[DEBUG][39m[0m:   	Compiling /app/.buildozer/android/platform/build-arm64-v8a/build/other_builds/kivy-sdl2/arm64-v8a__ndk_target_21/kivy/kivy/_event.pyx because it depends on /tmp/build-env-4zgabtq8/lib/python3.14/site-packages/Cython/Includes/libc/string.pxd.
[1m[90m[DEBUG][39m[0m:   	[1/1] Cythonizing /app/.buildozer/android/platform/build-arm64-v8a/build/other_builds/kivy-sdl2/arm64-v8a__ndk_target_21/kivy/kivy/_event.pyx
[1m[90m[DEBUG][39m[0m:   	[INFO   ] building 'kivy._metrics' extension
[1m[90m[DEBUG][39m[0m:   	[INFO   ] /usr/bin/ccache /app/.buildozer/android/platform/android-ndk-r25b/toolchains/llvm/prebuilt/linux-x86_64/bin/clang -target aarch64-linux-android21 -fomit-frame-pointer -march=armv8-a -fPIC -fno-strict-overflow -Wsign-compare -DNDEBUG -g -O3 -Wall -target aarch64-linux-android21 -fomit-frame-pointer -march=armv8-a -fPIC -I/app/.buildozer/android/platform/build-arm64-v8a/build/other_builds/python3/arm64-v8a__ndk_target_21/python3/android-build/android-root/include/python3.14 -DANDROID -I/app/.buildozer/android/platform/android-ndk-r25b/toolchains/llvm/prebuilt/linux-x86_64/sysroot/usr/include -I/app/.buildozer/android/platform/build-arm64-v8a/build/other_builds/python3/arm64-v8a__ndk_target_21/python3/android-build/android-root/include/python3.14 -fPIC -I/app/.buildozer/android/platform/build-arm64-v8a/build/other_builds/kivy-sdl2/arm64-v8a__ndk_target_21/kivy/kivy/include -I/tmp/build-env-4zgabtq8/include -I/app/.buildozer/android/platform/build-arm64-v8a/build/other_builds/hostpython3/desktop/hostpython3/native-build/root/usr/local/include/python3.14 -c /app/.buildozer/android/platform/build-arm64-v8a/build/other_builds/kivy-sdl2/arm64-v8a__ndk_target_21/kivy/kivy/_metrics.c -o build/temp.linux-x86_64-cpython-314/app/.buildozer/android/platform/build-arm64-v8a/build/other_builds/kivy-sdl2/arm64-v8a__ndk_target_21/kivy/kivy/_metrics.o
[1m[90m[DEBUG][39m[0m:   	[INFO   ] /usr/bin/ccache /app/.buildozer/android/platform/android-ndk-r25b/toolchains/llvm/prebuilt/linux-x86_64/bin/clang -target aarch64-linux-android21 -fomit-frame-pointer -march=armv8-a -fPIC -shared -L/app/.buildozer/android/platform/build-arm64-v8a/build/libs_collections/neshrblek/arm64-v8a -L/app/.buildozer/android/platform/build-arm64-v8a/build/other_builds/python3/arm64-v8a__ndk_target_21/python3/android-build -lpython3.14 -L/app/.buildozer/android/platform/build-arm64-v8a/build/libs_collections/neshrblek/arm64-v8a -L/app/.buildozer/android/platform/build-arm64-v8a/build/libs_collections/neshrblek -L/app/.buildozer/android/platform/build-arm64-v8a/build/bootstrap_builds/sdl2/obj/local/arm64-v8a -target aarch64-linux-android21 -fomit-frame-pointer -march=armv8-a -fPIC -I/app/.buildozer/android/platform/build-arm64-v8a/build/other_builds/python3/arm64-v8a__ndk_target_21/python3/android-build/android-root/include/python3.14 -DANDROID -I/app/.buildozer/android/platform/android-ndk-r25b/toolchains/llvm/prebuilt/linux-x86_64/sysroot/usr/include -I/app/.buildozer/android/platform/build-arm64-v8a/build/other_builds/python3/arm64-v8a__ndk_target_21/python3/android-build/android-root/include/python3.14 build/temp.linux-x86_64-cpython-314/app/.buildozer/android/platform/build-arm64-v8a/build/other_builds/kivy-sdl2/arm64-v8a__ndk_target_21/kivy/kivy/_metrics.o -o build/lib.linux-x86_64-cpython-314/kivy/_metrics.cpython-314-x86_64-linux-gnu.so -lm
[1m[90m[DEBUG][39m[0m:   	[INFO   ] building 'kivy._event' extension
[1m[90m[DEBUG][39m[0m:   	[INFO   ] /usr/bin/ccache /app/.buildozer/android/platform/android-ndk-r25b/toolchains/llvm/prebuilt/linux-x86_64/bin/clang -target aarch64-linux-android21 -fomit-frame-pointer -march=armv8-a -fPIC -fno-strict-overflow -Wsign-compare -DNDEBUG -g -O3 -Wall -target aarch64-linux-android21 -fomit-frame-pointer -march=armv8-a -fPIC -I/app/.buildozer/android/platform/build-arm64-v8a/build/other_builds/python3/arm64-v8a__ndk_target_21/python3/android-build/android-root/include/python3.14 -DANDROID -I/app/.buildozer/android/platform/android-ndk-r25b/toolchains/llvm/prebuilt/linux-x86_64/sysroot/usr/include -I/app/.buildozer/android/platform/build-arm64-v8a/build/other_builds/python3/arm64-v8a__ndk_target_21/python3/android-build/android-root/include/python3.14 -fPIC -I/app/.buildozer/android/platform/build-arm64-v8a/build/other_builds/kivy-sdl2/arm64-v8a__ndk_target_21/kivy/kivy/include -I/tmp/build-env-4zgabtq8/include -I/app/.buildozer/android/platform/build-arm64-v8a/build/other_builds/hostpython3/desktop/hostpython3/native-build/root/usr/local/include/python3.14 -c /app/.buildozer/android/platform/build-arm64-v8a/build/other_builds/kivy-sdl2/arm64-v8a__ndk_target_21/kivy/kivy/_event.c -o build/temp.linux-x86_64-cpython-314/app/.buildozer/android/platform/build-arm64-v8a/build/other_builds/kivy-sdl2/arm64-v8a__ndk_target_21/kivy/kivy/_event.o
[1m[90m[DEBUG][39m[0m:   	[INFO   ] building 'kivy.properties' extension
[1m[90m[DEBUG][39m[0m:   	[INFO   ] /usr/bin/ccache /app/.buildozer/android/platform/android-ndk-r25b/toolchains/llvm/prebuilt/linux-x86_64/bin/clang -target aarch64-linux-android21 -fomit-frame-pointer -march=armv8-a -fPIC -fno-strict-overflow -Wsign-compare -DNDEBUG -g -O3 -Wall -target aarch64-linux-android21 -fomit-frame-pointer -march=armv8-a -fPIC -I/app/.buildozer/android/platform/build-arm64-v8a/build/other_builds/python3/arm64-v8a__ndk_target_21/python3/android-build/android-root/include/python3.14 -DANDROID -I/app/.buildozer/android/platform/android-ndk-r25b/toolchains/llvm/prebuilt/linux-x86_64/sysroot/usr/include -I/app/.buildozer/android/platform/build-arm64-v8a/build/other_builds/python3/arm64-v8a__ndk_target_21/python3/android-build/android-root/include/python3.14 -fPIC -I/app/.buildozer/android/platform/build-arm64-v8a/build/other_builds/kivy-sdl2/arm64-v8a__ndk_target_21/kivy/kivy/include -I/tmp/build-env-4zgabtq8/include -I/app/.buildozer/android/platform/build-arm64-v8a/build/other_builds/hostpython3/desktop/hostpython3/native-build/root/usr/local/include/python3.14 -c /app/.buildozer/android/platform/build-arm64-v8a/build/other_builds/kivy-sdl2/arm64-v8a__ndk_target_21/kivy/kivy/properties.c -o build/temp.linux-x86_64-cpython-314/app/.buildozer/android/platform/build-arm64-v8a/build/other_builds/kivy-sdl2/arm64-v8a__ndk_target_21/kivy/kivy/properties.o
[1m[90m[DEBUG][39m[0m:   	Compiling /app/.buildozer/android/platform/build-arm64-v8a/build/other_builds/kivy-sdl2/arm64-v8a__ndk_target_21/kivy/kivy/graphics/compiler.pyx because it depends on /tmp/build-env-4zgabtq8/lib/python3.14/site-packages/Cython/Includes/libc/string.pxd.
[1m[90m[DEBUG][39m[0m:   	[1/1] Cythonizing /app/.buildozer/android/platform/build-arm64-v8a/build/other_builds/kivy-sdl2/arm64-v8a__ndk_target_21/kivy/kivy/graphics/compiler.pyx
[1m[90m[DEBUG][39m[0m:   	 warning: kivy/graphics/instructions.pxd:30:4: The 'IF' statement is deprecated and will be removed in a future Cython version. Consider using runtime conditions or C macros instead. See https://github.com/cython/cython/issues/4310
[1m[90m[DEBUG][39m[0m:   	[INFO   ] /usr/bin/ccache /app/.buildozer/android/platform/android-ndk-r25b/toolchains/llvm/prebuilt/linux-x86_64/bin/clang -target aarch64-linux-android21 -fomit-frame-pointer -march=armv8-a -fPIC -shared -L/app/.buildozer/android/platform/build-arm64-v8a/build/libs_collections/neshrblek/arm64-v8a -L/app/.buildozer/android/platform/build-arm64-v8a/build/other_builds/python3/arm64-v8a__ndk_target_21/python3/android-build -lpython3.14 -L/app/.buildozer/android/platform/build-arm64-v8a/build/libs_collections/neshrblek/arm64-v8a -L/app/.buildozer/android/platform/build-arm64-v8a/build/libs_collections/neshrblek -L/app/.buildozer/android/platform/build-arm64-v8a/build/bootstrap_builds/sdl2/obj/local/arm64-v8a -target aarch64-linux-android21 -fomit-frame-pointer -march=armv8-a -fPIC -I/app/.buildozer/android/platform/build-arm64-v8a/build/other_builds/python3/arm64-v8a__ndk_target_21/python3/android-build/android-root/include/python3.14 -DANDROID -I/app/.buildozer/android/platform/android-ndk-r25b/toolchains/llvm/prebuilt/linux-x86_64/sysroot/usr/include -I/app/.buildozer/android/platform/build-arm64-v8a/build/other_builds/python3/arm64-v8a__ndk_target_21/python3/android-build/android-root/include/python3.14 build/temp.linux-x86_64-cpython-314/app/.buildozer/android/platform/build-arm64-v8a/build/other_builds/kivy-sdl2/arm64-v8a__ndk_target_21/kivy/kivy/_event.o -o build/lib.linux-x86_64-cpython-314/kivy/_event.cpython-314-x86_64-linux-gnu.so -lm
[1m[90m[DEBUG][39m[0m:   	Compiling /app/.buildozer/android/platform/build-arm64-v8a/build/other_builds/kivy-sdl2/arm64-v8a__ndk_target_21/kivy/kivy/graphics/context.pyx because it depends on /tmp/build-env-4zgabtq8/lib/python3.14/site-packages/Cython/Includes/libc/string.pxd.
[1m[90m[DEBUG][39m[0m:   	[1/1] Cythonizing /app/.buildozer/android/platform/build-arm64-v8a/build/other_builds/kivy-sdl2/arm64-v8a__ndk_target_21/kivy/kivy/graphics/context.pyx
[1m[90m[DEBUG][39m[0m:   	Compiling /app/.buildozer/android/platform/build-arm64-v8a/build/other_builds/kivy-sdl2/arm64-v8a__ndk_target_21/kivy/kivy/graphics/context_instructions.pyx because it depends on /tmp/build-env-4zgabtq8/lib/python3.14/site-packages/Cython/Includes/libc/string.pxd.
[1m[90m[DEBUG][39m[0m:   	[1/1] Cythonizing /app/.buildozer/android/platform/build-arm64-v8a/build/other_builds/kivy-sdl2/arm64-v8a__ndk_target_21/kivy/kivy/graphics/context_instructions.pyx
[1m[90m[DEBUG][39m[0m:   	 warning: kivy/graphics/instructions.pxd:30:4: The 'IF' statement is deprecated and will be removed in a future Cython version. Consider using runtime conditions or C macros instead. See https://github.com/cython/cython/issues/4310
[1m[90m[DEBUG][39m[0m:   	[INFO   ] /usr/bin/ccache /app/.buildozer/android/platform/android-ndk-r25b/toolchains/llvm/prebuilt/linux-x86_64/bin/clang -target aarch64-linux-android21 -fomit-frame-pointer -march=armv8-a -fPIC -shared -L/app/.buildozer/android/platform/build-arm64-v8a/build/libs_collections/neshrblek/arm64-v8a -L/app/.buildozer/android/platform/build-arm64-v8a/build/other_builds/python3/arm64-v8a__ndk_target_21/python3/android-build -lpython3.14 -L/app/.buildozer/android/platform/build-arm64-v8a/build/libs_collections/neshrblek/arm64-v8a -L/app/.buildozer/android/platform/build-arm64-v8a/build/libs_collections/neshrblek -L/app/.buildozer/android/platform/build-arm64-v8a/build/bootstrap_builds/sdl2/obj/local/arm64-v8a -target aarch64-linux-android21 -fomit-frame-pointer -march=armv8-a -fPIC -I/app/.buildozer/android/platform/build-arm64-v8a/build/other_builds/python3/arm64-v8a__ndk_target_21/python3/android-build/android-root/include/python3.14 -DANDROID -I/app/.buildozer/android/platform/android-ndk-r25b/toolchains/llvm/prebuilt/linux-x86_64/sysroot/usr/include -I/app/.buildozer/android/platform/build-arm64-v8a/build/other_builds/python3/arm64-v8a__ndk_target_21/python3/android-build/android-root/include/python3.14 build/temp.linux-x86_64-cpython-314/app/.buildozer/android/platform/build-arm64-v8a/build/other_builds/kivy-sdl2/arm64-v8a__ndk_target_21/kivy/kivy/properties.o -o build/lib.linux-x86_64-cpython-314/kivy/properties.cpython-314-x86_64-linux-gnu.so -lm
[1m[90m[DEBUG][39m[0m:   	 warning: kivy/graphics/instructions.pxd:30:4: The 'IF' statement is deprecated and will be removed in a future Cython version. Consider using runtime conditions or C macros instead. See https://github.com/cython/cython/issues/4310
[1m[90m[DEBUG][39m[0m:   	[INFO   ] building 'kivy.graphics.compiler' extension
[1m[90m[DEBUG][39m[0m:   	[INFO   ] /usr/bin/ccache /app/.buildozer/android/platform/android-ndk-r25b/toolchains/llvm/prebuilt/linux-x86_64/bin/clang -target aarch64-linux-android21 -fomit-frame-pointer -march=armv8-a -fPIC -fno-strict-overflow -Wsign-compare -DNDEBUG -g -O3 -Wall -target aarch64-linux-android21 -fomit-frame-pointer -march=armv8-a -fPIC -I/app/.buildozer/android/platform/build-arm64-v8a/build/other_builds/python3/arm64-v8a__ndk_target_21/python3/android-build/android-root/include/python3.14 -DANDROID -I/app/.buildozer/android/platform/android-ndk-r25b/toolchains/llvm/prebuilt/linux-x86_64/sysroot/usr/include -I/app/.buildozer/android/platform/build-arm64-v8a/build/other_builds/python3/arm64-v8a__ndk_target_21/python3/android-build/android-root/include/python3.14 -fPIC -I/app/.buildozer/android/platform/build-arm64-v8a/build/other_builds/kivy-sdl2/arm64-v8a__ndk_target_21/kivy/kivy/include -I/app/.buildozer/android/platform/build-arm64-v8a/build/other_builds/kivy-sdl2/arm64-v8a__ndk_target_21/kivy/kivy/include -I/tmp/build-env-4zgabtq8/include -I/app/.buildozer/android/platform/build-arm64-v8a/build/other_builds/hostpython3/desktop/hostpython3/native-build/root/usr/local/include/python3.14 -c /app/.buildozer/android/platform/build-arm64-v8a/build/other_builds/kivy-sdl2/arm64-v8a__ndk_target_21/kivy/kivy/graphics/compiler.c -o build/temp.linux-x86_64-cpython-314/app/.buildozer/android/platform/build-arm64-v8a/build/other_builds/kivy-sdl2/arm64-v8a__ndk_target_21/kivy/kivy/graphics/compiler.o
[1m[90m[DEBUG][39m[0m:   	[INFO   ] building 'kivy.graphics.context_instructions' extension
[1m[90m[DEBUG][39m[0m:   	[INFO   ] /usr/bin/ccache /app/.buildozer/android/platform/android-ndk-r25b/toolchains/llvm/prebuilt/linux-x86_64/bin/clang -target aarch64-linux-android21 -fomit-frame-pointer -march=armv8-a -fPIC -fno-strict-overflow -Wsign-compare -DNDEBUG -g -O3 -Wall -target aarch64-linux-android21 -fomit-frame-pointer -march=armv8-a -fPIC -I/app/.buildozer/android/platform/build-arm64-v8a/build/other_builds/python3/arm64-v8a__ndk_target_21/python3/android-build/android-root/include/python3.14 -DANDROID -I/app/.buildozer/android/platform/android-ndk-r25b/toolchains/llvm/prebuilt/linux-x86_64/sysroot/usr/include -I/app/.buildozer/android/platform/build-arm64-v8a/build/other_builds/python3/arm64-v8a__ndk_target_21/python3/android-build/android-root/include/python3.14 -fPIC -I/app/.buildozer/android/platform/build-arm64-v8a/build/other_builds/kivy-sdl2/arm64-v8a__ndk_target_21/kivy/kivy/include -I/app/.buildozer/android/platform/build-arm64-v8a/build/other_builds/kivy-sdl2/arm64-v8a__ndk_target_21/kivy/kivy/include -I/tmp/build-env-4zgabtq8/include -I/app/.buildozer/android/platform/build-arm64-v8a/build/other_builds/hostpython3/desktop/hostpython3/native-build/root/usr/local/include/python3.14 -c /app/.buildozer/android/platform/build-arm64-v8a/build/other_builds/kivy-sdl2/arm64-v8a__ndk_target_21/kivy/kivy/graphics/context_instructions.c -o build/temp.linux-x86_64-cpython-314/app/.buildozer/android/platform/build-arm64-v8a/build/other_builds/kivy-sdl2/arm64-v8a__ndk_target_21/kivy/kivy/graphics/context_instructions.o
[1m[90m[DEBUG][39m[0m:   	Compiling /app/.buildozer/android/platform/build-arm64-v8a/build/other_builds/kivy-sdl2/arm64-v8a__ndk_target_21/kivy/kivy/graphics/fbo.pyx because it depends on /tmp/build-env-4zgabtq8/lib/python3.14/site-packages/Cython/Includes/libc/string.pxd.
[1m[90m[DEBUG][39m[0m:   	[1/1] Cythonizing /app/.buildozer/android/platform/build-arm64-v8a/build/other_builds/kivy-sdl2/arm64-v8a__ndk_target_21/kivy/kivy/graphics/fbo.pyx
[1m[90m[DEBUG][39m[0m:   	[INFO   ] /usr/bin/ccache /app/.buildozer/android/platform/android-ndk-r25b/toolchains/llvm/prebuilt/linux-x86_64/bin/clang -target aarch64-linux-android21 -fomit-frame-pointer -march=armv8-a -fPIC -shared -L/app/.buildozer/android/platform/build-arm64-v8a/build/libs_collections/neshrblek/arm64-v8a -L/app/.buildozer/android/platform/build-arm64-v8a/build/other_builds/python3/arm64-v8a__ndk_target_21/python3/android-build -lpython3.14 -L/app/.buildozer/android/platform/build-arm64-v8a/build/libs_collections/neshrblek/arm64-v8a -L/app/.buildozer/android/platform/build-arm64-v8a/build/libs_collections/neshrblek -L/app/.buildozer/android/platform/build-arm64-v8a/build/bootstrap_builds/sdl2/obj/local/arm64-v8a -target aarch64-linux-android21 -fomit-frame-pointer -march=armv8-a -fPIC -I/app/.buildozer/android/platform/build-arm64-v8a/build/other_builds/python3/arm64-v8a__ndk_target_21/python3/android-build/android-root/include/python3.14 -DANDROID -I/app/.buildozer/android/platform/android-ndk-r25b/toolchains/llvm/prebuilt/linux-x86_64/sysroot/usr/include -I/app/.buildozer/android/platform/build-arm64-v8a/build/other_builds/python3/arm64-v8a__ndk_target_21/python3/android-build/android-root/include/python3.14 build/temp.linux-x86_64-cpython-314/app/.buildozer/android/platform/build-arm64-v8a/build/other_builds/kivy-sdl2/arm64-v8a__ndk_target_21/kivy/kivy/graphics/compiler.o -o build/lib.linux-x86_64-cpython-314/kivy/graphics/compiler.cpython-314-x86_64-linux-gnu.so -lm
[1m[90m[DEBUG][39m[0m:   	 warning: kivy/graphics/instructions.pxd:30:4: The 'IF' statement is deprecated and will be removed in a future Cython version. Consider using runtime conditions or C macros instead. See https://github.com/cython/cython/issues/4310
[1m[90m[DEBUG][39m[0m:   	[INFO   ] building 'kivy.graphics.context' extension
[1m[90m[DEBUG][39m[0m:   	[INFO   ] /usr/bin/ccache /app/.buildozer/android/platform/android-ndk-r25b/toolchains/llvm/prebuilt/linux-x86_64/bin/clang -target aarch64-linux-android21 -fomit-frame-pointer -march=armv8-a -fPIC -fno-strict-overflow -Wsign-compare -DNDEBUG -g -O3 -Wall -target aarch64-linux-android21 -fomit-frame-pointer -march=armv8-a -fPIC -I/app/.buildozer/android/platform/build-arm64-v8a/build/other_builds/python3/arm64-v8a__ndk_target_21/python3/android-build/android-root/include/python3.14 -DANDROID -I/app/.buildozer/android/platform/android-ndk-r25b/toolchains/llvm/prebuilt/linux-x86_64/sysroot/usr/include -I/app/.buildozer/android/platform/build-arm64-v8a/build/other_builds/python3/arm64-v8a__ndk_target_21/python3/android-build/android-root/include/python3.14 -fPIC -I/app/.buildozer/android/platform/build-arm64-v8a/build/other_builds/kivy-sdl2/arm64-v8a__ndk_target_21/kivy/kivy/include -I/app/.buildozer/android/platform/build-arm64-v8a/build/other_builds/kivy-sdl2/arm64-v8a__ndk_target_21/kivy/kivy/include -I/tmp/build-env-4zgabtq8/include -I/app/.buildozer/android/platform/build-arm64-v8a/build/other_builds/hostpython3/desktop/hostpython3/native-build/root/usr/local/include/python3.14 -c /app/.buildozer/android/platform/build-arm64-v8a/build/other_builds/kivy-sdl2/arm64-v8a__ndk_target_21/kivy/kivy/graphics/context.c -o build/temp.linux-x86_64-cpython-314/app/.buildozer/android/platform/build-arm64-v8a/build/other_builds/kivy-sdl2/arm64-v8a__ndk_target_21/kivy/kivy/graphics/context.o
[1m[90m[DEBUG][39m[0m:   	Compiling /app/.buildozer/android/platform/build-arm64-v8a/build/other_builds/kivy-sdl2/arm64-v8a__ndk_target_21/kivy/kivy/graphics/gl_instructions.pyx because it depends on /tmp/build-env-4zgabtq8/lib/python3.14/site-packages/Cython/Includes/libc/string.pxd.
[1m[90m[DEBUG][39m[0m:   	[1/1] Cythonizing /app/.buildozer/android/platform/build-arm64-v8a/build/other_builds/kivy-sdl2/arm64-v8a__ndk_target_21/kivy/kivy/graphics/gl_instructions.pyx
[1m[90m[DEBUG][39m[0m:   	 warning: kivy/graphics/instructions.pxd:30:4: The 'IF' statement is deprecated and will be removed in a future Cython version. Consider using runtime conditions or C macros instead. See https://github.com/cython/cython/issues/4310
[1m[90m[DEBUG][39m[0m:   	[INFO   ] building 'kivy.graphics.fbo' extension
[1m[90m[DEBUG][39m[0m:   	[INFO   ] /usr/bin/ccache /app/.buildozer/android/platform/android-ndk-r25b/toolchains/llvm/prebuilt/linux-x86_64/bin/clang -target aarch64-linux-android21 -fomit-frame-pointer -march=armv8-a -fPIC -fno-strict-overflow -Wsign-compare -DNDEBUG -g -O3 -Wall -target aarch64-linux-android21 -fomit-frame-pointer -march=armv8-a -fPIC -I/app/.buildozer/android/platform/build-arm64-v8a/build/other_builds/python3/arm64-v8a__ndk_target_21/python3/android-build/android-root/include/python3.14 -DANDROID -I/app/.buildozer/android/platform/android-ndk-r25b/toolchains/llvm/prebuilt/linux-x86_64/sysroot/usr/include -I/app/.buildozer/android/platform/build-arm64-v8a/build/other_builds/python3/arm64-v8a__ndk_target_21/python3/android-build/android-root/include/python3.14 -fPIC -I/app/.buildozer/android/platform/build-arm64-v8a/build/other_builds/kivy-sdl2/arm64-v8a__ndk_target_21/kivy/kivy/include -I/app/.buildozer/android/platform/build-arm64-v8a/build/other_builds/kivy-sdl2/arm64-v8a__ndk_target_21/kivy/kivy/include -I/tmp/build-env-4zgabtq8/include -I/app/.buildozer/android/platform/build-arm64-v8a/build/other_builds/hostpython3/desktop/hostpython3/native-build/root/usr/local/include/python3.14 -c /app/.buildozer/android/platform/build-arm64-v8a/build/other_builds/kivy-sdl2/arm64-v8a__ndk_target_21/kivy/kivy/graphics/fbo.c -o build/temp.linux-x86_64-cpython-314/app/.buildozer/android/platform/build-arm64-v8a/build/other_builds/kivy-sdl2/arm64-v8a__ndk_target_21/kivy/kivy/graphics/fbo.o
[1m[90m[DEBUG][39m[0m:   	[INFO   ] building 'kivy.graphics.gl_instructions' extension
[1m[90m[DEBUG][39m[0m:   	[INFO   ] /usr/bin/ccache /app/.buildozer/android/platform/android-ndk-r25b/toolchains/llvm/prebuilt/linux-x86_64/bin/clang -target aarch64-linux-android21 -fomit-frame-pointer -march=armv8-a -fPIC -fno-strict-overflow -Wsign-compare -DNDEBUG -g -O3 -Wall -target aarch64-linux-android21 -fomit-frame-pointer -march=armv8-a -fPIC -I/app/.buildozer/android/platform/build-arm64-v8a/build/other_builds/python3/arm64-v8a__ndk_target_21/python3/android-build/android-root/include/python3.14 -DANDROID -I/app/.buildozer/android/platform/android-ndk-r25b/toolchains/llvm/prebuilt/linux-x86_64/sysroot/usr/include -I/app/.buildozer/android/platform/build-arm64-v8a/build/other_builds/python3/arm64-v8a__ndk_target_21/python3/android-build/android-root/include/python3.14 -fPIC -I/app/.buildozer/android/platform/build-arm64-v8a/build/other_builds/kivy-sdl2/arm64-v8a__ndk_target_21/kivy/kivy/include -I/app/.buildozer/android/platform/build-arm64-v8a/build/other_builds/kivy-sdl2/arm64-v8a__ndk_target_21/kivy/kivy/include -I/tmp/build-env-4zgabtq8/include -I/app/.buildozer/android/platform/build-arm64-v8a/build/other_builds/hostpython3/desktop/hostpython3/native-build/root/usr/local/include/python3.14 -c /app/.buildozer/android/platform/build-arm64-v8a/build/other_builds/kivy-sdl2/arm64-v8a__ndk_target_21/kivy/kivy/graphics/gl_instructions.c -o build/temp.linux-x86_64-cpython-314/app/.buildozer/android/platform/build-arm64-v8a/build/other_builds/kivy-sdl2/arm64-v8a__ndk_target_21/kivy/kivy/graphics/gl_instructions.o
[1m[90m[DEBUG][39m[0m:   	[INFO   ] /usr/bin/ccache /app/.buildozer/android/platform/android-ndk-r25b/toolchains/llvm/prebuilt/linux-x86_64/bin/clang -target aarch64-linux-android21 -fomit-frame-pointer -march=armv8-a -fPIC -shared -L/app/.buildozer/android/platform/build-arm64-v8a/build/libs_collections/neshrblek/arm64-v8a -L/app/.buildozer/android/platform/build-arm64-v8a/build/other_builds/python3/arm64-v8a__ndk_target_21/python3/android-build -lpython3.14 -L/app/.buildozer/android/platform/build-arm64-v8a/build/libs_collections/neshrblek/arm64-v8a -L/app/.buildozer/android/platform/build-arm64-v8a/build/libs_collections/neshrblek -L/app/.buildozer/android/platform/build-arm64-v8a/build/bootstrap_builds/sdl2/obj/local/arm64-v8a -target aarch64-linux-android21 -fomit-frame-pointer -march=armv8-a -fPIC -I/app/.buildozer/android/platform/build-arm64-v8a/build/other_builds/python3/arm64-v8a__ndk_target_21/python3/android-build/android-root/include/python3.14 -DANDROID -I/app/.buildozer/android/platform/android-ndk-r25b/toolchains/llvm/prebuilt/linux-x86_64/sysroot/usr/include -I/app/.buildozer/android/platform/build-arm64-v8a/build/other_builds/python3/arm64-v8a__ndk_target_21/python3/android-build/android-root/include/python3.14 build/temp.linux-x86_64-cpython-314/app/.buildozer/android/platform/build-arm64-v8a/build/other_builds/kivy-sdl2/arm64-v8a__ndk_target_21/kivy/kivy/graphics/gl_instructions.o -o build/lib.linux-x86_64-cpython-314/kivy/graphics/gl_instructions.cpython-314-x86_64-linux-gnu.so -lm
[1m[90m[DEBUG][39m[0m:   	Compiling /app/.buildozer/android/platform/build-arm64-v8a/build/other_builds/kivy-sdl2/arm64-v8a__ndk_target_21/kivy/kivy/graphics/instructions.pyx because it depends on /tmp/build-env-4zgabtq8/lib/python3.14/site-packages/Cython/Includes/libc/string.pxd.
[1m[90m[DEBUG][39m[0m:   	[1/1] Cythonizing /app/.buildozer/android/platform/build-arm64-v8a/build/other_builds/kivy-sdl2/arm64-v8a__ndk_target_21/kivy/kivy/graphics/instructions.pyx
[1m[90m[DEBUG][39m[0m:   	 warning: kivy/graphics/instructions.pxd:30:4: The 'IF' statement is deprecated and will be removed in a future Cython version. Consider using runtime conditions or C macros instead. See https://github.com/cython/cython/issues/4310
[1m[90m[DEBUG][39m[0m:   	 warning: kivy/graphics/instructions.pyx:70:4: The 'IF' statement is deprecated and will be removed in a future Cython version. Consider using runtime conditions or C macros instead. See https://github.com/cython/cython/issues/4310
[1m[90m[DEBUG][39m[0m:   	 warning: kivy/graphics/common.pxi:9:4: 'const_char_ptr' redeclared
[1m[90m[DEBUG][39m[0m:   	 warning: kivy/graphics/common.pxi:23:4: 'size_t' redeclared
[1m[90m[DEBUG][39m[0m:   	/app/.buildozer/android/platform/build-arm64-v8a/build/other_builds/kivy-sdl2/arm64-v8a__ndk_target_21/kivy/kivy/graphics/context.c:5200:9: warning: 'Py_UNICODE' is deprecated [-Wdeprecated-declarations]
[1m[90m[DEBUG][39m[0m:   	 5200 |         Py_UNICODE *as_pyunicodes;
[1m[90m[DEBUG][39m[0m:   	      |         ^
[1m[90m[DEBUG][39m[0m:   	/app/.buildozer/android/platform/build-arm64-v8a/build/other_builds/python3/arm64-v8a__ndk_target_21/python3/android-build/android-root/include/python3.14/cpython/unicodeobject.h:10:1: note: 'Py_UNICODE' has been explicitly marked deprecated here
[1m[90m[DEBUG][39m[0m:   	   10 | Py_DEPRECATED(3.13) typedef wchar_t Py_UNICODE;
[1m[90m[DEBUG][39m[0m:   	      | ^
[1m[90m[DEBUG][39m[0m:   	/app/.buildozer/android/platform/build-arm64-v8a/build/other_builds/python3/arm64-v8a__ndk_target_21/python3/android-build/android-root/include/python3.14/pyport.h:281:54: note: expanded from macro 'Py_DEPRECATED'
[1m[90m[DEBUG][39m[0m:   	  281 | #define Py_DEPRECATED(VERSION_UNUSED) __attribute__((__deprecated__))
[1m[90m[DEBUG][39m[0m:   	      |                                                      ^
[1m[90m[DEBUG][39m[0m:   	1 warning generated.
[1m[90m[DEBUG][39m[0m:   	[INFO   ] /usr/bin/ccache /app/.buildozer/android/platform/android-ndk-r25b/toolchains/llvm/prebuilt/linux-x86_64/bin/clang -target aarch64-linux-android21 -fomit-frame-pointer -march=armv8-a -fPIC -shared -L/app/.buildozer/android/platform/build-arm64-v8a/build/libs_collections/neshrblek/arm64-v8a -L/app/.buildozer/android/platform/build-arm64-v8a/build/other_builds/python3/arm64-v8a__ndk_target_21/python3/android-build -lpython3.14 -L/app/.buildozer/android/platform/build-arm64-v8a/build/libs_collections/neshrblek/arm64-v8a -L/app/.buildozer/android/platform/build-arm64-v8a/build/libs_collections/neshrblek -L/app/.buildozer/android/platform/build-arm64-v8a/build/bootstrap_builds/sdl2/obj/local/arm64-v8a -target aarch64-linux-android21 -fomit-frame-pointer -march=armv8-a -fPIC -I/app/.buildozer/android/platform/build-arm64-v8a/build/other_builds/python3/arm64-v8a__ndk_target_21/python3/android-build/android-root/include/python3.14 -DANDROID -I/app/.buildozer/android/platform/android-ndk-r25b/toolchains/llvm/prebuilt/linux-x86_64/sysroot/usr/include -I/app/.buildozer/android/platform/build-arm64-v8a/build/other_builds/python3/arm64-v8a__ndk_target_21/python3/android-build/android-root/include/python3.14 build/temp.linux-x86_64-cpython-314/app/.buildozer/android/platform/build-arm64-v8a/build/other_builds/kivy-sdl2/arm64-v8a__ndk_target_21/kivy/kivy/graphics/context.o -o build/lib.linux-x86_64-cpython-314/kivy/graphics/context.cpython-314-x86_64-linux-gnu.so -lm
[1m[90m[DEBUG][39m[0m:   	Compiling /app/.buildozer/android/platform/build-arm64-v8a/build/other_builds/kivy-sdl2/arm64-v8a__ndk_target_21/kivy/kivy/graphics/shader.pyx because it depends on /tmp/build-env-4zgabtq8/lib/python3.14/site-packages/Cython/Includes/libc/string.pxd.
[1m[90m[DEBUG][39m[0m:   	[1/1] Cythonizing /app/.buildozer/android/platform/build-arm64-v8a/build/other_builds/kivy-sdl2/arm64-v8a__ndk_target_21/kivy/kivy/graphics/shader.pyx
[1m[90m[DEBUG][39m[0m:   	[INFO   ] /usr/bin/ccache /app/.buildozer/android/platform/android-ndk-r25b/toolchains/llvm/prebuilt/linux-x86_64/bin/clang -target aarch64-linux-android21 -fomit-frame-pointer -march=armv8-a -fPIC -shared -L/app/.buildozer/android/platform/build-arm64-v8a/build/libs_collections/neshrblek/arm64-v8a -L/app/.buildozer/android/platform/build-arm64-v8a/build/other_builds/python3/arm64-v8a__ndk_target_21/python3/android-build -lpython3.14 -L/app/.buildozer/android/platform/build-arm64-v8a/build/libs_collections/neshrblek/arm64-v8a -L/app/.buildozer/android/platform/build-arm64-v8a/build/libs_collections/neshrblek -L/app/.buildozer/android/platform/build-arm64-v8a/build/bootstrap_builds/sdl2/obj/local/arm64-v8a -target aarch64-linux-android21 -fomit-frame-pointer -march=armv8-a -fPIC -I/app/.buildozer/android/platform/build-arm64-v8a/build/other_builds/python3/arm64-v8a__ndk_target_21/python3/android-build/android-root/include/python3.14 -DANDROID -I/app/.buildozer/android/platform/android-ndk-r25b/toolchains/llvm/prebuilt/linux-x86_64/sysroot/usr/include -I/app/.buildozer/android/platform/build-arm64-v8a/build/other_builds/python3/arm64-v8a__ndk_target_21/python3/android-build/android-root/include/python3.14 build/temp.linux-x86_64-cpython-314/app/.buildozer/android/platform/build-arm64-v8a/build/other_builds/kivy-sdl2/arm64-v8a__ndk_target_21/kivy/kivy/graphics/fbo.o -o build/lib.linux-x86_64-cpython-314/kivy/graphics/fbo.cpython-314-x86_64-linux-gnu.so -lm
[1m[90m[DEBUG][39m[0m:   	[INFO   ] building 'kivy.graphics.instructions' extension
[1m[90m[DEBUG][39m[0m:   	[INFO   ] /usr/bin/ccache /app/.buildozer/android/platform/android-ndk-r25b/toolchains/llvm/prebuilt/linux-x86_64/bin/clang -target aarch64-linux-android21 -fomit-frame-pointer -march=armv8-a -fPIC -fno-strict-overflow -Wsign-compare -DNDEBUG -g -O3 -Wall -target aarch64-linux-android21 -fomit-frame-pointer -march=armv8-a -fPIC -I/app/.buildozer/android/platform/build-arm64-v8a/build/other_builds/python3/arm64-v8a__ndk_target_21/python3/android-build/android-root/include/python3.14 -DANDROID -I/app/.buildozer/android/platform/android-ndk-r25b/toolchains/llvm/prebuilt/linux-x86_64/sysroot/usr/include -I/app/.buildozer/android/platform/build-arm64-v8a/build/other_builds/python3/arm64-v8a__ndk_target_21/python3/android-build/android-root/include/python3.14 -fPIC -I/app/.buildozer/android/platform/build-arm64-v8a/build/other_builds/kivy-sdl2/arm64-v8a__ndk_target_21/kivy/kivy/include -I/app/.buildozer/android/platform/build-arm64-v8a/build/other_builds/kivy-sdl2/arm64-v8a__ndk_target_21/kivy/kivy/include -I/tmp/build-env-4zgabtq8/include -I/app/.buildozer/android/platform/build-arm64-v8a/build/other_builds/hostpython3/desktop/hostpython3/native-build/root/usr/local/include/python3.14 -c /app/.buildozer/android/platform/build-arm64-v8a/build/other_builds/kivy-sdl2/arm64-v8a__ndk_target_21/kivy/kivy/graphics/instructions.c -o build/temp.linux-x86_64-cpython-314/app/.buildozer/android/platform/build-arm64-v8a/build/other_builds/kivy-sdl2/arm64-v8a__ndk_target_21/kivy/kivy/graphics/instructions.o
[1m[90m[DEBUG][39m[0m:   	 warning: kivy/graphics/instructions.pxd:30:4: The 'IF' statement is deprecated and will be removed in a future Cython version. Consider using runtime conditions or C macros instead. See https://github.com/cython/cython/issues/4310
[1m[90m[DEBUG][39m[0m:   	Compiling /app/.buildozer/android/platform/build-arm64-v8a/build/other_builds/kivy-sdl2/arm64-v8a__ndk_target_21/kivy/kivy/graphics/stencil_instructions.pyx because it depends on /tmp/build-env-4zgabtq8/lib/python3.14/site-packages/Cython/Includes/libc/string.pxd.
[1m[90m[DEBUG][39m[0m:   	[1/1] Cythonizing /app/.buildozer/android/platform/build-arm64-v8a/build/other_builds/kivy-sdl2/arm64-v8a__ndk_target_21/kivy/kivy/graphics/stencil_instructions.pyx
[1m[90m[DEBUG][39m[0m:   	 warning: kivy/graphics/instructions.pxd:30:4: The 'IF' statement is deprecated and will be removed in a future Cython version. Consider using runtime conditions or C macros instead. See https://github.com/cython/cython/issues/4310
[1m[90m[DEBUG][39m[0m:   	[INFO   ] building 'kivy.graphics.shader' extension
[1m[90m[DEBUG][39m[0m:   	[INFO   ] /usr/bin/ccache /app/.buildozer/android/platform/android-ndk-r25b/toolchains/llvm/prebuilt/linux-x86_64/bin/clang -target aarch64-linux-android21 -fomit-frame-pointer -march=armv8-a -fPIC -fno-strict-overflow -Wsign-compare -DNDEBUG -g -O3 -Wall -target aarch64-linux-android21 -fomit-frame-pointer -march=armv8-a -fPIC -I/app/.buildozer/android/platform/build-arm64-v8a/build/other_builds/python3/arm64-v8a__ndk_target_21/python3/android-build/android-root/include/python3.14 -DANDROID -I/app/.buildozer/android/platform/android-ndk-r25b/toolchains/llvm/prebuilt/linux-x86_64/sysroot/usr/include -I/app/.buildozer/android/platform/build-arm64-v8a/build/other_builds/python3/arm64-v8a__ndk_target_21/python3/android-build/android-root/include/python3.14 -fPIC -I/app/.buildozer/android/platform/build-arm64-v8a/build/other_builds/kivy-sdl2/arm64-v8a__ndk_target_21/kivy/kivy/include -I/app/.buildozer/android/platform/build-arm64-v8a/build/other_builds/kivy-sdl2/arm64-v8a__ndk_target_21/kivy/kivy/include -I/tmp/build-env-4zgabtq8/include -I/app/.buildozer/android/platform/build-arm64-v8a/build/other_builds/hostpython3/desktop/hostpython3/native-build/root/usr/local/include/python3.14 -c /app/.buildozer/android/platform/build-arm64-v8a/build/other_builds/kivy-sdl2/arm64-v8a__ndk_target_21/kivy/kivy/graphics/shader.c -o build/temp.linux-x86_64-cpython-314/app/.buildozer/android/platform/build-arm64-v8a/build/other_builds/kivy-sdl2/arm64-v8a__ndk_target_21/kivy/kivy/graphics/shader.o
[1m[90m[DEBUG][39m[0m:   	[INFO   ] building 'kivy.graphics.stencil_instructions' extension
[1m[90m[DEBUG][39m[0m:   	[INFO   ] /usr/bin/ccache /app/.buildozer/android/platform/android-ndk-r25b/toolchains/llvm/prebuilt/linux-x86_64/bin/clang -target aarch64-linux-android21 -fomit-frame-pointer -march=armv8-a -fPIC -fno-strict-overflow -Wsign-compare -DNDEBUG -g -O3 -Wall -target aarch64-linux-android21 -fomit-frame-pointer -march=armv8-a -fPIC -I/app/.buildozer/android/platform/build-arm64-v8a/build/other_builds/python3/arm64-v8a__ndk_target_21/python3/android-build/android-root/include/python3.14 -DANDROID -I/app/.buildozer/android/platform/android-ndk-r25b/toolchains/llvm/prebuilt/linux-x86_64/sysroot/usr/include -I/app/.buildozer/android/platform/build-arm64-v8a/build/other_builds/python3/arm64-v8a__ndk_target_21/python3/android-build/android-root/include/python3.14 -fPIC -I/app/.buildozer/android/platform/build-arm64-v8a/build/other_builds/kivy-sdl2/arm64-v8a__ndk_target_21/kivy/kivy/include -I/app/.buildozer/android/platform/build-arm64-v8a/build/other_builds/kivy-sdl2/arm64-v8a__ndk_target_21/kivy/kivy/include -I/tmp/build-env-4zgabtq8/include -I/app/.buildozer/android/platform/build-arm64-v8a/build/other_builds/hostpython3/desktop/hostpython3/native-build/root/usr/local/include/python3.14 -c /app/.buildozer/android/platform/build-arm64-v8a/build/other_builds/kivy-sdl2/arm64-v8a__ndk_target_21/kivy/kivy/graphics/stencil_instructions.c -o build/temp.linux-x86_64-cpython-314/app/.buildozer/android/platform/build-arm64-v8a/build/other_builds/kivy-sdl2/arm64-v8a__ndk_target_21/kivy/kivy/graphics/stencil_instructions.o
[1m[90m[DEBUG][39m[0m:   	[INFO   ] /usr/bin/ccache /app/.buildozer/android/platform/android-ndk-r25b/toolchains/llvm/prebuilt/linux-x86_64/bin/clang -target aarch64-linux-android21 -fomit-frame-pointer -march=armv8-a -fPIC -shared -L/app/.buildozer/android/platform/build-arm64-v8a/build/libs_collections/neshrblek/arm64-v8a -L/app/.buildozer/android/platform/build-arm64-v8a/build/other_builds/python3/arm64-v8a__ndk_target_21/python3/android-build -lpython3.14 -L/app/.buildozer/android/platform/build-arm64-v8a/build/libs_collections/neshrblek/arm64-v8a -L/app/.buildozer/android/platform/build-arm64-v8a/build/libs_collections/neshrblek -L/app/.buildozer/android/platform/build-arm64-v8a/build/bootstrap_builds/sdl2/obj/local/arm64-v8a -target aarch64-linux-android21 -fomit-frame-pointer -march=armv8-a -fPIC -I/app/.buildozer/android/platform/build-arm64-v8a/build/other_builds/python3/arm64-v8a__ndk_target_21/python3/android-build/android-root/include/python3.14 -DANDROID -I/app/.buildozer/android/platform/android-ndk-r25b/toolchains/llvm/prebuilt/linux-x86_64/sysroot/usr/include -I/app/.buildozer/android/platform/build-arm64-v8a/build/other_builds/python3/arm64-v8a__ndk_target_21/python3/android-build/android-root/include/python3.14 build/temp.linux-x86_64-cpython-314/app/.buildozer/android/platform/build-arm64-v8a/build/other_builds/kivy-sdl2/arm64-v8a__ndk_target_21/kivy/kivy/graphics/context_instructions.o -o build/lib.linux-x86_64-cpython-314/kivy/graphics/context_instructions.cpython-314-x86_64-linux-gnu.so -lm
[1m[90m[DEBUG][39m[0m:   	Compiling /app/.buildozer/android/platform/build-arm64-v8a/build/other_builds/kivy-sdl2/arm64-v8a__ndk_target_21/kivy/kivy/graphics/scissor_instructions.pyx because it depends on /tmp/build-env-4zgabtq8/lib/python3.14/site-packages/Cython/Includes/libc/string.pxd.
[1m[90m[DEBUG][39m[0m:   	[1/1] Cythonizing /app/.buildozer/android/platform/build-arm64-v8a/build/other_builds/kivy-sdl2/arm64-v8a__ndk_target_21/kivy/kivy/graphics/scissor_instructions.pyx
[1m[90m[DEBUG][39m[0m:   	 warning: kivy/graphics/instructions.pxd:30:4: The 'IF' statement is deprecated and will be removed in a future Cython version. Consider using runtime conditions or C macros instead. See https://github.com/cython/cython/issues/4310
[1m[90m[DEBUG][39m[0m:   	[INFO   ] building 'kivy.graphics.scissor_instructions' extension
[1m[90m[DEBUG][39m[0m:   	[INFO   ] /usr/bin/ccache /app/.buildozer/android/platform/android-ndk-r25b/toolchains/llvm/prebuilt/linux-x86_64/bin/clang -target aarch64-linux-android21 -fomit-frame-pointer -march=armv8-a -fPIC -fno-strict-overflow -Wsign-compare -DNDEBUG -g -O3 -Wall -target aarch64-linux-android21 -fomit-frame-pointer -march=armv8-a -fPIC -I/app/.buildozer/android/platform/build-arm64-v8a/build/other_builds/python3/arm64-v8a__ndk_target_21/python3/android-build/android-root/include/python3.14 -DANDROID -I/app/.buildozer/android/platform/android-ndk-r25b/toolchains/llvm/prebuilt/linux-x86_64/sysroot/usr/include -I/app/.buildozer/android/platform/build-arm64-v8a/build/other_builds/python3/arm64-v8a__ndk_target_21/python3/android-build/android-root/include/python3.14 -fPIC -I/app/.buildozer/android/platform/build-arm64-v8a/build/other_builds/kivy-sdl2/arm64-v8a__ndk_target_21/kivy/kivy/include -I/app/.buildozer/android/platform/build-arm64-v8a/build/other_builds/kivy-sdl2/arm64-v8a__ndk_target_21/kivy/kivy/include -I/tmp/build-env-4zgabtq8/include -I/app/.buildozer/android/platform/build-arm64-v8a/build/other_builds/hostpython3/desktop/hostpython3/native-build/root/usr/local/include/python3.14 -c /app/.buildozer/android/platform/build-arm64-v8a/build/other_builds/kivy-sdl2/arm64-v8a__ndk_target_21/kivy/kivy/graphics/scissor_instructions.c -o build/temp.linux-x86_64-cpython-314/app/.buildozer/android/platform/build-arm64-v8a/build/other_builds/kivy-sdl2/arm64-v8a__ndk_target_21/kivy/kivy/graphics/scissor_instructions.o
[1m[90m[DEBUG][39m[0m:   	[INFO   ] /usr/bin/ccache /app/.buildozer/android/platform/android-ndk-r25b/toolchains/llvm/prebuilt/linux-x86_64/bin/clang -target aarch64-linux-android21 -fomit-frame-pointer -march=armv8-a -fPIC -shared -L/app/.buildozer/android/platform/build-arm64-v8a/build/libs_collections/neshrblek/arm64-v8a -L/app/.buildozer/android/platform/build-arm64-v8a/build/other_builds/python3/arm64-v8a__ndk_target_21/python3/android-build -lpython3.14 -L/app/.buildozer/android/platform/build-arm64-v8a/build/libs_collections/neshrblek/arm64-v8a -L/app/.buildozer/android/platform/build-arm64-v8a/build/libs_collections/neshrblek -L/app/.buildozer/android/platform/build-arm64-v8a/build/bootstrap_builds/sdl2/obj/local/arm64-v8a -target aarch64-linux-android21 -fomit-frame-pointer -march=armv8-a -fPIC -I/app/.buildozer/android/platform/build-arm64-v8a/build/other_builds/python3/arm64-v8a__ndk_target_21/python3/android-build/android-root/include/python3.14 -DANDROID -I/app/.buildozer/android/platform/android-ndk-r25b/toolchains/llvm/prebuilt/linux-x86_64/sysroot/usr/include -I/app/.buildozer/android/platform/build-arm64-v8a/build/other_builds/python3/arm64-v8a__ndk_target_21/python3/android-build/android-root/include/python3.14 build/temp.linux-x86_64-cpython-314/app/.buildozer/android/platform/build-arm64-v8a/build/other_builds/kivy-sdl2/arm64-v8a__ndk_target_21/kivy/kivy/graphics/stencil_instructions.o -o build/lib.linux-x86_64-cpython-314/kivy/graphics/stencil_instructions.cpython-314-x86_64-linux-gnu.so -lm
[1m[90m[DEBUG][39m[0m:   	[INFO   ] /usr/bin/ccache /app/.buildozer/android/platform/android-ndk-r25b/toolchains/llvm/prebuilt/linux-x86_64/bin/clang -target aarch64-linux-android21 -fomit-frame-pointer -march=armv8-a -fPIC -shared -L/app/.buildozer/android/platform/build-arm64-v8a/build/libs_collections/neshrblek/arm64-v8a -L/app/.buildozer/android/platform/build-arm64-v8a/build/other_builds/python3/arm64-v8a__ndk_target_21/python3/android-build -lpython3.14 -L/app/.buildozer/android/platform/build-arm64-v8a/build/libs_collections/neshrblek/arm64-v8a -L/app/.buildozer/android/platform/build-arm64-v8a/build/libs_collections/neshrblek -L/app/.buildozer/android/platform/build-arm64-v8a/build/bootstrap_builds/sdl2/obj/local/arm64-v8a -target aarch64-linux-android21 -fomit-frame-pointer -march=armv8-a -fPIC -I/app/.buildozer/android/platform/build-arm64-v8a/build/other_builds/python3/arm64-v8a__ndk_target_21/python3/android-build/android-root/include/python3.14 -DANDROID -I/app/.buildozer/android/platform/android-ndk-r25b/toolchains/llvm/prebuilt/linux-x86_64/sysroot/usr/include -I/app/.buildozer/android/platform/build-arm64-v8a/build/other_builds/python3/arm64-v8a__ndk_target_21/python3/android-build/android-root/include/python3.14 build/temp.linux-x86_64-cpython-314/app/.buildozer/android/platform/build-arm64-v8a/build/other_builds/kivy-sdl2/arm64-v8a__ndk_target_21/kivy/kivy/graphics/instructions.o -o build/lib.linux-x86_64-cpython-314/kivy/graphics/instructions.cpython-314-x86_64-linux-gnu.so -lm
[1m[90m[DEBUG][39m[0m:   	Compiling /app/.buildozer/android/platform/build-arm64-v8a/build/other_builds/kivy-sdl2/arm64-v8a__ndk_target_21/kivy/kivy/graphics/texture.pyx because it depends on /tmp/build-env-4zgabtq8/lib/python3.14/site-packages/Cython/Includes/libc/string.pxd.
[1m[90m[DEBUG][39m[0m:   	[1/1] Cythonizing /app/.buildozer/android/platform/build-arm64-v8a/build/other_builds/kivy-sdl2/arm64-v8a__ndk_target_21/kivy/kivy/graphics/texture.pyx
[1m[90m[DEBUG][39m[0m:   	[INFO   ] /usr/bin/ccache /app/.buildozer/android/platform/android-ndk-r25b/toolchains/llvm/prebuilt/linux-x86_64/bin/clang -target aarch64-linux-android21 -fomit-frame-pointer -march=armv8-a -fPIC -shared -L/app/.buildozer/android/platform/build-arm64-v8a/build/libs_collections/neshrblek/arm64-v8a -L/app/.buildozer/android/platform/build-arm64-v8a/build/other_builds/python3/arm64-v8a__ndk_target_21/python3/android-build -lpython3.14 -L/app/.buildozer/android/platform/build-arm64-v8a/build/libs_collections/neshrblek/arm64-v8a -L/app/.buildozer/android/platform/build-arm64-v8a/build/libs_collections/neshrblek -L/app/.buildozer/android/platform/build-arm64-v8a/build/bootstrap_builds/sdl2/obj/local/arm64-v8a -target aarch64-linux-android21 -fomit-frame-pointer -march=armv8-a -fPIC -I/app/.buildozer/android/platform/build-arm64-v8a/build/other_builds/python3/arm64-v8a__ndk_target_21/python3/android-build/android-root/include/python3.14 -DANDROID -I/app/.buildozer/android/platform/android-ndk-r25b/toolchains/llvm/prebuilt/linux-x86_64/sysroot/usr/include -I/app/.buildozer/android/platform/build-arm64-v8a/build/other_builds/python3/arm64-v8a__ndk_target_21/python3/android-build/android-root/include/python3.14 build/temp.linux-x86_64-cpython-314/app/.buildozer/android/platform/build-arm64-v8a/build/other_builds/kivy-sdl2/arm64-v8a__ndk_target_21/kivy/kivy/graphics/shader.o -o build/lib.linux-x86_64-cpython-314/kivy/graphics/shader.cpython-314-x86_64-linux-gnu.so -lm
[1m[90m[DEBUG][39m[0m:   	Compiling /app/.buildozer/android/platform/build-arm64-v8a/build/other_builds/kivy-sdl2/arm64-v8a__ndk_target_21/kivy/kivy/graphics/vbo.pyx because it depends on /tmp/build-env-4zgabtq8/lib/python3.14/site-packages/Cython/Includes/libc/string.pxd.
[1m[90m[DEBUG][39m[0m:   	[1/1] Cythonizing /app/.buildozer/android/platform/build-arm64-v8a/build/other_builds/kivy-sdl2/arm64-v8a__ndk_target_21/kivy/kivy/graphics/vbo.pyx
[1m[90m[DEBUG][39m[0m:   	 warning: kivy/graphics/instructions.pxd:30:4: The 'IF' statement is deprecated and will be removed in a future Cython version. Consider using runtime conditions or C macros instead. See https://github.com/cython/cython/issues/4310
[1m[90m[DEBUG][39m[0m:   	 performance hint: kivy/graphics/texture.pyx:457:5: Exception check on '_gl_prepare_pixels_upload' will always require the GIL to be acquired.
[1m[90m[DEBUG][39m[0m:   	 Possible solutions:
[1m[90m[DEBUG][39m[0m:   	 	1. Declare '_gl_prepare_pixels_upload' as 'noexcept' if you control the definition and you're sure you don't want the function to raise exceptions.
[1m[90m[DEBUG][39m[0m:   	 	2. Use an 'int' return type on '_gl_prepare_pixels_upload' to allow an error code to be returned.
[1m[90m[DEBUG][39m[0m:   	 warning: kivy/graphics/instructions.pxd:30:4: The 'IF' statement is deprecated and will be removed in a future Cython version. Consider using runtime conditions or C macros instead. See https://github.com/cython/cython/issues/4310
[1m[90m[DEBUG][39m[0m:   	[INFO   ] /usr/bin/ccache /app/.buildozer/android/platform/android-ndk-r25b/toolchains/llvm/prebuilt/linux-x86_64/bin/clang -target aarch64-linux-android21 -fomit-frame-pointer -march=armv8-a -fPIC -shared -L/app/.buildozer/android/platform/build-arm64-v8a/build/libs_collections/neshrblek/arm64-v8a -L/app/.buildozer/android/platform/build-arm64-v8a/build/other_builds/python3/arm64-v8a__ndk_target_21/python3/android-build -lpython3.14 -L/app/.buildozer/android/platform/build-arm64-v8a/build/libs_collections/neshrblek/arm64-v8a -L/app/.buildozer/android/platform/build-arm64-v8a/build/libs_collections/neshrblek -L/app/.buildozer/android/platform/build-arm64-v8a/build/bootstrap_builds/sdl2/obj/local/arm64-v8a -target aarch64-linux-android21 -fomit-frame-pointer -march=armv8-a -fPIC -I/app/.buildozer/android/platform/build-arm64-v8a/build/other_builds/python3/arm64-v8a__ndk_target_21/python3/android-build/android-root/include/python3.14 -DANDROID -I/app/.buildozer/android/platform/android-ndk-r25b/toolchains/llvm/prebuilt/linux-x86_64/sysroot/usr/include -I/app/.buildozer/android/platform/build-arm64-v8a/build/other_builds/python3/arm64-v8a__ndk_target_21/python3/android-build/android-root/include/python3.14 build/temp.linux-x86_64-cpython-314/app/.buildozer/android/platform/build-arm64-v8a/build/other_builds/kivy-sdl2/arm64-v8a__ndk_target_21/kivy/kivy/graphics/scissor_instructions.o -o build/lib.linux-x86_64-cpython-314/kivy/graphics/scissor_instructions.cpython-314-x86_64-linux-gnu.so -lm
[1m[90m[DEBUG][39m[0m:   	Compiling /app/.buildozer/android/platform/build-arm64-v8a/build/other_builds/kivy-sdl2/arm64-v8a__ndk_target_21/kivy/kivy/graphics/vertex_instructions.pyx because it depends on /tmp/build-env-4zgabtq8/lib/python3.14/site-packages/Cython/Includes/libc/string.pxd.
[1m[90m[DEBUG][39m[0m:   	[1/1] Cythonizing /app/.buildozer/android/platform/build-arm64-v8a/build/other_builds/kivy-sdl2/arm64-v8a__ndk_target_21/kivy/kivy/graphics/vertex_instructions.pyx
[1m[90m[DEBUG][39m[0m:   	[INFO   ] building 'kivy.graphics.vbo' extension
[1m[90m[DEBUG][39m[0m:   	[INFO   ] /usr/bin/ccache /app/.buildozer/android/platform/android-ndk-r25b/toolchains/llvm/prebuilt/linux-x86_64/bin/clang -target aarch64-linux-android21 -fomit-frame-pointer -march=armv8-a -fPIC -fno-strict-overflow -Wsign-compare -DNDEBUG -g -O3 -Wall -target aarch64-linux-android21 -fomit-frame-pointer -march=armv8-a -fPIC -I/app/.buildozer/android/platform/build-arm64-v8a/build/other_builds/python3/arm64-v8a__ndk_target_21/python3/android-build/android-root/include/python3.14 -DANDROID -I/app/.buildozer/android/platform/android-ndk-r25b/toolchains/llvm/prebuilt/linux-x86_64/sysroot/usr/include -I/app/.buildozer/android/platform/build-arm64-v8a/build/other_builds/python3/arm64-v8a__ndk_target_21/python3/android-build/android-root/include/python3.14 -fPIC -I/app/.buildozer/android/platform/build-arm64-v8a/build/other_builds/kivy-sdl2/arm64-v8a__ndk_target_21/kivy/kivy/include -I/app/.buildozer/android/platform/build-arm64-v8a/build/other_builds/kivy-sdl2/arm64-v8a__ndk_target_21/kivy/kivy/include -I/tmp/build-env-4zgabtq8/include -I/app/.buildozer/android/platform/build-arm64-v8a/build/other_builds/hostpython3/desktop/hostpython3/native-build/root/usr/local/include/python3.14 -c /app/.buildozer/android/platform/build-arm64-v8a/build/other_builds/kivy-sdl2/arm64-v8a__ndk_target_21/kivy/kivy/graphics/vbo.c -o build/temp.linux-x86_64-cpython-314/app/.buildozer/android/platform/build-arm64-v8a/build/other_builds/kivy-sdl2/arm64-v8a__ndk_target_21/kivy/kivy/graphics/vbo.o
[1m[90m[DEBUG][39m[0m:   	 warning: kivy/graphics/instructions.pxd:30:4: The 'IF' statement is deprecated and will be removed in a future Cython version. Consider using runtime conditions or C macros instead. See https://github.com/cython/cython/issues/4310
[1m[90m[DEBUG][39m[0m:   	 performance hint: kivy/graphics/texture.pyx:461:25: Exception check after calling 'glPixelStorei' will always require the GIL to be acquired.
[1m[90m[DEBUG][39m[0m:   	 Possible solutions:
[1m[90m[DEBUG][39m[0m:   	 	1. Declare 'glPixelStorei' as 'noexcept' if you control the definition and you're sure you don't want the function to raise exceptions.
[1m[90m[DEBUG][39m[0m:   	 	2. Use an 'int' return type on 'glPixelStorei' to allow an error code to be returned.
[1m[90m[DEBUG][39m[0m:   	 performance hint: kivy/graphics/texture.pyx:463:25: Exception check after calling 'glPixelStorei' will always require the GIL to be acquired.
[1m[90m[DEBUG][39m[0m:   	 Possible solutions:
[1m[90m[DEBUG][39m[0m:   	 	1. Declare 'glPixelStorei' as 'noexcept' if you control the definition and you're sure you don't want the function to raise exceptions.
[1m[90m[DEBUG][39m[0m:   	 	2. Use an 'int' return type on 'glPixelStorei' to allow an error code to be returned.
[1m[90m[DEBUG][39m[0m:   	 performance hint: kivy/graphics/texture.pyx:465:25: Exception check after calling 'glPixelStorei' will always require the GIL to be acquired.
[1m[90m[DEBUG][39m[0m:   	 Possible solutions:
[1m[90m[DEBUG][39m[0m:   	 	1. Declare 'glPixelStorei' as 'noexcept' if you control the definition and you're sure you don't want the function to raise exceptions.
[1m[90m[DEBUG][39m[0m:   	 	2. Use an 'int' return type on 'glPixelStorei' to allow an error code to be returned.
[1m[90m[DEBUG][39m[0m:   	 performance hint: kivy/graphics/texture.pyx:467:25: Exception check after calling 'glPixelStorei' will always require the GIL to be acquired.
[1m[90m[DEBUG][39m[0m:   	 Possible solutions:
[1m[90m[DEBUG][39m[0m:   	 	1. Declare 'glPixelStorei' as 'noexcept' if you control the definition and you're sure you don't want the function to raise exceptions.
[1m[90m[DEBUG][39m[0m:   	 	2. Use an 'int' return type on 'glPixelStorei' to allow an error code to be returned.
[1m[90m[DEBUG][39m[0m:   	 performance hint: kivy/graphics/texture.pyx:716:41: Exception check after calling '_gl_prepare_pixels_upload' will always require the GIL to be acquired.
[1m[90m[DEBUG][39m[0m:   	 Possible solutions:
[1m[90m[DEBUG][39m[0m:   	 	1. Declare '_gl_prepare_pixels_upload' as 'noexcept' if you control the definition and you're sure you don't want the function to raise exceptions.
[1m[90m[DEBUG][39m[0m:   	 	2. Use an 'int' return type on '_gl_prepare_pixels_upload' to allow an error code to be returned.
[1m[90m[DEBUG][39m[0m:   	 performance hint: kivy/graphics/texture.pyx:719:32: Exception check after calling 'glTexImage2D' will always require the GIL to be acquired.
[1m[90m[DEBUG][39m[0m:   	 Possible solutions:
[1m[90m[DEBUG][39m[0m:   	 	1. Declare 'glTexImage2D' as 'noexcept' if you control the definition and you're sure you don't want the function to raise exceptions.
[1m[90m[DEBUG][39m[0m:   	 	2. Use an 'int' return type on 'glTexImage2D' to allow an error code to be returned.
[1m[90m[DEBUG][39m[0m:   	 performance hint: kivy/graphics/texture.pyx:727:40: Exception check after calling 'glGenerateMipmap' will always require the GIL to be acquired.
[1m[90m[DEBUG][39m[0m:   	 Possible solutions:
[1m[90m[DEBUG][39m[0m:   	 	1. Declare 'glGenerateMipmap' as 'noexcept' if you control the definition and you're sure you don't want the function to raise exceptions.
[1m[90m[DEBUG][39m[0m:   	 	2. Use an 'int' return type on 'glGenerateMipmap' to allow an error code to be returned.
[1m[90m[DEBUG][39m[0m:   	 performance hint: kivy/graphics/texture.pyx:998:33: Exception check after calling 'glPixelStorei' will always require the GIL to be acquired.
[1m[90m[DEBUG][39m[0m:   	 Possible solutions:
[1m[90m[DEBUG][39m[0m:   	 	1. Declare 'glPixelStorei' as 'noexcept' if you control the definition and you're sure you don't want the function to raise exceptions.
[1m[90m[DEBUG][39m[0m:   	 	2. Use an 'int' return type on 'glPixelStorei' to allow an error code to be returned.
[1m[90m[DEBUG][39m[0m:   	 performance hint: kivy/graphics/texture.pyx:1000:37: Exception check after calling 'glPixelStorei' will always require the GIL to be acquired.
[1m[90m[DEBUG][39m[0m:   	 Possible solutions:
[1m[90m[DEBUG][39m[0m:   	 	1. Declare 'glPixelStorei' as 'noexcept' if you control the definition and you're sure you don't want the function to raise exceptions.
[1m[90m[DEBUG][39m[0m:   	 	2. Use an 'int' return type on 'glPixelStorei' to allow an error code to be returned.
[1m[90m[DEBUG][39m[0m:   	 performance hint: kivy/graphics/texture.pyx:1002:37: Exception check after calling 'glPixelStorei' will always require the GIL to be acquired.
[1m[90m[DEBUG][39m[0m:   	 Possible solutions:
[1m[90m[DEBUG][39m[0m:   	 	1. Declare 'glPixelStorei' as 'noexcept' if you control the definition and you're sure you don't want the function to raise exceptions.
[1m[90m[DEBUG][39m[0m:   	 	2. Use an 'int' return type on 'glPixelStorei' to allow an error code to be returned.
[1m[90m[DEBUG][39m[0m:   	 performance hint: kivy/graphics/texture.pyx:1003:41: Exception check after calling '_gl_prepare_pixels_upload' will always require the GIL to be acquired.
[1m[90m[DEBUG][39m[0m:   	 Possible solutions:
[1m[90m[DEBUG][39m[0m:   	 	1. Declare '_gl_prepare_pixels_upload' as 'noexcept' if you control the definition and you're sure you don't want the function to raise exceptions.
[1m[90m[DEBUG][39m[0m:   	 	2. Use an 'int' return type on '_gl_prepare_pixels_upload' to allow an error code to be returned.
[1m[90m[DEBUG][39m[0m:   	 performance hint: kivy/graphics/texture.pyx:1017:41: Exception check after calling '_gl_prepare_pixels_upload' will always require the GIL to be acquired.
[1m[90m[DEBUG][39m[0m:   	 Possible solutions:
[1m[90m[DEBUG][39m[0m:   	 	1. Declare '_gl_prepare_pixels_upload' as 'noexcept' if you control the definition and you're sure you don't want the function to raise exceptions.
[1m[90m[DEBUG][39m[0m:   	 	2. Use an 'int' return type on '_gl_prepare_pixels_upload' to allow an error code to be returned.
[1m[90m[DEBUG][39m[0m:   	 performance hint: kivy/graphics/texture.pyx:1020:33: Exception check after calling 'glPixelStorei' will always require the GIL to be acquired.
[1m[90m[DEBUG][39m[0m:   	 Possible solutions:
[1m[90m[DEBUG][39m[0m:   	 	1. Declare 'glPixelStorei' as 'noexcept' if you control the definition and you're sure you don't want the function to raise exceptions.
[1m[90m[DEBUG][39m[0m:   	 	2. Use an 'int' return type on 'glPixelStorei' to allow an error code to be returned.
[1m[90m[DEBUG][39m[0m:   	 performance hint: kivy/graphics/texture.pyx:1021:42: Exception check after calling 'glCompressedTexImage2D' will always require the GIL to be acquired.
[1m[90m[DEBUG][39m[0m:   	 Possible solutions:
[1m[90m[DEBUG][39m[0m:   	 	1. Declare 'glCompressedTexImage2D' as 'noexcept' if you control the definition and you're sure you don't want the function to raise exceptions.
[1m[90m[DEBUG][39m[0m:   	 	2. Use an 'int' return type on 'glCompressedTexImage2D' to allow an error code to be returned.
[1m[90m[DEBUG][39m[0m:   	 performance hint: kivy/graphics/texture.pyx:1024:35: Exception check after calling 'glTexSubImage2D' will always require the GIL to be acquired.
[1m[90m[DEBUG][39m[0m:   	 Possible solutions:
[1m[90m[DEBUG][39m[0m:   	 	1. Declare 'glTexSubImage2D' as 'noexcept' if you control the definition and you're sure you don't want the function to raise exceptions.
[1m[90m[DEBUG][39m[0m:   	 	2. Use an 'int' return type on 'glTexSubImage2D' to allow an error code to be returned.
[1m[90m[DEBUG][39m[0m:   	 performance hint: kivy/graphics/texture.pyx:1027:32: Exception check after calling 'glTexImage2D' will always require the GIL to be acquired.
[1m[90m[DEBUG][39m[0m:   	 Possible solutions:
[1m[90m[DEBUG][39m[0m:   	 	1. Declare 'glTexImage2D' as 'noexcept' if you control the definition and you're sure you don't want the function to raise exceptions.
[1m[90m[DEBUG][39m[0m:   	 	2. Use an 'int' return type on 'glTexImage2D' to allow an error code to be returned.
[1m[90m[DEBUG][39m[0m:   	 performance hint: kivy/graphics/texture.pyx:1031:36: Exception check after calling 'glGenerateMipmap' will always require the GIL to be acquired.
[1m[90m[DEBUG][39m[0m:   	 Possible solutions:
[1m[90m[DEBUG][39m[0m:   	 	1. Declare 'glGenerateMipmap' as 'noexcept' if you control the definition and you're sure you don't want the function to raise exceptions.
[1m[90m[DEBUG][39m[0m:   	 	2. Use an 'int' return type on 'glGenerateMipmap' to allow an error code to be returned.
[1m[90m[DEBUG][39m[0m:   	 performance hint: kivy/graphics/texture.pyx:1034:33: Exception check after calling 'glPixelStorei' will always require the GIL to be acquired.
[1m[90m[DEBUG][39m[0m:   	 Possible solutions:
[1m[90m[DEBUG][39m[0m:   	 	1. Declare 'glPixelStorei' as 'noexcept' if you control the definition and you're sure you don't want the function to raise exceptions.
[1m[90m[DEBUG][39m[0m:   	 	2. Use an 'int' return type on 'glPixelStorei' to allow an error code to be returned.
[1m[90m[DEBUG][39m[0m:   	 performance hint: kivy/graphics/texture.pyx:1036:37: Exception check after calling 'glPixelStorei' will always require the GIL to be acquired.
[1m[90m[DEBUG][39m[0m:   	 Possible solutions:
[1m[90m[DEBUG][39m[0m:   	 	1. Declare 'glPixelStorei' as 'noexcept' if you control the definition and you're sure you don't want the function to raise exceptions.
[1m[90m[DEBUG][39m[0m:   	 	2. Use an 'int' return type on 'glPixelStorei' to allow an error code to be returned.
[1m[90m[DEBUG][39m[0m:   	 performance hint: kivy/graphics/texture.pyx:1038:37: Exception check after calling 'glPixelStorei' will always require the GIL to be acquired.
[1m[90m[DEBUG][39m[0m:   	 Possible solutions:
[1m[90m[DEBUG][39m[0m:   	 	1. Declare 'glPixelStorei' as 'noexcept' if you control the definition and you're sure you don't want the function to raise exceptions.
[1m[90m[DEBUG][39m[0m:   	 	2. Use an 'int' return type on 'glPixelStorei' to allow an error code to be returned.
[1m[90m[DEBUG][39m[0m:   	[INFO   ] building 'kivy.graphics.texture' extension
[1m[90m[DEBUG][39m[0m:   	[INFO   ] /usr/bin/ccache /app/.buildozer/android/platform/android-ndk-r25b/toolchains/llvm/prebuilt/linux-x86_64/bin/clang -target aarch64-linux-android21 -fomit-frame-pointer -march=armv8-a -fPIC -fno-strict-overflow -Wsign-compare -DNDEBUG -g -O3 -Wall -target aarch64-linux-android21 -fomit-frame-pointer -march=armv8-a -fPIC -I/app/.buildozer/android/platform/build-arm64-v8a/build/other_builds/python3/arm64-v8a__ndk_target_21/python3/android-build/android-root/include/python3.14 -DANDROID -I/app/.buildozer/android/platform/android-ndk-r25b/toolchains/llvm/prebuilt/linux-x86_64/sysroot/usr/include -I/app/.buildozer/android/platform/build-arm64-v8a/build/other_builds/python3/arm64-v8a__ndk_target_21/python3/android-build/android-root/include/python3.14 -fPIC -I/app/.buildozer/android/platform/build-arm64-v8a/build/other_builds/kivy-sdl2/arm64-v8a__ndk_target_21/kivy/kivy/include -I/app/.buildozer/android/platform/build-arm64-v8a/build/other_builds/kivy-sdl2/arm64-v8a__ndk_target_21/kivy/kivy/include -I/tmp/build-env-4zgabtq8/include -I/app/.buildozer/android/platform/build-arm64-v8a/build/other_builds/hostpython3/desktop/hostpython3/native-build/root/usr/local/include/python3.14 -c /app/.buildozer/android/platform/build-arm64-v8a/build/other_builds/kivy-sdl2/arm64-v8a__ndk_target_21/kivy/kivy/graphics/texture.c -o build/temp.linux-x86_64-cpython-314/app/.buildozer/android/platform/build-arm64-v8a/build/other_builds/kivy-sdl2/arm64-v8a__ndk_target_21/kivy/kivy/graphics/texture.o
[1m[90m[DEBUG][39m[0m:   	Compiling /app/.buildozer/android/platform/build-arm64-v8a/build/other_builds/kivy-sdl2/arm64-v8a__ndk_target_21/kivy/kivy/core/window/window_info.pyx because it depends on /tmp/build-env-4zgabtq8/lib/python3.14/site-packages/Cython/Includes/libc/stdint.pxd.
[1m[90m[DEBUG][39m[0m:   	[1/1] Cythonizing /app/.buildozer/android/platform/build-arm64-v8a/build/other_builds/kivy-sdl2/arm64-v8a__ndk_target_21/kivy/kivy/core/window/window_info.pyx
[1m[90m[DEBUG][39m[0m:   	 warning: kivy/core/window/window_attrs.pxi:3:0: The 'IF' statement is deprecated and will be removed in a future Cython version. Consider using runtime conditions or C macros instead. See https://github.com/cython/cython/issues/4310
[1m[90m[DEBUG][39m[0m:   	 warning: kivy/core/window/window_attrs.pxi:14:0: The 'IF' statement is deprecated and will be removed in a future Cython version. Consider using runtime conditions or C macros instead. See https://github.com/cython/cython/issues/4310
[1m[90m[DEBUG][39m[0m:   	 warning: kivy/core/window/window_attrs.pxi:24:0: The 'IF' statement is deprecated and will be removed in a future Cython version. Consider using runtime conditions or C macros instead. See https://github.com/cython/cython/issues/4310
[1m[90m[DEBUG][39m[0m:   	 warning: kivy/core/window/window_info.pxd:5:0: The 'IF' statement is deprecated and will be removed in a future Cython version. Consider using runtime conditions or C macros instead. See https://github.com/cython/cython/issues/4310
[1m[90m[DEBUG][39m[0m:   	 warning: kivy/core/window/window_info.pxd:11:0: The 'IF' statement is deprecated and will be removed in a future Cython version. Consider using runtime conditions or C macros instead. See https://github.com/cython/cython/issues/4310
[1m[90m[DEBUG][39m[0m:   	 warning: kivy/core/window/window_info.pxd:16:0: The 'IF' statement is deprecated and will be removed in a future Cython version. Consider using runtime conditions or C macros instead. See https://github.com/cython/cython/issues/4310
[1m[90m[DEBUG][39m[0m:   	/app/.buildozer/android/platform/build-arm64-v8a/build/other_builds/kivy-sdl2/arm64-v8a__ndk_target_21/kivy/kivy/graphics/vbo.c:7306:173: warning: cast to 'GLvoid *' (aka 'void *') from smaller integer type 'unsigned int' [-Wint-to-void-pointer-cast]
[1m[90m[DEBUG][39m[0m:   	 7306 |       __pyx_v_4kivy_8graphics_3cgl_cgl->glVertexAttribPointer(__pyx_v_attr->index, __pyx_v_attr->size, __pyx_v_attr->type, GL_FALSE, ((GLsizei)__pyx_v_self->format_size), ((GLvoid *)((unsigned int)__pyx_v_offset))); if (unlikely(PyErr_Occurred())) __PYX_ERR(1, 108, __pyx_L1_error)
[1m[90m[DEBUG][39m[0m:   	      |                                                                                                                                                                             ^~~~~~~~~~~~~~~~~~~~~~~~~~~~~~~~~~~~~~~~
[1m[90m[DEBUG][39m[0m:   	1 warning generated.
[1m[90m[DEBUG][39m[0m:   	[INFO   ] /usr/bin/ccache /app/.buildozer/android/platform/android-ndk-r25b/toolchains/llvm/prebuilt/linux-x86_64/bin/clang -target aarch64-linux-android21 -fomit-frame-pointer -march=armv8-a -fPIC -shared -L/app/.buildozer/android/platform/build-arm64-v8a/build/libs_collections/neshrblek/arm64-v8a -L/app/.buildozer/android/platform/build-arm64-v8a/build/other_builds/python3/arm64-v8a__ndk_target_21/python3/android-build -lpython3.14 -L/app/.buildozer/android/platform/build-arm64-v8a/build/libs_collections/neshrblek/arm64-v8a -L/app/.buildozer/android/platform/build-arm64-v8a/build/libs_collections/neshrblek -L/app/.buildozer/android/platform/build-arm64-v8a/build/bootstrap_builds/sdl2/obj/local/arm64-v8a -target aarch64-linux-android21 -fomit-frame-pointer -march=armv8-a -fPIC -I/app/.buildozer/android/platform/build-arm64-v8a/build/other_builds/python3/arm64-v8a__ndk_target_21/python3/android-build/android-root/include/python3.14 -DANDROID -I/app/.buildozer/android/platform/android-ndk-r25b/toolchains/llvm/prebuilt/linux-x86_64/sysroot/usr/include -I/app/.buildozer/android/platform/build-arm64-v8a/build/other_builds/python3/arm64-v8a__ndk_target_21/python3/android-build/android-root/include/python3.14 build/temp.linux-x86_64-cpython-314/app/.buildozer/android/platform/build-arm64-v8a/build/other_builds/kivy-sdl2/arm64-v8a__ndk_target_21/kivy/kivy/graphics/vbo.o -o build/lib.linux-x86_64-cpython-314/kivy/graphics/vbo.cpython-314-x86_64-linux-gnu.so -lm
[1m[90m[DEBUG][39m[0m:   	 warning: kivy/core/window/window_info.pyx:3:0: The 'IF' statement is deprecated and will be removed in a future Cython version. Consider using runtime conditions or C macros instead. See https://github.com/cython/cython/issues/4310
[1m[90m[DEBUG][39m[0m:   	 warning: kivy/core/window/window_info.pyx:18:0: The 'IF' statement is deprecated and will be removed in a future Cython version. Consider using runtime conditions or C macros instead. See https://github.com/cython/cython/issues/4310
[1m[90m[DEBUG][39m[0m:   	 warning: kivy/core/window/window_info.pyx:28:0: The 'IF' statement is deprecated and will be removed in a future Cython version. Consider using runtime conditions or C macros instead. See https://github.com/cython/cython/issues/4310
[1m[90m[DEBUG][39m[0m:   	Compiling /app/.buildozer/android/platform/build-arm64-v8a/build/other_builds/kivy-sdl2/arm64-v8a__ndk_target_21/kivy/kivy/graphics/tesselator.pyx because it depends on /tmp/build-env-4zgabtq8/lib/python3.14/site-packages/Cython/Includes/libc/string.pxd.
[1m[90m[DEBUG][39m[0m:   	[INFO   ] building 'kivy.core.window.window_info' extension
[1m[90m[DEBUG][39m[0m:   	[1/1] Cythonizing /app/.buildozer/android/platform/build-arm64-v8a/build/other_builds/kivy-sdl2/arm64-v8a__ndk_target_21/kivy/kivy/graphics/tesselator.pyx
[1m[90m[DEBUG][39m[0m:   	[INFO   ] /usr/bin/ccache /app/.buildozer/android/platform/android-ndk-r25b/toolchains/llvm/prebuilt/linux-x86_64/bin/clang -target aarch64-linux-android21 -fomit-frame-pointer -march=armv8-a -fPIC -fno-strict-overflow -Wsign-compare -DNDEBUG -g -O3 -Wall -target aarch64-linux-android21 -fomit-frame-pointer -march=armv8-a -fPIC -I/app/.buildozer/android/platform/build-arm64-v8a/build/other_builds/python3/arm64-v8a__ndk_target_21/python3/android-build/android-root/include/python3.14 -DANDROID -I/app/.buildozer/android/platform/android-ndk-r25b/toolchains/llvm/prebuilt/linux-x86_64/sysroot/usr/include -I/app/.buildozer/android/platform/build-arm64-v8a/build/other_builds/python3/arm64-v8a__ndk_target_21/python3/android-build/android-root/include/python3.14 -fPIC -I/app/.buildozer/android/platform/build-arm64-v8a/build/other_builds/kivy-sdl2/arm64-v8a__ndk_target_21/kivy/kivy/include -I/tmp/build-env-4zgabtq8/include -I/app/.buildozer/android/platform/build-arm64-v8a/build/other_builds/hostpython3/desktop/hostpython3/native-build/root/usr/local/include/python3.14 -c /app/.buildozer/android/platform/build-arm64-v8a/build/other_builds/kivy-sdl2/arm64-v8a__ndk_target_21/kivy/kivy/core/window/window_info.c -o build/temp.linux-x86_64-cpython-314/app/.buildozer/android/platform/build-arm64-v8a/build/other_builds/kivy-sdl2/arm64-v8a__ndk_target_21/kivy/kivy/core/window/window_info.o
[1m[90m[DEBUG][39m[0m:   	[INFO   ] /usr/bin/ccache /app/.buildozer/android/platform/android-ndk-r25b/toolchains/llvm/prebuilt/linux-x86_64/bin/clang -target aarch64-linux-android21 -fomit-frame-pointer -march=armv8-a -fPIC -shared -L/app/.buildozer/android/platform/build-arm64-v8a/build/libs_collections/neshrblek/arm64-v8a -L/app/.buildozer/android/platform/build-arm64-v8a/build/other_builds/python3/arm64-v8a__ndk_target_21/python3/android-build -lpython3.14 -L/app/.buildozer/android/platform/build-arm64-v8a/build/libs_collections/neshrblek/arm64-v8a -L/app/.buildozer/android/platform/build-arm64-v8a/build/libs_collections/neshrblek -L/app/.buildozer/android/platform/build-arm64-v8a/build/bootstrap_builds/sdl2/obj/local/arm64-v8a -target aarch64-linux-android21 -fomit-frame-pointer -march=armv8-a -fPIC -I/app/.buildozer/android/platform/build-arm64-v8a/build/other_builds/python3/arm64-v8a__ndk_target_21/python3/android-build/android-root/include/python3.14 -DANDROID -I/app/.buildozer/android/platform/android-ndk-r25b/toolchains/llvm/prebuilt/linux-x86_64/sysroot/usr/include -I/app/.buildozer/android/platform/build-arm64-v8a/build/other_builds/python3/arm64-v8a__ndk_target_21/python3/android-build/android-root/include/python3.14 build/temp.linux-x86_64-cpython-314/app/.buildozer/android/platform/build-arm64-v8a/build/other_builds/kivy-sdl2/arm64-v8a__ndk_target_21/kivy/kivy/core/window/window_info.o -o build/lib.linux-x86_64-cpython-314/kivy/core/window/window_info.cpython-314-x86_64-linux-gnu.so -lm
[1m[90m[DEBUG][39m[0m:   	[INFO   ] building 'kivy.graphics.tesselator' extension
[1m[90m[DEBUG][39m[0m:   	[INFO   ] /usr/bin/ccache /app/.buildozer/android/platform/android-ndk-r25b/toolchains/llvm/prebuilt/linux-x86_64/bin/clang -target aarch64-linux-android21 -fomit-frame-pointer -march=armv8-a -fPIC -fno-strict-overflow -Wsign-compare -DNDEBUG -g -O3 -Wall -target aarch64-linux-android21 -fomit-frame-pointer -march=armv8-a -fPIC -I/app/.buildozer/android/platform/build-arm64-v8a/build/other_builds/python3/arm64-v8a__ndk_target_21/python3/android-build/android-root/include/python3.14 -DANDROID -I/app/.buildozer/android/platform/android-ndk-r25b/toolchains/llvm/prebuilt/linux-x86_64/sysroot/usr/include -I/app/.buildozer/android/platform/build-arm64-v8a/build/other_builds/python3/arm64-v8a__ndk_target_21/python3/android-build/android-root/include/python3.14 -fPIC -I/app/.buildozer/android/platform/build-arm64-v8a/build/other_builds/kivy-sdl2/arm64-v8a__ndk_target_21/kivy/kivy/include -Ikivy/lib/libtess2/Include -I/tmp/build-env-4zgabtq8/include -I/app/.buildozer/android/platform/build-arm64-v8a/build/other_builds/hostpython3/desktop/hostpython3/native-build/root/usr/local/include/python3.14 -c /app/.buildozer/android/platform/build-arm64-v8a/build/other_builds/kivy-sdl2/arm64-v8a__ndk_target_21/kivy/kivy/graphics/tesselator.c -o build/temp.linux-x86_64-cpython-314/app/.buildozer/android/platform/build-arm64-v8a/build/other_builds/kivy-sdl2/arm64-v8a__ndk_target_21/kivy/kivy/graphics/tesselator.o
[1m[90m[DEBUG][39m[0m:   	[INFO   ] building 'kivy.graphics.vertex_instructions' extension
[1m[90m[DEBUG][39m[0m:   	[INFO   ] /usr/bin/ccache /app/.buildozer/android/platform/android-ndk-r25b/toolchains/llvm/prebuilt/linux-x86_64/bin/clang -target aarch64-linux-android21 -fomit-frame-pointer -march=armv8-a -fPIC -fno-strict-overflow -Wsign-compare -DNDEBUG -g -O3 -Wall -target aarch64-linux-android21 -fomit-frame-pointer -march=armv8-a -fPIC -I/app/.buildozer/android/platform/build-arm64-v8a/build/other_builds/python3/arm64-v8a__ndk_target_21/python3/android-build/android-root/include/python3.14 -DANDROID -I/app/.buildozer/android/platform/android-ndk-r25b/toolchains/llvm/prebuilt/linux-x86_64/sysroot/usr/include -I/app/.buildozer/android/platform/build-arm64-v8a/build/other_builds/python3/arm64-v8a__ndk_target_21/python3/android-build/android-root/include/python3.14 -fPIC -I/app/.buildozer/android/platform/build-arm64-v8a/build/other_builds/kivy-sdl2/arm64-v8a__ndk_target_21/kivy/kivy/include -I/app/.buildozer/android/platform/build-arm64-v8a/build/other_builds/kivy-sdl2/arm64-v8a__ndk_target_21/kivy/kivy/include -I/tmp/build-env-4zgabtq8/include -I/app/.buildozer/android/platform/build-arm64-v8a/build/other_builds/hostpython3/desktop/hostpython3/native-build/root/usr/local/include/python3.14 -c /app/.buildozer/android/platform/build-arm64-v8a/build/other_builds/kivy-sdl2/arm64-v8a__ndk_target_21/kivy/kivy/graphics/vertex_instructions.c -o build/temp.linux-x86_64-cpython-314/app/.buildozer/android/platform/build-arm64-v8a/build/other_builds/kivy-sdl2/arm64-v8a__ndk_target_21/kivy/kivy/graphics/vertex_instructions.o
[1m[90m[DEBUG][39m[0m:   	Compiling /app/.buildozer/android/platform/build-arm64-v8a/build/other_builds/kivy-sdl2/arm64-v8a__ndk_target_21/kivy/kivy/graphics/svg.pyx because it depends on /tmp/build-env-4zgabtq8/lib/python3.14/site-packages/Cython/Includes/libc/string.pxd.
[1m[90m[DEBUG][39m[0m:   	[1/1] Cythonizing /app/.buildozer/android/platform/build-arm64-v8a/build/other_builds/kivy-sdl2/arm64-v8a__ndk_target_21/kivy/kivy/graphics/svg.pyx
[1m[90m[DEBUG][39m[0m:   	/app/.buildozer/android/platform/build-arm64-v8a/build/other_builds/kivy-sdl2/arm64-v8a__ndk_target_21/kivy/kivy/graphics/tesselator.c:2731:9: warning: 'Py_UNICODE' is deprecated [-Wdeprecated-declarations]
[1m[90m[DEBUG][39m[0m:   	 2731 |         Py_UNICODE *as_pyunicodes;
[1m[90m[DEBUG][39m[0m:   	      |         ^
[1m[90m[DEBUG][39m[0m:   	/app/.buildozer/android/platform/build-arm64-v8a/build/other_builds/python3/arm64-v8a__ndk_target_21/python3/android-build/android-root/include/python3.14/cpython/unicodeobject.h:10:1: note: 'Py_UNICODE' has been explicitly marked deprecated here
[1m[90m[DEBUG][39m[0m:   	   10 | Py_DEPRECATED(3.13) typedef wchar_t Py_UNICODE;
[1m[90m[DEBUG][39m[0m:   	      | ^
[1m[90m[DEBUG][39m[0m:   	/app/.buildozer/android/platform/build-arm64-v8a/build/other_builds/python3/arm64-v8a__ndk_target_21/python3/android-build/android-root/include/python3.14/pyport.h:281:54: note: expanded from macro 'Py_DEPRECATED'
[1m[90m[DEBUG][39m[0m:   	  281 | #define Py_DEPRECATED(VERSION_UNUSED) __attribute__((__deprecated__))
[1m[90m[DEBUG][39m[0m:   	      |                                                      ^
[1m[90m[DEBUG][39m[0m:   	1 warning generated.
[1m[90m[DEBUG][39m[0m:   	[INFO   ] /usr/bin/ccache /app/.buildozer/android/platform/android-ndk-r25b/toolchains/llvm/prebuilt/linux-x86_64/bin/clang -target aarch64-linux-android21 -fomit-frame-pointer -march=armv8-a -fPIC -fno-strict-overflow -Wsign-compare -DNDEBUG -g -O3 -Wall -target aarch64-linux-android21 -fomit-frame-pointer -march=armv8-a -fPIC -I/app/.buildozer/android/platform/build-arm64-v8a/build/other_builds/python3/arm64-v8a__ndk_target_21/python3/android-build/android-root/include/python3.14 -DANDROID -I/app/.buildozer/android/platform/android-ndk-r25b/toolchains/llvm/prebuilt/linux-x86_64/sysroot/usr/include -I/app/.buildozer/android/platform/build-arm64-v8a/build/other_builds/python3/arm64-v8a__ndk_target_21/python3/android-build/android-root/include/python3.14 -fPIC -I/app/.buildozer/android/platform/build-arm64-v8a/build/other_builds/kivy-sdl2/arm64-v8a__ndk_target_21/kivy/kivy/include -Ikivy/lib/libtess2/Include -I/tmp/build-env-4zgabtq8/include -I/app/.buildozer/android/platform/build-arm64-v8a/build/other_builds/hostpython3/desktop/hostpython3/native-build/root/usr/local/include/python3.14 -c /app/.buildozer/android/platform/build-arm64-v8a/build/other_builds/kivy-sdl2/arm64-v8a__ndk_target_21/kivy/kivy/lib/libtess2/Source/bucketalloc.c -o build/temp.linux-x86_64-cpython-314/app/.buildozer/android/platform/build-arm64-v8a/build/other_builds/kivy-sdl2/arm64-v8a__ndk_target_21/kivy/kivy/lib/libtess2/Source/bucketalloc.o
[1m[90m[DEBUG][39m[0m:   	[INFO   ] /usr/bin/ccache /app/.buildozer/android/platform/android-ndk-r25b/toolchains/llvm/prebuilt/linux-x86_64/bin/clang -target aarch64-linux-android21 -fomit-frame-pointer -march=armv8-a -fPIC -fno-strict-overflow -Wsign-compare -DNDEBUG -g -O3 -Wall -target aarch64-linux-android21 -fomit-frame-pointer -march=armv8-a -fPIC -I/app/.buildozer/android/platform/build-arm64-v8a/build/other_builds/python3/arm64-v8a__ndk_target_21/python3/android-build/android-root/include/python3.14 -DANDROID -I/app/.buildozer/android/platform/android-ndk-r25b/toolchains/llvm/prebuilt/linux-x86_64/sysroot/usr/include -I/app/.buildozer/android/platform/build-arm64-v8a/build/other_builds/python3/arm64-v8a__ndk_target_21/python3/android-build/android-root/include/python3.14 -fPIC -I/app/.buildozer/android/platform/build-arm64-v8a/build/other_builds/kivy-sdl2/arm64-v8a__ndk_target_21/kivy/kivy/include -Ikivy/lib/libtess2/Include -I/tmp/build-env-4zgabtq8/include -I/app/.buildozer/android/platform/build-arm64-v8a/build/other_builds/hostpython3/desktop/hostpython3/native-build/root/usr/local/include/python3.14 -c /app/.buildozer/android/platform/build-arm64-v8a/build/other_builds/kivy-sdl2/arm64-v8a__ndk_target_21/kivy/kivy/lib/libtess2/Source/dict.c -o build/temp.linux-x86_64-cpython-314/app/.buildozer/android/platform/build-arm64-v8a/build/other_builds/kivy-sdl2/arm64-v8a__ndk_target_21/kivy/kivy/lib/libtess2/Source/dict.o
[1m[90m[DEBUG][39m[0m:   	[INFO   ] /usr/bin/ccache /app/.buildozer/android/platform/android-ndk-r25b/toolchains/llvm/prebuilt/linux-x86_64/bin/clang -target aarch64-linux-android21 -fomit-frame-pointer -march=armv8-a -fPIC -fno-strict-overflow -Wsign-compare -DNDEBUG -g -O3 -Wall -target aarch64-linux-android21 -fomit-frame-pointer -march=armv8-a -fPIC -I/app/.buildozer/android/platform/build-arm64-v8a/build/other_builds/python3/arm64-v8a__ndk_target_21/python3/android-build/android-root/include/python3.14 -DANDROID -I/app/.buildozer/android/platform/android-ndk-r25b/toolchains/llvm/prebuilt/linux-x86_64/sysroot/usr/include -I/app/.buildozer/android/platform/build-arm64-v8a/build/other_builds/python3/arm64-v8a__ndk_target_21/python3/android-build/android-root/include/python3.14 -fPIC -I/app/.buildozer/android/platform/build-arm64-v8a/build/other_builds/kivy-sdl2/arm64-v8a__ndk_target_21/kivy/kivy/include -Ikivy/lib/libtess2/Include -I/tmp/build-env-4zgabtq8/include -I/app/.buildozer/android/platform/build-arm64-v8a/build/other_builds/hostpython3/desktop/hostpython3/native-build/root/usr/local/include/python3.14 -c /app/.buildozer/android/platform/build-arm64-v8a/build/other_builds/kivy-sdl2/arm64-v8a__ndk_target_21/kivy/kivy/lib/libtess2/Source/geom.c -o build/temp.linux-x86_64-cpython-314/app/.buildozer/android/platform/build-arm64-v8a/build/other_builds/kivy-sdl2/arm64-v8a__ndk_target_21/kivy/kivy/lib/libtess2/Source/geom.o
[1m[90m[DEBUG][39m[0m:   	[INFO   ] /usr/bin/ccache /app/.buildozer/android/platform/android-ndk-r25b/toolchains/llvm/prebuilt/linux-x86_64/bin/clang -target aarch64-linux-android21 -fomit-frame-pointer -march=armv8-a -fPIC -fno-strict-overflow -Wsign-compare -DNDEBUG -g -O3 -Wall -target aarch64-linux-android21 -fomit-frame-pointer -march=armv8-a -fPIC -I/app/.buildozer/android/platform/build-arm64-v8a/build/other_builds/python3/arm64-v8a__ndk_target_21/python3/android-build/android-root/include/python3.14 -DANDROID -I/app/.buildozer/android/platform/android-ndk-r25b/toolchains/llvm/prebuilt/linux-x86_64/sysroot/usr/include -I/app/.buildozer/android/platform/build-arm64-v8a/build/other_builds/python3/arm64-v8a__ndk_target_21/python3/android-build/android-root/include/python3.14 -fPIC -I/app/.buildozer/android/platform/build-arm64-v8a/build/other_builds/kivy-sdl2/arm64-v8a__ndk_target_21/kivy/kivy/include -Ikivy/lib/libtess2/Include -I/tmp/build-env-4zgabtq8/include -I/app/.buildozer/android/platform/build-arm64-v8a/build/other_builds/hostpython3/desktop/hostpython3/native-build/root/usr/local/include/python3.14 -c /app/.buildozer/android/platform/build-arm64-v8a/build/other_builds/kivy-sdl2/arm64-v8a__ndk_target_21/kivy/kivy/lib/libtess2/Source/mesh.c -o build/temp.linux-x86_64-cpython-314/app/.buildozer/android/platform/build-arm64-v8a/build/other_builds/kivy-sdl2/arm64-v8a__ndk_target_21/kivy/kivy/lib/libtess2/Source/mesh.o
[1m[90m[DEBUG][39m[0m:   	[INFO   ] /usr/bin/ccache /app/.buildozer/android/platform/android-ndk-r25b/toolchains/llvm/prebuilt/linux-x86_64/bin/clang -target aarch64-linux-android21 -fomit-frame-pointer -march=armv8-a -fPIC -fno-strict-overflow -Wsign-compare -DNDEBUG -g -O3 -Wall -target aarch64-linux-android21 -fomit-frame-pointer -march=armv8-a -fPIC -I/app/.buildozer/android/platform/build-arm64-v8a/build/other_builds/python3/arm64-v8a__ndk_target_21/python3/android-build/android-root/include/python3.14 -DANDROID -I/app/.buildozer/android/platform/android-ndk-r25b/toolchains/llvm/prebuilt/linux-x86_64/sysroot/usr/include -I/app/.buildozer/android/platform/build-arm64-v8a/build/other_builds/python3/arm64-v8a__ndk_target_21/python3/android-build/android-root/include/python3.14 -fPIC -I/app/.buildozer/android/platform/build-arm64-v8a/build/other_builds/kivy-sdl2/arm64-v8a__ndk_target_21/kivy/kivy/include -Ikivy/lib/libtess2/Include -I/tmp/build-env-4zgabtq8/include -I/app/.buildozer/android/platform/build-arm64-v8a/build/other_builds/hostpython3/desktop/hostpython3/native-build/root/usr/local/include/python3.14 -c /app/.buildozer/android/platform/build-arm64-v8a/build/other_builds/kivy-sdl2/arm64-v8a__ndk_target_21/kivy/kivy/lib/libtess2/Source/priorityq.c -o build/temp.linux-x86_64-cpython-314/app/.buildozer/android/platform/build-arm64-v8a/build/other_builds/kivy-sdl2/arm64-v8a__ndk_target_21/kivy/kivy/lib/libtess2/Source/priorityq.o
[1m[90m[DEBUG][39m[0m:   	[INFO   ] /usr/bin/ccache /app/.buildozer/android/platform/android-ndk-r25b/toolchains/llvm/prebuilt/linux-x86_64/bin/clang -target aarch64-linux-android21 -fomit-frame-pointer -march=armv8-a -fPIC -fno-strict-overflow -Wsign-compare -DNDEBUG -g -O3 -Wall -target aarch64-linux-android21 -fomit-frame-pointer -march=armv8-a -fPIC -I/app/.buildozer/android/platform/build-arm64-v8a/build/other_builds/python3/arm64-v8a__ndk_target_21/python3/android-build/android-root/include/python3.14 -DANDROID -I/app/.buildozer/android/platform/android-ndk-r25b/toolchains/llvm/prebuilt/linux-x86_64/sysroot/usr/include -I/app/.buildozer/android/platform/build-arm64-v8a/build/other_builds/python3/arm64-v8a__ndk_target_21/python3/android-build/android-root/include/python3.14 -fPIC -I/app/.buildozer/android/platform/build-arm64-v8a/build/other_builds/kivy-sdl2/arm64-v8a__ndk_target_21/kivy/kivy/include -Ikivy/lib/libtess2/Include -I/tmp/build-env-4zgabtq8/include -I/app/.buildozer/android/platform/build-arm64-v8a/build/other_builds/hostpython3/desktop/hostpython3/native-build/root/usr/local/include/python3.14 -c /app/.buildozer/android/platform/build-arm64-v8a/build/other_builds/kivy-sdl2/arm64-v8a__ndk_target_21/kivy/kivy/lib/libtess2/Source/sweep.c -o build/temp.linux-x86_64-cpython-314/app/.buildozer/android/platform/build-arm64-v8a/build/other_builds/kivy-sdl2/arm64-v8a__ndk_target_21/kivy/kivy/lib/libtess2/Source/sweep.o
[1m[90m[DEBUG][39m[0m:   	[INFO   ] /usr/bin/ccache /app/.buildozer/android/platform/android-ndk-r25b/toolchains/llvm/prebuilt/linux-x86_64/bin/clang -target aarch64-linux-android21 -fomit-frame-pointer -march=armv8-a -fPIC -fno-strict-overflow -Wsign-compare -DNDEBUG -g -O3 -Wall -target aarch64-linux-android21 -fomit-frame-pointer -march=armv8-a -fPIC -I/app/.buildozer/android/platform/build-arm64-v8a/build/other_builds/python3/arm64-v8a__ndk_target_21/python3/android-build/android-root/include/python3.14 -DANDROID -I/app/.buildozer/android/platform/android-ndk-r25b/toolchains/llvm/prebuilt/linux-x86_64/sysroot/usr/include -I/app/.buildozer/android/platform/build-arm64-v8a/build/other_builds/python3/arm64-v8a__ndk_target_21/python3/android-build/android-root/include/python3.14 -fPIC -I/app/.buildozer/android/platform/build-arm64-v8a/build/other_builds/kivy-sdl2/arm64-v8a__ndk_target_21/kivy/kivy/include -Ikivy/lib/libtess2/Include -I/tmp/build-env-4zgabtq8/include -I/app/.buildozer/android/platform/build-arm64-v8a/build/other_builds/hostpython3/desktop/hostpython3/native-build/root/usr/local/include/python3.14 -c /app/.buildozer/android/platform/build-arm64-v8a/build/other_builds/kivy-sdl2/arm64-v8a__ndk_target_21/kivy/kivy/lib/libtess2/Source/tess.c -o build/temp.linux-x86_64-cpython-314/app/.buildozer/android/platform/build-arm64-v8a/build/other_builds/kivy-sdl2/arm64-v8a__ndk_target_21/kivy/kivy/lib/libtess2/Source/tess.o
[1m[90m[DEBUG][39m[0m:   	[INFO   ] /usr/bin/ccache /app/.buildozer/android/platform/android-ndk-r25b/toolchains/llvm/prebuilt/linux-x86_64/bin/clang -target aarch64-linux-android21 -fomit-frame-pointer -march=armv8-a -fPIC -shared -L/app/.buildozer/android/platform/build-arm64-v8a/build/libs_collections/neshrblek/arm64-v8a -L/app/.buildozer/android/platform/build-arm64-v8a/build/other_builds/python3/arm64-v8a__ndk_target_21/python3/android-build -lpython3.14 -L/app/.buildozer/android/platform/build-arm64-v8a/build/libs_collections/neshrblek/arm64-v8a -L/app/.buildozer/android/platform/build-arm64-v8a/build/libs_collections/neshrblek -L/app/.buildozer/android/platform/build-arm64-v8a/build/bootstrap_builds/sdl2/obj/local/arm64-v8a -target aarch64-linux-android21 -fomit-frame-pointer -march=armv8-a -fPIC -I/app/.buildozer/android/platform/build-arm64-v8a/build/other_builds/python3/arm64-v8a__ndk_target_21/python3/android-build/android-root/include/python3.14 -DANDROID -I/app/.buildozer/android/platform/android-ndk-r25b/toolchains/llvm/prebuilt/linux-x86_64/sysroot/usr/include -I/app/.buildozer/android/platform/build-arm64-v8a/build/other_builds/python3/arm64-v8a__ndk_target_21/python3/android-build/android-root/include/python3.14 build/temp.linux-x86_64-cpython-314/app/.buildozer/android/platform/build-arm64-v8a/build/other_builds/kivy-sdl2/arm64-v8a__ndk_target_21/kivy/kivy/graphics/tesselator.o build/temp.linux-x86_64-cpython-314/app/.buildozer/android/platform/build-arm64-v8a/build/other_builds/kivy-sdl2/arm64-v8a__ndk_target_21/kivy/kivy/lib/libtess2/Source/bucketalloc.o build/temp.linux-x86_64-cpython-314/app/.buildozer/android/platform/build-arm64-v8a/build/other_builds/kivy-sdl2/arm64-v8a__ndk_target_21/kivy/kivy/lib/libtess2/Source/dict.o build/temp.linux-x86_64-cpython-314/app/.buildozer/android/platform/build-arm64-v8a/build/other_builds/kivy-sdl2/arm64-v8a__ndk_target_21/kivy/kivy/lib/libtess2/Source/geom.o build/temp.linux-x86_64-cpython-314/app/.buildozer/android/platform/build-arm64-v8a/build/other_builds/kivy-sdl2/arm64-v8a__ndk_target_21/kivy/kivy/lib/libtess2/Source/mesh.o build/temp.linux-x86_64-cpython-314/app/.buildozer/android/platform/build-arm64-v8a/build/other_builds/kivy-sdl2/arm64-v8a__ndk_target_21/kivy/kivy/lib/libtess2/Source/priorityq.o build/temp.linux-x86_64-cpython-314/app/.buildozer/android/platform/build-arm64-v8a/build/other_builds/kivy-sdl2/arm64-v8a__ndk_target_21/kivy/kivy/lib/libtess2/Source/sweep.o build/temp.linux-x86_64-cpython-314/app/.buildozer/android/platform/build-arm64-v8a/build/other_builds/kivy-sdl2/arm64-v8a__ndk_target_21/kivy/kivy/lib/libtess2/Source/tess.o -o build/lib.linux-x86_64-cpython-314/kivy/graphics/tesselator.cpython-314-x86_64-linux-gnu.so -lm
[1m[90m[DEBUG][39m[0m:   	Compiling /app/.buildozer/android/platform/build-arm64-v8a/build/other_builds/kivy-sdl2/arm64-v8a__ndk_target_21/kivy/kivy/graphics/boxshadow.pyx because it depends on /tmp/build-env-4zgabtq8/lib/python3.14/site-packages/Cython/Includes/libc/string.pxd.
[1m[90m[DEBUG][39m[0m:   	[1/1] Cythonizing /app/.buildozer/android/platform/build-arm64-v8a/build/other_builds/kivy-sdl2/arm64-v8a__ndk_target_21/kivy/kivy/graphics/boxshadow.pyx
[1m[90m[DEBUG][39m[0m:   	 warning: kivy/graphics/instructions.pxd:30:4: The 'IF' statement is deprecated and will be removed in a future Cython version. Consider using runtime conditions or C macros instead. See https://github.com/cython/cython/issues/4310
[1m[90m[DEBUG][39m[0m:   	 warning: kivy/graphics/instructions.pxd:30:4: The 'IF' statement is deprecated and will be removed in a future Cython version. Consider using runtime conditions or C macros instead. See https://github.com/cython/cython/issues/4310
[1m[90m[DEBUG][39m[0m:   	[INFO   ] building 'kivy.graphics.boxshadow' extension
[1m[90m[DEBUG][39m[0m:   	[INFO   ] /usr/bin/ccache /app/.buildozer/android/platform/android-ndk-r25b/toolchains/llvm/prebuilt/linux-x86_64/bin/clang -target aarch64-linux-android21 -fomit-frame-pointer -march=armv8-a -fPIC -fno-strict-overflow -Wsign-compare -DNDEBUG -g -O3 -Wall -target aarch64-linux-android21 -fomit-frame-pointer -march=armv8-a -fPIC -I/app/.buildozer/android/platform/build-arm64-v8a/build/other_builds/python3/arm64-v8a__ndk_target_21/python3/android-build/android-root/include/python3.14 -DANDROID -I/app/.buildozer/android/platform/android-ndk-r25b/toolchains/llvm/prebuilt/linux-x86_64/sysroot/usr/include -I/app/.buildozer/android/platform/build-arm64-v8a/build/other_builds/python3/arm64-v8a__ndk_target_21/python3/android-build/android-root/include/python3.14 -fPIC -I/app/.buildozer/android/platform/build-arm64-v8a/build/other_builds/kivy-sdl2/arm64-v8a__ndk_target_21/kivy/kivy/include -I/app/.buildozer/android/platform/build-arm64-v8a/build/other_builds/kivy-sdl2/arm64-v8a__ndk_target_21/kivy/kivy/include -I/tmp/build-env-4zgabtq8/include -I/app/.buildozer/android/platform/build-arm64-v8a/build/other_builds/hostpython3/desktop/hostpython3/native-build/root/usr/local/include/python3.14 -c /app/.buildozer/android/platform/build-arm64-v8a/build/other_builds/kivy-sdl2/arm64-v8a__ndk_target_21/kivy/kivy/graphics/boxshadow.c -o build/temp.linux-x86_64-cpython-314/app/.buildozer/android/platform/build-arm64-v8a/build/other_builds/kivy-sdl2/arm64-v8a__ndk_target_21/kivy/kivy/graphics/boxshadow.o
[1m[90m[DEBUG][39m[0m:   	/app/.buildozer/android/platform/build-arm64-v8a/build/other_builds/kivy-sdl2/arm64-v8a__ndk_target_21/kivy/kivy/graphics/texture.c:5684:9: warning: 'Py_UNICODE' is deprecated [-Wdeprecated-declarations]
[1m[90m[DEBUG][39m[0m:   	 5684 |         Py_UNICODE *as_pyunicodes;
[1m[90m[DEBUG][39m[0m:   	      |         ^
[1m[90m[DEBUG][39m[0m:   	/app/.buildozer/android/platform/build-arm64-v8a/build/other_builds/python3/arm64-v8a__ndk_target_21/python3/android-build/android-root/include/python3.14/cpython/unicodeobject.h:10:1: note: 'Py_UNICODE' has been explicitly marked deprecated here
[1m[90m[DEBUG][39m[0m:   	   10 | Py_DEPRECATED(3.13) typedef wchar_t Py_UNICODE;
[1m[90m[DEBUG][39m[0m:   	      | ^
[1m[90m[DEBUG][39m[0m:   	/app/.buildozer/android/platform/build-arm64-v8a/build/other_builds/python3/arm64-v8a__ndk_target_21/python3/android-build/android-root/include/python3.14/pyport.h:281:54: note: expanded from macro 'Py_DEPRECATED'
[1m[90m[DEBUG][39m[0m:   	  281 | #define Py_DEPRECATED(VERSION_UNUSED) __attribute__((__deprecated__))
[1m[90m[DEBUG][39m[0m:   	      |                                                      ^
[1m[90m[DEBUG][39m[0m:   	1 warning generated.
[1m[90m[DEBUG][39m[0m:   	[INFO   ] /usr/bin/ccache /app/.buildozer/android/platform/android-ndk-r25b/toolchains/llvm/prebuilt/linux-x86_64/bin/clang -target aarch64-linux-android21 -fomit-frame-pointer -march=armv8-a -fPIC -shared -L/app/.buildozer/android/platform/build-arm64-v8a/build/libs_collections/neshrblek/arm64-v8a -L/app/.buildozer/android/platform/build-arm64-v8a/build/other_builds/python3/arm64-v8a__ndk_target_21/python3/android-build -lpython3.14 -L/app/.buildozer/android/platform/build-arm64-v8a/build/libs_collections/neshrblek/arm64-v8a -L/app/.buildozer/android/platform/build-arm64-v8a/build/libs_collections/neshrblek -L/app/.buildozer/android/platform/build-arm64-v8a/build/bootstrap_builds/sdl2/obj/local/arm64-v8a -target aarch64-linux-android21 -fomit-frame-pointer -march=armv8-a -fPIC -I/app/.buildozer/android/platform/build-arm64-v8a/build/other_builds/python3/arm64-v8a__ndk_target_21/python3/android-build/android-root/include/python3.14 -DANDROID -I/app/.buildozer/android/platform/android-ndk-r25b/toolchains/llvm/prebuilt/linux-x86_64/sysroot/usr/include -I/app/.buildozer/android/platform/build-arm64-v8a/build/other_builds/python3/arm64-v8a__ndk_target_21/python3/android-build/android-root/include/python3.14 build/temp.linux-x86_64-cpython-314/app/.buildozer/android/platform/build-arm64-v8a/build/other_builds/kivy-sdl2/arm64-v8a__ndk_target_21/kivy/kivy/graphics/texture.o -o build/lib.linux-x86_64-cpython-314/kivy/graphics/texture.cpython-314-x86_64-linux-gnu.so -lm
[1m[90m[DEBUG][39m[0m:   	Compiling /app/.buildozer/android/platform/build-arm64-v8a/build/other_builds/kivy-sdl2/arm64-v8a__ndk_target_21/kivy/kivy/core/window/_window_sdl2.pyx because it depends on /tmp/build-env-4zgabtq8/lib/python3.14/site-packages/Cython/Includes/libc/string.pxd.
[1m[90m[DEBUG][39m[0m:   	[1/1] Cythonizing /app/.buildozer/android/platform/build-arm64-v8a/build/other_builds/kivy-sdl2/arm64-v8a__ndk_target_21/kivy/kivy/core/window/_window_sdl2.pyx
[1m[90m[DEBUG][39m[0m:   	 warning: kivy/core/window/../../../kivy/lib/sdl2.pxi:475:4: The 'IF' statement is deprecated and will be removed in a future Cython version. Consider using runtime conditions or C macros instead. See https://github.com/cython/cython/issues/4310
[1m[90m[DEBUG][39m[0m:   	 warning: kivy/core/window/../../../kivy/lib/../core/window/window_attrs.pxi:3:0: The 'IF' statement is deprecated and will be removed in a future Cython version. Consider using runtime conditions or C macros instead. See https://github.com/cython/cython/issues/4310
[1m[90m[DEBUG][39m[0m:   	 warning: kivy/core/window/../../../kivy/lib/../core/window/window_attrs.pxi:14:0: The 'IF' statement is deprecated and will be removed in a future Cython version. Consider using runtime conditions or C macros instead. See https://github.com/cython/cython/issues/4310
[1m[90m[DEBUG][39m[0m:   	 warning: kivy/core/window/../../../kivy/lib/../core/window/window_attrs.pxi:24:0: The 'IF' statement is deprecated and will be removed in a future Cython version. Consider using runtime conditions or C macros instead. See https://github.com/cython/cython/issues/4310
[1m[90m[DEBUG][39m[0m:   	 warning: kivy/core/window/../../../kivy/lib/sdl2.pxi:1060:4: The 'IF' statement is deprecated and will be removed in a future Cython version. Consider using runtime conditions or C macros instead. See https://github.com/cython/cython/issues/4310
[1m[90m[DEBUG][39m[0m:   	 warning: kivy/core/window/../../../kivy/lib/sdl2.pxi:1068:4: The 'IF' statement is deprecated and will be removed in a future Cython version. Consider using runtime conditions or C macros instead. See https://github.com/cython/cython/issues/4310
[1m[90m[DEBUG][39m[0m:   	 warning: kivy/core/window/../../../kivy/lib/sdl2.pxi:1077:4: The 'IF' statement is deprecated and will be removed in a future Cython version. Consider using runtime conditions or C macros instead. See https://github.com/cython/cython/issues/4310
[1m[90m[DEBUG][39m[0m:   	 warning: kivy/core/window/_window_sdl2.pyx:18:0: The 'IF' statement is deprecated and will be removed in a future Cython version. Consider using runtime conditions or C macros instead. See https://github.com/cython/cython/issues/4310
[1m[90m[DEBUG][39m[0m:   	 warning: kivy/core/window/_window_sdl2.pyx:21:0: The 'IF' statement is deprecated and will be removed in a future Cython version. Consider using runtime conditions or C macros instead. See https://github.com/cython/cython/issues/4310
[1m[90m[DEBUG][39m[0m:   	 warning: kivy/core/window/_window_sdl2.pyx:24:0: The 'IF' statement is deprecated and will be removed in a future Cython version. Consider using runtime conditions or C macros instead. See https://github.com/cython/cython/issues/4310
[1m[90m[DEBUG][39m[0m:   	 warning: kivy/core/window/_window_sdl2.pyx:422:8: The 'IF' statement is deprecated and will be removed in a future Cython version. Consider using runtime conditions or C macros instead. See https://github.com/cython/cython/issues/4310
[1m[90m[DEBUG][39m[0m:   	 warning: kivy/core/window/_window_sdl2.pyx:432:8: The 'IF' statement is deprecated and will be removed in a future Cython version. Consider using runtime conditions or C macros instead. See https://github.com/cython/cython/issues/4310
[1m[90m[DEBUG][39m[0m:   	 warning: kivy/core/window/_window_sdl2.pyx:441:8: The 'IF' statement is deprecated and will be removed in a future Cython version. Consider using runtime conditions or C macros instead. See https://github.com/cython/cython/issues/4310
[1m[90m[DEBUG][39m[0m:   	[INFO   ] /usr/bin/ccache /app/.buildozer/android/platform/android-ndk-r25b/toolchains/llvm/prebuilt/linux-x86_64/bin/clang -target aarch64-linux-android21 -fomit-frame-pointer -march=armv8-a -fPIC -shared -L/app/.buildozer/android/platform/build-arm64-v8a/build/libs_collections/neshrblek/arm64-v8a -L/app/.buildozer/android/platform/build-arm64-v8a/build/other_builds/python3/arm64-v8a__ndk_target_21/python3/android-build -lpython3.14 -L/app/.buildozer/android/platform/build-arm64-v8a/build/libs_collections/neshrblek/arm64-v8a -L/app/.buildozer/android/platform/build-arm64-v8a/build/libs_collections/neshrblek -L/app/.buildozer/android/platform/build-arm64-v8a/build/bootstrap_builds/sdl2/obj/local/arm64-v8a -target aarch64-linux-android21 -fomit-frame-pointer -march=armv8-a -fPIC -I/app/.buildozer/android/platform/build-arm64-v8a/build/other_builds/python3/arm64-v8a__ndk_target_21/python3/android-build/android-root/include/python3.14 -DANDROID -I/app/.buildozer/android/platform/android-ndk-r25b/toolchains/llvm/prebuilt/linux-x86_64/sysroot/usr/include -I/app/.buildozer/android/platform/build-arm64-v8a/build/other_builds/python3/arm64-v8a__ndk_target_21/python3/android-build/android-root/include/python3.14 build/temp.linux-x86_64-cpython-314/app/.buildozer/android/platform/build-arm64-v8a/build/other_builds/kivy-sdl2/arm64-v8a__ndk_target_21/kivy/kivy/graphics/boxshadow.o -o build/lib.linux-x86_64-cpython-314/kivy/graphics/boxshadow.cpython-314-x86_64-linux-gnu.so -lm
[1m[90m[DEBUG][39m[0m:   	Compiling /app/.buildozer/android/platform/build-arm64-v8a/build/other_builds/kivy-sdl2/arm64-v8a__ndk_target_21/kivy/kivy/core/image/_img_sdl2.pyx because it depends on /tmp/build-env-4zgabtq8/lib/python3.14/site-packages/Cython/Includes/libc/string.pxd.
[1m[90m[DEBUG][39m[0m:   	[1/1] Cythonizing /app/.buildozer/android/platform/build-arm64-v8a/build/other_builds/kivy-sdl2/arm64-v8a__ndk_target_21/kivy/kivy/core/image/_img_sdl2.pyx
[1m[90m[DEBUG][39m[0m:   	 performance hint: kivy/core/window/_window_sdl2.pyx:822:5: Exception check on 'custom_titlebar_handler_callback' will always require the GIL to be acquired. Declare 'custom_titlebar_handler_callback' as 'noexcept' if you control the definition and you're sure you don't want the function to raise exceptions.
[1m[90m[DEBUG][39m[0m:   	 warning: kivy/core/image/../../lib/sdl2.pxi:475:4: The 'IF' statement is deprecated and will be removed in a future Cython version. Consider using runtime conditions or C macros instead. See https://github.com/cython/cython/issues/4310
[1m[90m[DEBUG][39m[0m:   	 warning: kivy/core/image/../../lib/../core/window/window_attrs.pxi:3:0: The 'IF' statement is deprecated and will be removed in a future Cython version. Consider using runtime conditions or C macros instead. See https://github.com/cython/cython/issues/4310
[1m[90m[DEBUG][39m[0m:   	 warning: kivy/core/image/../../lib/../core/window/window_attrs.pxi:14:0: The 'IF' statement is deprecated and will be removed in a future Cython version. Consider using runtime conditions or C macros instead. See https://github.com/cython/cython/issues/4310
[1m[90m[DEBUG][39m[0m:   	 warning: kivy/core/image/../../lib/../core/window/window_attrs.pxi:24:0: The 'IF' statement is deprecated and will be removed in a future Cython version. Consider using runtime conditions or C macros instead. See https://github.com/cython/cython/issues/4310
[1m[90m[DEBUG][39m[0m:   	 warning: kivy/core/image/../../lib/sdl2.pxi:1060:4: The 'IF' statement is deprecated and will be removed in a future Cython version. Consider using runtime conditions or C macros instead. See https://github.com/cython/cython/issues/4310
[1m[90m[DEBUG][39m[0m:   	 warning: kivy/core/image/../../lib/sdl2.pxi:1068:4: The 'IF' statement is deprecated and will be removed in a future Cython version. Consider using runtime conditions or C macros instead. See https://github.com/cython/cython/issues/4310
[1m[90m[DEBUG][39m[0m:   	 warning: kivy/core/image/../../lib/sdl2.pxi:1077:4: The 'IF' statement is deprecated and will be removed in a future Cython version. Consider using runtime conditions or C macros instead. See https://github.com/cython/cython/issues/4310
[1m[90m[DEBUG][39m[0m:   	[INFO   ] building 'kivy.graphics.svg' extension
[1m[90m[DEBUG][39m[0m:   	[INFO   ] /usr/bin/ccache /app/.buildozer/android/platform/android-ndk-r25b/toolchains/llvm/prebuilt/linux-x86_64/bin/clang -target aarch64-linux-android21 -fomit-frame-pointer -march=armv8-a -fPIC -fno-strict-overflow -Wsign-compare -DNDEBUG -g -O3 -Wall -target aarch64-linux-android21 -fomit-frame-pointer -march=armv8-a -fPIC -I/app/.buildozer/android/platform/build-arm64-v8a/build/other_builds/python3/arm64-v8a__ndk_target_21/python3/android-build/android-root/include/python3.14 -DANDROID -I/app/.buildozer/android/platform/android-ndk-r25b/toolchains/llvm/prebuilt/linux-x86_64/sysroot/usr/include -I/app/.buildozer/android/platform/build-arm64-v8a/build/other_builds/python3/arm64-v8a__ndk_target_21/python3/android-build/android-root/include/python3.14 -fPIC -I/app/.buildozer/android/platform/build-arm64-v8a/build/other_builds/kivy-sdl2/arm64-v8a__ndk_target_21/kivy/kivy/include -I/app/.buildozer/android/platform/build-arm64-v8a/build/other_builds/kivy-sdl2/arm64-v8a__ndk_target_21/kivy/kivy/include -I/tmp/build-env-4zgabtq8/include -I/app/.buildozer/android/platform/build-arm64-v8a/build/other_builds/hostpython3/desktop/hostpython3/native-build/root/usr/local/include/python3.14 -c /app/.buildozer/android/platform/build-arm64-v8a/build/other_builds/kivy-sdl2/arm64-v8a__ndk_target_21/kivy/kivy/graphics/svg.c -o build/temp.linux-x86_64-cpython-314/app/.buildozer/android/platform/build-arm64-v8a/build/other_builds/kivy-sdl2/arm64-v8a__ndk_target_21/kivy/kivy/graphics/svg.o
[1m[90m[DEBUG][39m[0m:   	[INFO   ] building 'kivy.core.window._window_sdl2' extension
[1m[90m[DEBUG][39m[0m:   	[INFO   ] /usr/bin/ccache /app/.buildozer/android/platform/android-ndk-r25b/toolchains/llvm/prebuilt/linux-x86_64/bin/clang -target aarch64-linux-android21 -fomit-frame-pointer -march=armv8-a -fPIC -fno-strict-overflow -Wsign-compare -DNDEBUG -g -O3 -Wall -target aarch64-linux-android21 -fomit-frame-pointer -march=armv8-a -fPIC -I/app/.buildozer/android/platform/build-arm64-v8a/build/other_builds/python3/arm64-v8a__ndk_target_21/python3/android-build/android-root/include/python3.14 -DANDROID -I/app/.buildozer/android/platform/android-ndk-r25b/toolchains/llvm/prebuilt/linux-x86_64/sysroot/usr/include -I/app/.buildozer/android/platform/build-arm64-v8a/build/other_builds/python3/arm64-v8a__ndk_target_21/python3/android-build/android-root/include/python3.14 -fPIC -I/app/.buildozer/android/platform/build-arm64-v8a/build/other_builds/kivy-sdl2/arm64-v8a__ndk_target_21/kivy/kivy/include -I/app/.buildozer/android/platform/build-arm64-v8a/build/bootstrap_builds/sdl2/jni/SDL/include -I/app/.buildozer/android/platform/build-arm64-v8a/build/bootstrap_builds/sdl2/jni/SDL2_image/include -I/app/.buildozer/android/platform/build-arm64-v8a/build/bootstrap_builds/sdl2/jni/SDL2_mixer/include -I/app/.buildozer/android/platform/build-arm64-v8a/build/bootstrap_builds/sdl2/jni/SDL2_ttf -I/tmp/build-env-4zgabtq8/include -I/app/.buildozer/android/platform/build-arm64-v8a/build/other_builds/hostpython3/desktop/hostpython3/native-build/root/usr/local/include/python3.14 -c /app/.buildozer/android/platform/build-arm64-v8a/build/other_builds/kivy-sdl2/arm64-v8a__ndk_target_21/kivy/kivy/core/window/_window_sdl2.c -o build/temp.linux-x86_64-cpython-314/app/.buildozer/android/platform/build-arm64-v8a/build/other_builds/kivy-sdl2/arm64-v8a__ndk_target_21/kivy/kivy/core/window/_window_sdl2.o
[1m[90m[DEBUG][39m[0m:   	[INFO   ] building 'kivy.core.image._img_sdl2' extension
[1m[90m[DEBUG][39m[0m:   	[INFO   ] /usr/bin/ccache /app/.buildozer/android/platform/android-ndk-r25b/toolchains/llvm/prebuilt/linux-x86_64/bin/clang -target aarch64-linux-android21 -fomit-frame-pointer -march=armv8-a -fPIC -fno-strict-overflow -Wsign-compare -DNDEBUG -g -O3 -Wall -target aarch64-linux-android21 -fomit-frame-pointer -march=armv8-a -fPIC -I/app/.buildozer/android/platform/build-arm64-v8a/build/other_builds/python3/arm64-v8a__ndk_target_21/python3/android-build/android-root/include/python3.14 -DANDROID -I/app/.buildozer/android/platform/android-ndk-r25b/toolchains/llvm/prebuilt/linux-x86_64/sysroot/usr/include -I/app/.buildozer/android/platform/build-arm64-v8a/build/other_builds/python3/arm64-v8a__ndk_target_21/python3/android-build/android-root/include/python3.14 -fPIC -I/app/.buildozer/android/platform/build-arm64-v8a/build/other_builds/kivy-sdl2/arm64-v8a__ndk_target_21/kivy/kivy/include -I/app/.buildozer/android/platform/build-arm64-v8a/build/bootstrap_builds/sdl2/jni/SDL/include -I/app/.buildozer/android/platform/build-arm64-v8a/build/bootstrap_builds/sdl2/jni/SDL2_image/include -I/app/.buildozer/android/platform/build-arm64-v8a/build/bootstrap_builds/sdl2/jni/SDL2_mixer/include -I/app/.buildozer/android/platform/build-arm64-v8a/build/bootstrap_builds/sdl2/jni/SDL2_ttf -I/tmp/build-env-4zgabtq8/include -I/app/.buildozer/android/platform/build-arm64-v8a/build/other_builds/hostpython3/desktop/hostpython3/native-build/root/usr/local/include/python3.14 -c /app/.buildozer/android/platform/build-arm64-v8a/build/other_builds/kivy-sdl2/arm64-v8a__ndk_target_21/kivy/kivy/core/image/_img_sdl2.c -o build/temp.linux-x86_64-cpython-314/app/.buildozer/android/platform/build-arm64-v8a/build/other_builds/kivy-sdl2/arm64-v8a__ndk_target_21/kivy/kivy/core/image/_img_sdl2.o
[1m[90m[DEBUG][39m[0m:   	[INFO   ] /usr/bin/ccache /app/.buildozer/android/platform/android-ndk-r25b/toolchains/llvm/prebuilt/linux-x86_64/bin/clang -target aarch64-linux-android21 -fomit-frame-pointer -march=armv8-a -fPIC -shared -L/app/.buildozer/android/platform/build-arm64-v8a/build/libs_collections/neshrblek/arm64-v8a -L/app/.buildozer/android/platform/build-arm64-v8a/build/other_builds/python3/arm64-v8a__ndk_target_21/python3/android-build -lpython3.14 -L/app/.buildozer/android/platform/build-arm64-v8a/build/libs_collections/neshrblek/arm64-v8a -L/app/.buildozer/android/platform/build-arm64-v8a/build/libs_collections/neshrblek -L/app/.buildozer/android/platform/build-arm64-v8a/build/bootstrap_builds/sdl2/obj/local/arm64-v8a -target aarch64-linux-android21 -fomit-frame-pointer -march=armv8-a -fPIC -I/app/.buildozer/android/platform/build-arm64-v8a/build/other_builds/python3/arm64-v8a__ndk_target_21/python3/android-build/android-root/include/python3.14 -DANDROID -I/app/.buildozer/android/platform/android-ndk-r25b/toolchains/llvm/prebuilt/linux-x86_64/sysroot/usr/include -I/app/.buildozer/android/platform/build-arm64-v8a/build/other_builds/python3/arm64-v8a__ndk_target_21/python3/android-build/android-root/include/python3.14 build/temp.linux-x86_64-cpython-314/app/.buildozer/android/platform/build-arm64-v8a/build/other_builds/kivy-sdl2/arm64-v8a__ndk_target_21/kivy/kivy/core/window/_window_sdl2.o -L/app/.buildozer/android/platform/build-arm64-v8a/build/bootstrap_builds/sdl2/jni/SDL/include -L/app/.buildozer/android/platform/build-arm64-v8a/build/bootstrap_builds/sdl2/jni/SDL2_image/include -L/app/.buildozer/android/platform/build-arm64-v8a/build/bootstrap_builds/sdl2/jni/SDL2_mixer/include -L/app/.buildozer/android/platform/build-arm64-v8a/build/bootstrap_builds/sdl2/jni/SDL2_ttf -lSDL2 -lSDL2_ttf -lSDL2_image -lSDL2_mixer -o build/lib.linux-x86_64-cpython-314/kivy/core/window/_window_sdl2.cpython-314-x86_64-linux-gnu.so -lm
[1m[90m[DEBUG][39m[0m:   	[INFO   ] /usr/bin/ccache /app/.buildozer/android/platform/android-ndk-r25b/toolchains/llvm/prebuilt/linux-x86_64/bin/clang -target aarch64-linux-android21 -fomit-frame-pointer -march=armv8-a -fPIC -shared -L/app/.buildozer/android/platform/build-arm64-v8a/build/libs_collections/neshrblek/arm64-v8a -L/app/.buildozer/android/platform/build-arm64-v8a/build/other_builds/python3/arm64-v8a__ndk_target_21/python3/android-build -lpython3.14 -L/app/.buildozer/android/platform/build-arm64-v8a/build/libs_collections/neshrblek/arm64-v8a -L/app/.buildozer/android/platform/build-arm64-v8a/build/libs_collections/neshrblek -L/app/.buildozer/android/platform/build-arm64-v8a/build/bootstrap_builds/sdl2/obj/local/arm64-v8a -target aarch64-linux-android21 -fomit-frame-pointer -march=armv8-a -fPIC -I/app/.buildozer/android/platform/build-arm64-v8a/build/other_builds/python3/arm64-v8a__ndk_target_21/python3/android-build/android-root/include/python3.14 -DANDROID -I/app/.buildozer/android/platform/android-ndk-r25b/toolchains/llvm/prebuilt/linux-x86_64/sysroot/usr/include -I/app/.buildozer/android/platform/build-arm64-v8a/build/other_builds/python3/arm64-v8a__ndk_target_21/python3/android-build/android-root/include/python3.14 build/temp.linux-x86_64-cpython-314/app/.buildozer/android/platform/build-arm64-v8a/build/other_builds/kivy-sdl2/arm64-v8a__ndk_target_21/kivy/kivy/core/image/_img_sdl2.o -L/app/.buildozer/android/platform/build-arm64-v8a/build/bootstrap_builds/sdl2/jni/SDL/include -L/app/.buildozer/android/platform/build-arm64-v8a/build/bootstrap_builds/sdl2/jni/SDL2_image/include -L/app/.buildozer/android/platform/build-arm64-v8a/build/bootstrap_builds/sdl2/jni/SDL2_mixer/include -L/app/.buildozer/android/platform/build-arm64-v8a/build/bootstrap_builds/sdl2/jni/SDL2_ttf -lSDL2 -lSDL2_ttf -lSDL2_image -lSDL2_mixer -o build/lib.linux-x86_64-cpython-314/kivy/core/image/_img_sdl2.cpython-314-x86_64-linux-gnu.so -lm
[1m[90m[DEBUG][39m[0m:   	/app/.buildozer/android/platform/build-arm64-v8a/build/other_builds/kivy-sdl2/arm64-v8a__ndk_target_21/kivy/kivy/graphics/vertex_instructions.c:6374:9: warning: 'Py_UNICODE' is deprecated [-Wdeprecated-declarations]
[1m[90m[DEBUG][39m[0m:   	 6374 |         Py_UNICODE *as_pyunicodes;
[1m[90m[DEBUG][39m[0m:   	      |         ^
[1m[90m[DEBUG][39m[0m:   	/app/.buildozer/android/platform/build-arm64-v8a/build/other_builds/python3/arm64-v8a__ndk_target_21/python3/android-build/android-root/include/python3.14/cpython/unicodeobject.h:10:1: note: 'Py_UNICODE' has been explicitly marked deprecated here
[1m[90m[DEBUG][39m[0m:   	   10 | Py_DEPRECATED(3.13) typedef wchar_t Py_UNICODE;
[1m[90m[DEBUG][39m[0m:   	      | ^
[1m[90m[DEBUG][39m[0m:   	/app/.buildozer/android/platform/build-arm64-v8a/build/other_builds/python3/arm64-v8a__ndk_target_21/python3/android-build/android-root/include/python3.14/pyport.h:281:54: note: expanded from macro 'Py_DEPRECATED'
[1m[90m[DEBUG][39m[0m:   	  281 | #define Py_DEPRECATED(VERSION_UNUSED) __attribute__((__deprecated__))
[1m[90m[DEBUG][39m[0m:   	      |                                                      ^
[1m[90m[DEBUG][39m[0m:   	1 warning generated.
[1m[90m[DEBUG][39m[0m:   	[INFO   ] /usr/bin/ccache /app/.buildozer/android/platform/android-ndk-r25b/toolchains/llvm/prebuilt/linux-x86_64/bin/clang -target aarch64-linux-android21 -fomit-frame-pointer -march=armv8-a -fPIC -shared -L/app/.buildozer/android/platform/build-arm64-v8a/build/libs_collections/neshrblek/arm64-v8a -L/app/.buildozer/android/platform/build-arm64-v8a/build/other_builds/python3/arm64-v8a__ndk_target_21/python3/android-build -lpython3.14 -L/app/.buildozer/android/platform/build-arm64-v8a/build/libs_collections/neshrblek/arm64-v8a -L/app/.buildozer/android/platform/build-arm64-v8a/build/libs_collections/neshrblek -L/app/.buildozer/android/platform/build-arm64-v8a/build/bootstrap_builds/sdl2/obj/local/arm64-v8a -target aarch64-linux-android21 -fomit-frame-pointer -march=armv8-a -fPIC -I/app/.buildozer/android/platform/build-arm64-v8a/build/other_builds/python3/arm64-v8a__ndk_target_21/python3/android-build/android-root/include/python3.14 -DANDROID -I/app/.buildozer/android/platform/android-ndk-r25b/toolchains/llvm/prebuilt/linux-x86_64/sysroot/usr/include -I/app/.buildozer/android/platform/build-arm64-v8a/build/other_builds/python3/arm64-v8a__ndk_target_21/python3/android-build/android-root/include/python3.14 build/temp.linux-x86_64-cpython-314/app/.buildozer/android/platform/build-arm64-v8a/build/other_builds/kivy-sdl2/arm64-v8a__ndk_target_21/kivy/kivy/graphics/vertex_instructions.o -o build/lib.linux-x86_64-cpython-314/kivy/graphics/vertex_instructions.cpython-314-x86_64-linux-gnu.so -lm
[1m[90m[DEBUG][39m[0m:   	/app/.buildozer/android/platform/build-arm64-v8a/build/other_builds/kivy-sdl2/arm64-v8a__ndk_target_21/kivy/kivy/graphics/svg.c:6244:9: warning: 'Py_UNICODE' is deprecated [-Wdeprecated-declarations]
[1m[90m[DEBUG][39m[0m:   	 6244 |         Py_UNICODE *as_pyunicodes;
[1m[90m[DEBUG][39m[0m:   	      |         ^
[1m[90m[DEBUG][39m[0m:   	/app/.buildozer/android/platform/build-arm64-v8a/build/other_builds/python3/arm64-v8a__ndk_target_21/python3/android-build/android-root/include/python3.14/cpython/unicodeobject.h:10:1: note: 'Py_UNICODE' has been explicitly marked deprecated here
[1m[90m[DEBUG][39m[0m:   	   10 | Py_DEPRECATED(3.13) typedef wchar_t Py_UNICODE;
[1m[90m[DEBUG][39m[0m:   	      | ^
[1m[90m[DEBUG][39m[0m:   	/app/.buildozer/android/platform/build-arm64-v8a/build/other_builds/python3/arm64-v8a__ndk_target_21/python3/android-build/android-root/include/python3.14/pyport.h:281:54: note: expanded from macro 'Py_DEPRECATED'
[1m[90m[DEBUG][39m[0m:   	  281 | #define Py_DEPRECATED(VERSION_UNUSED) __attribute__((__deprecated__))
[1m[90m[DEBUG][39m[0m:   	      |                                                      ^
[1m[90m[DEBUG][39m[0m:   	1 warning generated.
[1m[90m[DEBUG][39m[0m:   	[INFO   ] /usr/bin/ccache /app/.buildozer/android/platform/android-ndk-r25b/toolchains/llvm/prebuilt/linux-x86_64/bin/clang -target aarch64-linux-android21 -fomit-frame-pointer -march=armv8-a -fPIC -shared -L/app/.buildozer/android/platform/build-arm64-v8a/build/libs_collections/neshrblek/arm64-v8a -L/app/.buildozer/android/platform/build-arm64-v8a/build/other_builds/python3/arm64-v8a__ndk_target_21/python3/android-build -lpython3.14 -L/app/.buildozer/android/platform/build-arm64-v8a/build/libs_collections/neshrblek/arm64-v8a -L/app/.buildozer/android/platform/build-arm64-v8a/build/libs_collections/neshrblek -L/app/.buildozer/android/platform/build-arm64-v8a/build/bootstrap_builds/sdl2/obj/local/arm64-v8a -target aarch64-linux-android21 -fomit-frame-pointer -march=armv8-a -fPIC -I/app/.buildozer/android/platform/build-arm64-v8a/build/other_builds/python3/arm64-v8a__ndk_target_21/python3/android-build/android-root/include/python3.14 -DANDROID -I/app/.buildozer/android/platform/android-ndk-r25b/toolchains/llvm/prebuilt/linux-x86_64/sysroot/usr/include -I/app/.buildozer/android/platform/build-arm64-v8a/build/other_builds/python3/arm64-v8a__ndk_target_21/python3/android-build/android-root/include/python3.14 build/temp.linux-x86_64-cpython-314/app/.buildozer/android/platform/build-arm64-v8a/build/other_builds/kivy-sdl2/arm64-v8a__ndk_target_21/kivy/kivy/graphics/svg.o -o build/lib.linux-x86_64-cpython-314/kivy/graphics/svg.cpython-314-x86_64-linux-gnu.so -lm
[1m[90m[DEBUG][39m[0m:   	[INFO   ] installing to build/bdist.linux-x86_64/wheel
[1m[90m[DEBUG][39m[0m:   	[INFO   ] running install
[1m[90m[DEBUG][39m[0m:   	[INFO   ] running install_lib
[1m[90m[DEBUG][39m[0m:   	[INFO   ] creating build/bdist.linux-x86_64/wheel
[1m[90m[DEBUG][39m[0m:   	[INFO   ] creating build/bdist.linux-x86_64/wheel/kivy
[1m[90m[DEBUG][39m[0m:   	[INFO   ] copying build/lib.linux-x86_64-cpython-314/kivy/properties.cpython-314-x86_64-linux-gnu.so -> build/bdist.linux-x86_64/wheel/kivy
[1m[90m[DEBUG][39m[0m:   	[INFO   ] copying build/lib.linux-x86_64-cpython-314/kivy/vector.py -> build/bdist.linux-x86_64/wheel/kivy
[1m[90m[DEBUG][39m[0m:   	[INFO   ] copying build/lib.linux-x86_64-cpython-314/kivy/logger.py -> build/bdist.linux-x86_64/wheel/kivy
[1m[90m[DEBUG][39m[0m:   	[INFO   ] creating build/bdist.linux-x86_64/wheel/kivy/extras
[1m[90m[DEBUG][39m[0m:   	[INFO   ] copying build/lib.linux-x86_64-cpython-314/kivy/extras/highlight.py -> build/bdist.linux-x86_64/wheel/kivy/extras
[1m[90m[DEBUG][39m[0m:   	[INFO   ] copying build/lib.linux-x86_64-cpython-314/kivy/extras/__init__.py -> build/bdist.linux-x86_64/wheel/kivy/extras
[1m[90m[DEBUG][39m[0m:   	[INFO   ] copying build/lib.linux-x86_64-cpython-314/kivy/app.py -> build/bdist.linux-x86_64/wheel/kivy
[1m[90m[DEBUG][39m[0m:   	[INFO   ] creating build/bdist.linux-x86_64/wheel/kivy/uix
[1m[90m[DEBUG][39m[0m:   	[INFO   ] copying build/lib.linux-x86_64-cpython-314/kivy/uix/pagelayout.py -> build/bdist.linux-x86_64/wheel/kivy/uix
[1m[90m[DEBUG][39m[0m:   	[INFO   ] copying build/lib.linux-x86_64-cpython-314/kivy/uix/switch.py -> build/bdist.linux-x86_64/wheel/kivy/uix
[1m[90m[DEBUG][39m[0m:   	[INFO   ] copying build/lib.linux-x86_64-cpython-314/kivy/uix/anchorlayout.py -> build/bdist.linux-x86_64/wheel/kivy/uix
[1m[90m[DEBUG][39m[0m:   	[INFO   ] copying build/lib.linux-x86_64-cpython-314/kivy/uix/relativelayout.py -> build/bdist.linux-x86_64/wheel/kivy/uix
[1m[90m[DEBUG][39m[0m:   	[INFO   ] copying build/lib.linux-x86_64-cpython-314/kivy/uix/stacklayout.py -> build/bdist.linux-x86_64/wheel/kivy/uix
[1m[90m[DEBUG][39m[0m:   	[INFO   ] copying build/lib.linux-x86_64-cpython-314/kivy/uix/accordion.py -> build/bdist.linux-x86_64/wheel/kivy/uix
[1m[90m[DEBUG][39m[0m:   	[INFO   ] copying build/lib.linux-x86_64-cpython-314/kivy/uix/gesturesurface.py -> build/bdist.linux-x86_64/wheel/kivy/uix
[1m[90m[DEBUG][39m[0m:   	[INFO   ] copying build/lib.linux-x86_64-cpython-314/kivy/uix/rst.py -> build/bdist.linux-x86_64/wheel/kivy/uix
[1m[90m[DEBUG][39m[0m:   	[INFO   ] copying build/lib.linux-x86_64-cpython-314/kivy/uix/filechooser.py -> build/bdist.linux-x86_64/wheel/kivy/uix
[1m[90m[DEBUG][39m[0m:   	[INFO   ] copying build/lib.linux-x86_64-cpython-314/kivy/uix/label.py -> build/bdist.linux-x86_64/wheel/kivy/uix
[1m[90m[DEBUG][39m[0m:   	[INFO   ] copying build/lib.linux-x86_64-cpython-314/kivy/uix/camera.py -> build/bdist.linux-x86_64/wheel/kivy/uix
[1m[90m[DEBUG][39m[0m:   	[INFO   ] copying build/lib.linux-x86_64-cpython-314/kivy/uix/vkeyboard.py -> build/bdist.linux-x86_64/wheel/kivy/uix
[1m[90m[DEBUG][39m[0m:   	[INFO   ] copying build/lib.linux-x86_64-cpython-314/kivy/uix/popup.py -> build/bdist.linux-x86_64/wheel/kivy/uix
[1m[90m[DEBUG][39m[0m:   	[INFO   ] copying build/lib.linux-x86_64-cpython-314/kivy/uix/widget.py -> build/bdist.linux-x86_64/wheel/kivy/uix
[1m[90m[DEBUG][39m[0m:   	[INFO   ] creating build/bdist.linux-x86_64/wheel/kivy/uix/recycleview
[1m[90m[DEBUG][39m[0m:   	[INFO   ] copying build/lib.linux-x86_64-cpython-314/kivy/uix/recycleview/datamodel.py -> build/bdist.linux-x86_64/wheel/kivy/uix/recycleview
[1m[90m[DEBUG][39m[0m:   	[INFO   ] copying build/lib.linux-x86_64-cpython-314/kivy/uix/recycleview/__init__.py -> build/bdist.linux-x86_64/wheel/kivy/uix/recycleview
[1m[90m[DEBUG][39m[0m:   	[INFO   ] copying build/lib.linux-x86_64-cpython-314/kivy/uix/recycleview/views.py -> build/bdist.linux-x86_64/wheel/kivy/uix/recycleview
[1m[90m[DEBUG][39m[0m:   	[INFO   ] copying build/lib.linux-x86_64-cpython-314/kivy/uix/recycleview/layout.py -> build/bdist.linux-x86_64/wheel/kivy/uix/recycleview
[1m[90m[DEBUG][39m[0m:   	[INFO   ] copying build/lib.linux-x86_64-cpython-314/kivy/uix/recyclegridlayout.py -> build/bdist.linux-x86_64/wheel/kivy/uix
[1m[90m[DEBUG][39m[0m:   	[INFO   ] copying build/lib.linux-x86_64-cpython-314/kivy/uix/recyclelayout.py -> build/bdist.linux-x86_64/wheel/kivy/uix
[1m[90m[DEBUG][39m[0m:   	[INFO   ] creating build/bdist.linux-x86_64/wheel/kivy/uix/behaviors
[1m[90m[DEBUG][39m[0m:   	[INFO   ] copying build/lib.linux-x86_64-cpython-314/kivy/uix/behaviors/emacs.py -> build/bdist.linux-x86_64/wheel/kivy/uix/behaviors
[1m[90m[DEBUG][39m[0m:   	[INFO   ] copying build/lib.linux-x86_64-cpython-314/kivy/uix/behaviors/__init__.py -> build/bdist.linux-x86_64/wheel/kivy/uix/behaviors
[1m[90m[DEBUG][39m[0m:   	[INFO   ] copying build/lib.linux-x86_64-cpython-314/kivy/uix/behaviors/togglebutton.py -> build/bdist.linux-x86_64/wheel/kivy/uix/behaviors
[1m[90m[DEBUG][39m[0m:   	[INFO   ] copying build/lib.linux-x86_64-cpython-314/kivy/uix/behaviors/compoundselection.py -> build/bdist.linux-x86_64/wheel/kivy/uix/behaviors
[1m[90m[DEBUG][39m[0m:   	[INFO   ] copying build/lib.linux-x86_64-cpython-314/kivy/uix/behaviors/drag.py -> build/bdist.linux-x86_64/wheel/kivy/uix/behaviors
[1m[90m[DEBUG][39m[0m:   	[INFO   ] copying build/lib.linux-x86_64-cpython-314/kivy/uix/behaviors/button.py -> build/bdist.linux-x86_64/wheel/kivy/uix/behaviors
[1m[90m[DEBUG][39m[0m:   	[INFO   ] copying build/lib.linux-x86_64-cpython-314/kivy/uix/behaviors/touchripple.py -> build/bdist.linux-x86_64/wheel/kivy/uix/behaviors
[1m[90m[DEBUG][39m[0m:   	[INFO   ] copying build/lib.linux-x86_64-cpython-314/kivy/uix/behaviors/codenavigation.py -> build/bdist.linux-x86_64/wheel/kivy/uix/behaviors
[1m[90m[DEBUG][39m[0m:   	[INFO   ] copying build/lib.linux-x86_64-cpython-314/kivy/uix/behaviors/knspace.py -> build/bdist.linux-x86_64/wheel/kivy/uix/behaviors
[1m[90m[DEBUG][39m[0m:   	[INFO   ] copying build/lib.linux-x86_64-cpython-314/kivy/uix/behaviors/focus.py -> build/bdist.linux-x86_64/wheel/kivy/uix/behaviors
[1m[90m[DEBUG][39m[0m:   	[INFO   ] copying build/lib.linux-x86_64-cpython-314/kivy/uix/behaviors/cover.py -> build/bdist.linux-x86_64/wheel/kivy/uix/behaviors
[1m[90m[DEBUG][39m[0m:   	[INFO   ] copying build/lib.linux-x86_64-cpython-314/kivy/uix/videoplayer.py -> build/bdist.linux-x86_64/wheel/kivy/uix
[1m[90m[DEBUG][39m[0m:   	[INFO   ] copying build/lib.linux-x86_64-cpython-314/kivy/uix/checkbox.py -> build/bdist.linux-x86_64/wheel/kivy/uix
[1m[90m[DEBUG][39m[0m:   	[INFO   ] copying build/lib.linux-x86_64-cpython-314/kivy/uix/scatterlayout.py -> build/bdist.linux-x86_64/wheel/kivy/uix
[1m[90m[DEBUG][39m[0m:   	[INFO   ] copying build/lib.linux-x86_64-cpython-314/kivy/uix/modalview.py -> build/bdist.linux-x86_64/wheel/kivy/uix
[1m[90m[DEBUG][39m[0m:   	[INFO   ] copying build/lib.linux-x86_64-cpython-314/kivy/uix/stencilview.py -> build/bdist.linux-x86_64/wheel/kivy/uix
[1m[90m[DEBUG][39m[0m:   	[INFO   ] copying build/lib.linux-x86_64-cpython-314/kivy/uix/splitter.py -> build/bdist.linux-x86_64/wheel/kivy/uix
[1m[90m[DEBUG][39m[0m:   	[INFO   ] copying build/lib.linux-x86_64-cpython-314/kivy/uix/__init__.py -> build/bdist.linux-x86_64/wheel/kivy/uix
[1m[90m[DEBUG][39m[0m:   	[INFO   ] copying build/lib.linux-x86_64-cpython-314/kivy/uix/actionbar.py -> build/bdist.linux-x86_64/wheel/kivy/uix
[1m[90m[DEBUG][39m[0m:   	[INFO   ] copying build/lib.linux-x86_64-cpython-314/kivy/uix/video.py -> build/bdist.linux-x86_64/wheel/kivy/uix
[1m[90m[DEBUG][39m[0m:   	[INFO   ] copying build/lib.linux-x86_64-cpython-314/kivy/uix/settings.py -> build/bdist.linux-x86_64/wheel/kivy/uix
[1m[90m[DEBUG][39m[0m:   	[INFO   ] copying build/lib.linux-x86_64-cpython-314/kivy/uix/colorpicker.py -> build/bdist.linux-x86_64/wheel/kivy/uix
[1m[90m[DEBUG][39m[0m:   	[INFO   ] copying build/lib.linux-x86_64-cpython-314/kivy/uix/togglebutton.py -> build/bdist.linux-x86_64/wheel/kivy/uix
[1m[90m[DEBUG][39m[0m:   	[INFO   ] copying build/lib.linux-x86_64-cpython-314/kivy/uix/layout.py -> build/bdist.linux-x86_64/wheel/kivy/uix
[1m[90m[DEBUG][39m[0m:   	[INFO   ] copying build/lib.linux-x86_64-cpython-314/kivy/uix/recycleboxlayout.py -> build/bdist.linux-x86_64/wheel/kivy/uix
[1m[90m[DEBUG][39m[0m:   	[INFO   ] copying build/lib.linux-x86_64-cpython-314/kivy/uix/button.py -> build/bdist.linux-x86_64/wheel/kivy/uix
[1m[90m[DEBUG][39m[0m:   	[INFO   ] copying build/lib.linux-x86_64-cpython-314/kivy/uix/progressbar.py -> build/bdist.linux-x86_64/wheel/kivy/uix
[1m[90m[DEBUG][39m[0m:   	[INFO   ] copying build/lib.linux-x86_64-cpython-314/kivy/uix/gridlayout.py -> build/bdist.linux-x86_64/wheel/kivy/uix
[1m[90m[DEBUG][39m[0m:   	[INFO   ] copying build/lib.linux-x86_64-cpython-314/kivy/uix/boxlayout.py -> build/bdist.linux-x86_64/wheel/kivy/uix
[1m[90m[DEBUG][39m[0m:   	[INFO   ] copying build/lib.linux-x86_64-cpython-314/kivy/uix/sandbox.py -> build/bdist.linux-x86_64/wheel/kivy/uix
[1m[90m[DEBUG][39m[0m:   	[INFO   ] copying build/lib.linux-x86_64-cpython-314/kivy/uix/image.py -> build/bdist.linux-x86_64/wheel/kivy/uix
[1m[90m[DEBUG][39m[0m:   	[INFO   ] copying build/lib.linux-x86_64-cpython-314/kivy/uix/carousel.py -> build/bdist.linux-x86_64/wheel/kivy/uix
[1m[90m[DEBUG][39m[0m:   	[INFO   ] copying build/lib.linux-x86_64-cpython-314/kivy/uix/screenmanager.py -> build/bdist.linux-x86_64/wheel/kivy/uix
[1m[90m[DEBUG][39m[0m:   	[INFO   ] copying build/lib.linux-x86_64-cpython-314/kivy/uix/slider.py -> build/bdist.linux-x86_64/wheel/kivy/uix
[1m[90m[DEBUG][39m[0m:   	[INFO   ] copying build/lib.linux-x86_64-cpython-314/kivy/uix/codeinput.py -> build/bdist.linux-x86_64/wheel/kivy/uix
[1m[90m[DEBUG][39m[0m:   	[INFO   ] copying build/lib.linux-x86_64-cpython-314/kivy/uix/tabbedpanel.py -> build/bdist.linux-x86_64/wheel/kivy/uix
[1m[90m[DEBUG][39m[0m:   	[INFO   ] copying build/lib.linux-x86_64-cpython-314/kivy/uix/dropdown.py -> build/bdist.linux-x86_64/wheel/kivy/uix
[1m[90m[DEBUG][39m[0m:   	[INFO   ] copying build/lib.linux-x86_64-cpython-314/kivy/uix/effectwidget.py -> build/bdist.linux-x86_64/wheel/kivy/uix
[1m[90m[DEBUG][39m[0m:   	[INFO   ] copying build/lib.linux-x86_64-cpython-314/kivy/uix/scatter.py -> build/bdist.linux-x86_64/wheel/kivy/uix
[1m[90m[DEBUG][39m[0m:   	[INFO   ] copying build/lib.linux-x86_64-cpython-314/kivy/uix/spinner.py -> build/bdist.linux-x86_64/wheel/kivy/uix
[1m[90m[DEBUG][39m[0m:   	[INFO   ] copying build/lib.linux-x86_64-cpython-314/kivy/uix/floatlayout.py -> build/bdist.linux-x86_64/wheel/kivy/uix
[1m[90m[DEBUG][39m[0m:   	[INFO   ] copying build/lib.linux-x86_64-cpython-314/kivy/uix/scrollview.py -> build/bdist.linux-x86_64/wheel/kivy/uix
[1m[90m[DEBUG][39m[0m:   	[INFO   ] copying build/lib.linux-x86_64-cpython-314/kivy/uix/bubble.py -> build/bdist.linux-x86_64/wheel/kivy/uix
[1m[90m[DEBUG][39m[0m:   	[INFO   ] copying build/lib.linux-x86_64-cpython-314/kivy/uix/textinput.py -> build/bdist.linux-x86_64/wheel/kivy/uix
[1m[90m[DEBUG][39m[0m:   	[INFO   ] copying build/lib.linux-x86_64-cpython-314/kivy/uix/treeview.py -> build/bdist.linux-x86_64/wheel/kivy/uix
[1m[90m[DEBUG][39m[0m:   	[INFO   ] creating build/bdist.linux-x86_64/wheel/kivy/modules
[1m[90m[DEBUG][39m[0m:   	[INFO   ] copying build/lib.linux-x86_64-cpython-314/kivy/modules/cursor.py -> build/bdist.linux-x86_64/wheel/kivy/modules
[1m[90m[DEBUG][39m[0m:   	[INFO   ] copying build/lib.linux-x86_64-cpython-314/kivy/modules/webdebugger.py -> build/bdist.linux-x86_64/wheel/kivy/modules
[1m[90m[DEBUG][39m[0m:   	[INFO   ] copying build/lib.linux-x86_64-cpython-314/kivy/modules/recorder.py -> build/bdist.linux-x86_64/wheel/kivy/modules
[1m[90m[DEBUG][39m[0m:   	[INFO   ] copying build/lib.linux-x86_64-cpython-314/kivy/modules/touchring.py -> build/bdist.linux-x86_64/wheel/kivy/modules
[1m[90m[DEBUG][39m[0m:   	[INFO   ] copying build/lib.linux-x86_64-cpython-314/kivy/modules/console.py -> build/bdist.linux-x86_64/wheel/kivy/modules
[1m[90m[DEBUG][39m[0m:   	[INFO   ] copying build/lib.linux-x86_64-cpython-314/kivy/modules/showborder.py -> build/bdist.linux-x86_64/wheel/kivy/modules
[1m[90m[DEBUG][39m[0m:   	[INFO   ] copying build/lib.linux-x86_64-cpython-314/kivy/modules/keybinding.py -> build/bdist.linux-x86_64/wheel/kivy/modules
[1m[90m[DEBUG][39m[0m:   	[INFO   ] copying build/lib.linux-x86_64-cpython-314/kivy/modules/monitor.py -> build/bdist.linux-x86_64/wheel/kivy/modules
[1m[90m[DEBUG][39m[0m:   	[INFO   ] copying build/lib.linux-x86_64-cpython-314/kivy/modules/joycursor.py -> build/bdist.linux-x86_64/wheel/kivy/modules
[1m[90m[DEBUG][39m[0m:   	[INFO   ] copying build/lib.linux-x86_64-cpython-314/kivy/modules/__init__.py -> build/bdist.linux-x86_64/wheel/kivy/modules
[1m[90m[DEBUG][39m[0m:   	[INFO   ] copying build/lib.linux-x86_64-cpython-314/kivy/modules/_webdebugger.py -> build/bdist.linux-x86_64/wheel/kivy/modules
[1m[90m[DEBUG][39m[0m:   	[INFO   ] copying build/lib.linux-x86_64-cpython-314/kivy/modules/screen.py -> build/bdist.linux-x86_64/wheel/kivy/modules
[1m[90m[DEBUG][39m[0m:   	[INFO   ] copying build/lib.linux-x86_64-cpython-314/kivy/modules/inspector.py -> build/bdist.linux-x86_64/wheel/kivy/modules
[1m[90m[DEBUG][39m[0m:   	[INFO   ] creating build/bdist.linux-x86_64/wheel/kivy/eventmanager
[1m[90m[DEBUG][39m[0m:   	[INFO   ] copying build/lib.linux-x86_64-cpython-314/kivy/eventmanager/__init__.py -> build/bdist.linux-x86_64/wheel/kivy/eventmanager
[1m[90m[DEBUG][39m[0m:   	[INFO   ] copying build/lib.linux-x86_64-cpython-314/kivy/_clock.cpython-314-x86_64-linux-gnu.so -> build/bdist.linux-x86_64/wheel/kivy
[1m[90m[DEBUG][39m[0m:   	[INFO   ] copying build/lib.linux-x86_64-cpython-314/kivy/_clock.pxd -> build/bdist.linux-x86_64/wheel/kivy
[1m[90m[DEBUG][39m[0m:   	[INFO   ] copying build/lib.linux-x86_64-cpython-314/kivy/metrics.py -> build/bdist.linux-x86_64/wheel/kivy
[1m[90m[DEBUG][39m[0m:   	[INFO   ] copying build/lib.linux-x86_64-cpython-314/kivy/factory.py -> build/bdist.linux-x86_64/wheel/kivy
[1m[90m[DEBUG][39m[0m:   	[INFO   ] copying build/lib.linux-x86_64-cpython-314/kivy/factory_registers.py -> build/bdist.linux-x86_64/wheel/kivy
[1m[90m[DEBUG][39m[0m:   	[INFO   ] creating build/bdist.linux-x86_64/wheel/kivy/deps
[1m[90m[DEBUG][39m[0m:   	[INFO   ] copying build/lib.linux-x86_64-cpython-314/kivy/deps/__init__.py -> build/bdist.linux-x86_64/wheel/kivy/deps
[1m[90m[DEBUG][39m[0m:   	[INFO   ] copying build/lib.linux-x86_64-cpython-314/kivy/compat.py -> build/bdist.linux-x86_64/wheel/kivy
[1m[90m[DEBUG][39m[0m:   	[INFO   ] creating build/bdist.linux-x86_64/wheel/kivy/core
[1m[90m[DEBUG][39m[0m:   	[INFO   ] creating build/bdist.linux-x86_64/wheel/kivy/core/clipboard
[1m[90m[DEBUG][39m[0m:   	[INFO   ] copying build/lib.linux-x86_64-cpython-314/kivy/core/clipboard/clipboard_xclip.py -> build/bdist.linux-x86_64/wheel/kivy/core/clipboard
[1m[90m[DEBUG][39m[0m:   	[INFO   ] copying build/lib.linux-x86_64-cpython-314/kivy/core/clipboard/clipboard_android.py -> build/bdist.linux-x86_64/wheel/kivy/core/clipboard
[1m[90m[DEBUG][39m[0m:   	[INFO   ] copying build/lib.linux-x86_64-cpython-314/kivy/core/clipboard/_clipboard_ext.py -> build/bdist.linux-x86_64/wheel/kivy/core/clipboard
[1m[90m[DEBUG][39m[0m:   	[INFO   ] copying build/lib.linux-x86_64-cpython-314/kivy/core/clipboard/clipboard_winctypes.py -> build/bdist.linux-x86_64/wheel/kivy/core/clipboard
[1m[90m[DEBUG][39m[0m:   	[INFO   ] copying build/lib.linux-x86_64-cpython-314/kivy/core/clipboard/clipboard_sdl2.py -> build/bdist.linux-x86_64/wheel/kivy/core/clipboard
[1m[90m[DEBUG][39m[0m:   	[INFO   ] copying build/lib.linux-x86_64-cpython-314/kivy/core/clipboard/clipboard_dummy.py -> build/bdist.linux-x86_64/wheel/kivy/core/clipboard
[1m[90m[DEBUG][39m[0m:   	[INFO   ] copying build/lib.linux-x86_64-cpython-314/kivy/core/clipboard/__init__.py -> build/bdist.linux-x86_64/wheel/kivy/core/clipboard
[1m[90m[DEBUG][39m[0m:   	[INFO   ] copying build/lib.linux-x86_64-cpython-314/kivy/core/clipboard/clipboard_nspaste.py -> build/bdist.linux-x86_64/wheel/kivy/core/clipboard
[1m[90m[DEBUG][39m[0m:   	[INFO   ] copying build/lib.linux-x86_64-cpython-314/kivy/core/clipboard/clipboard_xsel.py -> build/bdist.linux-x86_64/wheel/kivy/core/clipboard
[1m[90m[DEBUG][39m[0m:   	[INFO   ] copying build/lib.linux-x86_64-cpython-314/kivy/core/clipboard/clipboard_dbusklipper.py -> build/bdist.linux-x86_64/wheel/kivy/core/clipboard
[1m[90m[DEBUG][39m[0m:   	[INFO   ] copying build/lib.linux-x86_64-cpython-314/kivy/core/clipboard/_clipboard_sdl2.cpython-314-x86_64-linux-gnu.so -> build/bdist.linux-x86_64/wheel/kivy/core/clipboard
[1m[90m[DEBUG][39m[0m:   	[INFO   ] copying build/lib.linux-x86_64-cpython-314/kivy/core/clipboard/clipboard_gtk3.py -> build/bdist.linux-x86_64/wheel/kivy/core/clipboard
[1m[90m[DEBUG][39m[0m:   	[INFO   ] copying build/lib.linux-x86_64-cpython-314/kivy/core/clipboard/clipboard_pygame.py -> build/bdist.linux-x86_64/wheel/kivy/core/clipboard
[1m[90m[DEBUG][39m[0m:   	[INFO   ] creating build/bdist.linux-x86_64/wheel/kivy/core/window
[1m[90m[DEBUG][39m[0m:   	[INFO   ] copying build/lib.linux-x86_64-cpython-314/kivy/core/window/window_info.pxd -> build/bdist.linux-x86_64/wheel/kivy/core/window
[1m[90m[DEBUG][39m[0m:   	[INFO   ] copying build/lib.linux-x86_64-cpython-314/kivy/core/window/window_attrs.pxi -> build/bdist.linux-x86_64/wheel/kivy/core/window
[1m[90m[DEBUG][39m[0m:   	[INFO   ] copying build/lib.linux-x86_64-cpython-314/kivy/core/window/window_info.cpython-314-x86_64-linux-gnu.so -> build/bdist.linux-x86_64/wheel/kivy/core/window
[1m[90m[DEBUG][39m[0m:   	[INFO   ] copying build/lib.linux-x86_64-cpython-314/kivy/core/window/window_sdl2.py -> build/bdist.linux-x86_64/wheel/kivy/core/window
[1m[90m[DEBUG][39m[0m:   	[INFO   ] copying build/lib.linux-x86_64-cpython-314/kivy/core/window/__init__.py -> build/bdist.linux-x86_64/wheel/kivy/core/window
[1m[90m[DEBUG][39m[0m:   	[INFO   ] copying build/lib.linux-x86_64-cpython-314/kivy/core/window/window_pygame.py -> build/bdist.linux-x86_64/wheel/kivy/core/window
[1m[90m[DEBUG][39m[0m:   	[INFO   ] copying build/lib.linux-x86_64-cpython-314/kivy/core/window/window_egl_rpi.py -> build/bdist.linux-x86_64/wheel/kivy/core/window
[1m[90m[DEBUG][39m[0m:   	[INFO   ] copying build/lib.linux-x86_64-cpython-314/kivy/core/window/_window_sdl2.cpython-314-x86_64-linux-gnu.so -> build/bdist.linux-x86_64/wheel/kivy/core/window
[1m[90m[DEBUG][39m[0m:   	[INFO   ] creating build/bdist.linux-x86_64/wheel/kivy/core/gl
[1m[90m[DEBUG][39m[0m:   	[INFO   ] copying build/lib.linux-x86_64-cpython-314/kivy/core/gl/__init__.py -> build/bdist.linux-x86_64/wheel/kivy/core/gl
[1m[90m[DEBUG][39m[0m:   	[INFO   ] creating build/bdist.linux-x86_64/wheel/kivy/core/spelling
[1m[90m[DEBUG][39m[0m:   	[INFO   ] copying build/lib.linux-x86_64-cpython-314/kivy/core/spelling/spelling_osxappkit.py -> build/bdist.linux-x86_64/wheel/kivy/core/spelling
[1m[90m[DEBUG][39m[0m:   	[INFO   ] copying build/lib.linux-x86_64-cpython-314/kivy/core/spelling/spelling_enchant.py -> build/bdist.linux-x86_64/wheel/kivy/core/spelling
[1m[90m[DEBUG][39m[0m:   	[INFO   ] copying build/lib.linux-x86_64-cpython-314/kivy/core/spelling/__init__.py -> build/bdist.linux-x86_64/wheel/kivy/core/spelling
[1m[90m[DEBUG][39m[0m:   	[INFO   ] creating build/bdist.linux-x86_64/wheel/kivy/core/camera
[1m[90m[DEBUG][39m[0m:   	[INFO   ] copying build/lib.linux-x86_64-cpython-314/kivy/core/camera/__init__.py -> build/bdist.linux-x86_64/wheel/kivy/core/camera
[1m[90m[DEBUG][39m[0m:   	[INFO   ] copying build/lib.linux-x86_64-cpython-314/kivy/core/camera/camera_android.py -> build/bdist.linux-x86_64/wheel/kivy/core/camera
[1m[90m[DEBUG][39m[0m:   	[INFO   ] copying build/lib.linux-x86_64-cpython-314/kivy/core/camera/camera_opencv.py -> build/bdist.linux-x86_64/wheel/kivy/core/camera
[1m[90m[DEBUG][39m[0m:   	[INFO   ] copying build/lib.linux-x86_64-cpython-314/kivy/core/camera/camera_gi.py -> build/bdist.linux-x86_64/wheel/kivy/core/camera
[1m[90m[DEBUG][39m[0m:   	[INFO   ] copying build/lib.linux-x86_64-cpython-314/kivy/core/camera/camera_picamera.py -> build/bdist.linux-x86_64/wheel/kivy/core/camera
[1m[90m[DEBUG][39m[0m:   	[INFO   ] creating build/bdist.linux-x86_64/wheel/kivy/core/image
[1m[90m[DEBUG][39m[0m:   	[INFO   ] copying build/lib.linux-x86_64-cpython-314/kivy/core/image/img_ffpyplayer.py -> build/bdist.linux-x86_64/wheel/kivy/core/image
[1m[90m[DEBUG][39m[0m:   	[INFO   ] copying build/lib.linux-x86_64-cpython-314/kivy/core/image/__init__.py -> build/bdist.linux-x86_64/wheel/kivy/core/image
[1m[90m[DEBUG][39m[0m:   	[INFO   ] copying build/lib.linux-x86_64-cpython-314/kivy/core/image/img_pygame.py -> build/bdist.linux-x86_64/wheel/kivy/core/image
[1m[90m[DEBUG][39m[0m:   	[INFO   ] copying build/lib.linux-x86_64-cpython-314/kivy/core/image/_img_sdl2.cpython-314-x86_64-linux-gnu.so -> build/bdist.linux-x86_64/wheel/kivy/core/image
[1m[90m[DEBUG][39m[0m:   	[INFO   ] copying build/lib.linux-x86_64-cpython-314/kivy/core/image/img_pil.py -> build/bdist.linux-x86_64/wheel/kivy/core/image
[1m[90m[DEBUG][39m[0m:   	[INFO   ] copying build/lib.linux-x86_64-cpython-314/kivy/core/image/img_tex.py -> build/bdist.linux-x86_64/wheel/kivy/core/image
[1m[90m[DEBUG][39m[0m:   	[INFO   ] copying build/lib.linux-x86_64-cpython-314/kivy/core/image/img_sdl2.py -> build/bdist.linux-x86_64/wheel/kivy/core/image
[1m[90m[DEBUG][39m[0m:   	[INFO   ] copying build/lib.linux-x86_64-cpython-314/kivy/core/image/img_dds.py -> build/bdist.linux-x86_64/wheel/kivy/core/image
[1m[90m[DEBUG][39m[0m:   	[INFO   ] creating build/bdist.linux-x86_64/wheel/kivy/core/video
[1m[90m[DEBUG][39m[0m:   	[INFO   ] copying build/lib.linux-x86_64-cpython-314/kivy/core/video/video_gstplayer.py -> build/bdist.linux-x86_64/wheel/kivy/core/video
[1m[90m[DEBUG][39m[0m:   	[INFO   ] copying build/lib.linux-x86_64-cpython-314/kivy/core/video/video_ffmpeg.py -> build/bdist.linux-x86_64/wheel/kivy/core/video
[1m[90m[DEBUG][39m[0m:   	[INFO   ] copying build/lib.linux-x86_64-cpython-314/kivy/core/video/video_ffpyplayer.py -> build/bdist.linux-x86_64/wheel/kivy/core/video
[1m[90m[DEBUG][39m[0m:   	[INFO   ] copying build/lib.linux-x86_64-cpython-314/kivy/core/video/__init__.py -> build/bdist.linux-x86_64/wheel/kivy/core/video
[1m[90m[DEBUG][39m[0m:   	[INFO   ] copying build/lib.linux-x86_64-cpython-314/kivy/core/video/video_null.py -> build/bdist.linux-x86_64/wheel/kivy/core/video
[1m[90m[DEBUG][39m[0m:   	[INFO   ] copying build/lib.linux-x86_64-cpython-314/kivy/core/__init__.py -> build/bdist.linux-x86_64/wheel/kivy/core
[1m[90m[DEBUG][39m[0m:   	[INFO   ] creating build/bdist.linux-x86_64/wheel/kivy/core/audio
[1m[90m[DEBUG][39m[0m:   	[INFO   ] copying build/lib.linux-x86_64-cpython-314/kivy/core/audio/audio_ffpyplayer.py -> build/bdist.linux-x86_64/wheel/kivy/core/audio
[1m[90m[DEBUG][39m[0m:   	[INFO   ] copying build/lib.linux-x86_64-cpython-314/kivy/core/audio/__init__.py -> build/bdist.linux-x86_64/wheel/kivy/core/audio
[1m[90m[DEBUG][39m[0m:   	[INFO   ] copying build/lib.linux-x86_64-cpython-314/kivy/core/audio/audio_avplayer.py -> build/bdist.linux-x86_64/wheel/kivy/core/audio
[1m[90m[DEBUG][39m[0m:   	[INFO   ] copying build/lib.linux-x86_64-cpython-314/kivy/core/audio/audio_gstplayer.py -> build/bdist.linux-x86_64/wheel/kivy/core/audio
[1m[90m[DEBUG][39m[0m:   	[INFO   ] copying build/lib.linux-x86_64-cpython-314/kivy/core/audio/audio_pygame.py -> build/bdist.linux-x86_64/wheel/kivy/core/audio
[1m[90m[DEBUG][39m[0m:   	[INFO   ] copying build/lib.linux-x86_64-cpython-314/kivy/core/audio/audio_android.py -> build/bdist.linux-x86_64/wheel/kivy/core/audio
[1m[90m[DEBUG][39m[0m:   	[INFO   ] copying build/lib.linux-x86_64-cpython-314/kivy/core/audio/audio_sdl2.cpython-314-x86_64-linux-gnu.so -> build/bdist.linux-x86_64/wheel/kivy/core/audio
[1m[90m[DEBUG][39m[0m:   	[INFO   ] creating build/bdist.linux-x86_64/wheel/kivy/core/text
[1m[90m[DEBUG][39m[0m:   	[INFO   ] copying build/lib.linux-x86_64-cpython-314/kivy/core/text/text_pango.py -> build/bdist.linux-x86_64/wheel/kivy/core/text
[1m[90m[DEBUG][39m[0m:   	[INFO   ] copying build/lib.linux-x86_64-cpython-314/kivy/core/text/text_layout.cpython-314-x86_64-linux-gnu.so -> build/bdist.linux-x86_64/wheel/kivy/core/text
[1m[90m[DEBUG][39m[0m:   	[INFO   ] copying build/lib.linux-x86_64-cpython-314/kivy/core/text/_text_sdl2.cpython-314-x86_64-linux-gnu.so -> build/bdist.linux-x86_64/wheel/kivy/core/text
[1m[90m[DEBUG][39m[0m:   	[INFO   ] copying build/lib.linux-x86_64-cpython-314/kivy/core/text/__init__.py -> build/bdist.linux-x86_64/wheel/kivy/core/text
[1m[90m[DEBUG][39m[0m:   	[INFO   ] copying build/lib.linux-x86_64-cpython-314/kivy/core/text/text_sdl2.py -> build/bdist.linux-x86_64/wheel/kivy/core/text
[1m[90m[DEBUG][39m[0m:   	[INFO   ] copying build/lib.linux-x86_64-cpython-314/kivy/core/text/text_pil.py -> build/bdist.linux-x86_64/wheel/kivy/core/text
[1m[90m[DEBUG][39m[0m:   	[INFO   ] copying build/lib.linux-x86_64-cpython-314/kivy/core/text/markup.py -> build/bdist.linux-x86_64/wheel/kivy/core/text
[1m[90m[DEBUG][39m[0m:   	[INFO   ] copying build/lib.linux-x86_64-cpython-314/kivy/core/text/text_layout.pxd -> build/bdist.linux-x86_64/wheel/kivy/core/text
[1m[90m[DEBUG][39m[0m:   	[INFO   ] copying build/lib.linux-x86_64-cpython-314/kivy/core/text/text_pygame.py -> build/bdist.linux-x86_64/wheel/kivy/core/text
[1m[90m[DEBUG][39m[0m:   	[INFO   ] copying build/lib.linux-x86_64-cpython-314/kivy/clock.py -> build/bdist.linux-x86_64/wheel/kivy
[1m[90m[DEBUG][39m[0m:   	[INFO   ] copying build/lib.linux-x86_64-cpython-314/kivy/_metrics.pxd -> build/bdist.linux-x86_64/wheel/kivy
[1m[90m[DEBUG][39m[0m:   	[INFO   ] copying build/lib.linux-x86_64-cpython-314/kivy/animation.py -> build/bdist.linux-x86_64/wheel/kivy
[1m[90m[DEBUG][39m[0m:   	[INFO   ] creating build/bdist.linux-x86_64/wheel/kivy/network
[1m[90m[DEBUG][39m[0m:   	[INFO   ] copying build/lib.linux-x86_64-cpython-314/kivy/network/urlrequest.py -> build/bdist.linux-x86_64/wheel/kivy/network
[1m[90m[DEBUG][39m[0m:   	[INFO   ] copying build/lib.linux-x86_64-cpython-314/kivy/network/__init__.py -> build/bdist.linux-x86_64/wheel/kivy/network
[1m[90m[DEBUG][39m[0m:   	[INFO   ] copying build/lib.linux-x86_64-cpython-314/kivy/cache.py -> build/bdist.linux-x86_64/wheel/kivy
[1m[90m[DEBUG][39m[0m:   	[INFO   ] copying build/lib.linux-x86_64-cpython-314/kivy/__init__.py -> build/bdist.linux-x86_64/wheel/kivy
[1m[90m[DEBUG][39m[0m:   	[INFO   ] copying build/lib.linux-x86_64-cpython-314/kivy/support.py -> build/bdist.linux-x86_64/wheel/kivy
[1m[90m[DEBUG][39m[0m:   	[INFO   ] copying build/lib.linux-x86_64-cpython-314/kivy/event.py -> build/bdist.linux-x86_64/wheel/kivy
[1m[90m[DEBUG][39m[0m:   	[INFO   ] copying build/lib.linux-x86_64-cpython-314/kivy/config.py -> build/bdist.linux-x86_64/wheel/kivy
[1m[90m[DEBUG][39m[0m:   	[INFO   ] creating build/bdist.linux-x86_64/wheel/kivy/data
[1m[90m[DEBUG][39m[0m:   	[INFO   ] creating build/bdist.linux-x86_64/wheel/kivy/data/images
[1m[90m[DEBUG][39m[0m:   	[INFO   ] copying build/lib.linux-x86_64-cpython-314/kivy/data/images/cursor.png -> build/bdist.linux-x86_64/wheel/kivy/data/images
[1m[90m[DEBUG][39m[0m:   	[INFO   ] copying build/lib.linux-x86_64-cpython-314/kivy/data/images/image-loading.gif -> build/bdist.linux-x86_64/wheel/kivy/data/images
[1m[90m[DEBUG][39m[0m:   	[INFO   ] copying build/lib.linux-x86_64-cpython-314/kivy/data/images/defaultshape.png -> build/bdist.linux-x86_64/wheel/kivy/data/images
[1m[90m[DEBUG][39m[0m:   	[INFO   ] copying build/lib.linux-x86_64-cpython-314/kivy/data/images/defaulttheme.atlas -> build/bdist.linux-x86_64/wheel/kivy/data/images
[1m[90m[DEBUG][39m[0m:   	[INFO   ] copying build/lib.linux-x86_64-cpython-314/kivy/data/images/background.jpg -> build/bdist.linux-x86_64/wheel/kivy/data/images
[1m[90m[DEBUG][39m[0m:   	[INFO   ] copying build/lib.linux-x86_64-cpython-314/kivy/data/images/image-loading.zip -> build/bdist.linux-x86_64/wheel/kivy/data/images
[1m[90m[DEBUG][39m[0m:   	[INFO   ] copying build/lib.linux-x86_64-cpython-314/kivy/data/images/testpattern.png -> build/bdist.linux-x86_64/wheel/kivy/data/images
[1m[90m[DEBUG][39m[0m:   	[INFO   ] copying build/lib.linux-x86_64-cpython-314/kivy/data/images/defaulttheme-0.png -> build/bdist.linux-x86_64/wheel/kivy/data/images
[1m[90m[DEBUG][39m[0m:   	[INFO   ] creating build/bdist.linux-x86_64/wheel/kivy/data/keyboards
[1m[90m[DEBUG][39m[0m:   	[INFO   ] copying build/lib.linux-x86_64-cpython-314/kivy/data/keyboards/es_ES.json -> build/bdist.linux-x86_64/wheel/kivy/data/keyboards
[1m[90m[DEBUG][39m[0m:   	[INFO   ] copying build/lib.linux-x86_64-cpython-314/kivy/data/keyboards/de.json -> build/bdist.linux-x86_64/wheel/kivy/data/keyboards
[1m[90m[DEBUG][39m[0m:   	[INFO   ] copying build/lib.linux-x86_64-cpython-314/kivy/data/keyboards/en_US.json -> build/bdist.linux-x86_64/wheel/kivy/data/keyboards
[1m[90m[DEBUG][39m[0m:   	[INFO   ] copying build/lib.linux-x86_64-cpython-314/kivy/data/keyboards/fr_CH.json -> build/bdist.linux-x86_64/wheel/kivy/data/keyboards
[1m[90m[DEBUG][39m[0m:   	[INFO   ] copying build/lib.linux-x86_64-cpython-314/kivy/data/keyboards/azerty.json -> build/bdist.linux-x86_64/wheel/kivy/data/keyboards
[1m[90m[DEBUG][39m[0m:   	[INFO   ] copying build/lib.linux-x86_64-cpython-314/kivy/data/keyboards/de_CH.json -> build/bdist.linux-x86_64/wheel/kivy/data/keyboards
[1m[90m[DEBUG][39m[0m:   	[INFO   ] copying build/lib.linux-x86_64-cpython-314/kivy/data/keyboards/qwertz.json -> build/bdist.linux-x86_64/wheel/kivy/data/keyboards
[1m[90m[DEBUG][39m[0m:   	[INFO   ] copying build/lib.linux-x86_64-cpython-314/kivy/data/keyboards/qwerty.json -> build/bdist.linux-x86_64/wheel/kivy/data/keyboards
[1m[90m[DEBUG][39m[0m:   	[INFO   ] creating build/bdist.linux-x86_64/wheel/kivy/data/glsl
[1m[90m[DEBUG][39m[0m:   	[INFO   ] copying build/lib.linux-x86_64-cpython-314/kivy/data/glsl/default.vs -> build/bdist.linux-x86_64/wheel/kivy/data/glsl
[1m[90m[DEBUG][39m[0m:   	[INFO   ] copying build/lib.linux-x86_64-cpython-314/kivy/data/glsl/default.fs -> build/bdist.linux-x86_64/wheel/kivy/data/glsl
[1m[90m[DEBUG][39m[0m:   	[INFO   ] copying build/lib.linux-x86_64-cpython-314/kivy/data/glsl/default.png -> build/bdist.linux-x86_64/wheel/kivy/data/glsl
[1m[90m[DEBUG][39m[0m:   	[INFO   ] copying build/lib.linux-x86_64-cpython-314/kivy/data/glsl/header.fs -> build/bdist.linux-x86_64/wheel/kivy/data/glsl
[1m[90m[DEBUG][39m[0m:   	[INFO   ] copying build/lib.linux-x86_64-cpython-314/kivy/data/glsl/header.vs -> build/bdist.linux-x86_64/wheel/kivy/data/glsl
[1m[90m[DEBUG][39m[0m:   	[INFO   ] creating build/bdist.linux-x86_64/wheel/kivy/data/logo
[1m[90m[DEBUG][39m[0m:   	[INFO   ] copying build/lib.linux-x86_64-cpython-314/kivy/data/logo/kivy-icon-16.png -> build/bdist.linux-x86_64/wheel/kivy/data/logo
[1m[90m[DEBUG][39m[0m:   	[INFO   ] copying build/lib.linux-x86_64-cpython-314/kivy/data/logo/kivy-icon-64.png -> build/bdist.linux-x86_64/wheel/kivy/data/logo
[1m[90m[DEBUG][39m[0m:   	[INFO   ] copying build/lib.linux-x86_64-cpython-314/kivy/data/logo/kivy-icon-24.png -> build/bdist.linux-x86_64/wheel/kivy/data/logo
[1m[90m[DEBUG][39m[0m:   	[INFO   ] copying build/lib.linux-x86_64-cpython-314/kivy/data/logo/kivy-icon-48.png -> build/bdist.linux-x86_64/wheel/kivy/data/logo
[1m[90m[DEBUG][39m[0m:   	[INFO   ] copying build/lib.linux-x86_64-cpython-314/kivy/data/logo/kivy-icon-256.png -> build/bdist.linux-x86_64/wheel/kivy/data/logo
[1m[90m[DEBUG][39m[0m:   	[INFO   ] copying build/lib.linux-x86_64-cpython-314/kivy/data/logo/kivy-icon-64.ico -> build/bdist.linux-x86_64/wheel/kivy/data/logo
[1m[90m[DEBUG][39m[0m:   	[INFO   ] copying build/lib.linux-x86_64-cpython-314/kivy/data/logo/kivy-icon-128.png -> build/bdist.linux-x86_64/wheel/kivy/data/logo
[1m[90m[DEBUG][39m[0m:   	[INFO   ] copying build/lib.linux-x86_64-cpython-314/kivy/data/logo/kivy-icon-512.png -> build/bdist.linux-x86_64/wheel/kivy/data/logo
[1m[90m[DEBUG][39m[0m:   	[INFO   ] copying build/lib.linux-x86_64-cpython-314/kivy/data/logo/kivy-icon-32.png -> build/bdist.linux-x86_64/wheel/kivy/data/logo
[1m[90m[DEBUG][39m[0m:   	[INFO   ] copying build/lib.linux-x86_64-cpython-314/kivy/data/style.kv -> build/bdist.linux-x86_64/wheel/kivy/data
[1m[90m[DEBUG][39m[0m:   	[INFO   ] creating build/bdist.linux-x86_64/wheel/kivy/data/fonts
[1m[90m[DEBUG][39m[0m:   	[INFO   ] copying build/lib.linux-x86_64-cpython-314/kivy/data/fonts/DejaVuSans.ttf -> build/bdist.linux-x86_64/wheel/kivy/data/fonts
[1m[90m[DEBUG][39m[0m:   	[INFO   ] copying build/lib.linux-x86_64-cpython-314/kivy/data/fonts/Roboto-BoldItalic.ttf -> build/bdist.linux-x86_64/wheel/kivy/data/fonts
[1m[90m[DEBUG][39m[0m:   	[INFO   ] copying build/lib.linux-x86_64-cpython-314/kivy/data/fonts/Roboto-Regular.ttf -> build/bdist.linux-x86_64/wheel/kivy/data/fonts
[1m[90m[DEBUG][39m[0m:   	[INFO   ] copying build/lib.linux-x86_64-cpython-314/kivy/data/fonts/RobotoMono-Regular.ttf -> build/bdist.linux-x86_64/wheel/kivy/data/fonts
[1m[90m[DEBUG][39m[0m:   	[INFO   ] copying build/lib.linux-x86_64-cpython-314/kivy/data/fonts/Roboto-Italic.ttf -> build/bdist.linux-x86_64/wheel/kivy/data/fonts
[1m[90m[DEBUG][39m[0m:   	[INFO   ] copying build/lib.linux-x86_64-cpython-314/kivy/data/fonts/Roboto-Bold.ttf -> build/bdist.linux-x86_64/wheel/kivy/data/fonts
[1m[90m[DEBUG][39m[0m:   	[INFO   ] copying build/lib.linux-x86_64-cpython-314/kivy/data/settings_kivy.json -> build/bdist.linux-x86_64/wheel/kivy/data
[1m[90m[DEBUG][39m[0m:   	[INFO   ] creating build/bdist.linux-x86_64/wheel/kivy/input
[1m[90m[DEBUG][39m[0m:   	[INFO   ] copying build/lib.linux-x86_64-cpython-314/kivy/input/recorder.py -> build/bdist.linux-x86_64/wheel/kivy/input
[1m[90m[DEBUG][39m[0m:   	[INFO   ] copying build/lib.linux-x86_64-cpython-314/kivy/input/provider.py -> build/bdist.linux-x86_64/wheel/kivy/input
[1m[90m[DEBUG][39m[0m:   	[INFO   ] copying build/lib.linux-x86_64-cpython-314/kivy/input/factory.py -> build/bdist.linux-x86_64/wheel/kivy/input
[1m[90m[DEBUG][39m[0m:   	[INFO   ] copying build/lib.linux-x86_64-cpython-314/kivy/input/__init__.py -> build/bdist.linux-x86_64/wheel/kivy/input
[1m[90m[DEBUG][39m[0m:   	[INFO   ] creating build/bdist.linux-x86_64/wheel/kivy/input/providers
[1m[90m[DEBUG][39m[0m:   	[INFO   ] copying build/lib.linux-x86_64-cpython-314/kivy/input/providers/wm_touch.py -> build/bdist.linux-x86_64/wheel/kivy/input/providers
[1m[90m[DEBUG][39m[0m:   	[INFO   ] copying build/lib.linux-x86_64-cpython-314/kivy/input/providers/androidjoystick.py -> build/bdist.linux-x86_64/wheel/kivy/input/providers
[1m[90m[DEBUG][39m[0m:   	[INFO   ] copying build/lib.linux-x86_64-cpython-314/kivy/input/providers/wm_pen.py -> build/bdist.linux-x86_64/wheel/kivy/input/providers
[1m[90m[DEBUG][39m[0m:   	[INFO   ] copying build/lib.linux-x86_64-cpython-314/kivy/input/providers/wm_common.py -> build/bdist.linux-x86_64/wheel/kivy/input/providers
[1m[90m[DEBUG][39m[0m:   	[INFO   ] copying build/lib.linux-x86_64-cpython-314/kivy/input/providers/mtdev.py -> build/bdist.linux-x86_64/wheel/kivy/input/providers
[1m[90m[DEBUG][39m[0m:   	[INFO   ] copying build/lib.linux-x86_64-cpython-314/kivy/input/providers/hidinput.py -> build/bdist.linux-x86_64/wheel/kivy/input/providers
[1m[90m[DEBUG][39m[0m:   	[INFO   ] copying build/lib.linux-x86_64-cpython-314/kivy/input/providers/leapfinger.py -> build/bdist.linux-x86_64/wheel/kivy/input/providers
[1m[90m[DEBUG][39m[0m:   	[INFO   ] copying build/lib.linux-x86_64-cpython-314/kivy/input/providers/__init__.py -> build/bdist.linux-x86_64/wheel/kivy/input/providers
[1m[90m[DEBUG][39m[0m:   	[INFO   ] copying build/lib.linux-x86_64-cpython-314/kivy/input/providers/probesysfs.py -> build/bdist.linux-x86_64/wheel/kivy/input/providers
[1m[90m[DEBUG][39m[0m:   	[INFO   ] copying build/lib.linux-x86_64-cpython-314/kivy/input/providers/linuxwacom.py -> build/bdist.linux-x86_64/wheel/kivy/input/providers
[1m[90m[DEBUG][39m[0m:   	[INFO   ] copying build/lib.linux-x86_64-cpython-314/kivy/input/providers/tuio.py -> build/bdist.linux-x86_64/wheel/kivy/input/providers
[1m[90m[DEBUG][39m[0m:   	[INFO   ] copying build/lib.linux-x86_64-cpython-314/kivy/input/providers/mouse.py -> build/bdist.linux-x86_64/wheel/kivy/input/providers
[1m[90m[DEBUG][39m[0m:   	[INFO   ] copying build/lib.linux-x86_64-cpython-314/kivy/input/providers/mactouch.py -> build/bdist.linux-x86_64/wheel/kivy/input/providers
[1m[90m[DEBUG][39m[0m:   	[INFO   ] copying build/lib.linux-x86_64-cpython-314/kivy/input/motionevent.py -> build/bdist.linux-x86_64/wheel/kivy/input
[1m[90m[DEBUG][39m[0m:   	[INFO   ] creating build/bdist.linux-x86_64/wheel/kivy/input/postproc
[1m[90m[DEBUG][39m[0m:   	[INFO   ] copying build/lib.linux-x86_64-cpython-314/kivy/input/postproc/calibration.py -> build/bdist.linux-x86_64/wheel/kivy/input/postproc
[1m[90m[DEBUG][39m[0m:   	[INFO   ] copying build/lib.linux-x86_64-cpython-314/kivy/input/postproc/tripletap.py -> build/bdist.linux-x86_64/wheel/kivy/input/postproc
[1m[90m[DEBUG][39m[0m:   	[INFO   ] copying build/lib.linux-x86_64-cpython-314/kivy/input/postproc/retaintouch.py -> build/bdist.linux-x86_64/wheel/kivy/input/postproc
[1m[90m[DEBUG][39m[0m:   	[INFO   ] copying build/lib.linux-x86_64-cpython-314/kivy/input/postproc/__init__.py -> build/bdist.linux-x86_64/wheel/kivy/input/postproc
[1m[90m[DEBUG][39m[0m:   	[INFO   ] copying build/lib.linux-x86_64-cpython-314/kivy/input/postproc/dejitter.py -> build/bdist.linux-x86_64/wheel/kivy/input/postproc
[1m[90m[DEBUG][39m[0m:   	[INFO   ] copying build/lib.linux-x86_64-cpython-314/kivy/input/postproc/doubletap.py -> build/bdist.linux-x86_64/wheel/kivy/input/postproc
[1m[90m[DEBUG][39m[0m:   	[INFO   ] copying build/lib.linux-x86_64-cpython-314/kivy/input/postproc/ignorelist.py -> build/bdist.linux-x86_64/wheel/kivy/input/postproc
[1m[90m[DEBUG][39m[0m:   	[INFO   ] copying build/lib.linux-x86_64-cpython-314/kivy/input/shape.py -> build/bdist.linux-x86_64/wheel/kivy/input
[1m[90m[DEBUG][39m[0m:   	[INFO   ] copying build/lib.linux-x86_64-cpython-314/kivy/properties.pxd -> build/bdist.linux-x86_64/wheel/kivy
[1m[90m[DEBUG][39m[0m:   	[INFO   ] copying build/lib.linux-x86_64-cpython-314/kivy/gesture.py -> build/bdist.linux-x86_64/wheel/kivy
[1m[90m[DEBUG][39m[0m:   	[INFO   ] copying build/lib.linux-x86_64-cpython-314/kivy/weakmethod.py -> build/bdist.linux-x86_64/wheel/kivy
[1m[90m[DEBUG][39m[0m:   	[INFO   ] copying build/lib.linux-x86_64-cpython-314/kivy/geometry.py -> build/bdist.linux-x86_64/wheel/kivy
[1m[90m[DEBUG][39m[0m:   	[INFO   ] copying build/lib.linux-x86_64-cpython-314/kivy/utils.py -> build/bdist.linux-x86_64/wheel/kivy
[1m[90m[DEBUG][39m[0m:   	[INFO   ] copying build/lib.linux-x86_64-cpython-314/kivy/weakproxy.cpython-314-x86_64-linux-gnu.so -> build/bdist.linux-x86_64/wheel/kivy
[1m[90m[DEBUG][39m[0m:   	[INFO   ] copying build/lib.linux-x86_64-cpython-314/kivy/atlas.py -> build/bdist.linux-x86_64/wheel/kivy
[1m[90m[DEBUG][39m[0m:   	[INFO   ] copying build/lib.linux-x86_64-cpython-314/kivy/interactive.py -> build/bdist.linux-x86_64/wheel/kivy
[1m[90m[DEBUG][39m[0m:   	[INFO   ] copying build/lib.linux-x86_64-cpython-314/kivy/context.py -> build/bdist.linux-x86_64/wheel/kivy
[1m[90m[DEBUG][39m[0m:   	[INFO   ] copying build/lib.linux-x86_64-cpython-314/kivy/parser.py -> build/bdist.linux-x86_64/wheel/kivy
[1m[90m[DEBUG][39m[0m:   	[INFO   ] creating build/bdist.linux-x86_64/wheel/kivy/storage
[1m[90m[DEBUG][39m[0m:   	[INFO   ] copying build/lib.linux-x86_64-cpython-314/kivy/storage/__init__.py -> build/bdist.linux-x86_64/wheel/kivy/storage
[1m[90m[DEBUG][39m[0m:   	[INFO   ] copying build/lib.linux-x86_64-cpython-314/kivy/storage/dictstore.py -> build/bdist.linux-x86_64/wheel/kivy/storage
[1m[90m[DEBUG][39m[0m:   	[INFO   ] copying build/lib.linux-x86_64-cpython-314/kivy/storage/redisstore.py -> build/bdist.linux-x86_64/wheel/kivy/storage
[1m[90m[DEBUG][39m[0m:   	[INFO   ] copying build/lib.linux-x86_64-cpython-314/kivy/storage/jsonstore.py -> build/bdist.linux-x86_64/wheel/kivy/storage
[1m[90m[DEBUG][39m[0m:   	[INFO   ] copying build/lib.linux-x86_64-cpython-314/kivy/multistroke.py -> build/bdist.linux-x86_64/wheel/kivy
[1m[90m[DEBUG][39m[0m:   	[INFO   ] copying build/lib.linux-x86_64-cpython-314/kivy/_event.cpython-314-x86_64-linux-gnu.so -> build/bdist.linux-x86_64/wheel/kivy
[1m[90m[DEBUG][39m[0m:   	[INFO   ] creating build/bdist.linux-x86_64/wheel/kivy/graphics
[1m[90m[DEBUG][39m[0m:   	[INFO   ] copying build/lib.linux-x86_64-cpython-314/kivy/graphics/transformation.cpython-314-x86_64-linux-gnu.so -> build/bdist.linux-x86_64/wheel/kivy/graphics
[1m[90m[DEBUG][39m[0m:   	[INFO   ] copying build/lib.linux-x86_64-cpython-314/kivy/graphics/boxshadow.cpython-314-x86_64-linux-gnu.so -> build/bdist.linux-x86_64/wheel/kivy/graphics
[1m[90m[DEBUG][39m[0m:   	[INFO   ] copying build/lib.linux-x86_64-cpython-314/kivy/graphics/context.cpython-314-x86_64-linux-gnu.so -> build/bdist.linux-x86_64/wheel/kivy/graphics
[1m[90m[DEBUG][39m[0m:   	[INFO   ] copying build/lib.linux-x86_64-cpython-314/kivy/graphics/tesselator.pxd -> build/bdist.linux-x86_64/wheel/kivy/graphics
[1m[90m[DEBUG][39m[0m:   	[INFO   ] copying build/lib.linux-x86_64-cpython-314/kivy/graphics/tesselator.cpython-314-x86_64-linux-gnu.so -> build/bdist.linux-x86_64/wheel/kivy/graphics
[1m[90m[DEBUG][39m[0m:   	[INFO   ] copying build/lib.linux-x86_64-cpython-314/kivy/graphics/boxshadow.pxd -> build/bdist.linux-x86_64/wheel/kivy/graphics
[1m[90m[DEBUG][39m[0m:   	[INFO   ] copying build/lib.linux-x86_64-cpython-314/kivy/graphics/buffer.cpython-314-x86_64-linux-gnu.so -> build/bdist.linux-x86_64/wheel/kivy/graphics
[1m[90m[DEBUG][39m[0m:   	[INFO   ] copying build/lib.linux-x86_64-cpython-314/kivy/graphics/transformation.pxd -> build/bdist.linux-x86_64/wheel/kivy/graphics
[1m[90m[DEBUG][39m[0m:   	[INFO   ] copying build/lib.linux-x86_64-cpython-314/kivy/graphics/vbo.cpython-314-x86_64-linux-gnu.so -> build/bdist.linux-x86_64/wheel/kivy/graphics
[1m[90m[DEBUG][39m[0m:   	[INFO   ] copying build/lib.linux-x86_64-cpython-314/kivy/graphics/vertex.cpython-314-x86_64-linux-gnu.so -> build/bdist.linux-x86_64/wheel/kivy/graphics
[1m[90m[DEBUG][39m[0m:   	[INFO   ] copying build/lib.linux-x86_64-cpython-314/kivy/graphics/vbo.pxd -> build/bdist.linux-x86_64/wheel/kivy/graphics
[1m[90m[DEBUG][39m[0m:   	[INFO   ] copying build/lib.linux-x86_64-cpython-314/kivy/graphics/img_tools.pxi -> build/bdist.linux-x86_64/wheel/kivy/graphics
[1m[90m[DEBUG][39m[0m:   	[INFO   ] copying build/lib.linux-x86_64-cpython-314/kivy/graphics/opcodes.pxi -> build/bdist.linux-x86_64/wheel/kivy/graphics
[1m[90m[DEBUG][39m[0m:   	[INFO   ] copying build/lib.linux-x86_64-cpython-314/kivy/graphics/texture.pxd -> build/bdist.linux-x86_64/wheel/kivy/graphics
[1m[90m[DEBUG][39m[0m:   	[INFO   ] copying build/lib.linux-x86_64-cpython-314/kivy/graphics/vertex_instructions_line.pxi -> build/bdist.linux-x86_64/wheel/kivy/graphics
[1m[90m[DEBUG][39m[0m:   	[INFO   ] copying build/lib.linux-x86_64-cpython-314/kivy/graphics/shader.cpython-314-x86_64-linux-gnu.so -> build/bdist.linux-x86_64/wheel/kivy/graphics
[1m[90m[DEBUG][39m[0m:   	[INFO   ] copying build/lib.linux-x86_64-cpython-314/kivy/graphics/scissor_instructions.cpython-314-x86_64-linux-gnu.so -> build/bdist.linux-x86_64/wheel/kivy/graphics
[1m[90m[DEBUG][39m[0m:   	[INFO   ] copying build/lib.linux-x86_64-cpython-314/kivy/graphics/gl_instructions.cpython-314-x86_64-linux-gnu.so -> build/bdist.linux-x86_64/wheel/kivy/graphics
[1m[90m[DEBUG][39m[0m:   	[INFO   ] copying build/lib.linux-x86_64-cpython-314/kivy/graphics/compiler.pxd -> build/bdist.linux-x86_64/wheel/kivy/graphics
[1m[90m[DEBUG][39m[0m:   	[INFO   ] copying build/lib.linux-x86_64-cpython-314/kivy/graphics/context_instructions.cpython-314-x86_64-linux-gnu.so -> build/bdist.linux-x86_64/wheel/kivy/graphics
[1m[90m[DEBUG][39m[0m:   	[INFO   ] copying build/lib.linux-x86_64-cpython-314/kivy/graphics/__init__.py -> build/bdist.linux-x86_64/wheel/kivy/graphics
[1m[90m[DEBUG][39m[0m:   	[INFO   ] copying build/lib.linux-x86_64-cpython-314/kivy/graphics/vertex.pxd -> build/bdist.linux-x86_64/wheel/kivy/graphics
[1m[90m[DEBUG][39m[0m:   	[INFO   ] copying build/lib.linux-x86_64-cpython-314/kivy/graphics/shader.pxd -> build/bdist.linux-x86_64/wheel/kivy/graphics
[1m[90m[DEBUG][39m[0m:   	[INFO   ] copying build/lib.linux-x86_64-cpython-314/kivy/graphics/buffer.pxd -> build/bdist.linux-x86_64/wheel/kivy/graphics
[1m[90m[DEBUG][39m[0m:   	[INFO   ] copying build/lib.linux-x86_64-cpython-314/kivy/graphics/fbo.cpython-314-x86_64-linux-gnu.so -> build/bdist.linux-x86_64/wheel/kivy/graphics
[1m[90m[DEBUG][39m[0m:   	[INFO   ] copying build/lib.linux-x86_64-cpython-314/kivy/graphics/vertex_instructions.pxd -> build/bdist.linux-x86_64/wheel/kivy/graphics
[1m[90m[DEBUG][39m[0m:   	[INFO   ] copying build/lib.linux-x86_64-cpython-314/kivy/graphics/memory.pxi -> build/bdist.linux-x86_64/wheel/kivy/graphics
[1m[90m[DEBUG][39m[0m:   	[INFO   ] copying build/lib.linux-x86_64-cpython-314/kivy/graphics/gl_debug_logger.pxi -> build/bdist.linux-x86_64/wheel/kivy/graphics
[1m[90m[DEBUG][39m[0m:   	[INFO   ] copying build/lib.linux-x86_64-cpython-314/kivy/graphics/opengl_utils_def.pxi -> build/bdist.linux-x86_64/wheel/kivy/graphics
[1m[90m[DEBUG][39m[0m:   	[INFO   ] copying build/lib.linux-x86_64-cpython-314/kivy/graphics/opengl_utils.pxd -> build/bdist.linux-x86_64/wheel/kivy/graphics
[1m[90m[DEBUG][39m[0m:   	[INFO   ] copying build/lib.linux-x86_64-cpython-314/kivy/graphics/instructions.cpython-314-x86_64-linux-gnu.so -> build/bdist.linux-x86_64/wheel/kivy/graphics
[1m[90m[DEBUG][39m[0m:   	[INFO   ] copying build/lib.linux-x86_64-cpython-314/kivy/graphics/svg.pxd -> build/bdist.linux-x86_64/wheel/kivy/graphics
[1m[90m[DEBUG][39m[0m:   	[INFO   ] copying build/lib.linux-x86_64-cpython-314/kivy/graphics/context_instructions.pxd -> build/bdist.linux-x86_64/wheel/kivy/graphics
[1m[90m[DEBUG][39m[0m:   	[INFO   ] creating build/bdist.linux-x86_64/wheel/kivy/graphics/cgl_backend
[1m[90m[DEBUG][39m[0m:   	[INFO   ] copying build/lib.linux-x86_64-cpython-314/kivy/graphics/cgl_backend/cgl_mock.cpython-314-x86_64-linux-gnu.so -> build/bdist.linux-x86_64/wheel/kivy/graphics/cgl_backend
[1m[90m[DEBUG][39m[0m:   	[INFO   ] copying build/lib.linux-x86_64-cpython-314/kivy/graphics/cgl_backend/__init__.py -> build/bdist.linux-x86_64/wheel/kivy/graphics/cgl_backend
[1m[90m[DEBUG][39m[0m:   	[INFO   ] copying build/lib.linux-x86_64-cpython-314/kivy/graphics/cgl_backend/cgl_debug.cpython-314-x86_64-linux-gnu.so -> build/bdist.linux-x86_64/wheel/kivy/graphics/cgl_backend
[1m[90m[DEBUG][39m[0m:   	[INFO   ] copying build/lib.linux-x86_64-cpython-314/kivy/graphics/cgl_backend/cgl_gl.cpython-314-x86_64-linux-gnu.so -> build/bdist.linux-x86_64/wheel/kivy/graphics/cgl_backend
[1m[90m[DEBUG][39m[0m:   	[INFO   ] copying build/lib.linux-x86_64-cpython-314/kivy/graphics/cgl_backend/cgl_sdl2.cpython-314-x86_64-linux-gnu.so -> build/bdist.linux-x86_64/wheel/kivy/graphics/cgl_backend
[1m[90m[DEBUG][39m[0m:   	[INFO   ] copying build/lib.linux-x86_64-cpython-314/kivy/graphics/cgl_backend/cgl_glew.cpython-314-x86_64-linux-gnu.so -> build/bdist.linux-x86_64/wheel/kivy/graphics/cgl_backend
[1m[90m[DEBUG][39m[0m:   	[INFO   ] copying build/lib.linux-x86_64-cpython-314/kivy/graphics/compiler.cpython-314-x86_64-linux-gnu.so -> build/bdist.linux-x86_64/wheel/kivy/graphics
[1m[90m[DEBUG][39m[0m:   	[INFO   ] copying build/lib.linux-x86_64-cpython-314/kivy/graphics/cgl.pxd -> build/bdist.linux-x86_64/wheel/kivy/graphics
[1m[90m[DEBUG][39m[0m:   	[INFO   ] copying build/lib.linux-x86_64-cpython-314/kivy/graphics/cgl.h -> build/bdist.linux-x86_64/wheel/kivy/graphics
[1m[90m[DEBUG][39m[0m:   	[INFO   ] copying build/lib.linux-x86_64-cpython-314/kivy/graphics/context.pxd -> build/bdist.linux-x86_64/wheel/kivy/graphics
[1m[90m[DEBUG][39m[0m:   	[INFO   ] copying build/lib.linux-x86_64-cpython-314/kivy/graphics/stencil_instructions.cpython-314-x86_64-linux-gnu.so -> build/bdist.linux-x86_64/wheel/kivy/graphics
[1m[90m[DEBUG][39m[0m:   	[INFO   ] copying build/lib.linux-x86_64-cpython-314/kivy/graphics/vertex_instructions.cpython-314-x86_64-linux-gnu.so -> build/bdist.linux-x86_64/wheel/kivy/graphics
[1m[90m[DEBUG][39m[0m:   	[INFO   ] copying build/lib.linux-x86_64-cpython-314/kivy/graphics/svg.cpython-314-x86_64-linux-gnu.so -> build/bdist.linux-x86_64/wheel/kivy/graphics
[1m[90m[DEBUG][39m[0m:   	[INFO   ] copying build/lib.linux-x86_64-cpython-314/kivy/graphics/common.pxi -> build/bdist.linux-x86_64/wheel/kivy/graphics
[1m[90m[DEBUG][39m[0m:   	[INFO   ] copying build/lib.linux-x86_64-cpython-314/kivy/graphics/stencil_instructions.pxd -> build/bdist.linux-x86_64/wheel/kivy/graphics
[1m[90m[DEBUG][39m[0m:   	[INFO   ] copying build/lib.linux-x86_64-cpython-314/kivy/graphics/cgl.cpython-314-x86_64-linux-gnu.so -> build/bdist.linux-x86_64/wheel/kivy/graphics
[1m[90m[DEBUG][39m[0m:   	[INFO   ] copying build/lib.linux-x86_64-cpython-314/kivy/graphics/texture.cpython-314-x86_64-linux-gnu.so -> build/bdist.linux-x86_64/wheel/kivy/graphics
[1m[90m[DEBUG][39m[0m:   	[INFO   ] copying build/lib.linux-x86_64-cpython-314/kivy/graphics/opengl.cpython-314-x86_64-linux-gnu.so -> build/bdist.linux-x86_64/wheel/kivy/graphics
[1m[90m[DEBUG][39m[0m:   	[INFO   ] copying build/lib.linux-x86_64-cpython-314/kivy/graphics/opengl_utils.cpython-314-x86_64-linux-gnu.so -> build/bdist.linux-x86_64/wheel/kivy/graphics
[1m[90m[DEBUG][39m[0m:   	[INFO   ] copying build/lib.linux-x86_64-cpython-314/kivy/graphics/fbo.pxd -> build/bdist.linux-x86_64/wheel/kivy/graphics
[1m[90m[DEBUG][39m[0m:   	[INFO   ] copying build/lib.linux-x86_64-cpython-314/kivy/graphics/instructions.pxd -> build/bdist.linux-x86_64/wheel/kivy/graphics
[1m[90m[DEBUG][39m[0m:   	[INFO   ] creating build/bdist.linux-x86_64/wheel/kivy/include
[1m[90m[DEBUG][39m[0m:   	[INFO   ] copying build/lib.linux-x86_64-cpython-314/kivy/include/gl2platform.h -> build/bdist.linux-x86_64/wheel/kivy/include
[1m[90m[DEBUG][39m[0m:   	[INFO   ] copying build/lib.linux-x86_64-cpython-314/kivy/include/config.h -> build/bdist.linux-x86_64/wheel/kivy/include
[1m[90m[DEBUG][39m[0m:   	[INFO   ] copying build/lib.linux-x86_64-cpython-314/kivy/include/common_subset.h -> build/bdist.linux-x86_64/wheel/kivy/include
[1m[90m[DEBUG][39m[0m:   	[INFO   ] copying build/lib.linux-x86_64-cpython-314/kivy/include/gl_redirect.h -> build/bdist.linux-x86_64/wheel/kivy/include
[1m[90m[DEBUG][39m[0m:   	[INFO   ] copying build/lib.linux-x86_64-cpython-314/kivy/include/config.pxi -> build/bdist.linux-x86_64/wheel/kivy/include
[1m[90m[DEBUG][39m[0m:   	[INFO   ] copying build/lib.linux-x86_64-cpython-314/kivy/include/khrplatform.h -> build/bdist.linux-x86_64/wheel/kivy/include
[1m[90m[DEBUG][39m[0m:   	[INFO   ] copying build/lib.linux-x86_64-cpython-314/kivy/resources.py -> build/bdist.linux-x86_64/wheel/kivy
[1m[90m[DEBUG][39m[0m:   	[INFO   ] creating build/bdist.linux-x86_64/wheel/kivy/lang
[1m[90m[DEBUG][39m[0m:   	[INFO   ] copying build/lib.linux-x86_64-cpython-314/kivy/lang/builder.py -> build/bdist.linux-x86_64/wheel/kivy/lang
[1m[90m[DEBUG][39m[0m:   	[INFO   ] copying build/lib.linux-x86_64-cpython-314/kivy/lang/__init__.py -> build/bdist.linux-x86_64/wheel/kivy/lang
[1m[90m[DEBUG][39m[0m:   	[INFO   ] copying build/lib.linux-x86_64-cpython-314/kivy/lang/parser.py -> build/bdist.linux-x86_64/wheel/kivy/lang
[1m[90m[DEBUG][39m[0m:   	[INFO   ] creating build/bdist.linux-x86_64/wheel/kivy/tools
[1m[90m[DEBUG][39m[0m:   	[INFO   ] copying build/lib.linux-x86_64-cpython-314/kivy/tools/coverage.py -> build/bdist.linux-x86_64/wheel/kivy/tools
[1m[90m[DEBUG][39m[0m:   	[INFO   ] creating build/bdist.linux-x86_64/wheel/kivy/tools/highlight
[1m[90m[DEBUG][39m[0m:   	[INFO   ] copying build/lib.linux-x86_64-cpython-314/kivy/tools/highlight/kivy.tmLanguage -> build/bdist.linux-x86_64/wheel/kivy/tools/highlight
[1m[90m[DEBUG][39m[0m:   	[INFO   ] copying build/lib.linux-x86_64-cpython-314/kivy/tools/highlight/__init__.py -> build/bdist.linux-x86_64/wheel/kivy/tools/highlight
[1m[90m[DEBUG][39m[0m:   	[INFO   ] copying build/lib.linux-x86_64-cpython-314/kivy/tools/highlight/kivy.json-tmlanguage -> build/bdist.linux-x86_64/wheel/kivy/tools/highlight
[1m[90m[DEBUG][39m[0m:   	[INFO   ] copying build/lib.linux-x86_64-cpython-314/kivy/tools/highlight/kivy-mode.el -> build/bdist.linux-x86_64/wheel/kivy/tools/highlight
[1m[90m[DEBUG][39m[0m:   	[INFO   ] copying build/lib.linux-x86_64-cpython-314/kivy/tools/highlight/kivy.vim -> build/bdist.linux-x86_64/wheel/kivy/tools/highlight
[1m[90m[DEBUG][39m[0m:   	[INFO   ] copying build/lib.linux-x86_64-cpython-314/kivy/tools/report.py -> build/bdist.linux-x86_64/wheel/kivy/tools
[1m[90m[DEBUG][39m[0m:   	[INFO   ] copying build/lib.linux-x86_64-cpython-314/kivy/tools/texturecompress.py -> build/bdist.linux-x86_64/wheel/kivy/tools
[1m[90m[DEBUG][39m[0m:   	[INFO   ] creating build/bdist.linux-x86_64/wheel/kivy/tools/gles_compat
[1m[90m[DEBUG][39m[0m:   	[INFO   ] copying build/lib.linux-x86_64-cpython-314/kivy/tools/gles_compat/gl2.h -> build/bdist.linux-x86_64/wheel/kivy/tools/gles_compat
[1m[90m[DEBUG][39m[0m:   	[INFO   ] copying build/lib.linux-x86_64-cpython-314/kivy/tools/gles_compat/subset_gles.py -> build/bdist.linux-x86_64/wheel/kivy/tools/gles_compat
[1m[90m[DEBUG][39m[0m:   	[INFO   ] creating build/bdist.linux-x86_64/wheel/kivy/tools/precommit_hooks
[1m[90m[DEBUG][39m[0m:   	[INFO   ] copying build/lib.linux-x86_64-cpython-314/kivy/tools/precommit_hooks/pre-commit-config.yaml -> build/bdist.linux-x86_64/wheel/kivy/tools/precommit_hooks
[1m[90m[DEBUG][39m[0m:   	[INFO   ] copying build/lib.linux-x86_64-cpython-314/kivy/tools/__init__.py -> build/bdist.linux-x86_64/wheel/kivy/tools
[1m[90m[DEBUG][39m[0m:   	[INFO   ] creating build/bdist.linux-x86_64/wheel/kivy/tools/pep8checker
[1m[90m[DEBUG][39m[0m:   	[INFO   ] copying build/lib.linux-x86_64-cpython-314/kivy/tools/pep8checker/pep8kivy.py -> build/bdist.linux-x86_64/wheel/kivy/tools/pep8checker
[1m[90m[DEBUG][39m[0m:   	[INFO   ] copying build/lib.linux-x86_64-cpython-314/kivy/tools/pep8checker/pre-commit.githook -> build/bdist.linux-x86_64/wheel/kivy/tools/pep8checker
[1m[90m[DEBUG][39m[0m:   	[INFO   ] copying build/lib.linux-x86_64-cpython-314/kivy/tools/pep8checker/pep8.py -> build/bdist.linux-x86_64/wheel/kivy/tools/pep8checker
[1m[90m[DEBUG][39m[0m:   	[INFO   ] copying build/lib.linux-x86_64-cpython-314/kivy/tools/stub-gl-debug.py -> build/bdist.linux-x86_64/wheel/kivy/tools
[1m[90m[DEBUG][39m[0m:   	[INFO   ] creating build/bdist.linux-x86_64/wheel/kivy/tools/packaging
[1m[90m[DEBUG][39m[0m:   	[INFO   ] copying build/lib.linux-x86_64-cpython-314/kivy/tools/packaging/factory.py -> build/bdist.linux-x86_64/wheel/kivy/tools/packaging
[1m[90m[DEBUG][39m[0m:   	[INFO   ] copying build/lib.linux-x86_64-cpython-314/kivy/tools/packaging/__init__.py -> build/bdist.linux-x86_64/wheel/kivy/tools/packaging
[1m[90m[DEBUG][39m[0m:   	[INFO   ] copying build/lib.linux-x86_64-cpython-314/kivy/tools/packaging/cython_cfg.py -> build/bdist.linux-x86_64/wheel/kivy/tools/packaging
[1m[90m[DEBUG][39m[0m:   	[INFO   ] creating build/bdist.linux-x86_64/wheel/kivy/tools/packaging/pyinstaller_hooks
[1m[90m[DEBUG][39m[0m:   	[INFO   ] copying build/lib.linux-x86_64-cpython-314/kivy/tools/packaging/pyinstaller_hooks/__main__.py -> build/bdist.linux-x86_64/wheel/kivy/tools/packaging/pyinstaller_hooks
[1m[90m[DEBUG][39m[0m:   	[INFO   ] copying build/lib.linux-x86_64-cpython-314/kivy/tools/packaging/pyinstaller_hooks/pyi_rth_kivy.py -> build/bdist.linux-x86_64/wheel/kivy/tools/packaging/pyinstaller_hooks
[1m[90m[DEBUG][39m[0m:   	[INFO   ] copying build/lib.linux-x86_64-cpython-314/kivy/tools/packaging/pyinstaller_hooks/__init__.py -> build/bdist.linux-x86_64/wheel/kivy/tools/packaging/pyinstaller_hooks
[1m[90m[DEBUG][39m[0m:   	[INFO   ] copying build/lib.linux-x86_64-cpython-314/kivy/tools/packaging/pyinstaller_hooks/hook-kivy.py -> build/bdist.linux-x86_64/wheel/kivy/tools/packaging/pyinstaller_hooks
[1m[90m[DEBUG][39m[0m:   	[INFO   ] copying build/lib.linux-x86_64-cpython-314/kivy/tools/kviewer.py -> build/bdist.linux-x86_64/wheel/kivy/tools
[1m[90m[DEBUG][39m[0m:   	[INFO   ] copying build/lib.linux-x86_64-cpython-314/kivy/tools/generate-icons.py -> build/bdist.linux-x86_64/wheel/kivy/tools
[1m[90m[DEBUG][39m[0m:   	[INFO   ] copying build/lib.linux-x86_64-cpython-314/kivy/tools/benchmark.py -> build/bdist.linux-x86_64/wheel/kivy/tools
[1m[90m[DEBUG][39m[0m:   	[INFO   ] creating build/bdist.linux-x86_64/wheel/kivy/tools/theming
[1m[90m[DEBUG][39m[0m:   	[INFO   ] creating build/bdist.linux-x86_64/wheel/kivy/tools/theming/defaulttheme
[1m[90m[DEBUG][39m[0m:   	[INFO   ] copying build/lib.linux-x86_64-cpython-314/kivy/tools/theming/defaulttheme/slider_cursor_disabled.png -> build/bdist.linux-x86_64/wheel/kivy/tools/theming/defaulttheme
[1m[90m[DEBUG][39m[0m:   	[INFO   ] copying build/lib.linux-x86_64-cpython-314/kivy/tools/theming/defaulttheme/vkeyboard_disabled_key_normal.png -> build/bdist.linux-x86_64/wheel/kivy/tools/theming/defaulttheme
[1m[90m[DEBUG][39m[0m:   	[INFO   ] copying build/lib.linux-x86_64-cpython-314/kivy/tools/theming/defaulttheme/textinput.png -> build/bdist.linux-x86_64/wheel/kivy/tools/theming/defaulttheme
[1m[90m[DEBUG][39m[0m:   	[INFO   ] copying build/lib.linux-x86_64-cpython-314/kivy/tools/theming/defaulttheme/selector_right.png -> build/bdist.linux-x86_64/wheel/kivy/tools/theming/defaulttheme
[1m[90m[DEBUG][39m[0m:   	[INFO   ] copying build/lib.linux-x86_64-cpython-314/kivy/tools/theming/defaulttheme/action_group_down.png -> build/bdist.linux-x86_64/wheel/kivy/tools/theming/defaulttheme
[1m[90m[DEBUG][39m[0m:   	[INFO   ] copying build/lib.linux-x86_64-cpython-314/kivy/tools/theming/defaulttheme/splitter_grip_h.png -> build/bdist.linux-x86_64/wheel/kivy/tools/theming/defaulttheme
[1m[90m[DEBUG][39m[0m:   	[INFO   ] copying build/lib.linux-x86_64-cpython-314/kivy/tools/theming/defaulttheme/splitter.png -> build/bdist.linux-x86_64/wheel/kivy/tools/theming/defaulttheme
[1m[90m[DEBUG][39m[0m:   	[INFO   ] copying build/lib.linux-x86_64-cpython-314/kivy/tools/theming/defaulttheme/splitter_disabled_down.png -> build/bdist.linux-x86_64/wheel/kivy/tools/theming/defaulttheme
[1m[90m[DEBUG][39m[0m:   	[INFO   ] copying build/lib.linux-x86_64-cpython-314/kivy/tools/theming/defaulttheme/action_item_down.png -> build/bdist.linux-x86_64/wheel/kivy/tools/theming/defaulttheme
[1m[90m[DEBUG][39m[0m:   	[INFO   ] copying build/lib.linux-x86_64-cpython-314/kivy/tools/theming/defaulttheme/checkbox_off.png -> build/bdist.linux-x86_64/wheel/kivy/tools/theming/defaulttheme
[1m[90m[DEBUG][39m[0m:   	[INFO   ] copying build/lib.linux-x86_64-cpython-314/kivy/tools/theming/defaulttheme/vkeyboard_key_normal.png -> build/bdist.linux-x86_64/wheel/kivy/tools/theming/defaulttheme
[1m[90m[DEBUG][39m[0m:   	[INFO   ] copying build/lib.linux-x86_64-cpython-314/kivy/tools/theming/defaulttheme/button_pressed.png -> build/bdist.linux-x86_64/wheel/kivy/tools/theming/defaulttheme
[1m[90m[DEBUG][39m[0m:   	[INFO   ] copying build/lib.linux-x86_64-cpython-314/kivy/tools/theming/defaulttheme/checkbox_disabled_on.png -> build/bdist.linux-x86_64/wheel/kivy/tools/theming/defaulttheme
[1m[90m[DEBUG][39m[0m:   	[INFO   ] copying build/lib.linux-x86_64-cpython-314/kivy/tools/theming/defaulttheme/switch-background_disabled.png -> build/bdist.linux-x86_64/wheel/kivy/tools/theming/defaulttheme
[1m[90m[DEBUG][39m[0m:   	[INFO   ] copying build/lib.linux-x86_64-cpython-314/kivy/tools/theming/defaulttheme/splitter_down_h.png -> build/bdist.linux-x86_64/wheel/kivy/tools/theming/defaulttheme
[1m[90m[DEBUG][39m[0m:   	[INFO   ] copying build/lib.linux-x86_64-cpython-314/kivy/tools/theming/defaulttheme/audio-volume-medium.png -> build/bdist.linux-x86_64/wheel/kivy/tools/theming/defaulttheme
[1m[90m[DEBUG][39m[0m:   	[INFO   ] copying build/lib.linux-x86_64-cpython-314/kivy/tools/theming/defaulttheme/progressbar.png -> build/bdist.linux-x86_64/wheel/kivy/tools/theming/defaulttheme
[1m[90m[DEBUG][39m[0m:   	[INFO   ] copying build/lib.linux-x86_64-cpython-314/kivy/tools/theming/defaulttheme/selector_left.png -> build/bdist.linux-x86_64/wheel/kivy/tools/theming/defaulttheme
[1m[90m[DEBUG][39m[0m:   	[INFO   ] copying build/lib.linux-x86_64-cpython-314/kivy/tools/theming/defaulttheme/tab_btn_disabled_pressed.png -> build/bdist.linux-x86_64/wheel/kivy/tools/theming/defaulttheme
[1m[90m[DEBUG][39m[0m:   	[INFO   ] copying build/lib.linux-x86_64-cpython-314/kivy/tools/theming/defaulttheme/spinner_disabled.png -> build/bdist.linux-x86_64/wheel/kivy/tools/theming/defaulttheme
[1m[90m[DEBUG][39m[0m:   	[INFO   ] copying build/lib.linux-x86_64-cpython-314/kivy/tools/theming/defaulttheme/spinner.png -> build/bdist.linux-x86_64/wheel/kivy/tools/theming/defaulttheme
[1m[90m[DEBUG][39m[0m:   	[INFO   ] copying build/lib.linux-x86_64-cpython-314/kivy/tools/theming/defaulttheme/slider_cursor.png -> build/bdist.linux-x86_64/wheel/kivy/tools/theming/defaulttheme
[1m[90m[DEBUG][39m[0m:   	[INFO   ] copying build/lib.linux-x86_64-cpython-314/kivy/tools/theming/defaulttheme/textinput_disabled_active.png -> build/bdist.linux-x86_64/wheel/kivy/tools/theming/defaulttheme
[1m[90m[DEBUG][39m[0m:   	[INFO   ] copying build/lib.linux-x86_64-cpython-314/kivy/tools/theming/defaulttheme/modalview-background.png -> build/bdist.linux-x86_64/wheel/kivy/tools/theming/defaulttheme
[1m[90m[DEBUG][39m[0m:   	[INFO   ] copying build/lib.linux-x86_64-cpython-314/kivy/tools/theming/defaulttheme/bubble_btn_pressed.png -> build/bdist.linux-x86_64/wheel/kivy/tools/theming/defaulttheme
[1m[90m[DEBUG][39m[0m:   	[INFO   ] copying build/lib.linux-x86_64-cpython-314/kivy/tools/theming/defaulttheme/switch-button_disabled.png -> build/bdist.linux-x86_64/wheel/kivy/tools/theming/defaulttheme
[1m[90m[DEBUG][39m[0m:   	[INFO   ] copying build/lib.linux-x86_64-cpython-314/kivy/tools/theming/defaulttheme/audio-volume-high.png -> build/bdist.linux-x86_64/wheel/kivy/tools/theming/defaulttheme
[1m[90m[DEBUG][39m[0m:   	[INFO   ] copying build/lib.linux-x86_64-cpython-314/kivy/tools/theming/defaulttheme/sliderv_background_disabled.png -> build/bdist.linux-x86_64/wheel/kivy/tools/theming/defaulttheme
[1m[90m[DEBUG][39m[0m:   	[INFO   ] copying build/lib.linux-x86_64-cpython-314/kivy/tools/theming/defaulttheme/image-missing.png -> build/bdist.linux-x86_64/wheel/kivy/tools/theming/defaulttheme
[1m[90m[DEBUG][39m[0m:   	[INFO   ] copying build/lib.linux-x86_64-cpython-314/kivy/tools/theming/defaulttheme/overflow.png -> build/bdist.linux-x86_64/wheel/kivy/tools/theming/defaulttheme
[1m[90m[DEBUG][39m[0m:   	[INFO   ] copying build/lib.linux-x86_64-cpython-314/kivy/tools/theming/defaulttheme/vkeyboard_disabled_background.png -> build/bdist.linux-x86_64/wheel/kivy/tools/theming/defaulttheme
[1m[90m[DEBUG][39m[0m:   	[INFO   ] copying build/lib.linux-x86_64-cpython-314/kivy/tools/theming/defaulttheme/filechooser_selected.png -> build/bdist.linux-x86_64/wheel/kivy/tools/theming/defaulttheme
[1m[90m[DEBUG][39m[0m:   	[INFO   ] copying build/lib.linux-x86_64-cpython-314/kivy/tools/theming/defaulttheme/splitter_grip.png -> build/bdist.linux-x86_64/wheel/kivy/tools/theming/defaulttheme
[1m[90m[DEBUG][39m[0m:   	[INFO   ] copying build/lib.linux-x86_64-cpython-314/kivy/tools/theming/defaulttheme/checkbox_on.png -> build/bdist.linux-x86_64/wheel/kivy/tools/theming/defaulttheme
[1m[90m[DEBUG][39m[0m:   	[INFO   ] copying build/lib.linux-x86_64-cpython-314/kivy/tools/theming/defaulttheme/checkbox_radio_off.png -> build/bdist.linux-x86_64/wheel/kivy/tools/theming/defaulttheme
[1m[90m[DEBUG][39m[0m:   	[INFO   ] copying build/lib.linux-x86_64-cpython-314/kivy/tools/theming/defaulttheme/textinput_active.png -> build/bdist.linux-x86_64/wheel/kivy/tools/theming/defaulttheme
[1m[90m[DEBUG][39m[0m:   	[INFO   ] copying build/lib.linux-x86_64-cpython-314/kivy/tools/theming/defaulttheme/separator.png -> build/bdist.linux-x86_64/wheel/kivy/tools/theming/defaulttheme
[1m[90m[DEBUG][39m[0m:   	[INFO   ] copying build/lib.linux-x86_64-cpython-314/kivy/tools/theming/defaulttheme/media-playback-stop.png -> build/bdist.linux-x86_64/wheel/kivy/tools/theming/defaulttheme
[1m[90m[DEBUG][39m[0m:   	[INFO   ] copying build/lib.linux-x86_64-cpython-314/kivy/tools/theming/defaulttheme/action_view.png -> build/bdist.linux-x86_64/wheel/kivy/tools/theming/defaulttheme
[1m[90m[DEBUG][39m[0m:   	[INFO   ] copying build/lib.linux-x86_64-cpython-314/kivy/tools/theming/defaulttheme/splitter_down.png -> build/bdist.linux-x86_64/wheel/kivy/tools/theming/defaulttheme
[1m[90m[DEBUG][39m[0m:   	[INFO   ] copying build/lib.linux-x86_64-cpython-314/kivy/tools/theming/defaulttheme/player-play-overlay.png -> build/bdist.linux-x86_64/wheel/kivy/tools/theming/defaulttheme
[1m[90m[DEBUG][39m[0m:   	[INFO   ] copying build/lib.linux-x86_64-cpython-314/kivy/tools/theming/defaulttheme/tab_btn.png -> build/bdist.linux-x86_64/wheel/kivy/tools/theming/defaulttheme
[1m[90m[DEBUG][39m[0m:   	[INFO   ] copying build/lib.linux-x86_64-cpython-314/kivy/tools/theming/defaulttheme/splitter_disabled.png -> build/bdist.linux-x86_64/wheel/kivy/tools/theming/defaulttheme
[1m[90m[DEBUG][39m[0m:   	[INFO   ] copying build/lib.linux-x86_64-cpython-314/kivy/tools/theming/defaulttheme/media-playback-pause.png -> build/bdist.linux-x86_64/wheel/kivy/tools/theming/defaulttheme
[1m[90m[DEBUG][39m[0m:   	[INFO   ] copying build/lib.linux-x86_64-cpython-314/kivy/tools/theming/defaulttheme/previous_normal.png -> build/bdist.linux-x86_64/wheel/kivy/tools/theming/defaulttheme
[1m[90m[DEBUG][39m[0m:   	[INFO   ] copying build/lib.linux-x86_64-cpython-314/kivy/tools/theming/defaulttheme/audio-volume-muted.png -> build/bdist.linux-x86_64/wheel/kivy/tools/theming/defaulttheme
[1m[90m[DEBUG][39m[0m:   	[INFO   ] copying build/lib.linux-x86_64-cpython-314/kivy/tools/theming/defaulttheme/media-playback-start.png -> build/bdist.linux-x86_64/wheel/kivy/tools/theming/defaulttheme
[1m[90m[DEBUG][39m[0m:   	[INFO   ] copying build/lib.linux-x86_64-cpython-314/kivy/tools/theming/defaulttheme/tab_disabled.png -> build/bdist.linux-x86_64/wheel/kivy/tools/theming/defaulttheme
[1m[90m[DEBUG][39m[0m:   	[INFO   ] copying build/lib.linux-x86_64-cpython-314/kivy/tools/theming/defaulttheme/tab.png -> build/bdist.linux-x86_64/wheel/kivy/tools/theming/defaulttheme
[1m[90m[DEBUG][39m[0m:   	[INFO   ] copying build/lib.linux-x86_64-cpython-314/kivy/tools/theming/defaulttheme/bubble_btn.png -> build/bdist.linux-x86_64/wheel/kivy/tools/theming/defaulttheme
[1m[90m[DEBUG][39m[0m:   	[INFO   ] copying build/lib.linux-x86_64-cpython-314/kivy/tools/theming/defaulttheme/switch-background.png -> build/bdist.linux-x86_64/wheel/kivy/tools/theming/defaulttheme
[1m[90m[DEBUG][39m[0m:   	[INFO   ] copying build/lib.linux-x86_64-cpython-314/kivy/tools/theming/defaulttheme/tree_opened.png -> build/bdist.linux-x86_64/wheel/kivy/tools/theming/defaulttheme
[1m[90m[DEBUG][39m[0m:   	[INFO   ] copying build/lib.linux-x86_64-cpython-314/kivy/tools/theming/defaulttheme/switch-button.png -> build/bdist.linux-x86_64/wheel/kivy/tools/theming/defaulttheme
[1m[90m[DEBUG][39m[0m:   	[INFO   ] copying build/lib.linux-x86_64-cpython-314/kivy/tools/theming/defaulttheme/splitter_disabled_down_h.png -> build/bdist.linux-x86_64/wheel/kivy/tools/theming/defaulttheme
[1m[90m[DEBUG][39m[0m:   	[INFO   ] copying build/lib.linux-x86_64-cpython-314/kivy/tools/theming/defaulttheme/sliderh_background.png -> build/bdist.linux-x86_64/wheel/kivy/tools/theming/defaulttheme
[1m[90m[DEBUG][39m[0m:   	[INFO   ] copying build/lib.linux-x86_64-cpython-314/kivy/tools/theming/defaulttheme/checkbox_radio_on.png -> build/bdist.linux-x86_64/wheel/kivy/tools/theming/defaulttheme
[1m[90m[DEBUG][39m[0m:   	[INFO   ] copying build/lib.linux-x86_64-cpython-314/kivy/tools/theming/defaulttheme/filechooser_folder.png -> build/bdist.linux-x86_64/wheel/kivy/tools/theming/defaulttheme
[1m[90m[DEBUG][39m[0m:   	[INFO   ] copying build/lib.linux-x86_64-cpython-314/kivy/tools/theming/defaulttheme/checkbox_disabled_off.png -> build/bdist.linux-x86_64/wheel/kivy/tools/theming/defaulttheme
[1m[90m[DEBUG][39m[0m:   	[INFO   ] copying build/lib.linux-x86_64-cpython-314/kivy/tools/theming/defaulttheme/player-background.png -> build/bdist.linux-x86_64/wheel/kivy/tools/theming/defaulttheme
[1m[90m[DEBUG][39m[0m:   	[INFO   ] copying build/lib.linux-x86_64-cpython-314/kivy/tools/theming/defaulttheme/splitter_disabled_h.png -> build/bdist.linux-x86_64/wheel/kivy/tools/theming/defaulttheme
[1m[90m[DEBUG][39m[0m:   	[INFO   ] copying build/lib.linux-x86_64-cpython-314/kivy/tools/theming/defaulttheme/action_group.png -> build/bdist.linux-x86_64/wheel/kivy/tools/theming/defaulttheme
[1m[90m[DEBUG][39m[0m:   	[INFO   ] copying build/lib.linux-x86_64-cpython-314/kivy/tools/theming/defaulttheme/sliderh_background_disabled.png -> build/bdist.linux-x86_64/wheel/kivy/tools/theming/defaulttheme
[1m[90m[DEBUG][39m[0m:   	[INFO   ] copying build/lib.linux-x86_64-cpython-314/kivy/tools/theming/defaulttheme/vkeyboard_key_down.png -> build/bdist.linux-x86_64/wheel/kivy/tools/theming/defaulttheme
[1m[90m[DEBUG][39m[0m:   	[INFO   ] copying build/lib.linux-x86_64-cpython-314/kivy/tools/theming/defaulttheme/bubble.png -> build/bdist.linux-x86_64/wheel/kivy/tools/theming/defaulttheme
[1m[90m[DEBUG][39m[0m:   	[INFO   ] copying build/lib.linux-x86_64-cpython-314/kivy/tools/theming/defaulttheme/action_item.png -> build/bdist.linux-x86_64/wheel/kivy/tools/theming/defaulttheme
[1m[90m[DEBUG][39m[0m:   	[INFO   ] copying build/lib.linux-x86_64-cpython-314/kivy/tools/theming/defaulttheme/vkeyboard_disabled_key_down.png -> build/bdist.linux-x86_64/wheel/kivy/tools/theming/defaulttheme
[1m[90m[DEBUG][39m[0m:   	[INFO   ] copying build/lib.linux-x86_64-cpython-314/kivy/tools/theming/defaulttheme/button.png -> build/bdist.linux-x86_64/wheel/kivy/tools/theming/defaulttheme
[1m[90m[DEBUG][39m[0m:   	[INFO   ] copying build/lib.linux-x86_64-cpython-314/kivy/tools/theming/defaulttheme/audio-volume-low.png -> build/bdist.linux-x86_64/wheel/kivy/tools/theming/defaulttheme
[1m[90m[DEBUG][39m[0m:   	[INFO   ] copying build/lib.linux-x86_64-cpython-314/kivy/tools/theming/defaulttheme/tab_btn_disabled.png -> build/bdist.linux-x86_64/wheel/kivy/tools/theming/defaulttheme
[1m[90m[DEBUG][39m[0m:   	[INFO   ] copying build/lib.linux-x86_64-cpython-314/kivy/tools/theming/defaulttheme/vkeyboard_background.png -> build/bdist.linux-x86_64/wheel/kivy/tools/theming/defaulttheme
[1m[90m[DEBUG][39m[0m:   	[INFO   ] copying build/lib.linux-x86_64-cpython-314/kivy/tools/theming/defaulttheme/action_group_disabled.png -> build/bdist.linux-x86_64/wheel/kivy/tools/theming/defaulttheme
[1m[90m[DEBUG][39m[0m:   	[INFO   ] copying build/lib.linux-x86_64-cpython-314/kivy/tools/theming/defaulttheme/textinput_disabled.png -> build/bdist.linux-x86_64/wheel/kivy/tools/theming/defaulttheme
[1m[90m[DEBUG][39m[0m:   	[INFO   ] copying build/lib.linux-x86_64-cpython-314/kivy/tools/theming/defaulttheme/filechooser_file.png -> build/bdist.linux-x86_64/wheel/kivy/tools/theming/defaulttheme
[1m[90m[DEBUG][39m[0m:   	[INFO   ] copying build/lib.linux-x86_64-cpython-314/kivy/tools/theming/defaulttheme/ring.png -> build/bdist.linux-x86_64/wheel/kivy/tools/theming/defaulttheme
[1m[90m[DEBUG][39m[0m:   	[INFO   ] copying build/lib.linux-x86_64-cpython-314/kivy/tools/theming/defaulttheme/bubble_arrow.png -> build/bdist.linux-x86_64/wheel/kivy/tools/theming/defaulttheme
[1m[90m[DEBUG][39m[0m:   	[INFO   ] copying build/lib.linux-x86_64-cpython-314/kivy/tools/theming/defaulttheme/tree_closed.png -> build/bdist.linux-x86_64/wheel/kivy/tools/theming/defaulttheme
[1m[90m[DEBUG][39m[0m:   	[INFO   ] copying build/lib.linux-x86_64-cpython-314/kivy/tools/theming/defaulttheme/progressbar_background.png -> build/bdist.linux-x86_64/wheel/kivy/tools/theming/defaulttheme
[1m[90m[DEBUG][39m[0m:   	[INFO   ] copying build/lib.linux-x86_64-cpython-314/kivy/tools/theming/defaulttheme/close.png -> build/bdist.linux-x86_64/wheel/kivy/tools/theming/defaulttheme
[1m[90m[DEBUG][39m[0m:   	[INFO   ] copying build/lib.linux-x86_64-cpython-314/kivy/tools/theming/defaulttheme/tab_btn_pressed.png -> build/bdist.linux-x86_64/wheel/kivy/tools/theming/defaulttheme
[1m[90m[DEBUG][39m[0m:   	[INFO   ] copying build/lib.linux-x86_64-cpython-314/kivy/tools/theming/defaulttheme/selector_middle.png -> build/bdist.linux-x86_64/wheel/kivy/tools/theming/defaulttheme
[1m[90m[DEBUG][39m[0m:   	[INFO   ] copying build/lib.linux-x86_64-cpython-314/kivy/tools/theming/defaulttheme/splitter_h.png -> build/bdist.linux-x86_64/wheel/kivy/tools/theming/defaulttheme
[1m[90m[DEBUG][39m[0m:   	[INFO   ] copying build/lib.linux-x86_64-cpython-314/kivy/tools/theming/defaulttheme/spinner_pressed.png -> build/bdist.linux-x86_64/wheel/kivy/tools/theming/defaulttheme
[1m[90m[DEBUG][39m[0m:   	[INFO   ] copying build/lib.linux-x86_64-cpython-314/kivy/tools/theming/defaulttheme/sliderv_background.png -> build/bdist.linux-x86_64/wheel/kivy/tools/theming/defaulttheme
[1m[90m[DEBUG][39m[0m:   	[INFO   ] copying build/lib.linux-x86_64-cpython-314/kivy/tools/theming/defaulttheme/action_bar.png -> build/bdist.linux-x86_64/wheel/kivy/tools/theming/defaulttheme
[1m[90m[DEBUG][39m[0m:   	[INFO   ] copying build/lib.linux-x86_64-cpython-314/kivy/tools/theming/defaulttheme/button_disabled.png -> build/bdist.linux-x86_64/wheel/kivy/tools/theming/defaulttheme
[1m[90m[DEBUG][39m[0m:   	[INFO   ] copying build/lib.linux-x86_64-cpython-314/kivy/tools/theming/defaulttheme/checkbox_radio_disabled_off.png -> build/bdist.linux-x86_64/wheel/kivy/tools/theming/defaulttheme
[1m[90m[DEBUG][39m[0m:   	[INFO   ] copying build/lib.linux-x86_64-cpython-314/kivy/tools/theming/defaulttheme/button_disabled_pressed.png -> build/bdist.linux-x86_64/wheel/kivy/tools/theming/defaulttheme
[1m[90m[DEBUG][39m[0m:   	[INFO   ] copying build/lib.linux-x86_64-cpython-314/kivy/tools/theming/defaulttheme/checkbox_radio_disabled_on.png -> build/bdist.linux-x86_64/wheel/kivy/tools/theming/defaulttheme
[1m[90m[DEBUG][39m[0m:   	[INFO   ] creating build/bdist.linux-x86_64/wheel/kivy/tools/image-testsuite
[1m[90m[DEBUG][39m[0m:   	[INFO   ] copying build/lib.linux-x86_64-cpython-314/kivy/tools/image-testsuite/gimp28-testsuite.py -> build/bdist.linux-x86_64/wheel/kivy/tools/image-testsuite
[1m[90m[DEBUG][39m[0m:   	[INFO   ] copying build/lib.linux-x86_64-cpython-314/kivy/tools/image-testsuite/imagemagick-testsuite.sh -> build/bdist.linux-x86_64/wheel/kivy/tools/image-testsuite
[1m[90m[DEBUG][39m[0m:   	[INFO   ] copying build/lib.linux-x86_64-cpython-314/kivy/tools/image-testsuite/README.md -> build/bdist.linux-x86_64/wheel/kivy/tools/image-testsuite
[1m[90m[DEBUG][39m[0m:   	[INFO   ] copying build/lib.linux-x86_64-cpython-314/kivy/tools/changelog_parser.py -> build/bdist.linux-x86_64/wheel/kivy/tools
[1m[90m[DEBUG][39m[0m:   	[INFO   ] copying build/lib.linux-x86_64-cpython-314/kivy/tools/gallery.py -> build/bdist.linux-x86_64/wheel/kivy/tools
[1m[90m[DEBUG][39m[0m:   	[INFO   ] creating build/bdist.linux-x86_64/wheel/kivy/garden
[1m[90m[DEBUG][39m[0m:   	[INFO   ] copying build/lib.linux-x86_64-cpython-314/kivy/garden/__init__.py -> build/bdist.linux-x86_64/wheel/kivy/garden
[1m[90m[DEBUG][39m[0m:   	[INFO   ] copying build/lib.linux-x86_64-cpython-314/kivy/_event.pxd -> build/bdist.linux-x86_64/wheel/kivy
[1m[90m[DEBUG][39m[0m:   	[INFO   ] creating build/bdist.linux-x86_64/wheel/kivy/lib
[1m[90m[DEBUG][39m[0m:   	[INFO   ] copying build/lib.linux-x86_64-cpython-314/kivy/lib/mtdev.py -> build/bdist.linux-x86_64/wheel/kivy/lib
[1m[90m[DEBUG][39m[0m:   	[INFO   ] creating build/bdist.linux-x86_64/wheel/kivy/lib/gstplayer
[1m[90m[DEBUG][39m[0m:   	[INFO   ] copying build/lib.linux-x86_64-cpython-314/kivy/lib/gstplayer/__init__.py -> build/bdist.linux-x86_64/wheel/kivy/lib/gstplayer
[1m[90m[DEBUG][39m[0m:   	[INFO   ] creating build/bdist.linux-x86_64/wheel/kivy/lib/pango
[1m[90m[DEBUG][39m[0m:   	[INFO   ] copying build/lib.linux-x86_64-cpython-314/kivy/lib/pango/pangoft2.pxi -> build/bdist.linux-x86_64/wheel/kivy/lib/pango
[1m[90m[DEBUG][39m[0m:   	[INFO   ] copying build/lib.linux-x86_64-cpython-314/kivy/lib/__init__.py -> build/bdist.linux-x86_64/wheel/kivy/lib
[1m[90m[DEBUG][39m[0m:   	[INFO   ] creating build/bdist.linux-x86_64/wheel/kivy/lib/vidcore_lite
[1m[90m[DEBUG][39m[0m:   	[INFO   ] copying build/lib.linux-x86_64-cpython-314/kivy/lib/vidcore_lite/bcm.pxd -> build/bdist.linux-x86_64/wheel/kivy/lib/vidcore_lite
[1m[90m[DEBUG][39m[0m:   	[INFO   ] copying build/lib.linux-x86_64-cpython-314/kivy/lib/vidcore_lite/__init__.py -> build/bdist.linux-x86_64/wheel/kivy/lib/vidcore_lite
[1m[90m[DEBUG][39m[0m:   	[INFO   ] copying build/lib.linux-x86_64-cpython-314/kivy/lib/ddsfile.py -> build/bdist.linux-x86_64/wheel/kivy/lib
[1m[90m[DEBUG][39m[0m:   	[INFO   ] copying build/lib.linux-x86_64-cpython-314/kivy/lib/sdl2.pxi -> build/bdist.linux-x86_64/wheel/kivy/lib
[1m[90m[DEBUG][39m[0m:   	[INFO   ] copying build/lib.linux-x86_64-cpython-314/kivy/_metrics.cpython-314-x86_64-linux-gnu.so -> build/bdist.linux-x86_64/wheel/kivy
[1m[90m[DEBUG][39m[0m:   	[INFO   ] creating build/bdist.linux-x86_64/wheel/kivy/tests
[1m[90m[DEBUG][39m[0m:   	[INFO   ] copying build/lib.linux-x86_64-cpython-314/kivy/tests/test_uix_asyncimage.py -> build/bdist.linux-x86_64/wheel/kivy/tests
[1m[90m[DEBUG][39m[0m:   	[INFO   ] creating build/bdist.linux-x86_64/wheel/kivy/tests/test_urlrequest
[1m[90m[DEBUG][39m[0m:   	[INFO   ] copying build/lib.linux-x86_64-cpython-314/kivy/tests/test_urlrequest/test_urlrequest_urllib.py -> build/bdist.linux-x86_64/wheel/kivy/tests/test_urlrequest
[1m[90m[DEBUG][39m[0m:   	[INFO   ] copying build/lib.linux-x86_64-cpython-314/kivy/tests/test_urlrequest/test_urlrequest_requests.py -> build/bdist.linux-x86_64/wheel/kivy/tests/test_urlrequest
[1m[90m[DEBUG][39m[0m:   	[INFO   ] copying build/lib.linux-x86_64-cpython-314/kivy/tests/test_window_base.py -> build/bdist.linux-x86_64/wheel/kivy/tests
[1m[90m[DEBUG][39m[0m:   	[INFO   ] copying build/lib.linux-x86_64-cpython-314/kivy/tests/test_mouse_hover_event.py -> build/bdist.linux-x86_64/wheel/kivy/tests
[1m[90m[DEBUG][39m[0m:   	[INFO   ] copying build/lib.linux-x86_64-cpython-314/kivy/tests/visual_test_label.py -> build/bdist.linux-x86_64/wheel/kivy/tests
[1m[90m[DEBUG][39m[0m:   	[INFO   ] copying build/lib.linux-x86_64-cpython-314/kivy/tests/test_metrics.py -> build/bdist.linux-x86_64/wheel/kivy/tests
[1m[90m[DEBUG][39m[0m:   	[INFO   ] copying build/lib.linux-x86_64-cpython-314/kivy/tests/test_uix_actionbar.py -> build/bdist.linux-x86_64/wheel/kivy/tests
[1m[90m[DEBUG][39m[0m:   	[INFO   ] copying build/lib.linux-x86_64-cpython-314/kivy/tests/test_clipboard.py -> build/bdist.linux-x86_64/wheel/kivy/tests
[1m[90m[DEBUG][39m[0m:   	[INFO   ] copying build/lib.linux-x86_64-cpython-314/kivy/tests/test_resources.py -> build/bdist.linux-x86_64/wheel/kivy/tests
[1m[90m[DEBUG][39m[0m:   	[INFO   ] copying build/lib.linux-x86_64-cpython-314/kivy/tests/test_lang_complex.py -> build/bdist.linux-x86_64/wheel/kivy/tests
[1m[90m[DEBUG][39m[0m:   	[INFO   ] copying build/lib.linux-x86_64-cpython-314/kivy/tests/test_utils.py -> build/bdist.linux-x86_64/wheel/kivy/tests
[1m[90m[DEBUG][39m[0m:   	[INFO   ] copying build/lib.linux-x86_64-cpython-314/kivy/tests/test_widget_walk.py -> build/bdist.linux-x86_64/wheel/kivy/tests
[1m[90m[DEBUG][39m[0m:   	[INFO   ] copying build/lib.linux-x86_64-cpython-314/kivy/tests/test_uix_scrollview.py -> build/bdist.linux-x86_64/wheel/kivy/tests
[1m[90m[DEBUG][39m[0m:   	[INFO   ] copying build/lib.linux-x86_64-cpython-314/kivy/tests/test_rst_replace.py -> build/bdist.linux-x86_64/wheel/kivy/tests
[1m[90m[DEBUG][39m[0m:   	[INFO   ] copying build/lib.linux-x86_64-cpython-314/kivy/tests/test_properties.py -> build/bdist.linux-x86_64/wheel/kivy/tests
[1m[90m[DEBUG][39m[0m:   	[INFO   ] copying build/lib.linux-x86_64-cpython-314/kivy/tests/test_uix_boxlayout.py -> build/bdist.linux-x86_64/wheel/kivy/tests
[1m[90m[DEBUG][39m[0m:   	[INFO   ] copying build/lib.linux-x86_64-cpython-314/kivy/tests/test_graphics.py -> build/bdist.linux-x86_64/wheel/kivy/tests
[1m[90m[DEBUG][39m[0m:   	[INFO   ] copying build/lib.linux-x86_64-cpython-314/kivy/tests/coverage_lang.kv -> build/bdist.linux-x86_64/wheel/kivy/tests
[1m[90m[DEBUG][39m[0m:   	[INFO   ] copying build/lib.linux-x86_64-cpython-314/kivy/tests/test_uix_colorpicker.py -> build/bdist.linux-x86_64/wheel/kivy/tests
[1m[90m[DEBUG][39m[0m:   	[INFO   ] copying build/lib.linux-x86_64-cpython-314/kivy/tests/test_uix_gridlayout.py -> build/bdist.linux-x86_64/wheel/kivy/tests
[1m[90m[DEBUG][39m[0m:   	[INFO   ] copying build/lib.linux-x86_64-cpython-314/kivy/tests/test_button.png -> build/bdist.linux-x86_64/wheel/kivy/tests
[1m[90m[DEBUG][39m[0m:   	[INFO   ] copying build/lib.linux-x86_64-cpython-314/kivy/tests/test_environ_cli.py -> build/bdist.linux-x86_64/wheel/kivy/tests
[1m[90m[DEBUG][39m[0m:   	[INFO   ] copying build/lib.linux-x86_64-cpython-314/kivy/tests/unicode_font.zip -> build/bdist.linux-x86_64/wheel/kivy/tests
[1m[90m[DEBUG][39m[0m:   	[INFO   ] copying build/lib.linux-x86_64-cpython-314/kivy/tests/test_kivy_init.py -> build/bdist.linux-x86_64/wheel/kivy/tests
[1m[90m[DEBUG][39m[0m:   	[INFO   ] copying build/lib.linux-x86_64-cpython-314/kivy/tests/pytest.ini -> build/bdist.linux-x86_64/wheel/kivy/tests
[1m[90m[DEBUG][39m[0m:   	[INFO   ] copying build/lib.linux-x86_64-cpython-314/kivy/tests/test_mouse_multitouchsim.py -> build/bdist.linux-x86_64/wheel/kivy/tests
[1m[90m[DEBUG][39m[0m:   	[INFO   ] copying build/lib.linux-x86_64-cpython-314/kivy/tests/test_uix_bubble.py -> build/bdist.linux-x86_64/wheel/kivy/tests
[1m[90m[DEBUG][39m[0m:   	[INFO   ] copying build/lib.linux-x86_64-cpython-314/kivy/tests/test_vector.py -> build/bdist.linux-x86_64/wheel/kivy/tests
[1m[90m[DEBUG][39m[0m:   	[INFO   ] copying build/lib.linux-x86_64-cpython-314/kivy/tests/conftest.py -> build/bdist.linux-x86_64/wheel/kivy/tests
[1m[90m[DEBUG][39m[0m:   	[INFO   ] copying build/lib.linux-x86_64-cpython-314/kivy/tests/fixtures.py -> build/bdist.linux-x86_64/wheel/kivy/tests
[1m[90m[DEBUG][39m[0m:   	[INFO   ] copying build/lib.linux-x86_64-cpython-314/kivy/tests/testkv.kv -> build/bdist.linux-x86_64/wheel/kivy/tests
[1m[90m[DEBUG][39m[0m:   	[INFO   ] copying build/lib.linux-x86_64-cpython-314/kivy/tests/test_image.py -> build/bdist.linux-x86_64/wheel/kivy/tests
[1m[90m[DEBUG][39m[0m:   	[INFO   ] copying build/lib.linux-x86_64-cpython-314/kivy/tests/test_module_inspector.py -> build/bdist.linux-x86_64/wheel/kivy/tests
[1m[90m[DEBUG][39m[0m:   	[INFO   ] copying build/lib.linux-x86_64-cpython-314/kivy/tests/perf_test_textinput.py -> build/bdist.linux-x86_64/wheel/kivy/tests
[1m[90m[DEBUG][39m[0m:   	[INFO   ] copying build/lib.linux-x86_64-cpython-314/kivy/tests/test_uix_slider.py -> build/bdist.linux-x86_64/wheel/kivy/tests
[1m[90m[DEBUG][39m[0m:   	[INFO   ] copying build/lib.linux-x86_64-cpython-314/kivy/tests/test_uix_dropdown.py -> build/bdist.linux-x86_64/wheel/kivy/tests
[1m[90m[DEBUG][39m[0m:   	[INFO   ] copying build/lib.linux-x86_64-cpython-314/kivy/tests/test_imageloader.py -> build/bdist.linux-x86_64/wheel/kivy/tests
[1m[90m[DEBUG][39m[0m:   	[INFO   ] copying build/lib.linux-x86_64-cpython-314/kivy/tests/test_compat.py -> build/bdist.linux-x86_64/wheel/kivy/tests
[1m[90m[DEBUG][39m[0m:   	[INFO   ] copying build/lib.linux-x86_64-cpython-314/kivy/tests/test_uix_modal.py -> build/bdist.linux-x86_64/wheel/kivy/tests
[1m[90m[DEBUG][39m[0m:   	[INFO   ] copying build/lib.linux-x86_64-cpython-314/kivy/tests/__init__.py -> build/bdist.linux-x86_64/wheel/kivy/tests
[1m[90m[DEBUG][39m[0m:   	[INFO   ] copying build/lib.linux-x86_64-cpython-314/kivy/tests/test_uix_videoplayer.py -> build/bdist.linux-x86_64/wheel/kivy/tests
[1m[90m[DEBUG][39m[0m:   	[INFO   ] copying build/lib.linux-x86_64-cpython-314/kivy/tests/test_audio.py -> build/bdist.linux-x86_64/wheel/kivy/tests
[1m[90m[DEBUG][39m[0m:   	[INFO   ] copying build/lib.linux-x86_64-cpython-314/kivy/tests/test_uix_recyclegridlayout.py -> build/bdist.linux-x86_64/wheel/kivy/tests
[1m[90m[DEBUG][39m[0m:   	[INFO   ] copying build/lib.linux-x86_64-cpython-314/kivy/tests/test_invalid_lang.py -> build/bdist.linux-x86_64/wheel/kivy/tests
[1m[90m[DEBUG][39m[0m:   	[INFO   ] copying build/lib.linux-x86_64-cpython-314/kivy/tests/test_fonts.py -> build/bdist.linux-x86_64/wheel/kivy/tests
[1m[90m[DEBUG][39m[0m:   	[INFO   ] copying build/lib.linux-x86_64-cpython-314/kivy/tests/test_uix_settings.py -> build/bdist.linux-x86_64/wheel/kivy/tests
[1m[90m[DEBUG][39m[0m:   	[INFO   ] copying build/lib.linux-x86_64-cpython-314/kivy/tests/test_benchmark.py -> build/bdist.linux-x86_64/wheel/kivy/tests
[1m[90m[DEBUG][39m[0m:   	[INFO   ] creating build/bdist.linux-x86_64/wheel/kivy/tests/data
[1m[90m[DEBUG][39m[0m:   	[INFO   ] copying build/lib.linux-x86_64-cpython-314/kivy/tests/data/test.ini -> build/bdist.linux-x86_64/wheel/kivy/tests/data
[1m[90m[DEBUG][39m[0m:   	[INFO   ] copying build/lib.linux-x86_64-cpython-314/kivy/tests/async_common.py -> build/bdist.linux-x86_64/wheel/kivy/tests
[1m[90m[DEBUG][39m[0m:   	[INFO   ] copying build/lib.linux-x86_64-cpython-314/kivy/tests/test_uix_textinput.py -> build/bdist.linux-x86_64/wheel/kivy/tests
[1m[90m[DEBUG][39m[0m:   	[INFO   ] copying build/lib.linux-x86_64-cpython-314/kivy/tests/test_filechooser.py -> build/bdist.linux-x86_64/wheel/kivy/tests
[1m[90m[DEBUG][39m[0m:   	[INFO   ] creating build/bdist.linux-x86_64/wheel/kivy/tests/pyinstaller
[1m[90m[DEBUG][39m[0m:   	[INFO   ] creating build/bdist.linux-x86_64/wheel/kivy/tests/pyinstaller/simple_widget
[1m[90m[DEBUG][39m[0m:   	[INFO   ] copying build/lib.linux-x86_64-cpython-314/kivy/tests/pyinstaller/simple_widget/main.py -> build/bdist.linux-x86_64/wheel/kivy/tests/pyinstaller/simple_widget
[1m[90m[DEBUG][39m[0m:   	[INFO   ] copying build/lib.linux-x86_64-cpython-314/kivy/tests/pyinstaller/simple_widget/main.spec -> build/bdist.linux-x86_64/wheel/kivy/tests/pyinstaller/simple_widget
[1m[90m[DEBUG][39m[0m:   	[INFO   ] creating build/bdist.linux-x86_64/wheel/kivy/tests/pyinstaller/simple_widget/project
[1m[90m[DEBUG][39m[0m:   	[INFO   ] copying build/lib.linux-x86_64-cpython-314/kivy/tests/pyinstaller/simple_widget/project/widget.py -> build/bdist.linux-x86_64/wheel/kivy/tests/pyinstaller/simple_widget/project
[1m[90m[DEBUG][39m[0m:   	[INFO   ] copying build/lib.linux-x86_64-cpython-314/kivy/tests/pyinstaller/simple_widget/project/__init__.py -> build/bdist.linux-x86_64/wheel/kivy/tests/pyinstaller/simple_widget/project
[1m[90m[DEBUG][39m[0m:   	[INFO   ] copying build/lib.linux-x86_64-cpython-314/kivy/tests/pyinstaller/test_pyinstaller.py -> build/bdist.linux-x86_64/wheel/kivy/tests/pyinstaller
[1m[90m[DEBUG][39m[0m:   	[INFO   ] creating build/bdist.linux-x86_64/wheel/kivy/tests/pyinstaller/video_widget
[1m[90m[DEBUG][39m[0m:   	[INFO   ] copying build/lib.linux-x86_64-cpython-314/kivy/tests/pyinstaller/video_widget/main.py -> build/bdist.linux-x86_64/wheel/kivy/tests/pyinstaller/video_widget
[1m[90m[DEBUG][39m[0m:   	[INFO   ] copying build/lib.linux-x86_64-cpython-314/kivy/tests/pyinstaller/video_widget/main.spec -> build/bdist.linux-x86_64/wheel/kivy/tests/pyinstaller/video_widget
[1m[90m[DEBUG][39m[0m:   	[INFO   ] creating build/bdist.linux-x86_64/wheel/kivy/tests/pyinstaller/video_widget/project
[1m[90m[DEBUG][39m[0m:   	[INFO   ] copying build/lib.linux-x86_64-cpython-314/kivy/tests/pyinstaller/video_widget/project/__init__.py -> build/bdist.linux-x86_64/wheel/kivy/tests/pyinstaller/video_widget/project
[1m[90m[DEBUG][39m[0m:   	[INFO   ] copying build/lib.linux-x86_64-cpython-314/kivy/tests/test_uix_stacklayout.py -> build/bdist.linux-x86_64/wheel/kivy/tests
[1m[90m[DEBUG][39m[0m:   	[INFO   ] creating build/bdist.linux-x86_64/wheel/kivy/tests/test_issues
[1m[90m[DEBUG][39m[0m:   	[INFO   ] copying build/lib.linux-x86_64-cpython-314/kivy/tests/test_issues/test_issue_6909.py -> build/bdist.linux-x86_64/wheel/kivy/tests/test_issues
[1m[90m[DEBUG][39m[0m:   	[INFO   ] copying build/lib.linux-x86_64-cpython-314/kivy/tests/test_issues/test_issue_609.py -> build/bdist.linux-x86_64/wheel/kivy/tests/test_issues
[1m[90m[DEBUG][39m[0m:   	[INFO   ] copying build/lib.linux-x86_64-cpython-314/kivy/tests/test_issues/test_issue_883.py -> build/bdist.linux-x86_64/wheel/kivy/tests/test_issues
[1m[90m[DEBUG][39m[0m:   	[INFO   ] copying build/lib.linux-x86_64-cpython-314/kivy/tests/test_issues/test_6315.py -> build/bdist.linux-x86_64/wheel/kivy/tests/test_issues
[1m[90m[DEBUG][39m[0m:   	[INFO   ] copying build/lib.linux-x86_64-cpython-314/kivy/tests/test_issues/test_issue_1091.py -> build/bdist.linux-x86_64/wheel/kivy/tests/test_issues
[1m[90m[DEBUG][39m[0m:   	[INFO   ] copying build/lib.linux-x86_64-cpython-314/kivy/tests/test_issues/test_issue_1084.py -> build/bdist.linux-x86_64/wheel/kivy/tests/test_issues
[1m[90m[DEBUG][39m[0m:   	[INFO   ] copying build/lib.linux-x86_64-cpython-314/kivy/tests/test_issues/test_issue_599.py -> build/bdist.linux-x86_64/wheel/kivy/tests/test_issues
[1m[90m[DEBUG][39m[0m:   	[INFO   ] copying build/lib.linux-x86_64-cpython-314/kivy/tests/test_uix_relativelayout.py -> build/bdist.linux-x86_64/wheel/kivy/tests
[1m[90m[DEBUG][39m[0m:   	[INFO   ] copying build/lib.linux-x86_64-cpython-314/kivy/tests/test_widget.py -> build/bdist.linux-x86_64/wheel/kivy/tests
[1m[90m[DEBUG][39m[0m:   	[INFO   ] copying build/lib.linux-x86_64-cpython-314/kivy/tests/unicode_files.zip -> build/bdist.linux-x86_64/wheel/kivy/tests
[1m[90m[DEBUG][39m[0m:   	[INFO   ] copying build/lib.linux-x86_64-cpython-314/kivy/tests/test_uix_widget.py -> build/bdist.linux-x86_64/wheel/kivy/tests
[1m[90m[DEBUG][39m[0m:   	[INFO   ] copying build/lib.linux-x86_64-cpython-314/kivy/tests/test_lang_pre_process_and_post_process.py -> build/bdist.linux-x86_64/wheel/kivy/tests
[1m[90m[DEBUG][39m[0m:   	[INFO   ] copying build/lib.linux-x86_64-cpython-314/kivy/tests/test_fbo_py2py3.py -> build/bdist.linux-x86_64/wheel/kivy/tests
[1m[90m[DEBUG][39m[0m:   	[INFO   ] copying build/lib.linux-x86_64-cpython-314/kivy/tests/test_video.py -> build/bdist.linux-x86_64/wheel/kivy/tests
[1m[90m[DEBUG][39m[0m:   	[INFO   ] copying build/lib.linux-x86_64-cpython-314/kivy/tests/test_garden.py -> build/bdist.linux-x86_64/wheel/kivy/tests
[1m[90m[DEBUG][39m[0m:   	[INFO   ] copying build/lib.linux-x86_64-cpython-314/kivy/tests/test_graphics_svg.py -> build/bdist.linux-x86_64/wheel/kivy/tests
[1m[90m[DEBUG][39m[0m:   	[INFO   ] copying build/lib.linux-x86_64-cpython-314/kivy/tests/test_logger.py -> build/bdist.linux-x86_64/wheel/kivy/tests
[1m[90m[DEBUG][39m[0m:   	[INFO   ] copying build/lib.linux-x86_64-cpython-314/kivy/tests/test_knspace.py -> build/bdist.linux-x86_64/wheel/kivy/tests
[1m[90m[DEBUG][39m[0m:   	[INFO   ] copying build/lib.linux-x86_64-cpython-314/kivy/tests/test_storage.py -> build/bdist.linux-x86_64/wheel/kivy/tests
[1m[90m[DEBUG][39m[0m:   	[INFO   ] copying build/lib.linux-x86_64-cpython-314/kivy/tests/test_multistroke.py -> build/bdist.linux-x86_64/wheel/kivy/tests
[1m[90m[DEBUG][39m[0m:   	[INFO   ] copying build/lib.linux-x86_64-cpython-314/kivy/tests/test_uix_layout.py -> build/bdist.linux-x86_64/wheel/kivy/tests
[1m[90m[DEBUG][39m[0m:   	[INFO   ] copying build/lib.linux-x86_64-cpython-314/kivy/tests/common.py -> build/bdist.linux-x86_64/wheel/kivy/tests
[1m[90m[DEBUG][39m[0m:   	[INFO   ] copying build/lib.linux-x86_64-cpython-314/kivy/tests/test_app.py -> build/bdist.linux-x86_64/wheel/kivy/tests
[1m[90m[DEBUG][39m[0m:   	[INFO   ] copying build/lib.linux-x86_64-cpython-314/kivy/tests/test_doc_gallery.py -> build/bdist.linux-x86_64/wheel/kivy/tests
[1m[90m[DEBUG][39m[0m:   	[INFO   ] copying build/lib.linux-x86_64-cpython-314/kivy/tests/test_config.py -> build/bdist.linux-x86_64/wheel/kivy/tests
[1m[90m[DEBUG][39m[0m:   	[INFO   ] copying build/lib.linux-x86_64-cpython-314/kivy/tests/test_window_info.py -> build/bdist.linux-x86_64/wheel/kivy/tests
[1m[90m[DEBUG][39m[0m:   	[INFO   ] copying build/lib.linux-x86_64-cpython-314/kivy/tests/test_motion_event.py -> build/bdist.linux-x86_64/wheel/kivy/tests
[1m[90m[DEBUG][39m[0m:   	[INFO   ] copying build/lib.linux-x86_64-cpython-314/kivy/tests/test_filechooser_unicode.py -> build/bdist.linux-x86_64/wheel/kivy/tests
[1m[90m[DEBUG][39m[0m:   	[INFO   ] copying build/lib.linux-x86_64-cpython-314/kivy/tests/test_uix_carousel.py -> build/bdist.linux-x86_64/wheel/kivy/tests
[1m[90m[DEBUG][39m[0m:   	[INFO   ] copying build/lib.linux-x86_64-cpython-314/kivy/tests/test_lang.py -> build/bdist.linux-x86_64/wheel/kivy/tests
[1m[90m[DEBUG][39m[0m:   	[INFO   ] copying build/lib.linux-x86_64-cpython-314/kivy/tests/test_uix_translate_coordinates.py -> build/bdist.linux-x86_64/wheel/kivy/tests
[1m[90m[DEBUG][39m[0m:   	[INFO   ] copying build/lib.linux-x86_64-cpython-314/kivy/tests/test_weakmethod.py -> build/bdist.linux-x86_64/wheel/kivy/tests
[1m[90m[DEBUG][39m[0m:   	[INFO   ] copying build/lib.linux-x86_64-cpython-314/kivy/tests/test_clock.py -> build/bdist.linux-x86_64/wheel/kivy/tests
[1m[90m[DEBUG][39m[0m:   	[INFO   ] copying build/lib.linux-x86_64-cpython-314/kivy/tests/test_screen.py -> build/bdist.linux-x86_64/wheel/kivy/tests
[1m[90m[DEBUG][39m[0m:   	[INFO   ] copying build/lib.linux-x86_64-cpython-314/kivy/tests/sample1.ogg -> build/bdist.linux-x86_64/wheel/kivy/tests
[1m[90m[DEBUG][39m[0m:   	[INFO   ] copying build/lib.linux-x86_64-cpython-314/kivy/tests/test_coverage.py -> build/bdist.linux-x86_64/wheel/kivy/tests
[1m[90m[DEBUG][39m[0m:   	[INFO   ] copying build/lib.linux-x86_64-cpython-314/kivy/tests/test_uix_anchorlayout.py -> build/bdist.linux-x86_64/wheel/kivy/tests
[1m[90m[DEBUG][39m[0m:   	[INFO   ] copying build/lib.linux-x86_64-cpython-314/kivy/tests/test_animations.py -> build/bdist.linux-x86_64/wheel/kivy/tests
[1m[90m[DEBUG][39m[0m:   	[INFO   ] copying build/lib.linux-x86_64-cpython-314/kivy/_version.py -> build/bdist.linux-x86_64/wheel/kivy
[1m[90m[DEBUG][39m[0m:   	[INFO   ] copying build/lib.linux-x86_64-cpython-314/kivy/base.py -> build/bdist.linux-x86_64/wheel/kivy
[1m[90m[DEBUG][39m[0m:   	[INFO   ] copying build/lib.linux-x86_64-cpython-314/kivy/setupconfig.py -> build/bdist.linux-x86_64/wheel/kivy
[1m[90m[DEBUG][39m[0m:   	[INFO   ] creating build/bdist.linux-x86_64/wheel/kivy/effects
[1m[90m[DEBUG][39m[0m:   	[INFO   ] copying build/lib.linux-x86_64-cpython-314/kivy/effects/dampedscroll.py -> build/bdist.linux-x86_64/wheel/kivy/effects
[1m[90m[DEBUG][39m[0m:   	[INFO   ] copying build/lib.linux-x86_64-cpython-314/kivy/effects/scroll.py -> build/bdist.linux-x86_64/wheel/kivy/effects
[1m[90m[DEBUG][39m[0m:   	[INFO   ] copying build/lib.linux-x86_64-cpython-314/kivy/effects/kinetic.py -> build/bdist.linux-x86_64/wheel/kivy/effects
[1m[90m[DEBUG][39m[0m:   	[INFO   ] copying build/lib.linux-x86_64-cpython-314/kivy/effects/__init__.py -> build/bdist.linux-x86_64/wheel/kivy/effects
[1m[90m[DEBUG][39m[0m:   	[INFO   ] copying build/lib.linux-x86_64-cpython-314/kivy/effects/opacityscroll.py -> build/bdist.linux-x86_64/wheel/kivy/effects
[1m[90m[DEBUG][39m[0m:   	[INFO   ] copying build/lib.linux-x86_64-cpython-314/kivy/loader.py -> build/bdist.linux-x86_64/wheel/kivy
[1m[90m[DEBUG][39m[0m:   	[INFO   ] running install_egg_info
[1m[90m[DEBUG][39m[0m:   	[INFO   ] running egg_info
[1m[90m[DEBUG][39m[0m:   	[INFO   ] writing Kivy.egg-info/PKG-INFO
[1m[90m[DEBUG][39m[0m:   	[INFO   ] writing dependency_links to Kivy.egg-info/dependency_links.txt
[1m[90m[DEBUG][39m[0m:   	[INFO   ] writing requirements to Kivy.egg-info/requires.txt
[1m[90m[DEBUG][39m[0m:   	[INFO   ] writing top-level names to Kivy.egg-info/top_level.txt
[1m[90m[DEBUG][39m[0m:   	[INFO   ] [dependency /app/.buildozer/android/platform/build-arm64-v8a/build/other_builds/kivy-sdl2/arm64-v8a__ndk_target_21/kivy/kivy/properties.pxd won't be automatically included in the manifest] the path must be relative
[1m[90m[DEBUG][39m[0m:   	[INFO   ] [dependency /app/.buildozer/android/platform/build-arm64-v8a/build/other_builds/kivy-sdl2/arm64-v8a__ndk_target_21/kivy/kivy/_event.pxd won't be automatically included in the manifest] the path must be relative
[1m[90m[DEBUG][39m[0m:   	[INFO   ] [dependency /app/.buildozer/android/platform/build-arm64-v8a/build/other_builds/kivy-sdl2/arm64-v8a__ndk_target_21/kivy/kivy/_metrics.pxd won't be automatically included in the manifest] the path must be relative
[1m[90m[DEBUG][39m[0m:   	[INFO   ] [dependency /app/.buildozer/android/platform/build-arm64-v8a/build/other_builds/kivy-sdl2/arm64-v8a__ndk_target_21/kivy/kivy/_event.pxd won't be automatically included in the manifest] the path must be relative
[1m[90m[DEBUG][39m[0m:   	[INFO   ] [dependency /app/.buildozer/android/platform/build-arm64-v8a/build/other_builds/kivy-sdl2/arm64-v8a__ndk_target_21/kivy/kivy/graphics/common.pxi won't be automatically included in the manifest] the path must be relative
[1m[90m[DEBUG][39m[0m:   	[INFO   ] [dependency /app/.buildozer/android/platform/build-arm64-v8a/build/other_builds/kivy-sdl2/arm64-v8a__ndk_target_21/kivy/kivy/graphics/instructions.pxd won't be automatically included in the manifest] the path must be relative
[1m[90m[DEBUG][39m[0m:   	[INFO   ] [dependency /app/.buildozer/android/platform/build-arm64-v8a/build/other_builds/kivy-sdl2/arm64-v8a__ndk_target_21/kivy/kivy/graphics/vbo.pxd won't be automatically included in the manifest] the path must be relative
[1m[90m[DEBUG][39m[0m:   	[INFO   ] [dependency /app/.buildozer/android/platform/build-arm64-v8a/build/other_builds/kivy-sdl2/arm64-v8a__ndk_target_21/kivy/kivy/graphics/buffer.pxd won't be automatically included in the manifest] the path must be relative
[1m[90m[DEBUG][39m[0m:   	[INFO   ] [dependency /app/.buildozer/android/platform/build-arm64-v8a/build/other_builds/kivy-sdl2/arm64-v8a__ndk_target_21/kivy/kivy/graphics/cgl.pxd won't be automatically included in the manifest] the path must be relative
[1m[90m[DEBUG][39m[0m:   	[INFO   ] [dependency /app/.buildozer/android/platform/build-arm64-v8a/build/other_builds/kivy-sdl2/arm64-v8a__ndk_target_21/kivy/kivy/graphics/common.pxi won't be automatically included in the manifest] the path must be relative
[1m[90m[DEBUG][39m[0m:   	[INFO   ] [dependency /app/.buildozer/android/platform/build-arm64-v8a/build/other_builds/kivy-sdl2/arm64-v8a__ndk_target_21/kivy/kivy/include/config.pxi won't be automatically included in the manifest] the path must be relative
[1m[90m[DEBUG][39m[0m:   	[INFO   ] [dependency /app/.buildozer/android/platform/build-arm64-v8a/build/other_builds/kivy-sdl2/arm64-v8a__ndk_target_21/kivy/kivy/include/gl_redirect.h won't be automatically included in the manifest] the path must be relative
[1m[90m[DEBUG][39m[0m:   	[INFO   ] [dependency /app/.buildozer/android/platform/build-arm64-v8a/build/other_builds/kivy-sdl2/arm64-v8a__ndk_target_21/kivy/kivy/graphics/vertex.pxd won't be automatically included in the manifest] the path must be relative
[1m[90m[DEBUG][39m[0m:   	[INFO   ] [dependency /app/.buildozer/android/platform/build-arm64-v8a/build/other_builds/kivy-sdl2/arm64-v8a__ndk_target_21/kivy/kivy/graphics/context_instructions.pxd won't be automatically included in the manifest] the path must be relative
[1m[90m[DEBUG][39m[0m:   	[INFO   ] [dependency /app/.buildozer/android/platform/build-arm64-v8a/build/other_builds/kivy-sdl2/arm64-v8a__ndk_target_21/kivy/kivy/graphics/transformation.pxd won't be automatically included in the manifest] the path must be relative
[1m[90m[DEBUG][39m[0m:   	[INFO   ] [dependency /app/.buildozer/android/platform/build-arm64-v8a/build/other_builds/kivy-sdl2/arm64-v8a__ndk_target_21/kivy/kivy/graphics/texture.pxd won't be automatically included in the manifest] the path must be relative
[1m[90m[DEBUG][39m[0m:   	[INFO   ] [dependency /app/.buildozer/android/platform/build-arm64-v8a/build/other_builds/kivy-sdl2/arm64-v8a__ndk_target_21/kivy/kivy/graphics/compiler.pxd won't be automatically included in the manifest] the path must be relative
[1m[90m[DEBUG][39m[0m:   	[INFO   ] [dependency /app/.buildozer/android/platform/build-arm64-v8a/build/other_builds/kivy-sdl2/arm64-v8a__ndk_target_21/kivy/kivy/graphics/shader.pxd won't be automatically included in the manifest] the path must be relative
[1m[90m[DEBUG][39m[0m:   	[INFO   ] [dependency /app/.buildozer/android/platform/build-arm64-v8a/build/other_builds/kivy-sdl2/arm64-v8a__ndk_target_21/kivy/kivy/graphics/../_event.pxd won't be automatically included in the manifest] the path must be relative
[1m[90m[DEBUG][39m[0m:   	[INFO   ] [dependency /app/.buildozer/android/platform/build-arm64-v8a/build/other_builds/kivy-sdl2/arm64-v8a__ndk_target_21/kivy/kivy/graphics/context_instructions.pxd won't be automatically included in the manifest] the path must be relative
[1m[90m[DEBUG][39m[0m:   	[INFO   ] [dependency /app/.buildozer/android/platform/build-arm64-v8a/build/other_builds/kivy-sdl2/arm64-v8a__ndk_target_21/kivy/kivy/graphics/transformation.pxd won't be automatically included in the manifest] the path must be relative
[1m[90m[DEBUG][39m[0m:   	[INFO   ] [dependency /app/.buildozer/android/platform/build-arm64-v8a/build/other_builds/kivy-sdl2/arm64-v8a__ndk_target_21/kivy/kivy/graphics/instructions.pxd won't be automatically included in the manifest] the path must be relative
[1m[90m[DEBUG][39m[0m:   	[INFO   ] [dependency /app/.buildozer/android/platform/build-arm64-v8a/build/other_builds/kivy-sdl2/arm64-v8a__ndk_target_21/kivy/kivy/graphics/vbo.pxd won't be automatically included in the manifest] the path must be relative
[1m[90m[DEBUG][39m[0m:   	[INFO   ] [dependency /app/.buildozer/android/platform/build-arm64-v8a/build/other_builds/kivy-sdl2/arm64-v8a__ndk_target_21/kivy/kivy/graphics/buffer.pxd won't be automatically included in the manifest] the path must be relative
[1m[90m[DEBUG][39m[0m:   	[INFO   ] [dependency /app/.buildozer/android/platform/build-arm64-v8a/build/other_builds/kivy-sdl2/arm64-v8a__ndk_target_21/kivy/kivy/graphics/cgl.pxd won't be automatically included in the manifest] the path must be relative
[1m[90m[DEBUG][39m[0m:   	[INFO   ] [dependency /app/.buildozer/android/platform/build-arm64-v8a/build/other_builds/kivy-sdl2/arm64-v8a__ndk_target_21/kivy/kivy/graphics/common.pxi won't be automatically included in the manifest] the path must be relative
[1m[90m[DEBUG][39m[0m:   	[INFO   ] [dependency /app/.buildozer/android/platform/build-arm64-v8a/build/other_builds/kivy-sdl2/arm64-v8a__ndk_target_21/kivy/kivy/include/config.pxi won't be automatically included in the manifest] the path must be relative
[1m[90m[DEBUG][39m[0m:   	[INFO   ] [dependency /app/.buildozer/android/platform/build-arm64-v8a/build/other_builds/kivy-sdl2/arm64-v8a__ndk_target_21/kivy/kivy/include/gl_redirect.h won't be automatically included in the manifest] the path must be relative
[1m[90m[DEBUG][39m[0m:   	[INFO   ] [dependency /app/.buildozer/android/platform/build-arm64-v8a/build/other_builds/kivy-sdl2/arm64-v8a__ndk_target_21/kivy/kivy/graphics/vertex.pxd won't be automatically included in the manifest] the path must be relative
[1m[90m[DEBUG][39m[0m:   	[INFO   ] [dependency /app/.buildozer/android/platform/build-arm64-v8a/build/other_builds/kivy-sdl2/arm64-v8a__ndk_target_21/kivy/kivy/graphics/compiler.pxd won't be automatically included in the manifest] the path must be relative
[1m[90m[DEBUG][39m[0m:   	[INFO   ] [dependency /app/.buildozer/android/platform/build-arm64-v8a/build/other_builds/kivy-sdl2/arm64-v8a__ndk_target_21/kivy/kivy/graphics/shader.pxd won't be automatically included in the manifest] the path must be relative
[1m[90m[DEBUG][39m[0m:   	[INFO   ] [dependency /app/.buildozer/android/platform/build-arm64-v8a/build/other_builds/kivy-sdl2/arm64-v8a__ndk_target_21/kivy/kivy/graphics/texture.pxd won't be automatically included in the manifest] the path must be relative
[1m[90m[DEBUG][39m[0m:   	[INFO   ] [dependency /app/.buildozer/android/platform/build-arm64-v8a/build/other_builds/kivy-sdl2/arm64-v8a__ndk_target_21/kivy/kivy/graphics/../_event.pxd won't be automatically included in the manifest] the path must be relative
[1m[90m[DEBUG][39m[0m:   	[INFO   ] [dependency /app/.buildozer/android/platform/build-arm64-v8a/build/other_builds/kivy-sdl2/arm64-v8a__ndk_target_21/kivy/kivy/graphics/transformation.pxd won't be automatically included in the manifest] the path must be relative
[1m[90m[DEBUG][39m[0m:   	[INFO   ] [dependency /app/.buildozer/android/platform/build-arm64-v8a/build/other_builds/kivy-sdl2/arm64-v8a__ndk_target_21/kivy/kivy/graphics/instructions.pxd won't be automatically included in the manifest] the path must be relative
[1m[90m[DEBUG][39m[0m:   	[INFO   ] [dependency /app/.buildozer/android/platform/build-arm64-v8a/build/other_builds/kivy-sdl2/arm64-v8a__ndk_target_21/kivy/kivy/graphics/vbo.pxd won't be automatically included in the manifest] the path must be relative
[1m[90m[DEBUG][39m[0m:   	[INFO   ] [dependency /app/.buildozer/android/platform/build-arm64-v8a/build/other_builds/kivy-sdl2/arm64-v8a__ndk_target_21/kivy/kivy/graphics/buffer.pxd won't be automatically included in the manifest] the path must be relative
[1m[90m[DEBUG][39m[0m:   	[INFO   ] [dependency /app/.buildozer/android/platform/build-arm64-v8a/build/other_builds/kivy-sdl2/arm64-v8a__ndk_target_21/kivy/kivy/graphics/cgl.pxd won't be automatically included in the manifest] the path must be relative
[1m[90m[DEBUG][39m[0m:   	[INFO   ] [dependency /app/.buildozer/android/platform/build-arm64-v8a/build/other_builds/kivy-sdl2/arm64-v8a__ndk_target_21/kivy/kivy/graphics/common.pxi won't be automatically included in the manifest] the path must be relative
[1m[90m[DEBUG][39m[0m:   	[INFO   ] [dependency /app/.buildozer/android/platform/build-arm64-v8a/build/other_builds/kivy-sdl2/arm64-v8a__ndk_target_21/kivy/kivy/include/config.pxi won't be automatically included in the manifest] the path must be relative
[1m[90m[DEBUG][39m[0m:   	[INFO   ] [dependency /app/.buildozer/android/platform/build-arm64-v8a/build/other_builds/kivy-sdl2/arm64-v8a__ndk_target_21/kivy/kivy/include/gl_redirect.h won't be automatically included in the manifest] the path must be relative
[1m[90m[DEBUG][39m[0m:   	[INFO   ] [dependency /app/.buildozer/android/platform/build-arm64-v8a/build/other_builds/kivy-sdl2/arm64-v8a__ndk_target_21/kivy/kivy/graphics/vertex.pxd won't be automatically included in the manifest] the path must be relative
[1m[90m[DEBUG][39m[0m:   	[INFO   ] [dependency /app/.buildozer/android/platform/build-arm64-v8a/build/other_builds/kivy-sdl2/arm64-v8a__ndk_target_21/kivy/kivy/graphics/context_instructions.pxd won't be automatically included in the manifest] the path must be relative
[1m[90m[DEBUG][39m[0m:   	[INFO   ] [dependency /app/.buildozer/android/platform/build-arm64-v8a/build/other_builds/kivy-sdl2/arm64-v8a__ndk_target_21/kivy/kivy/graphics/texture.pxd won't be automatically included in the manifest] the path must be relative
[1m[90m[DEBUG][39m[0m:   	[INFO   ] [dependency /app/.buildozer/android/platform/build-arm64-v8a/build/other_builds/kivy-sdl2/arm64-v8a__ndk_target_21/kivy/kivy/graphics/compiler.pxd won't be automatically included in the manifest] the path must be relative
[1m[90m[DEBUG][39m[0m:   	[INFO   ] [dependency /app/.buildozer/android/platform/build-arm64-v8a/build/other_builds/kivy-sdl2/arm64-v8a__ndk_target_21/kivy/kivy/graphics/shader.pxd won't be automatically included in the manifest] the path must be relative
[1m[90m[DEBUG][39m[0m:   	[INFO   ] [dependency /app/.buildozer/android/platform/build-arm64-v8a/build/other_builds/kivy-sdl2/arm64-v8a__ndk_target_21/kivy/kivy/graphics/../_event.pxd won't be automatically included in the manifest] the path must be relative
[1m[90m[DEBUG][39m[0m:   	[INFO   ] [dependency /app/.buildozer/android/platform/build-arm64-v8a/build/other_builds/kivy-sdl2/arm64-v8a__ndk_target_21/kivy/kivy/include/config.pxi won't be automatically included in the manifest] the path must be relative
[1m[90m[DEBUG][39m[0m:   	[INFO   ] [dependency /app/.buildozer/android/platform/build-arm64-v8a/build/other_builds/kivy-sdl2/arm64-v8a__ndk_target_21/kivy/kivy/graphics/opcodes.pxi won't be automatically included in the manifest] the path must be relative
[1m[90m[DEBUG][39m[0m:   	[INFO   ] [dependency /app/.buildozer/android/platform/build-arm64-v8a/build/other_builds/kivy-sdl2/arm64-v8a__ndk_target_21/kivy/kivy/graphics/transformation.pxd won't be automatically included in the manifest] the path must be relative
[1m[90m[DEBUG][39m[0m:   	[INFO   ] [dependency /app/.buildozer/android/platform/build-arm64-v8a/build/other_builds/kivy-sdl2/arm64-v8a__ndk_target_21/kivy/kivy/graphics/context.pxd won't be automatically included in the manifest] the path must be relative
[1m[90m[DEBUG][39m[0m:   	[INFO   ] [dependency /app/.buildozer/android/platform/build-arm64-v8a/build/other_builds/kivy-sdl2/arm64-v8a__ndk_target_21/kivy/kivy/graphics/instructions.pxd won't be automatically included in the manifest] the path must be relative
[1m[90m[DEBUG][39m[0m:   	[INFO   ] [dependency /app/.buildozer/android/platform/build-arm64-v8a/build/other_builds/kivy-sdl2/arm64-v8a__ndk_target_21/kivy/kivy/graphics/vbo.pxd won't be automatically included in the manifest] the path must be relative
[1m[90m[DEBUG][39m[0m:   	[INFO   ] [dependency /app/.buildozer/android/platform/build-arm64-v8a/build/other_builds/kivy-sdl2/arm64-v8a__ndk_target_21/kivy/kivy/graphics/buffer.pxd won't be automatically included in the manifest] the path must be relative
[1m[90m[DEBUG][39m[0m:   	[INFO   ] [dependency /app/.buildozer/android/platform/build-arm64-v8a/build/other_builds/kivy-sdl2/arm64-v8a__ndk_target_21/kivy/kivy/graphics/cgl.pxd won't be automatically included in the manifest] the path must be relative
[1m[90m[DEBUG][39m[0m:   	[INFO   ] [dependency /app/.buildozer/android/platform/build-arm64-v8a/build/other_builds/kivy-sdl2/arm64-v8a__ndk_target_21/kivy/kivy/graphics/common.pxi won't be automatically included in the manifest] the path must be relative
[1m[90m[DEBUG][39m[0m:   	[INFO   ] [dependency /app/.buildozer/android/platform/build-arm64-v8a/build/other_builds/kivy-sdl2/arm64-v8a__ndk_target_21/kivy/kivy/include/gl_redirect.h won't be automatically included in the manifest] the path must be relative
[1m[90m[DEBUG][39m[0m:   	[INFO   ] [dependency /app/.buildozer/android/platform/build-arm64-v8a/build/other_builds/kivy-sdl2/arm64-v8a__ndk_target_21/kivy/kivy/graphics/vertex.pxd won't be automatically included in the manifest] the path must be relative
[1m[90m[DEBUG][39m[0m:   	[INFO   ] [dependency /app/.buildozer/android/platform/build-arm64-v8a/build/other_builds/kivy-sdl2/arm64-v8a__ndk_target_21/kivy/kivy/graphics/context_instructions.pxd won't be automatically included in the manifest] the path must be relative
[1m[90m[DEBUG][39m[0m:   	[INFO   ] [dependency /app/.buildozer/android/platform/build-arm64-v8a/build/other_builds/kivy-sdl2/arm64-v8a__ndk_target_21/kivy/kivy/graphics/texture.pxd won't be automatically included in the manifest] the path must be relative
[1m[90m[DEBUG][39m[0m:   	[INFO   ] [dependency /app/.buildozer/android/platform/build-arm64-v8a/build/other_builds/kivy-sdl2/arm64-v8a__ndk_target_21/kivy/kivy/graphics/compiler.pxd won't be automatically included in the manifest] the path must be relative
[1m[90m[DEBUG][39m[0m:   	[INFO   ] [dependency /app/.buildozer/android/platform/build-arm64-v8a/build/other_builds/kivy-sdl2/arm64-v8a__ndk_target_21/kivy/kivy/graphics/shader.pxd won't be automatically included in the manifest] the path must be relative
[1m[90m[DEBUG][39m[0m:   	[INFO   ] [dependency /app/.buildozer/android/platform/build-arm64-v8a/build/other_builds/kivy-sdl2/arm64-v8a__ndk_target_21/kivy/kivy/graphics/../_event.pxd won't be automatically included in the manifest] the path must be relative
[1m[90m[DEBUG][39m[0m:   	[INFO   ] [dependency /app/.buildozer/android/platform/build-arm64-v8a/build/other_builds/kivy-sdl2/arm64-v8a__ndk_target_21/kivy/kivy/include/config.pxi won't be automatically included in the manifest] the path must be relative
[1m[90m[DEBUG][39m[0m:   	[INFO   ] [dependency /app/.buildozer/android/platform/build-arm64-v8a/build/other_builds/kivy-sdl2/arm64-v8a__ndk_target_21/kivy/kivy/graphics/opcodes.pxi won't be automatically included in the manifest] the path must be relative
[1m[90m[DEBUG][39m[0m:   	[INFO   ] [dependency /app/.buildozer/android/platform/build-arm64-v8a/build/other_builds/kivy-sdl2/arm64-v8a__ndk_target_21/kivy/kivy/graphics/cgl.pxd won't be automatically included in the manifest] the path must be relative
[1m[90m[DEBUG][39m[0m:   	[INFO   ] [dependency /app/.buildozer/android/platform/build-arm64-v8a/build/other_builds/kivy-sdl2/arm64-v8a__ndk_target_21/kivy/kivy/graphics/common.pxi won't be automatically included in the manifest] the path must be relative
[1m[90m[DEBUG][39m[0m:   	[INFO   ] [dependency /app/.buildozer/android/platform/build-arm64-v8a/build/other_builds/kivy-sdl2/arm64-v8a__ndk_target_21/kivy/kivy/include/gl_redirect.h won't be automatically included in the manifest] the path must be relative
[1m[90m[DEBUG][39m[0m:   	[INFO   ] [dependency /app/.buildozer/android/platform/build-arm64-v8a/build/other_builds/kivy-sdl2/arm64-v8a__ndk_target_21/kivy/kivy/graphics/instructions.pxd won't be automatically included in the manifest] the path must be relative
[1m[90m[DEBUG][39m[0m:   	[INFO   ] [dependency /app/.buildozer/android/platform/build-arm64-v8a/build/other_builds/kivy-sdl2/arm64-v8a__ndk_target_21/kivy/kivy/graphics/vbo.pxd won't be automatically included in the manifest] the path must be relative
[1m[90m[DEBUG][39m[0m:   	[INFO   ] [dependency /app/.buildozer/android/platform/build-arm64-v8a/build/other_builds/kivy-sdl2/arm64-v8a__ndk_target_21/kivy/kivy/graphics/buffer.pxd won't be automatically included in the manifest] the path must be relative
[1m[90m[DEBUG][39m[0m:   	[INFO   ] [dependency /app/.buildozer/android/platform/build-arm64-v8a/build/other_builds/kivy-sdl2/arm64-v8a__ndk_target_21/kivy/kivy/graphics/vertex.pxd won't be automatically included in the manifest] the path must be relative
[1m[90m[DEBUG][39m[0m:   	[INFO   ] [dependency /app/.buildozer/android/platform/build-arm64-v8a/build/other_builds/kivy-sdl2/arm64-v8a__ndk_target_21/kivy/kivy/graphics/context_instructions.pxd won't be automatically included in the manifest] the path must be relative
[1m[90m[DEBUG][39m[0m:   	[INFO   ] [dependency /app/.buildozer/android/platform/build-arm64-v8a/build/other_builds/kivy-sdl2/arm64-v8a__ndk_target_21/kivy/kivy/graphics/transformation.pxd won't be automatically included in the manifest] the path must be relative
[1m[90m[DEBUG][39m[0m:   	[INFO   ] [dependency /app/.buildozer/android/platform/build-arm64-v8a/build/other_builds/kivy-sdl2/arm64-v8a__ndk_target_21/kivy/kivy/graphics/texture.pxd won't be automatically included in the manifest] the path must be relative
[1m[90m[DEBUG][39m[0m:   	[INFO   ] [dependency /app/.buildozer/android/platform/build-arm64-v8a/build/other_builds/kivy-sdl2/arm64-v8a__ndk_target_21/kivy/kivy/graphics/compiler.pxd won't be automatically included in the manifest] the path must be relative
[1m[90m[DEBUG][39m[0m:   	[INFO   ] [dependency /app/.buildozer/android/platform/build-arm64-v8a/build/other_builds/kivy-sdl2/arm64-v8a__ndk_target_21/kivy/kivy/graphics/shader.pxd won't be automatically included in the manifest] the path must be relative
[1m[90m[DEBUG][39m[0m:   	[INFO   ] [dependency /app/.buildozer/android/platform/build-arm64-v8a/build/other_builds/kivy-sdl2/arm64-v8a__ndk_target_21/kivy/kivy/graphics/../_event.pxd won't be automatically included in the manifest] the path must be relative
[1m[90m[DEBUG][39m[0m:   	[INFO   ] [dependency /app/.buildozer/android/platform/build-arm64-v8a/build/other_builds/kivy-sdl2/arm64-v8a__ndk_target_21/kivy/kivy/include/config.pxi won't be automatically included in the manifest] the path must be relative
[1m[90m[DEBUG][39m[0m:   	[INFO   ] [dependency /app/.buildozer/android/platform/build-arm64-v8a/build/other_builds/kivy-sdl2/arm64-v8a__ndk_target_21/kivy/kivy/graphics/opcodes.pxi won't be automatically included in the manifest] the path must be relative
[1m[90m[DEBUG][39m[0m:   	[INFO   ] [dependency /app/.buildozer/android/platform/build-arm64-v8a/build/other_builds/kivy-sdl2/arm64-v8a__ndk_target_21/kivy/kivy/graphics/cgl.pxd won't be automatically included in the manifest] the path must be relative
[1m[90m[DEBUG][39m[0m:   	[INFO   ] [dependency /app/.buildozer/android/platform/build-arm64-v8a/build/other_builds/kivy-sdl2/arm64-v8a__ndk_target_21/kivy/kivy/graphics/common.pxi won't be automatically included in the manifest] the path must be relative
[1m[90m[DEBUG][39m[0m:   	[INFO   ] [dependency /app/.buildozer/android/platform/build-arm64-v8a/build/other_builds/kivy-sdl2/arm64-v8a__ndk_target_21/kivy/kivy/include/gl_redirect.h won't be automatically included in the manifest] the path must be relative
[1m[90m[DEBUG][39m[0m:   	[INFO   ] [dependency /app/.buildozer/android/platform/build-arm64-v8a/build/other_builds/kivy-sdl2/arm64-v8a__ndk_target_21/kivy/kivy/graphics/context.pxd won't be automatically included in the manifest] the path must be relative
[1m[90m[DEBUG][39m[0m:   	[INFO   ] [dependency /app/.buildozer/android/platform/build-arm64-v8a/build/other_builds/kivy-sdl2/arm64-v8a__ndk_target_21/kivy/kivy/graphics/instructions.pxd won't be automatically included in the manifest] the path must be relative
[1m[90m[DEBUG][39m[0m:   	[INFO   ] [dependency /app/.buildozer/android/platform/build-arm64-v8a/build/other_builds/kivy-sdl2/arm64-v8a__ndk_target_21/kivy/kivy/graphics/vbo.pxd won't be automatically included in the manifest] the path must be relative
[1m[90m[DEBUG][39m[0m:   	[INFO   ] [dependency /app/.buildozer/android/platform/build-arm64-v8a/build/other_builds/kivy-sdl2/arm64-v8a__ndk_target_21/kivy/kivy/graphics/buffer.pxd won't be automatically included in the manifest] the path must be relative
[1m[90m[DEBUG][39m[0m:   	[INFO   ] [dependency /app/.buildozer/android/platform/build-arm64-v8a/build/other_builds/kivy-sdl2/arm64-v8a__ndk_target_21/kivy/kivy/graphics/vertex.pxd won't be automatically included in the manifest] the path must be relative
[1m[90m[DEBUG][39m[0m:   	[INFO   ] [dependency /app/.buildozer/android/platform/build-arm64-v8a/build/other_builds/kivy-sdl2/arm64-v8a__ndk_target_21/kivy/kivy/graphics/context_instructions.pxd won't be automatically included in the manifest] the path must be relative
[1m[90m[DEBUG][39m[0m:   	[INFO   ] [dependency /app/.buildozer/android/platform/build-arm64-v8a/build/other_builds/kivy-sdl2/arm64-v8a__ndk_target_21/kivy/kivy/graphics/transformation.pxd won't be automatically included in the manifest] the path must be relative
[1m[90m[DEBUG][39m[0m:   	[INFO   ] [dependency /app/.buildozer/android/platform/build-arm64-v8a/build/other_builds/kivy-sdl2/arm64-v8a__ndk_target_21/kivy/kivy/graphics/texture.pxd won't be automatically included in the manifest] the path must be relative
[1m[90m[DEBUG][39m[0m:   	[INFO   ] [dependency /app/.buildozer/android/platform/build-arm64-v8a/build/other_builds/kivy-sdl2/arm64-v8a__ndk_target_21/kivy/kivy/graphics/compiler.pxd won't be automatically included in the manifest] the path must be relative
[1m[90m[DEBUG][39m[0m:   	[INFO   ] [dependency /app/.buildozer/android/platform/build-arm64-v8a/build/other_builds/kivy-sdl2/arm64-v8a__ndk_target_21/kivy/kivy/graphics/shader.pxd won't be automatically included in the manifest] the path must be relative
[1m[90m[DEBUG][39m[0m:   	[INFO   ] [dependency /app/.buildozer/android/platform/build-arm64-v8a/build/other_builds/kivy-sdl2/arm64-v8a__ndk_target_21/kivy/kivy/graphics/../_event.pxd won't be automatically included in the manifest] the path must be relative
[1m[90m[DEBUG][39m[0m:   	[INFO   ] [dependency /app/.buildozer/android/platform/build-arm64-v8a/build/other_builds/kivy-sdl2/arm64-v8a__ndk_target_21/kivy/kivy/include/config.pxi won't be automatically included in the manifest] the path must be relative
[1m[90m[DEBUG][39m[0m:   	[INFO   ] [dependency /app/.buildozer/android/platform/build-arm64-v8a/build/other_builds/kivy-sdl2/arm64-v8a__ndk_target_21/kivy/kivy/graphics/common.pxi won't be automatically included in the manifest] the path must be relative
[1m[90m[DEBUG][39m[0m:   	[INFO   ] [dependency /app/.buildozer/android/platform/build-arm64-v8a/build/other_builds/kivy-sdl2/arm64-v8a__ndk_target_21/kivy/kivy/graphics/cgl.pxd won't be automatically included in the manifest] the path must be relative
[1m[90m[DEBUG][39m[0m:   	[INFO   ] [dependency /app/.buildozer/android/platform/build-arm64-v8a/build/other_builds/kivy-sdl2/arm64-v8a__ndk_target_21/kivy/kivy/include/gl_redirect.h won't be automatically included in the manifest] the path must be relative
[1m[90m[DEBUG][39m[0m:   	[INFO   ] [dependency /app/.buildozer/android/platform/build-arm64-v8a/build/other_builds/kivy-sdl2/arm64-v8a__ndk_target_21/kivy/kivy/graphics/opengl_utils_def.pxi won't be automatically included in the manifest] the path must be relative
[1m[90m[DEBUG][39m[0m:   	[INFO   ] [dependency /app/.buildozer/android/platform/build-arm64-v8a/build/other_builds/kivy-sdl2/arm64-v8a__ndk_target_21/kivy/kivy/graphics/cgl.pxd won't be automatically included in the manifest] the path must be relative
[1m[90m[DEBUG][39m[0m:   	[INFO   ] [dependency /app/.buildozer/android/platform/build-arm64-v8a/build/other_builds/kivy-sdl2/arm64-v8a__ndk_target_21/kivy/kivy/graphics/common.pxi won't be automatically included in the manifest] the path must be relative
[1m[90m[DEBUG][39m[0m:   	[INFO   ] [dependency /app/.buildozer/android/platform/build-arm64-v8a/build/other_builds/kivy-sdl2/arm64-v8a__ndk_target_21/kivy/kivy/include/config.pxi won't be automatically included in the manifest] the path must be relative
[1m[90m[DEBUG][39m[0m:   	[INFO   ] [dependency /app/.buildozer/android/platform/build-arm64-v8a/build/other_builds/kivy-sdl2/arm64-v8a__ndk_target_21/kivy/kivy/include/gl_redirect.h won't be automatically included in the manifest] the path must be relative
[1m[90m[DEBUG][39m[0m:   	[INFO   ] [dependency /app/.buildozer/android/platform/build-arm64-v8a/build/other_builds/kivy-sdl2/arm64-v8a__ndk_target_21/kivy/kivy/include/config.pxi won't be automatically included in the manifest] the path must be relative
[1m[90m[DEBUG][39m[0m:   	[INFO   ] [dependency /app/.buildozer/android/platform/build-arm64-v8a/build/other_builds/kivy-sdl2/arm64-v8a__ndk_target_21/kivy/kivy/graphics/common.pxi won't be automatically included in the manifest] the path must be relative
[1m[90m[DEBUG][39m[0m:   	[INFO   ] [dependency /app/.buildozer/android/platform/build-arm64-v8a/build/other_builds/kivy-sdl2/arm64-v8a__ndk_target_21/kivy/kivy/graphics/cgl.pxd won't be automatically included in the manifest] the path must be relative
[1m[90m[DEBUG][39m[0m:   	[INFO   ] [dependency /app/.buildozer/android/platform/build-arm64-v8a/build/other_builds/kivy-sdl2/arm64-v8a__ndk_target_21/kivy/kivy/include/gl_redirect.h won't be automatically included in the manifest] the path must be relative
[1m[90m[DEBUG][39m[0m:   	[INFO   ] [dependency /app/.buildozer/android/platform/build-arm64-v8a/build/other_builds/kivy-sdl2/arm64-v8a__ndk_target_21/kivy/kivy/graphics/vertex.pxd won't be automatically included in the manifest] the path must be relative
[1m[90m[DEBUG][39m[0m:   	[INFO   ] [dependency /app/.buildozer/android/platform/build-arm64-v8a/build/other_builds/kivy-sdl2/arm64-v8a__ndk_target_21/kivy/kivy/graphics/transformation.pxd won't be automatically included in the manifest] the path must be relative
[1m[90m[DEBUG][39m[0m:   	[INFO   ] [dependency /app/.buildozer/android/platform/build-arm64-v8a/build/other_builds/kivy-sdl2/arm64-v8a__ndk_target_21/kivy/kivy/graphics/context.pxd won't be automatically included in the manifest] the path must be relative
[1m[90m[DEBUG][39m[0m:   	[INFO   ] [dependency /app/.buildozer/android/platform/build-arm64-v8a/build/other_builds/kivy-sdl2/arm64-v8a__ndk_target_21/kivy/kivy/graphics/instructions.pxd won't be automatically included in the manifest] the path must be relative
[1m[90m[DEBUG][39m[0m:   	[INFO   ] [dependency /app/.buildozer/android/platform/build-arm64-v8a/build/other_builds/kivy-sdl2/arm64-v8a__ndk_target_21/kivy/kivy/graphics/vbo.pxd won't be automatically included in the manifest] the path must be relative
[1m[90m[DEBUG][39m[0m:   	[INFO   ] [dependency /app/.buildozer/android/platform/build-arm64-v8a/build/other_builds/kivy-sdl2/arm64-v8a__ndk_target_21/kivy/kivy/graphics/buffer.pxd won't be automatically included in the manifest] the path must be relative
[1m[90m[DEBUG][39m[0m:   	[INFO   ] [dependency /app/.buildozer/android/platform/build-arm64-v8a/build/other_builds/kivy-sdl2/arm64-v8a__ndk_target_21/kivy/kivy/graphics/context_instructions.pxd won't be automatically included in the manifest] the path must be relative
[1m[90m[DEBUG][39m[0m:   	[INFO   ] [dependency /app/.buildozer/android/platform/build-arm64-v8a/build/other_builds/kivy-sdl2/arm64-v8a__ndk_target_21/kivy/kivy/graphics/texture.pxd won't be automatically included in the manifest] the path must be relative
[1m[90m[DEBUG][39m[0m:   	[INFO   ] [dependency /app/.buildozer/android/platform/build-arm64-v8a/build/other_builds/kivy-sdl2/arm64-v8a__ndk_target_21/kivy/kivy/graphics/compiler.pxd won't be automatically included in the manifest] the path must be relative
[1m[90m[DEBUG][39m[0m:   	[INFO   ] [dependency /app/.buildozer/android/platform/build-arm64-v8a/build/other_builds/kivy-sdl2/arm64-v8a__ndk_target_21/kivy/kivy/graphics/shader.pxd won't be automatically included in the manifest] the path must be relative
[1m[90m[DEBUG][39m[0m:   	[INFO   ] [dependency /app/.buildozer/android/platform/build-arm64-v8a/build/other_builds/kivy-sdl2/arm64-v8a__ndk_target_21/kivy/kivy/graphics/../_event.pxd won't be automatically included in the manifest] the path must be relative
[1m[90m[DEBUG][39m[0m:   	[INFO   ] [dependency /app/.buildozer/android/platform/build-arm64-v8a/build/other_builds/kivy-sdl2/arm64-v8a__ndk_target_21/kivy/kivy/graphics/gl_debug_logger.pxi won't be automatically included in the manifest] the path must be relative
[1m[90m[DEBUG][39m[0m:   	[INFO   ] [dependency /app/.buildozer/android/platform/build-arm64-v8a/build/other_builds/kivy-sdl2/arm64-v8a__ndk_target_21/kivy/kivy/include/config.pxi won't be automatically included in the manifest] the path must be relative
[1m[90m[DEBUG][39m[0m:   	[INFO   ] [dependency /app/.buildozer/android/platform/build-arm64-v8a/build/other_builds/kivy-sdl2/arm64-v8a__ndk_target_21/kivy/kivy/graphics/opcodes.pxi won't be automatically included in the manifest] the path must be relative
[1m[90m[DEBUG][39m[0m:   	[INFO   ] [dependency /app/.buildozer/android/platform/build-arm64-v8a/build/other_builds/kivy-sdl2/arm64-v8a__ndk_target_21/kivy/kivy/graphics/cgl.pxd won't be automatically included in the manifest] the path must be relative
[1m[90m[DEBUG][39m[0m:   	[INFO   ] [dependency /app/.buildozer/android/platform/build-arm64-v8a/build/other_builds/kivy-sdl2/arm64-v8a__ndk_target_21/kivy/kivy/graphics/common.pxi won't be automatically included in the manifest] the path must be relative
[1m[90m[DEBUG][39m[0m:   	[INFO   ] [dependency /app/.buildozer/android/platform/build-arm64-v8a/build/other_builds/kivy-sdl2/arm64-v8a__ndk_target_21/kivy/kivy/include/gl_redirect.h won't be automatically included in the manifest] the path must be relative
[1m[90m[DEBUG][39m[0m:   	[INFO   ] [dependency /app/.buildozer/android/platform/build-arm64-v8a/build/other_builds/kivy-sdl2/arm64-v8a__ndk_target_21/kivy/kivy/graphics/gl_debug_logger.pxi won't be automatically included in the manifest] the path must be relative
[1m[90m[DEBUG][39m[0m:   	[INFO   ] [dependency /app/.buildozer/android/platform/build-arm64-v8a/build/other_builds/kivy-sdl2/arm64-v8a__ndk_target_21/kivy/kivy/graphics/instructions.pxd won't be automatically included in the manifest] the path must be relative
[1m[90m[DEBUG][39m[0m:   	[INFO   ] [dependency /app/.buildozer/android/platform/build-arm64-v8a/build/other_builds/kivy-sdl2/arm64-v8a__ndk_target_21/kivy/kivy/graphics/vbo.pxd won't be automatically included in the manifest] the path must be relative
[1m[90m[DEBUG][39m[0m:   	[INFO   ] [dependency /app/.buildozer/android/platform/build-arm64-v8a/build/other_builds/kivy-sdl2/arm64-v8a__ndk_target_21/kivy/kivy/graphics/buffer.pxd won't be automatically included in the manifest] the path must be relative
[1m[90m[DEBUG][39m[0m:   	[INFO   ] [dependency /app/.buildozer/android/platform/build-arm64-v8a/build/other_builds/kivy-sdl2/arm64-v8a__ndk_target_21/kivy/kivy/graphics/vertex.pxd won't be automatically included in the manifest] the path must be relative
[1m[90m[DEBUG][39m[0m:   	[INFO   ] [dependency /app/.buildozer/android/platform/build-arm64-v8a/build/other_builds/kivy-sdl2/arm64-v8a__ndk_target_21/kivy/kivy/graphics/context_instructions.pxd won't be automatically included in the manifest] the path must be relative
[1m[90m[DEBUG][39m[0m:   	[INFO   ] [dependency /app/.buildozer/android/platform/build-arm64-v8a/build/other_builds/kivy-sdl2/arm64-v8a__ndk_target_21/kivy/kivy/graphics/transformation.pxd won't be automatically included in the manifest] the path must be relative
[1m[90m[DEBUG][39m[0m:   	[INFO   ] [dependency /app/.buildozer/android/platform/build-arm64-v8a/build/other_builds/kivy-sdl2/arm64-v8a__ndk_target_21/kivy/kivy/graphics/texture.pxd won't be automatically included in the manifest] the path must be relative
[1m[90m[DEBUG][39m[0m:   	[INFO   ] [dependency /app/.buildozer/android/platform/build-arm64-v8a/build/other_builds/kivy-sdl2/arm64-v8a__ndk_target_21/kivy/kivy/graphics/compiler.pxd won't be automatically included in the manifest] the path must be relative
[1m[90m[DEBUG][39m[0m:   	[INFO   ] [dependency /app/.buildozer/android/platform/build-arm64-v8a/build/other_builds/kivy-sdl2/arm64-v8a__ndk_target_21/kivy/kivy/graphics/shader.pxd won't be automatically included in the manifest] the path must be relative
[1m[90m[DEBUG][39m[0m:   	[INFO   ] [dependency /app/.buildozer/android/platform/build-arm64-v8a/build/other_builds/kivy-sdl2/arm64-v8a__ndk_target_21/kivy/kivy/graphics/../_event.pxd won't be automatically included in the manifest] the path must be relative
[1m[90m[DEBUG][39m[0m:   	[INFO   ] [dependency /app/.buildozer/android/platform/build-arm64-v8a/build/other_builds/kivy-sdl2/arm64-v8a__ndk_target_21/kivy/kivy/include/config.pxi won't be automatically included in the manifest] the path must be relative
[1m[90m[DEBUG][39m[0m:   	[INFO   ] [dependency /app/.buildozer/android/platform/build-arm64-v8a/build/other_builds/kivy-sdl2/arm64-v8a__ndk_target_21/kivy/kivy/graphics/opcodes.pxi won't be automatically included in the manifest] the path must be relative
[1m[90m[DEBUG][39m[0m:   	[INFO   ] [dependency /app/.buildozer/android/platform/build-arm64-v8a/build/other_builds/kivy-sdl2/arm64-v8a__ndk_target_21/kivy/kivy/graphics/cgl.pxd won't be automatically included in the manifest] the path must be relative
[1m[90m[DEBUG][39m[0m:   	[INFO   ] [dependency /app/.buildozer/android/platform/build-arm64-v8a/build/other_builds/kivy-sdl2/arm64-v8a__ndk_target_21/kivy/kivy/graphics/common.pxi won't be automatically included in the manifest] the path must be relative
[1m[90m[DEBUG][39m[0m:   	[INFO   ] [dependency /app/.buildozer/android/platform/build-arm64-v8a/build/other_builds/kivy-sdl2/arm64-v8a__ndk_target_21/kivy/kivy/include/gl_redirect.h won't be automatically included in the manifest] the path must be relative
[1m[90m[DEBUG][39m[0m:   	[INFO   ] [dependency /app/.buildozer/android/platform/build-arm64-v8a/build/other_builds/kivy-sdl2/arm64-v8a__ndk_target_21/kivy/kivy/include/config.pxi won't be automatically included in the manifest] the path must be relative
[1m[90m[DEBUG][39m[0m:   	[INFO   ] [dependency /app/.buildozer/android/platform/build-arm64-v8a/build/other_builds/kivy-sdl2/arm64-v8a__ndk_target_21/kivy/kivy/graphics/common.pxi won't be automatically included in the manifest] the path must be relative
[1m[90m[DEBUG][39m[0m:   	[INFO   ] [dependency /app/.buildozer/android/platform/build-arm64-v8a/build/other_builds/kivy-sdl2/arm64-v8a__ndk_target_21/kivy/kivy/graphics/opengl_utils_def.pxi won't be automatically included in the manifest] the path must be relative
[1m[90m[DEBUG][39m[0m:   	[INFO   ] [dependency /app/.buildozer/android/platform/build-arm64-v8a/build/other_builds/kivy-sdl2/arm64-v8a__ndk_target_21/kivy/kivy/graphics/context.pxd won't be automatically included in the manifest] the path must be relative
[1m[90m[DEBUG][39m[0m:   	[INFO   ] [dependency /app/.buildozer/android/platform/build-arm64-v8a/build/other_builds/kivy-sdl2/arm64-v8a__ndk_target_21/kivy/kivy/graphics/instructions.pxd won't be automatically included in the manifest] the path must be relative
[1m[90m[DEBUG][39m[0m:   	[INFO   ] [dependency /app/.buildozer/android/platform/build-arm64-v8a/build/other_builds/kivy-sdl2/arm64-v8a__ndk_target_21/kivy/kivy/graphics/vbo.pxd won't be automatically included in the manifest] the path must be relative
[1m[90m[DEBUG][39m[0m:   	[INFO   ] [dependency /app/.buildozer/android/platform/build-arm64-v8a/build/other_builds/kivy-sdl2/arm64-v8a__ndk_target_21/kivy/kivy/graphics/buffer.pxd won't be automatically included in the manifest] the path must be relative
[1m[90m[DEBUG][39m[0m:   	[INFO   ] [dependency /app/.buildozer/android/platform/build-arm64-v8a/build/other_builds/kivy-sdl2/arm64-v8a__ndk_target_21/kivy/kivy/graphics/cgl.pxd won't be automatically included in the manifest] the path must be relative
[1m[90m[DEBUG][39m[0m:   	[INFO   ] [dependency /app/.buildozer/android/platform/build-arm64-v8a/build/other_builds/kivy-sdl2/arm64-v8a__ndk_target_21/kivy/kivy/include/gl_redirect.h won't be automatically included in the manifest] the path must be relative
[1m[90m[DEBUG][39m[0m:   	[INFO   ] [dependency /app/.buildozer/android/platform/build-arm64-v8a/build/other_builds/kivy-sdl2/arm64-v8a__ndk_target_21/kivy/kivy/graphics/vertex.pxd won't be automatically included in the manifest] the path must be relative
[1m[90m[DEBUG][39m[0m:   	[INFO   ] [dependency /app/.buildozer/android/platform/build-arm64-v8a/build/other_builds/kivy-sdl2/arm64-v8a__ndk_target_21/kivy/kivy/graphics/context_instructions.pxd won't be automatically included in the manifest] the path must be relative
[1m[90m[DEBUG][39m[0m:   	[INFO   ] [dependency /app/.buildozer/android/platform/build-arm64-v8a/build/other_builds/kivy-sdl2/arm64-v8a__ndk_target_21/kivy/kivy/graphics/transformation.pxd won't be automatically included in the manifest] the path must be relative
[1m[90m[DEBUG][39m[0m:   	[INFO   ] [dependency /app/.buildozer/android/platform/build-arm64-v8a/build/other_builds/kivy-sdl2/arm64-v8a__ndk_target_21/kivy/kivy/graphics/texture.pxd won't be automatically included in the manifest] the path must be relative
[1m[90m[DEBUG][39m[0m:   	[INFO   ] [dependency /app/.buildozer/android/platform/build-arm64-v8a/build/other_builds/kivy-sdl2/arm64-v8a__ndk_target_21/kivy/kivy/graphics/compiler.pxd won't be automatically included in the manifest] the path must be relative
[1m[90m[DEBUG][39m[0m:   	[INFO   ] [dependency /app/.buildozer/android/platform/build-arm64-v8a/build/other_builds/kivy-sdl2/arm64-v8a__ndk_target_21/kivy/kivy/graphics/shader.pxd won't be automatically included in the manifest] the path must be relative
[1m[90m[DEBUG][39m[0m:   	[INFO   ] [dependency /app/.buildozer/android/platform/build-arm64-v8a/build/other_builds/kivy-sdl2/arm64-v8a__ndk_target_21/kivy/kivy/graphics/../_event.pxd won't be automatically included in the manifest] the path must be relative
[1m[90m[DEBUG][39m[0m:   	[INFO   ] [dependency /app/.buildozer/android/platform/build-arm64-v8a/build/other_builds/kivy-sdl2/arm64-v8a__ndk_target_21/kivy/kivy/graphics/opengl_utils.pxd won't be automatically included in the manifest] the path must be relative
[1m[90m[DEBUG][39m[0m:   	[INFO   ] [dependency /app/.buildozer/android/platform/build-arm64-v8a/build/other_builds/kivy-sdl2/arm64-v8a__ndk_target_21/kivy/kivy/graphics/img_tools.pxi won't be automatically included in the manifest] the path must be relative
[1m[90m[DEBUG][39m[0m:   	[INFO   ] [dependency /app/.buildozer/android/platform/build-arm64-v8a/build/other_builds/kivy-sdl2/arm64-v8a__ndk_target_21/kivy/kivy/graphics/gl_debug_logger.pxi won't be automatically included in the manifest] the path must be relative
[1m[90m[DEBUG][39m[0m:   	[INFO   ] [dependency /app/.buildozer/android/platform/build-arm64-v8a/build/other_builds/kivy-sdl2/arm64-v8a__ndk_target_21/kivy/kivy/include/config.pxi won't be automatically included in the manifest] the path must be relative
[1m[90m[DEBUG][39m[0m:   	[INFO   ] [dependency /app/.buildozer/android/platform/build-arm64-v8a/build/other_builds/kivy-sdl2/arm64-v8a__ndk_target_21/kivy/kivy/graphics/common.pxi won't be automatically included in the manifest] the path must be relative
[1m[90m[DEBUG][39m[0m:   	[INFO   ] [dependency /app/.buildozer/android/platform/build-arm64-v8a/build/other_builds/kivy-sdl2/arm64-v8a__ndk_target_21/kivy/kivy/graphics/context.pxd won't be automatically included in the manifest] the path must be relative
[1m[90m[DEBUG][39m[0m:   	[INFO   ] [dependency /app/.buildozer/android/platform/build-arm64-v8a/build/other_builds/kivy-sdl2/arm64-v8a__ndk_target_21/kivy/kivy/graphics/instructions.pxd won't be automatically included in the manifest] the path must be relative
[1m[90m[DEBUG][39m[0m:   	[INFO   ] [dependency /app/.buildozer/android/platform/build-arm64-v8a/build/other_builds/kivy-sdl2/arm64-v8a__ndk_target_21/kivy/kivy/graphics/vbo.pxd won't be automatically included in the manifest] the path must be relative
[1m[90m[DEBUG][39m[0m:   	[INFO   ] [dependency /app/.buildozer/android/platform/build-arm64-v8a/build/other_builds/kivy-sdl2/arm64-v8a__ndk_target_21/kivy/kivy/graphics/buffer.pxd won't be automatically included in the manifest] the path must be relative
[1m[90m[DEBUG][39m[0m:   	[INFO   ] [dependency /app/.buildozer/android/platform/build-arm64-v8a/build/other_builds/kivy-sdl2/arm64-v8a__ndk_target_21/kivy/kivy/graphics/cgl.pxd won't be automatically included in the manifest] the path must be relative
[1m[90m[DEBUG][39m[0m:   	[INFO   ] [dependency /app/.buildozer/android/platform/build-arm64-v8a/build/other_builds/kivy-sdl2/arm64-v8a__ndk_target_21/kivy/kivy/include/gl_redirect.h won't be automatically included in the manifest] the path must be relative
[1m[90m[DEBUG][39m[0m:   	[INFO   ] [dependency /app/.buildozer/android/platform/build-arm64-v8a/build/other_builds/kivy-sdl2/arm64-v8a__ndk_target_21/kivy/kivy/graphics/vertex.pxd won't be automatically included in the manifest] the path must be relative
[1m[90m[DEBUG][39m[0m:   	[INFO   ] [dependency /app/.buildozer/android/platform/build-arm64-v8a/build/other_builds/kivy-sdl2/arm64-v8a__ndk_target_21/kivy/kivy/graphics/context_instructions.pxd won't be automatically included in the manifest] the path must be relative
[1m[90m[DEBUG][39m[0m:   	[INFO   ] [dependency /app/.buildozer/android/platform/build-arm64-v8a/build/other_builds/kivy-sdl2/arm64-v8a__ndk_target_21/kivy/kivy/graphics/transformation.pxd won't be automatically included in the manifest] the path must be relative
[1m[90m[DEBUG][39m[0m:   	[INFO   ] [dependency /app/.buildozer/android/platform/build-arm64-v8a/build/other_builds/kivy-sdl2/arm64-v8a__ndk_target_21/kivy/kivy/graphics/texture.pxd won't be automatically included in the manifest] the path must be relative
[1m[90m[DEBUG][39m[0m:   	[INFO   ] [dependency /app/.buildozer/android/platform/build-arm64-v8a/build/other_builds/kivy-sdl2/arm64-v8a__ndk_target_21/kivy/kivy/graphics/compiler.pxd won't be automatically included in the manifest] the path must be relative
[1m[90m[DEBUG][39m[0m:   	[INFO   ] [dependency /app/.buildozer/android/platform/build-arm64-v8a/build/other_builds/kivy-sdl2/arm64-v8a__ndk_target_21/kivy/kivy/graphics/shader.pxd won't be automatically included in the manifest] the path must be relative
[1m[90m[DEBUG][39m[0m:   	[INFO   ] [dependency /app/.buildozer/android/platform/build-arm64-v8a/build/other_builds/kivy-sdl2/arm64-v8a__ndk_target_21/kivy/kivy/graphics/../_event.pxd won't be automatically included in the manifest] the path must be relative
[1m[90m[DEBUG][39m[0m:   	[INFO   ] [dependency /app/.buildozer/android/platform/build-arm64-v8a/build/other_builds/kivy-sdl2/arm64-v8a__ndk_target_21/kivy/kivy/graphics/gl_debug_logger.pxi won't be automatically included in the manifest] the path must be relative
[1m[90m[DEBUG][39m[0m:   	[INFO   ] [dependency /app/.buildozer/android/platform/build-arm64-v8a/build/other_builds/kivy-sdl2/arm64-v8a__ndk_target_21/kivy/kivy/include/config.pxi won't be automatically included in the manifest] the path must be relative
[1m[90m[DEBUG][39m[0m:   	[INFO   ] [dependency /app/.buildozer/android/platform/build-arm64-v8a/build/other_builds/kivy-sdl2/arm64-v8a__ndk_target_21/kivy/kivy/graphics/common.pxi won't be automatically included in the manifest] the path must be relative
[1m[90m[DEBUG][39m[0m:   	[INFO   ] [dependency /app/.buildozer/android/platform/build-arm64-v8a/build/other_builds/kivy-sdl2/arm64-v8a__ndk_target_21/kivy/kivy/graphics/cgl.pxd won't be automatically included in the manifest] the path must be relative
[1m[90m[DEBUG][39m[0m:   	[INFO   ] [dependency /app/.buildozer/android/platform/build-arm64-v8a/build/other_builds/kivy-sdl2/arm64-v8a__ndk_target_21/kivy/kivy/include/gl_redirect.h won't be automatically included in the manifest] the path must be relative
[1m[90m[DEBUG][39m[0m:   	[INFO   ] [dependency /app/.buildozer/android/platform/build-arm64-v8a/build/other_builds/kivy-sdl2/arm64-v8a__ndk_target_21/kivy/kivy/include/config.pxi won't be automatically included in the manifest] the path must be relative
[1m[90m[DEBUG][39m[0m:   	[INFO   ] [dependency /app/.buildozer/android/platform/build-arm64-v8a/build/other_builds/kivy-sdl2/arm64-v8a__ndk_target_21/kivy/kivy/graphics/common.pxi won't be automatically included in the manifest] the path must be relative
[1m[90m[DEBUG][39m[0m:   	[INFO   ] [dependency /app/.buildozer/android/platform/build-arm64-v8a/build/other_builds/kivy-sdl2/arm64-v8a__ndk_target_21/kivy/kivy/graphics/vbo.pxd won't be automatically included in the manifest] the path must be relative
[1m[90m[DEBUG][39m[0m:   	[INFO   ] [dependency /app/.buildozer/android/platform/build-arm64-v8a/build/other_builds/kivy-sdl2/arm64-v8a__ndk_target_21/kivy/kivy/graphics/buffer.pxd won't be automatically included in the manifest] the path must be relative
[1m[90m[DEBUG][39m[0m:   	[INFO   ] [dependency /app/.buildozer/android/platform/build-arm64-v8a/build/other_builds/kivy-sdl2/arm64-v8a__ndk_target_21/kivy/kivy/graphics/cgl.pxd won't be automatically included in the manifest] the path must be relative
[1m[90m[DEBUG][39m[0m:   	[INFO   ] [dependency /app/.buildozer/android/platform/build-arm64-v8a/build/other_builds/kivy-sdl2/arm64-v8a__ndk_target_21/kivy/kivy/include/gl_redirect.h won't be automatically included in the manifest] the path must be relative
[1m[90m[DEBUG][39m[0m:   	[INFO   ] [dependency /app/.buildozer/android/platform/build-arm64-v8a/build/other_builds/kivy-sdl2/arm64-v8a__ndk_target_21/kivy/kivy/graphics/vertex.pxd won't be automatically included in the manifest] the path must be relative
[1m[90m[DEBUG][39m[0m:   	[INFO   ] [dependency /app/.buildozer/android/platform/build-arm64-v8a/build/other_builds/kivy-sdl2/arm64-v8a__ndk_target_21/kivy/kivy/graphics/instructions.pxd won't be automatically included in the manifest] the path must be relative
[1m[90m[DEBUG][39m[0m:   	[INFO   ] [dependency /app/.buildozer/android/platform/build-arm64-v8a/build/other_builds/kivy-sdl2/arm64-v8a__ndk_target_21/kivy/kivy/graphics/context_instructions.pxd won't be automatically included in the manifest] the path must be relative
[1m[90m[DEBUG][39m[0m:   	[INFO   ] [dependency /app/.buildozer/android/platform/build-arm64-v8a/build/other_builds/kivy-sdl2/arm64-v8a__ndk_target_21/kivy/kivy/graphics/transformation.pxd won't be automatically included in the manifest] the path must be relative
[1m[90m[DEBUG][39m[0m:   	[INFO   ] [dependency /app/.buildozer/android/platform/build-arm64-v8a/build/other_builds/kivy-sdl2/arm64-v8a__ndk_target_21/kivy/kivy/graphics/texture.pxd won't be automatically included in the manifest] the path must be relative
[1m[90m[DEBUG][39m[0m:   	[INFO   ] [dependency /app/.buildozer/android/platform/build-arm64-v8a/build/other_builds/kivy-sdl2/arm64-v8a__ndk_target_21/kivy/kivy/graphics/compiler.pxd won't be automatically included in the manifest] the path must be relative
[1m[90m[DEBUG][39m[0m:   	[INFO   ] [dependency /app/.buildozer/android/platform/build-arm64-v8a/build/other_builds/kivy-sdl2/arm64-v8a__ndk_target_21/kivy/kivy/graphics/shader.pxd won't be automatically included in the manifest] the path must be relative
[1m[90m[DEBUG][39m[0m:   	[INFO   ] [dependency /app/.buildozer/android/platform/build-arm64-v8a/build/other_builds/kivy-sdl2/arm64-v8a__ndk_target_21/kivy/kivy/graphics/../_event.pxd won't be automatically included in the manifest] the path must be relative
[1m[90m[DEBUG][39m[0m:   	[INFO   ] [dependency /app/.buildozer/android/platform/build-arm64-v8a/build/other_builds/kivy-sdl2/arm64-v8a__ndk_target_21/kivy/kivy/graphics/vertex_instructions.pxd won't be automatically included in the manifest] the path must be relative
[1m[90m[DEBUG][39m[0m:   	[INFO   ] [dependency /app/.buildozer/android/platform/build-arm64-v8a/build/other_builds/kivy-sdl2/arm64-v8a__ndk_target_21/kivy/kivy/graphics/vertex_instructions_line.pxi won't be automatically included in the manifest] the path must be relative
[1m[90m[DEBUG][39m[0m:   	[INFO   ] [dependency /app/.buildozer/android/platform/build-arm64-v8a/build/other_builds/kivy-sdl2/arm64-v8a__ndk_target_21/kivy/kivy/graphics/stencil_instructions.pxd won't be automatically included in the manifest] the path must be relative
[1m[90m[DEBUG][39m[0m:   	[INFO   ] [dependency /app/.buildozer/android/platform/build-arm64-v8a/build/other_builds/kivy-sdl2/arm64-v8a__ndk_target_21/kivy/kivy/graphics/cgl.pxd won't be automatically included in the manifest] the path must be relative
[1m[90m[DEBUG][39m[0m:   	[INFO   ] [dependency /app/.buildozer/android/platform/build-arm64-v8a/build/other_builds/kivy-sdl2/arm64-v8a__ndk_target_21/kivy/kivy/graphics/common.pxi won't be automatically included in the manifest] the path must be relative
[1m[90m[DEBUG][39m[0m:   	[INFO   ] [dependency /app/.buildozer/android/platform/build-arm64-v8a/build/other_builds/kivy-sdl2/arm64-v8a__ndk_target_21/kivy/kivy/include/config.pxi won't be automatically included in the manifest] the path must be relative
[1m[90m[DEBUG][39m[0m:   	[INFO   ] [dependency /app/.buildozer/android/platform/build-arm64-v8a/build/other_builds/kivy-sdl2/arm64-v8a__ndk_target_21/kivy/kivy/include/gl_redirect.h won't be automatically included in the manifest] the path must be relative
[1m[90m[DEBUG][39m[0m:   	[INFO   ] [dependency /app/.buildozer/android/platform/build-arm64-v8a/build/other_builds/kivy-sdl2/arm64-v8a__ndk_target_21/kivy/kivy/graphics/cgl.pxd won't be automatically included in the manifest] the path must be relative
[1m[90m[DEBUG][39m[0m:   	[INFO   ] [dependency /app/.buildozer/android/platform/build-arm64-v8a/build/other_builds/kivy-sdl2/arm64-v8a__ndk_target_21/kivy/kivy/graphics/common.pxi won't be automatically included in the manifest] the path must be relative
[1m[90m[DEBUG][39m[0m:   	[INFO   ] [dependency /app/.buildozer/android/platform/build-arm64-v8a/build/other_builds/kivy-sdl2/arm64-v8a__ndk_target_21/kivy/kivy/include/config.pxi won't be automatically included in the manifest] the path must be relative
[1m[90m[DEBUG][39m[0m:   	[INFO   ] [dependency /app/.buildozer/android/platform/build-arm64-v8a/build/other_builds/kivy-sdl2/arm64-v8a__ndk_target_21/kivy/kivy/include/gl_redirect.h won't be automatically included in the manifest] the path must be relative
[1m[90m[DEBUG][39m[0m:   	[INFO   ] [dependency /app/.buildozer/android/platform/build-arm64-v8a/build/other_builds/kivy-sdl2/arm64-v8a__ndk_target_21/kivy/kivy/graphics/cgl.pxd won't be automatically included in the manifest] the path must be relative
[1m[90m[DEBUG][39m[0m:   	[INFO   ] [dependency /app/.buildozer/android/platform/build-arm64-v8a/build/other_builds/kivy-sdl2/arm64-v8a__ndk_target_21/kivy/kivy/graphics/common.pxi won't be automatically included in the manifest] the path must be relative
[1m[90m[DEBUG][39m[0m:   	[INFO   ] [dependency /app/.buildozer/android/platform/build-arm64-v8a/build/other_builds/kivy-sdl2/arm64-v8a__ndk_target_21/kivy/kivy/include/config.pxi won't be automatically included in the manifest] the path must be relative
[1m[90m[DEBUG][39m[0m:   	[INFO   ] [dependency /app/.buildozer/android/platform/build-arm64-v8a/build/other_builds/kivy-sdl2/arm64-v8a__ndk_target_21/kivy/kivy/include/gl_redirect.h won't be automatically included in the manifest] the path must be relative
[1m[90m[DEBUG][39m[0m:   	[INFO   ] [dependency /app/.buildozer/android/platform/build-arm64-v8a/build/other_builds/kivy-sdl2/arm64-v8a__ndk_target_21/kivy/kivy/graphics/cgl.pxd won't be automatically included in the manifest] the path must be relative
[1m[90m[DEBUG][39m[0m:   	[INFO   ] [dependency /app/.buildozer/android/platform/build-arm64-v8a/build/other_builds/kivy-sdl2/arm64-v8a__ndk_target_21/kivy/kivy/graphics/common.pxi won't be automatically included in the manifest] the path must be relative
[1m[90m[DEBUG][39m[0m:   	[INFO   ] [dependency /app/.buildozer/android/platform/build-arm64-v8a/build/other_builds/kivy-sdl2/arm64-v8a__ndk_target_21/kivy/kivy/include/config.pxi won't be automatically included in the manifest] the path must be relative
[1m[90m[DEBUG][39m[0m:   	[INFO   ] [dependency /app/.buildozer/android/platform/build-arm64-v8a/build/other_builds/kivy-sdl2/arm64-v8a__ndk_target_21/kivy/kivy/include/gl_redirect.h won't be automatically included in the manifest] the path must be relative
[1m[90m[DEBUG][39m[0m:   	[INFO   ] [dependency /app/.buildozer/android/platform/build-arm64-v8a/build/other_builds/kivy-sdl2/arm64-v8a__ndk_target_21/kivy/kivy/graphics/cgl.pxd won't be automatically included in the manifest] the path must be relative
[1m[90m[DEBUG][39m[0m:   	[INFO   ] [dependency /app/.buildozer/android/platform/build-arm64-v8a/build/other_builds/kivy-sdl2/arm64-v8a__ndk_target_21/kivy/kivy/graphics/common.pxi won't be automatically included in the manifest] the path must be relative
[1m[90m[DEBUG][39m[0m:   	[INFO   ] [dependency /app/.buildozer/android/platform/build-arm64-v8a/build/other_builds/kivy-sdl2/arm64-v8a__ndk_target_21/kivy/kivy/include/config.pxi won't be automatically included in the manifest] the path must be relative
[1m[90m[DEBUG][39m[0m:   	[INFO   ] [dependency /app/.buildozer/android/platform/build-arm64-v8a/build/other_builds/kivy-sdl2/arm64-v8a__ndk_target_21/kivy/kivy/include/gl_redirect.h won't be automatically included in the manifest] the path must be relative
[1m[90m[DEBUG][39m[0m:   	[INFO   ] [dependency /app/.buildozer/android/platform/build-arm64-v8a/build/other_builds/kivy-sdl2/arm64-v8a__ndk_target_21/kivy/kivy/include/config.pxi won't be automatically included in the manifest] the path must be relative
[1m[90m[DEBUG][39m[0m:   	[INFO   ] [dependency /app/.buildozer/android/platform/build-arm64-v8a/build/other_builds/kivy-sdl2/arm64-v8a__ndk_target_21/kivy/kivy/graphics/common.pxi won't be automatically included in the manifest] the path must be relative
[1m[90m[DEBUG][39m[0m:   	[INFO   ] [dependency /app/.buildozer/android/platform/build-arm64-v8a/build/other_builds/kivy-sdl2/arm64-v8a__ndk_target_21/kivy/kivy/graphics/texture.pxd won't be automatically included in the manifest] the path must be relative
[1m[90m[DEBUG][39m[0m:   	[INFO   ] [dependency /app/.buildozer/android/platform/build-arm64-v8a/build/other_builds/kivy-sdl2/arm64-v8a__ndk_target_21/kivy/kivy/graphics/cgl.pxd won't be automatically included in the manifest] the path must be relative
[1m[90m[DEBUG][39m[0m:   	[INFO   ] [dependency /app/.buildozer/android/platform/build-arm64-v8a/build/other_builds/kivy-sdl2/arm64-v8a__ndk_target_21/kivy/kivy/include/gl_redirect.h won't be automatically included in the manifest] the path must be relative
[1m[90m[DEBUG][39m[0m:   	[INFO   ] [dependency /app/.buildozer/android/platform/build-arm64-v8a/build/other_builds/kivy-sdl2/arm64-v8a__ndk_target_21/kivy/kivy/graphics/instructions.pxd won't be automatically included in the manifest] the path must be relative
[1m[90m[DEBUG][39m[0m:   	[INFO   ] [dependency /app/.buildozer/android/platform/build-arm64-v8a/build/other_builds/kivy-sdl2/arm64-v8a__ndk_target_21/kivy/kivy/graphics/vbo.pxd won't be automatically included in the manifest] the path must be relative
[1m[90m[DEBUG][39m[0m:   	[INFO   ] [dependency /app/.buildozer/android/platform/build-arm64-v8a/build/other_builds/kivy-sdl2/arm64-v8a__ndk_target_21/kivy/kivy/graphics/buffer.pxd won't be automatically included in the manifest] the path must be relative
[1m[90m[DEBUG][39m[0m:   	[INFO   ] [dependency /app/.buildozer/android/platform/build-arm64-v8a/build/other_builds/kivy-sdl2/arm64-v8a__ndk_target_21/kivy/kivy/graphics/vertex.pxd won't be automatically included in the manifest] the path must be relative
[1m[90m[DEBUG][39m[0m:   	[INFO   ] [dependency /app/.buildozer/android/platform/build-arm64-v8a/build/other_builds/kivy-sdl2/arm64-v8a__ndk_target_21/kivy/kivy/graphics/context_instructions.pxd won't be automatically included in the manifest] the path must be relative
[1m[90m[DEBUG][39m[0m:   	[INFO   ] [dependency /app/.buildozer/android/platform/build-arm64-v8a/build/other_builds/kivy-sdl2/arm64-v8a__ndk_target_21/kivy/kivy/graphics/transformation.pxd won't be automatically included in the manifest] the path must be relative
[1m[90m[DEBUG][39m[0m:   	[INFO   ] [dependency /app/.buildozer/android/platform/build-arm64-v8a/build/other_builds/kivy-sdl2/arm64-v8a__ndk_target_21/kivy/kivy/graphics/compiler.pxd won't be automatically included in the manifest] the path must be relative
[1m[90m[DEBUG][39m[0m:   	[INFO   ] [dependency /app/.buildozer/android/platform/build-arm64-v8a/build/other_builds/kivy-sdl2/arm64-v8a__ndk_target_21/kivy/kivy/graphics/shader.pxd won't be automatically included in the manifest] the path must be relative
[1m[90m[DEBUG][39m[0m:   	[INFO   ] [dependency /app/.buildozer/android/platform/build-arm64-v8a/build/other_builds/kivy-sdl2/arm64-v8a__ndk_target_21/kivy/kivy/graphics/../_event.pxd won't be automatically included in the manifest] the path must be relative
[1m[90m[DEBUG][39m[0m:   	[INFO   ] [dependency /app/.buildozer/android/platform/build-arm64-v8a/build/other_builds/kivy-sdl2/arm64-v8a__ndk_target_21/kivy/kivy/graphics/vertex_instructions.pxd won't be automatically included in the manifest] the path must be relative
[1m[90m[DEBUG][39m[0m:   	[INFO   ] [dependency /app/.buildozer/android/platform/build-arm64-v8a/build/other_builds/kivy-sdl2/arm64-v8a__ndk_target_21/kivy/kivy/graphics/tesselator.pxd won't be automatically included in the manifest] the path must be relative
[1m[90m[DEBUG][39m[0m:   	[INFO   ] [dependency /app/.buildozer/android/platform/build-arm64-v8a/build/other_builds/kivy-sdl2/arm64-v8a__ndk_target_21/kivy/kivy/graphics/fbo.pxd won't be automatically included in the manifest] the path must be relative
[1m[90m[DEBUG][39m[0m:   	[INFO   ] [dependency /app/.buildozer/android/platform/build-arm64-v8a/build/other_builds/kivy-sdl2/arm64-v8a__ndk_target_21/kivy/kivy/graphics/cgl.pxd won't be automatically included in the manifest] the path must be relative
[1m[90m[DEBUG][39m[0m:   	[INFO   ] [dependency /app/.buildozer/android/platform/build-arm64-v8a/build/other_builds/kivy-sdl2/arm64-v8a__ndk_target_21/kivy/kivy/graphics/common.pxi won't be automatically included in the manifest] the path must be relative
[1m[90m[DEBUG][39m[0m:   	[INFO   ] [dependency /app/.buildozer/android/platform/build-arm64-v8a/build/other_builds/kivy-sdl2/arm64-v8a__ndk_target_21/kivy/kivy/include/config.pxi won't be automatically included in the manifest] the path must be relative
[1m[90m[DEBUG][39m[0m:   	[INFO   ] [dependency /app/.buildozer/android/platform/build-arm64-v8a/build/other_builds/kivy-sdl2/arm64-v8a__ndk_target_21/kivy/kivy/include/gl_redirect.h won't be automatically included in the manifest] the path must be relative
[1m[90m[DEBUG][39m[0m:   	[INFO   ] [dependency /app/.buildozer/android/platform/build-arm64-v8a/build/other_builds/kivy-sdl2/arm64-v8a__ndk_target_21/kivy/kivy/graphics/instructions.pxd won't be automatically included in the manifest] the path must be relative
[1m[90m[DEBUG][39m[0m:   	[INFO   ] [dependency /app/.buildozer/android/platform/build-arm64-v8a/build/other_builds/kivy-sdl2/arm64-v8a__ndk_target_21/kivy/kivy/graphics/vbo.pxd won't be automatically included in the manifest] the path must be relative
[1m[90m[DEBUG][39m[0m:   	[INFO   ] [dependency /app/.buildozer/android/platform/build-arm64-v8a/build/other_builds/kivy-sdl2/arm64-v8a__ndk_target_21/kivy/kivy/graphics/buffer.pxd won't be automatically included in the manifest] the path must be relative
[1m[90m[DEBUG][39m[0m:   	[INFO   ] [dependency /app/.buildozer/android/platform/build-arm64-v8a/build/other_builds/kivy-sdl2/arm64-v8a__ndk_target_21/kivy/kivy/graphics/vertex.pxd won't be automatically included in the manifest] the path must be relative
[1m[90m[DEBUG][39m[0m:   	[INFO   ] [dependency /app/.buildozer/android/platform/build-arm64-v8a/build/other_builds/kivy-sdl2/arm64-v8a__ndk_target_21/kivy/kivy/graphics/context_instructions.pxd won't be automatically included in the manifest] the path must be relative
[1m[90m[DEBUG][39m[0m:   	[INFO   ] [dependency /app/.buildozer/android/platform/build-arm64-v8a/build/other_builds/kivy-sdl2/arm64-v8a__ndk_target_21/kivy/kivy/graphics/transformation.pxd won't be automatically included in the manifest] the path must be relative
[1m[90m[DEBUG][39m[0m:   	[INFO   ] [dependency /app/.buildozer/android/platform/build-arm64-v8a/build/other_builds/kivy-sdl2/arm64-v8a__ndk_target_21/kivy/kivy/graphics/texture.pxd won't be automatically included in the manifest] the path must be relative
[1m[90m[DEBUG][39m[0m:   	[INFO   ] [dependency /app/.buildozer/android/platform/build-arm64-v8a/build/other_builds/kivy-sdl2/arm64-v8a__ndk_target_21/kivy/kivy/graphics/compiler.pxd won't be automatically included in the manifest] the path must be relative
[1m[90m[DEBUG][39m[0m:   	[INFO   ] [dependency /app/.buildozer/android/platform/build-arm64-v8a/build/other_builds/kivy-sdl2/arm64-v8a__ndk_target_21/kivy/kivy/graphics/shader.pxd won't be automatically included in the manifest] the path must be relative
[1m[90m[DEBUG][39m[0m:   	[INFO   ] [dependency /app/.buildozer/android/platform/build-arm64-v8a/build/other_builds/kivy-sdl2/arm64-v8a__ndk_target_21/kivy/kivy/graphics/../_event.pxd won't be automatically included in the manifest] the path must be relative
[1m[90m[DEBUG][39m[0m:   	[INFO   ] [dependency /app/.buildozer/android/platform/build-arm64-v8a/build/other_builds/kivy-sdl2/arm64-v8a__ndk_target_21/kivy/kivy/graphics/instructions.pyx won't be automatically included in the manifest] the path must be relative
[1m[90m[DEBUG][39m[0m:   	[INFO   ] [dependency /app/.buildozer/android/platform/build-arm64-v8a/build/other_builds/kivy-sdl2/arm64-v8a__ndk_target_21/kivy/kivy/graphics/opcodes.pxi won't be automatically included in the manifest] the path must be relative
[1m[90m[DEBUG][39m[0m:   	[INFO   ] [dependency /app/.buildozer/android/platform/build-arm64-v8a/build/other_builds/kivy-sdl2/arm64-v8a__ndk_target_21/kivy/kivy/graphics/context.pxd won't be automatically included in the manifest] the path must be relative
[1m[90m[DEBUG][39m[0m:   	[INFO   ] [dependency /app/.buildozer/android/platform/build-arm64-v8a/build/other_builds/kivy-sdl2/arm64-v8a__ndk_target_21/kivy/kivy/graphics/vertex_instructions.pxd won't be automatically included in the manifest] the path must be relative
[1m[90m[DEBUG][39m[0m:   	[INFO   ] [dependency /app/.buildozer/android/platform/build-arm64-v8a/build/other_builds/kivy-sdl2/arm64-v8a__ndk_target_21/kivy/kivy/lib/sdl2.pxi won't be automatically included in the manifest] the path must be relative
[1m[90m[DEBUG][39m[0m:   	[INFO   ] [dependency /app/.buildozer/android/platform/build-arm64-v8a/build/other_builds/kivy-sdl2/arm64-v8a__ndk_target_21/kivy/kivy/lib/sdl2.pxi won't be automatically included in the manifest] the path must be relative
[1m[90m[DEBUG][39m[0m:   	[INFO   ] [dependency /app/.buildozer/android/platform/build-arm64-v8a/build/other_builds/kivy-sdl2/arm64-v8a__ndk_target_21/kivy/kivy/lib/sdl2.pxi won't be automatically included in the manifest] the path must be relative
[1m[90m[DEBUG][39m[0m:   	[INFO   ] [dependency /app/.buildozer/android/platform/build-arm64-v8a/build/other_builds/kivy-sdl2/arm64-v8a__ndk_target_21/kivy/kivy/lib/sdl2.pxi won't be automatically included in the manifest] the path must be relative
[1m[90m[DEBUG][39m[0m:   	[INFO   ] [dependency /app/.buildozer/android/platform/build-arm64-v8a/build/other_builds/kivy-sdl2/arm64-v8a__ndk_target_21/kivy/kivy/lib/sdl2.pxi won't be automatically included in the manifest] the path must be relative
[1m[90m[DEBUG][39m[0m:   	[INFO   ] reading manifest file 'Kivy.egg-info/SOURCES.txt'
[1m[90m[DEBUG][39m[0m:   	[INFO   ] reading manifest template 'MANIFEST.in'
[1m[90m[DEBUG][39m[0m:   	[WARNING] [warning     ] no files found matching '*.txt' under directory 'kivy/tools'
[1m[90m[DEBUG][39m[0m:   	[WARNING] [warning     ] no files found matching '*.bat' under directory 'kivy/tools'
[1m[90m[DEBUG][39m[0m:   	[WARNING] [warning     ] no files found matching '*.pyd' under directory 'kivy'
[1m[90m[DEBUG][39m[0m:   	[INFO   ] adding license file 'LICENSE'
[1m[90m[DEBUG][39m[0m:   	[INFO   ] adding license file 'AUTHORS'
[1m[90m[DEBUG][39m[0m:   	[INFO   ] writing manifest file 'Kivy.egg-info/SOURCES.txt'
[1m[90m[DEBUG][39m[0m:   	[INFO   ] Copying Kivy.egg-info to build/bdist.linux-x86_64/wheel/Kivy-2.3.1-py3.14.egg-info
[1m[90m[DEBUG][39m[0m:   	[INFO   ] running install_scripts
[1m[90m[DEBUG][39m[0m:   	[INFO   ] creating build/bdist.linux-x86_64/wheel/Kivy-2.3.1.dist-info/WHEEL
[1m[90m[DEBUG][39m[0m:   	[INFO   ] creating '/app/.buildozer/android/platform/build-arm64-v8a/build/other_builds/kivy-sdl2/arm64-v8a__ndk_target_21/kivy/dist/.tmp-w2ufrlhu/Kivy-2.3.1-cp314-cp314-android_21_arm64_v8a.whl' and adding 'build/bdist.linux-x86_64/wheel' to it
[1m[90m[DEBUG][39m[0m:   	[INFO   ] adding 'kivy/__init__.py'
[1m[90m[DEBUG][39m[0m:   	[INFO   ] adding 'kivy/_clock.cpython-314-x86_64-linux-gnu.so'
[1m[90m[DEBUG][39m[0m:   	[INFO   ] adding 'kivy/_clock.pxd'
[1m[90m[DEBUG][39m[0m:   	[INFO   ] adding 'kivy/_event.cpython-314-x86_64-linux-gnu.so'
[1m[90m[DEBUG][39m[0m:   	[INFO   ] adding 'kivy/_event.pxd'
[1m[90m[DEBUG][39m[0m:   	[INFO   ] adding 'kivy/_metrics.cpython-314-x86_64-linux-gnu.so'
[1m[90m[DEBUG][39m[0m:   	[INFO   ] adding 'kivy/_metrics.pxd'
[1m[90m[DEBUG][39m[0m:   	[INFO   ] adding 'kivy/_version.py'
[1m[90m[DEBUG][39m[0m:   	[INFO   ] adding 'kivy/animation.py'
[1m[90m[DEBUG][39m[0m:   	[INFO   ] adding 'kivy/app.py'
[1m[90m[DEBUG][39m[0m:   	[INFO   ] adding 'kivy/atlas.py'
[1m[90m[DEBUG][39m[0m:   	[INFO   ] adding 'kivy/base.py'
[1m[90m[DEBUG][39m[0m:   	[INFO   ] adding 'kivy/cache.py'
[1m[90m[DEBUG][39m[0m:   	[INFO   ] adding 'kivy/clock.py'
[1m[90m[DEBUG][39m[0m:   	[INFO   ] adding 'kivy/compat.py'
[1m[90m[DEBUG][39m[0m:   	[INFO   ] adding 'kivy/config.py'
[1m[90m[DEBUG][39m[0m:   	[INFO   ] adding 'kivy/context.py'
[1m[90m[DEBUG][39m[0m:   	[INFO   ] adding 'kivy/event.py'
[1m[90m[DEBUG][39m[0m:   	[INFO   ] adding 'kivy/factory.py'
[1m[90m[DEBUG][39m[0m:   	[INFO   ] adding 'kivy/factory_registers.py'
[1m[90m[DEBUG][39m[0m:   	[INFO   ] adding 'kivy/geometry.py'
[1m[90m[DEBUG][39m[0m:   	[INFO   ] adding 'kivy/gesture.py'
[1m[90m[DEBUG][39m[0m:   	[INFO   ] adding 'kivy/interactive.py'
[1m[90m[DEBUG][39m[0m:   	[INFO   ] adding 'kivy/loader.py'
[1m[90m[DEBUG][39m[0m:   	[INFO   ] adding 'kivy/logger.py'
[1m[90m[DEBUG][39m[0m:   	[INFO   ] adding 'kivy/metrics.py'
[1m[90m[DEBUG][39m[0m:   	[INFO   ] adding 'kivy/multistroke.py'
[1m[90m[DEBUG][39m[0m:   	[INFO   ] adding 'kivy/parser.py'
[1m[90m[DEBUG][39m[0m:   	[INFO   ] adding 'kivy/properties.cpython-314-x86_64-linux-gnu.so'
[1m[90m[DEBUG][39m[0m:   	[INFO   ] adding 'kivy/properties.pxd'
[1m[90m[DEBUG][39m[0m:   	[INFO   ] adding 'kivy/resources.py'
[1m[90m[DEBUG][39m[0m:   	[INFO   ] adding 'kivy/setupconfig.py'
[1m[90m[DEBUG][39m[0m:   	[INFO   ] adding 'kivy/support.py'
[1m[90m[DEBUG][39m[0m:   	[INFO   ] adding 'kivy/utils.py'
[1m[90m[DEBUG][39m[0m:   	[INFO   ] adding 'kivy/vector.py'
[1m[90m[DEBUG][39m[0m:   	[INFO   ] adding 'kivy/weakmethod.py'
[1m[90m[DEBUG][39m[0m:   	[INFO   ] adding 'kivy/weakproxy.cpython-314-x86_64-linux-gnu.so'
[1m[90m[DEBUG][39m[0m:   	[INFO   ] adding 'kivy/core/__init__.py'
[1m[90m[DEBUG][39m[0m:   	[INFO   ] adding 'kivy/core/audio/__init__.py'
[1m[90m[DEBUG][39m[0m:   	[INFO   ] adding 'kivy/core/audio/audio_android.py'
[1m[90m[DEBUG][39m[0m:   	[INFO   ] adding 'kivy/core/audio/audio_avplayer.py'
[1m[90m[DEBUG][39m[0m:   	[INFO   ] adding 'kivy/core/audio/audio_ffpyplayer.py'
[1m[90m[DEBUG][39m[0m:   	[INFO   ] adding 'kivy/core/audio/audio_gstplayer.py'
[1m[90m[DEBUG][39m[0m:   	[INFO   ] adding 'kivy/core/audio/audio_pygame.py'
[1m[90m[DEBUG][39m[0m:   	[INFO   ] adding 'kivy/core/audio/audio_sdl2.cpython-314-x86_64-linux-gnu.so'
[1m[90m[DEBUG][39m[0m:   	[INFO   ] adding 'kivy/core/camera/__init__.py'
[1m[90m[DEBUG][39m[0m:   	[INFO   ] adding 'kivy/core/camera/camera_android.py'
[1m[90m[DEBUG][39m[0m:   	[INFO   ] adding 'kivy/core/camera/camera_gi.py'
[1m[90m[DEBUG][39m[0m:   	[INFO   ] adding 'kivy/core/camera/camera_opencv.py'
[1m[90m[DEBUG][39m[0m:   	[INFO   ] adding 'kivy/core/camera/camera_picamera.py'
[1m[90m[DEBUG][39m[0m:   	[INFO   ] adding 'kivy/core/clipboard/__init__.py'
[1m[90m[DEBUG][39m[0m:   	[INFO   ] adding 'kivy/core/clipboard/_clipboard_ext.py'
[1m[90m[DEBUG][39m[0m:   	[INFO   ] adding 'kivy/core/clipboard/_clipboard_sdl2.cpython-314-x86_64-linux-gnu.so'
[1m[90m[DEBUG][39m[0m:   	[INFO   ] adding 'kivy/core/clipboard/clipboard_android.py'
[1m[90m[DEBUG][39m[0m:   	[INFO   ] adding 'kivy/core/clipboard/clipboard_dbusklipper.py'
[1m[90m[DEBUG][39m[0m:   	[INFO   ] adding 'kivy/core/clipboard/clipboard_dummy.py'
[1m[90m[DEBUG][39m[0m:   	[INFO   ] adding 'kivy/core/clipboard/clipboard_gtk3.py'
[1m[90m[DEBUG][39m[0m:   	[INFO   ] adding 'kivy/core/clipboard/clipboard_nspaste.py'
[1m[90m[DEBUG][39m[0m:   	[INFO   ] adding 'kivy/core/clipboard/clipboard_pygame.py'
[1m[90m[DEBUG][39m[0m:   	[INFO   ] adding 'kivy/core/clipboard/clipboard_sdl2.py'
[1m[90m[DEBUG][39m[0m:   	[INFO   ] adding 'kivy/core/clipboard/clipboard_winctypes.py'
[1m[90m[DEBUG][39m[0m:   	[INFO   ] adding 'kivy/core/clipboard/clipboard_xclip.py'
[1m[90m[DEBUG][39m[0m:   	[INFO   ] adding 'kivy/core/clipboard/clipboard_xsel.py'
[1m[90m[DEBUG][39m[0m:   	[INFO   ] adding 'kivy/core/gl/__init__.py'
[1m[90m[DEBUG][39m[0m:   	[INFO   ] adding 'kivy/core/image/__init__.py'
[1m[90m[DEBUG][39m[0m:   	[INFO   ] adding 'kivy/core/image/_img_sdl2.cpython-314-x86_64-linux-gnu.so'
[1m[90m[DEBUG][39m[0m:   	[INFO   ] adding 'kivy/core/image/img_dds.py'
[1m[90m[DEBUG][39m[0m:   	[INFO   ] adding 'kivy/core/image/img_ffpyplayer.py'
[1m[90m[DEBUG][39m[0m:   	[INFO   ] adding 'kivy/core/image/img_pil.py'
[1m[90m[DEBUG][39m[0m:   	[INFO   ] adding 'kivy/core/image/img_pygame.py'
[1m[90m[DEBUG][39m[0m:   	[INFO   ] adding 'kivy/core/image/img_sdl2.py'
[1m[90m[DEBUG][39m[0m:   	[INFO   ] adding 'kivy/core/image/img_tex.py'
[1m[90m[DEBUG][39m[0m:   	[INFO   ] adding 'kivy/core/spelling/__init__.py'
[1m[90m[DEBUG][39m[0m:   	[INFO   ] adding 'kivy/core/spelling/spelling_enchant.py'
[1m[90m[DEBUG][39m[0m:   	[INFO   ] adding 'kivy/core/spelling/spelling_osxappkit.py'
[1m[90m[DEBUG][39m[0m:   	[INFO   ] adding 'kivy/core/text/__init__.py'
[1m[90m[DEBUG][39m[0m:   	[INFO   ] adding 'kivy/core/text/_text_sdl2.cpython-314-x86_64-linux-gnu.so'
[1m[90m[DEBUG][39m[0m:   	[INFO   ] adding 'kivy/core/text/markup.py'
[1m[90m[DEBUG][39m[0m:   	[INFO   ] adding 'kivy/core/text/text_layout.cpython-314-x86_64-linux-gnu.so'
[1m[90m[DEBUG][39m[0m:   	[INFO   ] adding 'kivy/core/text/text_layout.pxd'
[1m[90m[DEBUG][39m[0m:   	[INFO   ] adding 'kivy/core/text/text_pango.py'
[1m[90m[DEBUG][39m[0m:   	[INFO   ] adding 'kivy/core/text/text_pil.py'
[1m[90m[DEBUG][39m[0m:   	[INFO   ] adding 'kivy/core/text/text_pygame.py'
[1m[90m[DEBUG][39m[0m:   	[INFO   ] adding 'kivy/core/text/text_sdl2.py'
[1m[90m[DEBUG][39m[0m:   	[INFO   ] adding 'kivy/core/video/__init__.py'
[1m[90m[DEBUG][39m[0m:   	[INFO   ] adding 'kivy/core/video/video_ffmpeg.py'
[1m[90m[DEBUG][39m[0m:   	[INFO   ] adding 'kivy/core/video/video_ffpyplayer.py'
[1m[90m[DEBUG][39m[0m:   	[INFO   ] adding 'kivy/core/video/video_gstplayer.py'
[1m[90m[DEBUG][39m[0m:   	[INFO   ] adding 'kivy/core/video/video_null.py'
[1m[90m[DEBUG][39m[0m:   	[INFO   ] adding 'kivy/core/window/__init__.py'
[1m[90m[DEBUG][39m[0m:   	[INFO   ] adding 'kivy/core/window/_window_sdl2.cpython-314-x86_64-linux-gnu.so'
[1m[90m[DEBUG][39m[0m:   	[INFO   ] adding 'kivy/core/window/window_attrs.pxi'
[1m[90m[DEBUG][39m[0m:   	[INFO   ] adding 'kivy/core/window/window_egl_rpi.py'
[1m[90m[DEBUG][39m[0m:   	[INFO   ] adding 'kivy/core/window/window_info.cpython-314-x86_64-linux-gnu.so'
[1m[90m[DEBUG][39m[0m:   	[INFO   ] adding 'kivy/core/window/window_info.pxd'
[1m[90m[DEBUG][39m[0m:   	[INFO   ] adding 'kivy/core/window/window_pygame.py'
[1m[90m[DEBUG][39m[0m:   	[INFO   ] adding 'kivy/core/window/window_sdl2.py'
[1m[90m[DEBUG][39m[0m:   	[INFO   ] adding 'kivy/data/settings_kivy.json'
[1m[90m[DEBUG][39m[0m:   	[INFO   ] adding 'kivy/data/style.kv'
[1m[90m[DEBUG][39m[0m:   	[INFO   ] adding 'kivy/data/fonts/DejaVuSans.ttf'
[1m[90m[DEBUG][39m[0m:   	[INFO   ] adding 'kivy/data/fonts/Roboto-Bold.ttf'
[1m[90m[DEBUG][39m[0m:   	[INFO   ] adding 'kivy/data/fonts/Roboto-BoldItalic.ttf'
[1m[90m[DEBUG][39m[0m:   	[INFO   ] adding 'kivy/data/fonts/Roboto-Italic.ttf'
[1m[90m[DEBUG][39m[0m:   	[INFO   ] adding 'kivy/data/fonts/Roboto-Regular.ttf'
[1m[90m[DEBUG][39m[0m:   	[INFO   ] adding 'kivy/data/fonts/RobotoMono-Regular.ttf'
[1m[90m[DEBUG][39m[0m:   	[INFO   ] adding 'kivy/data/glsl/default.fs'
[1m[90m[DEBUG][39m[0m:   	[INFO   ] adding 'kivy/data/glsl/default.png'
[1m[90m[DEBUG][39m[0m:   	[INFO   ] adding 'kivy/data/glsl/default.vs'
[1m[90m[DEBUG][39m[0m:   	[INFO   ] adding 'kivy/data/glsl/header.fs'
[1m[90m[DEBUG][39m[0m:   	[INFO   ] adding 'kivy/data/glsl/header.vs'
[1m[90m[DEBUG][39m[0m:   	[INFO   ] adding 'kivy/data/images/background.jpg'
[1m[90m[DEBUG][39m[0m:   	[INFO   ] adding 'kivy/data/images/cursor.png'
[1m[90m[DEBUG][39m[0m:   	[INFO   ] adding 'kivy/data/images/defaultshape.png'
[1m[90m[DEBUG][39m[0m:   	[INFO   ] adding 'kivy/data/images/defaulttheme-0.png'
[1m[90m[DEBUG][39m[0m:   	[INFO   ] adding 'kivy/data/images/defaulttheme.atlas'
[1m[90m[DEBUG][39m[0m:   	[INFO   ] adding 'kivy/data/images/image-loading.gif'
[1m[90m[DEBUG][39m[0m:   	[INFO   ] adding 'kivy/data/images/image-loading.zip'
[1m[90m[DEBUG][39m[0m:   	[INFO   ] adding 'kivy/data/images/testpattern.png'
[1m[90m[DEBUG][39m[0m:   	[INFO   ] adding 'kivy/data/keyboards/azerty.json'
[1m[90m[DEBUG][39m[0m:   	[INFO   ] adding 'kivy/data/keyboards/de.json'
[1m[90m[DEBUG][39m[0m:   	[INFO   ] adding 'kivy/data/keyboards/de_CH.json'
[1m[90m[DEBUG][39m[0m:   	[INFO   ] adding 'kivy/data/keyboards/en_US.json'
[1m[90m[DEBUG][39m[0m:   	[INFO   ] adding 'kivy/data/keyboards/es_ES.json'
[1m[90m[DEBUG][39m[0m:   	[INFO   ] adding 'kivy/data/keyboards/fr_CH.json'
[1m[90m[DEBUG][39m[0m:   	[INFO   ] adding 'kivy/data/keyboards/qwerty.json'
[1m[90m[DEBUG][39m[0m:   	[INFO   ] adding 'kivy/data/keyboards/qwertz.json'
[1m[90m[DEBUG][39m[0m:   	[INFO   ] adding 'kivy/data/logo/kivy-icon-128.png'
[1m[90m[DEBUG][39m[0m:   	[INFO   ] adding 'kivy/data/logo/kivy-icon-16.png'
[1m[90m[DEBUG][39m[0m:   	[INFO   ] adding 'kivy/data/logo/kivy-icon-24.png'
[1m[90m[DEBUG][39m[0m:   	[INFO   ] adding 'kivy/data/logo/kivy-icon-256.png'
[1m[90m[DEBUG][39m[0m:   	[INFO   ] adding 'kivy/data/logo/kivy-icon-32.png'
[1m[90m[DEBUG][39m[0m:   	[INFO   ] adding 'kivy/data/logo/kivy-icon-48.png'
[1m[90m[DEBUG][39m[0m:   	[INFO   ] adding 'kivy/data/logo/kivy-icon-512.png'
[1m[90m[DEBUG][39m[0m:   	[INFO   ] adding 'kivy/data/logo/kivy-icon-64.ico'
[1m[90m[DEBUG][39m[0m:   	[INFO   ] adding 'kivy/data/logo/kivy-icon-64.png'
[1m[90m[DEBUG][39m[0m:   	[INFO   ] adding 'kivy/deps/__init__.py'
[1m[90m[DEBUG][39m[0m:   	[INFO   ] adding 'kivy/effects/__init__.py'
[1m[90m[DEBUG][39m[0m:   	[INFO   ] adding 'kivy/effects/dampedscroll.py'
[1m[90m[DEBUG][39m[0m:   	[INFO   ] adding 'kivy/effects/kinetic.py'
[1m[90m[DEBUG][39m[0m:   	[INFO   ] adding 'kivy/effects/opacityscroll.py'
[1m[90m[DEBUG][39m[0m:   	[INFO   ] adding 'kivy/effects/scroll.py'
[1m[90m[DEBUG][39m[0m:   	[INFO   ] adding 'kivy/eventmanager/__init__.py'
[1m[90m[DEBUG][39m[0m:   	[INFO   ] adding 'kivy/extras/__init__.py'
[1m[90m[DEBUG][39m[0m:   	[INFO   ] adding 'kivy/extras/highlight.py'
[1m[90m[DEBUG][39m[0m:   	[INFO   ] adding 'kivy/garden/__init__.py'
[1m[90m[DEBUG][39m[0m:   	[INFO   ] adding 'kivy/graphics/__init__.py'
[1m[90m[DEBUG][39m[0m:   	[INFO   ] adding 'kivy/graphics/boxshadow.cpython-314-x86_64-linux-gnu.so'
[1m[90m[DEBUG][39m[0m:   	[INFO   ] adding 'kivy/graphics/boxshadow.pxd'
[1m[90m[DEBUG][39m[0m:   	[INFO   ] adding 'kivy/graphics/buffer.cpython-314-x86_64-linux-gnu.so'
[1m[90m[DEBUG][39m[0m:   	[INFO   ] adding 'kivy/graphics/buffer.pxd'
[1m[90m[DEBUG][39m[0m:   	[INFO   ] adding 'kivy/graphics/cgl.cpython-314-x86_64-linux-gnu.so'
[1m[90m[DEBUG][39m[0m:   	[INFO   ] adding 'kivy/graphics/cgl.h'
[1m[90m[DEBUG][39m[0m:   	[INFO   ] adding 'kivy/graphics/cgl.pxd'
[1m[90m[DEBUG][39m[0m:   	[INFO   ] adding 'kivy/graphics/common.pxi'
[1m[90m[DEBUG][39m[0m:   	[INFO   ] adding 'kivy/graphics/compiler.cpython-314-x86_64-linux-gnu.so'
[1m[90m[DEBUG][39m[0m:   	[INFO   ] adding 'kivy/graphics/compiler.pxd'
[1m[90m[DEBUG][39m[0m:   	[INFO   ] adding 'kivy/graphics/context.cpython-314-x86_64-linux-gnu.so'
[1m[90m[DEBUG][39m[0m:   	[INFO   ] adding 'kivy/graphics/context.pxd'
[1m[90m[DEBUG][39m[0m:   	[INFO   ] adding 'kivy/graphics/context_instructions.cpython-314-x86_64-linux-gnu.so'
[1m[90m[DEBUG][39m[0m:   	[INFO   ] adding 'kivy/graphics/context_instructions.pxd'
[1m[90m[DEBUG][39m[0m:   	[INFO   ] adding 'kivy/graphics/fbo.cpython-314-x86_64-linux-gnu.so'
[1m[90m[DEBUG][39m[0m:   	[INFO   ] adding 'kivy/graphics/fbo.pxd'
[1m[90m[DEBUG][39m[0m:   	[INFO   ] adding 'kivy/graphics/gl_debug_logger.pxi'
[1m[90m[DEBUG][39m[0m:   	[INFO   ] adding 'kivy/graphics/gl_instructions.cpython-314-x86_64-linux-gnu.so'
[1m[90m[DEBUG][39m[0m:   	[INFO   ] adding 'kivy/graphics/img_tools.pxi'
[1m[90m[DEBUG][39m[0m:   	[INFO   ] adding 'kivy/graphics/instructions.cpython-314-x86_64-linux-gnu.so'
[1m[90m[DEBUG][39m[0m:   	[INFO   ] adding 'kivy/graphics/instructions.pxd'
[1m[90m[DEBUG][39m[0m:   	[INFO   ] adding 'kivy/graphics/memory.pxi'
[1m[90m[DEBUG][39m[0m:   	[INFO   ] adding 'kivy/graphics/opcodes.pxi'
[1m[90m[DEBUG][39m[0m:   	[INFO   ] adding 'kivy/graphics/opengl.cpython-314-x86_64-linux-gnu.so'
[1m[90m[DEBUG][39m[0m:   	[INFO   ] adding 'kivy/graphics/opengl_utils.cpython-314-x86_64-linux-gnu.so'
[1m[90m[DEBUG][39m[0m:   	[INFO   ] adding 'kivy/graphics/opengl_utils.pxd'
[1m[90m[DEBUG][39m[0m:   	[INFO   ] adding 'kivy/graphics/opengl_utils_def.pxi'
[1m[90m[DEBUG][39m[0m:   	[INFO   ] adding 'kivy/graphics/scissor_instructions.cpython-314-x86_64-linux-gnu.so'
[1m[90m[DEBUG][39m[0m:   	[INFO   ] adding 'kivy/graphics/shader.cpython-314-x86_64-linux-gnu.so'
[1m[90m[DEBUG][39m[0m:   	[INFO   ] adding 'kivy/graphics/shader.pxd'
[1m[90m[DEBUG][39m[0m:   	[INFO   ] adding 'kivy/graphics/stencil_instructions.cpython-314-x86_64-linux-gnu.so'
[1m[90m[DEBUG][39m[0m:   	[INFO   ] adding 'kivy/graphics/stencil_instructions.pxd'
[1m[90m[DEBUG][39m[0m:   	[INFO   ] adding 'kivy/graphics/svg.cpython-314-x86_64-linux-gnu.so'
[1m[90m[DEBUG][39m[0m:   	[INFO   ] adding 'kivy/graphics/svg.pxd'
[1m[90m[DEBUG][39m[0m:   	[INFO   ] adding 'kivy/graphics/tesselator.cpython-314-x86_64-linux-gnu.so'
[1m[90m[DEBUG][39m[0m:   	[INFO   ] adding 'kivy/graphics/tesselator.pxd'
[1m[90m[DEBUG][39m[0m:   	[INFO   ] adding 'kivy/graphics/texture.cpython-314-x86_64-linux-gnu.so'
[1m[90m[DEBUG][39m[0m:   	[INFO   ] adding 'kivy/graphics/texture.pxd'
[1m[90m[DEBUG][39m[0m:   	[INFO   ] adding 'kivy/graphics/transformation.cpython-314-x86_64-linux-gnu.so'
[1m[90m[DEBUG][39m[0m:   	[INFO   ] adding 'kivy/graphics/transformation.pxd'
[1m[90m[DEBUG][39m[0m:   	[INFO   ] adding 'kivy/graphics/vbo.cpython-314-x86_64-linux-gnu.so'
[1m[90m[DEBUG][39m[0m:   	[INFO   ] adding 'kivy/graphics/vbo.pxd'
[1m[90m[DEBUG][39m[0m:   	[INFO   ] adding 'kivy/graphics/vertex.cpython-314-x86_64-linux-gnu.so'
[1m[90m[DEBUG][39m[0m:   	[INFO   ] adding 'kivy/graphics/vertex.pxd'
[1m[90m[DEBUG][39m[0m:   	[INFO   ] adding 'kivy/graphics/vertex_instructions.cpython-314-x86_64-linux-gnu.so'
[1m[90m[DEBUG][39m[0m:   	[INFO   ] adding 'kivy/graphics/vertex_instructions.pxd'
[1m[90m[DEBUG][39m[0m:   	[INFO   ] adding 'kivy/graphics/vertex_instructions_line.pxi'
[1m[90m[DEBUG][39m[0m:   	[INFO   ] adding 'kivy/graphics/cgl_backend/__init__.py'
[1m[90m[DEBUG][39m[0m:   	[INFO   ] adding 'kivy/graphics/cgl_backend/cgl_debug.cpython-314-x86_64-linux-gnu.so'
[1m[90m[DEBUG][39m[0m:   	[INFO   ] adding 'kivy/graphics/cgl_backend/cgl_gl.cpython-314-x86_64-linux-gnu.so'
[1m[90m[DEBUG][39m[0m:   	[INFO   ] adding 'kivy/graphics/cgl_backend/cgl_glew.cpython-314-x86_64-linux-gnu.so'
[1m[90m[DEBUG][39m[0m:   	[INFO   ] adding 'kivy/graphics/cgl_backend/cgl_mock.cpython-314-x86_64-linux-gnu.so'
[1m[90m[DEBUG][39m[0m:   	[INFO   ] adding 'kivy/graphics/cgl_backend/cgl_sdl2.cpython-314-x86_64-linux-gnu.so'
[1m[90m[DEBUG][39m[0m:   	[INFO   ] adding 'kivy/include/common_subset.h'
[1m[90m[DEBUG][39m[0m:   	[INFO   ] adding 'kivy/include/config.h'
[1m[90m[DEBUG][39m[0m:   	[INFO   ] adding 'kivy/include/config.pxi'
[1m[90m[DEBUG][39m[0m:   	[INFO   ] adding 'kivy/include/gl2platform.h'
[1m[90m[DEBUG][39m[0m:   	[INFO   ] adding 'kivy/include/gl_redirect.h'
[1m[90m[DEBUG][39m[0m:   	[INFO   ] adding 'kivy/include/khrplatform.h'
[1m[90m[DEBUG][39m[0m:   	[INFO   ] adding 'kivy/input/__init__.py'
[1m[90m[DEBUG][39m[0m:   	[INFO   ] adding 'kivy/input/factory.py'
[1m[90m[DEBUG][39m[0m:   	[INFO   ] adding 'kivy/input/motionevent.py'
[1m[90m[DEBUG][39m[0m:   	[INFO   ] adding 'kivy/input/provider.py'
[1m[90m[DEBUG][39m[0m:   	[INFO   ] adding 'kivy/input/recorder.py'
[1m[90m[DEBUG][39m[0m:   	[INFO   ] adding 'kivy/input/shape.py'
[1m[90m[DEBUG][39m[0m:   	[INFO   ] adding 'kivy/input/postproc/__init__.py'
[1m[90m[DEBUG][39m[0m:   	[INFO   ] adding 'kivy/input/postproc/calibration.py'
[1m[90m[DEBUG][39m[0m:   	[INFO   ] adding 'kivy/input/postproc/dejitter.py'
[1m[90m[DEBUG][39m[0m:   	[INFO   ] adding 'kivy/input/postproc/doubletap.py'
[1m[90m[DEBUG][39m[0m:   	[INFO   ] adding 'kivy/input/postproc/ignorelist.py'
[1m[90m[DEBUG][39m[0m:   	[INFO   ] adding 'kivy/input/postproc/retaintouch.py'
[1m[90m[DEBUG][39m[0m:   	[INFO   ] adding 'kivy/input/postproc/tripletap.py'
[1m[90m[DEBUG][39m[0m:   	[INFO   ] adding 'kivy/input/providers/__init__.py'
[1m[90m[DEBUG][39m[0m:   	[INFO   ] adding 'kivy/input/providers/androidjoystick.py'
[1m[90m[DEBUG][39m[0m:   	[INFO   ] adding 'kivy/input/providers/hidinput.py'
[1m[90m[DEBUG][39m[0m:   	[INFO   ] adding 'kivy/input/providers/leapfinger.py'
[1m[90m[DEBUG][39m[0m:   	[INFO   ] adding 'kivy/input/providers/linuxwacom.py'
[1m[90m[DEBUG][39m[0m:   	[INFO   ] adding 'kivy/input/providers/mactouch.py'
[1m[90m[DEBUG][39m[0m:   	[INFO   ] adding 'kivy/input/providers/mouse.py'
[1m[90m[DEBUG][39m[0m:   	[INFO   ] adding 'kivy/input/providers/mtdev.py'
[1m[90m[DEBUG][39m[0m:   	[INFO   ] adding 'kivy/input/providers/probesysfs.py'
[1m[90m[DEBUG][39m[0m:   	[INFO   ] adding 'kivy/input/providers/tuio.py'
[1m[90m[DEBUG][39m[0m:   	[INFO   ] adding 'kivy/input/providers/wm_common.py'
[1m[90m[DEBUG][39m[0m:   	[INFO   ] adding 'kivy/input/providers/wm_pen.py'
[1m[90m[DEBUG][39m[0m:   	[INFO   ] adding 'kivy/input/providers/wm_touch.py'
[1m[90m[DEBUG][39m[0m:   	[INFO   ] adding 'kivy/lang/__init__.py'
[1m[90m[DEBUG][39m[0m:   	[INFO   ] adding 'kivy/lang/builder.py'
[1m[90m[DEBUG][39m[0m:   	[INFO   ] adding 'kivy/lang/parser.py'
[1m[90m[DEBUG][39m[0m:   	[INFO   ] adding 'kivy/lib/__init__.py'
[1m[90m[DEBUG][39m[0m:   	[INFO   ] adding 'kivy/lib/ddsfile.py'
[1m[90m[DEBUG][39m[0m:   	[INFO   ] adding 'kivy/lib/mtdev.py'
[1m[90m[DEBUG][39m[0m:   	[INFO   ] adding 'kivy/lib/sdl2.pxi'
[1m[90m[DEBUG][39m[0m:   	[INFO   ] adding 'kivy/lib/gstplayer/__init__.py'
[1m[90m[DEBUG][39m[0m:   	[INFO   ] adding 'kivy/lib/pango/pangoft2.pxi'
[1m[90m[DEBUG][39m[0m:   	[INFO   ] adding 'kivy/lib/vidcore_lite/__init__.py'
[1m[90m[DEBUG][39m[0m:   	[INFO   ] adding 'kivy/lib/vidcore_lite/bcm.pxd'
[1m[90m[DEBUG][39m[0m:   	[INFO   ] adding 'kivy/modules/__init__.py'
[1m[90m[DEBUG][39m[0m:   	[INFO   ] adding 'kivy/modules/_webdebugger.py'
[1m[90m[DEBUG][39m[0m:   	[INFO   ] adding 'kivy/modules/console.py'
[1m[90m[DEBUG][39m[0m:   	[INFO   ] adding 'kivy/modules/cursor.py'
[1m[90m[DEBUG][39m[0m:   	[INFO   ] adding 'kivy/modules/inspector.py'
[1m[90m[DEBUG][39m[0m:   	[INFO   ] adding 'kivy/modules/joycursor.py'
[1m[90m[DEBUG][39m[0m:   	[INFO   ] adding 'kivy/modules/keybinding.py'
[1m[90m[DEBUG][39m[0m:   	[INFO   ] adding 'kivy/modules/monitor.py'
[1m[90m[DEBUG][39m[0m:   	[INFO   ] adding 'kivy/modules/recorder.py'
[1m[90m[DEBUG][39m[0m:   	[INFO   ] adding 'kivy/modules/screen.py'
[1m[90m[DEBUG][39m[0m:   	[INFO   ] adding 'kivy/modules/showborder.py'
[1m[90m[DEBUG][39m[0m:   	[INFO   ] adding 'kivy/modules/touchring.py'
[1m[90m[DEBUG][39m[0m:   	[INFO   ] adding 'kivy/modules/webdebugger.py'
[1m[90m[DEBUG][39m[0m:   	[INFO   ] adding 'kivy/network/__init__.py'
[1m[90m[DEBUG][39m[0m:   	[INFO   ] adding 'kivy/network/urlrequest.py'
[1m[90m[DEBUG][39m[0m:   	[INFO   ] adding 'kivy/storage/__init__.py'
[1m[90m[DEBUG][39m[0m:   	[INFO   ] adding 'kivy/storage/dictstore.py'
[1m[90m[DEBUG][39m[0m:   	[INFO   ] adding 'kivy/storage/jsonstore.py'
[1m[90m[DEBUG][39m[0m:   	[INFO   ] adding 'kivy/storage/redisstore.py'
[1m[90m[DEBUG][39m[0m:   	[INFO   ] adding 'kivy/tests/__init__.py'
[1m[90m[DEBUG][39m[0m:   	[INFO   ] adding 'kivy/tests/async_common.py'
[1m[90m[DEBUG][39m[0m:   	[INFO   ] adding 'kivy/tests/common.py'
[1m[90m[DEBUG][39m[0m:   	[INFO   ] adding 'kivy/tests/conftest.py'
[1m[90m[DEBUG][39m[0m:   	[INFO   ] adding 'kivy/tests/coverage_lang.kv'
[1m[90m[DEBUG][39m[0m:   	[INFO   ] adding 'kivy/tests/fixtures.py'
[1m[90m[DEBUG][39m[0m:   	[INFO   ] adding 'kivy/tests/perf_test_textinput.py'
[1m[90m[DEBUG][39m[0m:   	[INFO   ] adding 'kivy/tests/pytest.ini'
[1m[90m[DEBUG][39m[0m:   	[INFO   ] adding 'kivy/tests/sample1.ogg'
[1m[90m[DEBUG][39m[0m:   	[INFO   ] adding 'kivy/tests/test_animations.py'
[1m[90m[DEBUG][39m[0m:   	[INFO   ] adding 'kivy/tests/test_app.py'
[1m[90m[DEBUG][39m[0m:   	[INFO   ] adding 'kivy/tests/test_audio.py'
[1m[90m[DEBUG][39m[0m:   	[INFO   ] adding 'kivy/tests/test_benchmark.py'
[1m[90m[DEBUG][39m[0m:   	[INFO   ] adding 'kivy/tests/test_button.png'
[1m[90m[DEBUG][39m[0m:   	[INFO   ] adding 'kivy/tests/test_clipboard.py'
[1m[90m[DEBUG][39m[0m:   	[INFO   ] adding 'kivy/tests/test_clock.py'
[1m[90m[DEBUG][39m[0m:   	[INFO   ] adding 'kivy/tests/test_compat.py'
[1m[90m[DEBUG][39m[0m:   	[INFO   ] adding 'kivy/tests/test_config.py'
[1m[90m[DEBUG][39m[0m:   	[INFO   ] adding 'kivy/tests/test_coverage.py'
[1m[90m[DEBUG][39m[0m:   	[INFO   ] adding 'kivy/tests/test_doc_gallery.py'
[1m[90m[DEBUG][39m[0m:   	[INFO   ] adding 'kivy/tests/test_environ_cli.py'
[1m[90m[DEBUG][39m[0m:   	[INFO   ] adding 'kivy/tests/test_fbo_py2py3.py'
[1m[90m[DEBUG][39m[0m:   	[INFO   ] adding 'kivy/tests/test_filechooser.py'
[1m[90m[DEBUG][39m[0m:   	[INFO   ] adding 'kivy/tests/test_filechooser_unicode.py'
[1m[90m[DEBUG][39m[0m:   	[INFO   ] adding 'kivy/tests/test_fonts.py'
[1m[90m[DEBUG][39m[0m:   	[INFO   ] adding 'kivy/tests/test_garden.py'
[1m[90m[DEBUG][39m[0m:   	[INFO   ] adding 'kivy/tests/test_graphics.py'
[1m[90m[DEBUG][39m[0m:   	[INFO   ] adding 'kivy/tests/test_graphics_svg.py'
[1m[90m[DEBUG][39m[0m:   	[INFO   ] adding 'kivy/tests/test_image.py'
[1m[90m[DEBUG][39m[0m:   	[INFO   ] adding 'kivy/tests/test_imageloader.py'
[1m[90m[DEBUG][39m[0m:   	[INFO   ] adding 'kivy/tests/test_invalid_lang.py'
[1m[90m[DEBUG][39m[0m:   	[INFO   ] adding 'kivy/tests/test_kivy_init.py'
[1m[90m[DEBUG][39m[0m:   	[INFO   ] adding 'kivy/tests/test_knspace.py'
[1m[90m[DEBUG][39m[0m:   	[INFO   ] adding 'kivy/tests/test_lang.py'
[1m[90m[DEBUG][39m[0m:   	[INFO   ] adding 'kivy/tests/test_lang_complex.py'
[1m[90m[DEBUG][39m[0m:   	[INFO   ] adding 'kivy/tests/test_lang_pre_process_and_post_process.py'
[1m[90m[DEBUG][39m[0m:   	[INFO   ] adding 'kivy/tests/test_logger.py'
[1m[90m[DEBUG][39m[0m:   	[INFO   ] adding 'kivy/tests/test_metrics.py'
[1m[90m[DEBUG][39m[0m:   	[INFO   ] adding 'kivy/tests/test_module_inspector.py'
[1m[90m[DEBUG][39m[0m:   	[INFO   ] adding 'kivy/tests/test_motion_event.py'
[1m[90m[DEBUG][39m[0m:   	[INFO   ] adding 'kivy/tests/test_mouse_hover_event.py'
[1m[90m[DEBUG][39m[0m:   	[INFO   ] adding 'kivy/tests/test_mouse_multitouchsim.py'
[1m[90m[DEBUG][39m[0m:   	[INFO   ] adding 'kivy/tests/test_multistroke.py'
[1m[90m[DEBUG][39m[0m:   	[INFO   ] adding 'kivy/tests/test_properties.py'
[1m[90m[DEBUG][39m[0m:   	[INFO   ] adding 'kivy/tests/test_resources.py'
[1m[90m[DEBUG][39m[0m:   	[INFO   ] adding 'kivy/tests/test_rst_replace.py'
[1m[90m[DEBUG][39m[0m:   	[INFO   ] adding 'kivy/tests/test_screen.py'
[1m[90m[DEBUG][39m[0m:   	[INFO   ] adding 'kivy/tests/test_storage.py'
[1m[90m[DEBUG][39m[0m:   	[INFO   ] adding 'kivy/tests/test_uix_actionbar.py'
[1m[90m[DEBUG][39m[0m:   	[INFO   ] adding 'kivy/tests/test_uix_anchorlayout.py'
[1m[90m[DEBUG][39m[0m:   	[INFO   ] adding 'kivy/tests/test_uix_asyncimage.py'
[1m[90m[DEBUG][39m[0m:   	[INFO   ] adding 'kivy/tests/test_uix_boxlayout.py'
[1m[90m[DEBUG][39m[0m:   	[INFO   ] adding 'kivy/tests/test_uix_bubble.py'
[1m[90m[DEBUG][39m[0m:   	[INFO   ] adding 'kivy/tests/test_uix_carousel.py'
[1m[90m[DEBUG][39m[0m:   	[INFO   ] adding 'kivy/tests/test_uix_colorpicker.py'
[1m[90m[DEBUG][39m[0m:   	[INFO   ] adding 'kivy/tests/test_uix_dropdown.py'
[1m[90m[DEBUG][39m[0m:   	[INFO   ] adding 'kivy/tests/test_uix_gridlayout.py'
[1m[90m[DEBUG][39m[0m:   	[INFO   ] adding 'kivy/tests/test_uix_layout.py'
[1m[90m[DEBUG][39m[0m:   	[INFO   ] adding 'kivy/tests/test_uix_modal.py'
[1m[90m[DEBUG][39m[0m:   	[INFO   ] adding 'kivy/tests/test_uix_recyclegridlayout.py'
[1m[90m[DEBUG][39m[0m:   	[INFO   ] adding 'kivy/tests/test_uix_relativelayout.py'
[1m[90m[DEBUG][39m[0m:   	[INFO   ] adding 'kivy/tests/test_uix_scrollview.py'
[1m[90m[DEBUG][39m[0m:   	[INFO   ] adding 'kivy/tests/test_uix_settings.py'
[1m[90m[DEBUG][39m[0m:   	[INFO   ] adding 'kivy/tests/test_uix_slider.py'
[1m[90m[DEBUG][39m[0m:   	[INFO   ] adding 'kivy/tests/test_uix_stacklayout.py'
[1m[90m[DEBUG][39m[0m:   	[INFO   ] adding 'kivy/tests/test_uix_textinput.py'
[1m[90m[DEBUG][39m[0m:   	[INFO   ] adding 'kivy/tests/test_uix_translate_coordinates.py'
[1m[90m[DEBUG][39m[0m:   	[INFO   ] adding 'kivy/tests/test_uix_videoplayer.py'
[1m[90m[DEBUG][39m[0m:   	[INFO   ] adding 'kivy/tests/test_uix_widget.py'
[1m[90m[DEBUG][39m[0m:   	[INFO   ] adding 'kivy/tests/test_utils.py'
[1m[90m[DEBUG][39m[0m:   	[INFO   ] adding 'kivy/tests/test_vector.py'
[1m[90m[DEBUG][39m[0m:   	[INFO   ] adding 'kivy/tests/test_video.py'
[1m[90m[DEBUG][39m[0m:   	[INFO   ] adding 'kivy/tests/test_weakmethod.py'
[1m[90m[DEBUG][39m[0m:   	[INFO   ] adding 'kivy/tests/test_widget.py'
[1m[90m[DEBUG][39m[0m:   	[INFO   ] adding 'kivy/tests/test_widget_walk.py'
[1m[90m[DEBUG][39m[0m:   	[INFO   ] adding 'kivy/tests/test_window_base.py'
[1m[90m[DEBUG][39m[0m:   	[INFO   ] adding 'kivy/tests/test_window_info.py'
[1m[90m[DEBUG][39m[0m:   	[INFO   ] adding 'kivy/tests/testkv.kv'
[1m[90m[DEBUG][39m[0m:   	[INFO   ] adding 'kivy/tests/unicode_files.zip'
[1m[90m[DEBUG][39m[0m:   	[INFO   ] adding 'kivy/tests/unicode_font.zip'
[1m[90m[DEBUG][39m[0m:   	[INFO   ] adding 'kivy/tests/visual_test_label.py'
[1m[90m[DEBUG][39m[0m:   	[INFO   ] adding 'kivy/tests/data/test.ini'
[1m[90m[DEBUG][39m[0m:   	[INFO   ] adding 'kivy/tests/pyinstaller/test_pyinstaller.py'
[1m[90m[DEBUG][39m[0m:   	[INFO   ] adding 'kivy/tests/pyinstaller/simple_widget/main.py'
[1m[90m[DEBUG][39m[0m:   	[INFO   ] adding 'kivy/tests/pyinstaller/simple_widget/main.spec'
[1m[90m[DEBUG][39m[0m:   	[INFO   ] adding 'kivy/tests/pyinstaller/simple_widget/project/__init__.py'
[1m[90m[DEBUG][39m[0m:   	[INFO   ] adding 'kivy/tests/pyinstaller/simple_widget/project/widget.py'
[1m[90m[DEBUG][39m[0m:   	[INFO   ] adding 'kivy/tests/pyinstaller/video_widget/main.py'
[1m[90m[DEBUG][39m[0m:   	[INFO   ] adding 'kivy/tests/pyinstaller/video_widget/main.spec'
[1m[90m[DEBUG][39m[0m:   	[INFO   ] adding 'kivy/tests/pyinstaller/video_widget/project/__init__.py'
[1m[90m[DEBUG][39m[0m:   	[INFO   ] adding 'kivy/tests/test_issues/test_6315.py'
[1m[90m[DEBUG][39m[0m:   	[INFO   ] adding 'kivy/tests/test_issues/test_issue_1084.py'
[1m[90m[DEBUG][39m[0m:   	[INFO   ] adding 'kivy/tests/test_issues/test_issue_1091.py'
[1m[90m[DEBUG][39m[0m:   	[INFO   ] adding 'kivy/tests/test_issues/test_issue_599.py'
[1m[90m[DEBUG][39m[0m:   	[INFO   ] adding 'kivy/tests/test_issues/test_issue_609.py'
[1m[90m[DEBUG][39m[0m:   	[INFO   ] adding 'kivy/tests/test_issues/test_issue_6909.py'
[1m[90m[DEBUG][39m[0m:   	[INFO   ] adding 'kivy/tests/test_issues/test_issue_883.py'
[1m[90m[DEBUG][39m[0m:   	[INFO   ] adding 'kivy/tests/test_urlrequest/test_urlrequest_requests.py'
[1m[90m[DEBUG][39m[0m:   	[INFO   ] adding 'kivy/tests/test_urlrequest/test_urlrequest_urllib.py'
[1m[90m[DEBUG][39m[0m:   	[INFO   ] adding 'kivy/tools/__init__.py'
[1m[90m[DEBUG][39m[0m:   	[INFO   ] adding 'kivy/tools/benchmark.py'
[1m[90m[DEBUG][39m[0m:   	[INFO   ] adding 'kivy/tools/changelog_parser.py'
[1m[90m[DEBUG][39m[0m:   	[INFO   ] adding 'kivy/tools/coverage.py'
[1m[90m[DEBUG][39m[0m:   	[INFO   ] adding 'kivy/tools/gallery.py'
[1m[90m[DEBUG][39m[0m:   	[INFO   ] adding 'kivy/tools/generate-icons.py'
[1m[90m[DEBUG][39m[0m:   	[INFO   ] adding 'kivy/tools/kviewer.py'
[1m[90m[DEBUG][39m[0m:   	[INFO   ] adding 'kivy/tools/report.py'
[1m[90m[DEBUG][39m[0m:   	[INFO   ] adding 'kivy/tools/stub-gl-debug.py'
[1m[90m[DEBUG][39m[0m:   	[INFO   ] adding 'kivy/tools/texturecompress.py'
[1m[90m[DEBUG][39m[0m:   	[INFO   ] adding 'kivy/tools/gles_compat/gl2.h'
[1m[90m[DEBUG][39m[0m:   	[INFO   ] adding 'kivy/tools/gles_compat/subset_gles.py'
[1m[90m[DEBUG][39m[0m:   	[INFO   ] adding 'kivy/tools/highlight/__init__.py'
[1m[90m[DEBUG][39m[0m:   	[INFO   ] adding 'kivy/tools/highlight/kivy-mode.el'
[1m[90m[DEBUG][39m[0m:   	[INFO   ] adding 'kivy/tools/highlight/kivy.json-tmlanguage'
[1m[90m[DEBUG][39m[0m:   	[INFO   ] adding 'kivy/tools/highlight/kivy.tmLanguage'
[1m[90m[DEBUG][39m[0m:   	[INFO   ] adding 'kivy/tools/highlight/kivy.vim'
[1m[90m[DEBUG][39m[0m:   	[INFO   ] adding 'kivy/tools/image-testsuite/README.md'
[1m[90m[DEBUG][39m[0m:   	[INFO   ] adding 'kivy/tools/image-testsuite/gimp28-testsuite.py'
[1m[90m[DEBUG][39m[0m:   	[INFO   ] adding 'kivy/tools/image-testsuite/imagemagick-testsuite.sh'
[1m[90m[DEBUG][39m[0m:   	[INFO   ] adding 'kivy/tools/packaging/__init__.py'
[1m[90m[DEBUG][39m[0m:   	[INFO   ] adding 'kivy/tools/packaging/cython_cfg.py'
[1m[90m[DEBUG][39m[0m:   	[INFO   ] adding 'kivy/tools/packaging/factory.py'
[1m[90m[DEBUG][39m[0m:   	[INFO   ] adding 'kivy/tools/packaging/pyinstaller_hooks/__init__.py'
[1m[90m[DEBUG][39m[0m:   	[INFO   ] adding 'kivy/tools/packaging/pyinstaller_hooks/__main__.py'
[1m[90m[DEBUG][39m[0m:   	[INFO   ] adding 'kivy/tools/packaging/pyinstaller_hooks/hook-kivy.py'
[1m[90m[DEBUG][39m[0m:   	[INFO   ] adding 'kivy/tools/packaging/pyinstaller_hooks/pyi_rth_kivy.py'
[1m[90m[DEBUG][39m[0m:   	[INFO   ] adding 'kivy/tools/pep8checker/pep8.py'
[1m[90m[DEBUG][39m[0m:   	[INFO   ] adding 'kivy/tools/pep8checker/pep8kivy.py'
[1m[90m[DEBUG][39m[0m:   	[INFO   ] adding 'kivy/tools/pep8checker/pre-commit.githook'
[1m[90m[DEBUG][39m[0m:   	[INFO   ] adding 'kivy/tools/precommit_hooks/pre-commit-config.yaml'
[1m[90m[DEBUG][39m[0m:   	[INFO   ] adding 'kivy/tools/theming/defaulttheme/action_bar.png'
[1m[90m[DEBUG][39m[0m:   	[INFO   ] adding 'kivy/tools/theming/defaulttheme/action_group.png'
[1m[90m[DEBUG][39m[0m:   	[INFO   ] adding 'kivy/tools/theming/defaulttheme/action_group_disabled.png'
[1m[90m[DEBUG][39m[0m:   	[INFO   ] adding 'kivy/tools/theming/defaulttheme/action_group_down.png'
[1m[90m[DEBUG][39m[0m:   	[INFO   ] adding 'kivy/tools/theming/defaulttheme/action_item.png'
[1m[90m[DEBUG][39m[0m:   	[INFO   ] adding 'kivy/tools/theming/defaulttheme/action_item_down.png'
[1m[90m[DEBUG][39m[0m:   	[INFO   ] adding 'kivy/tools/theming/defaulttheme/action_view.png'
[1m[90m[DEBUG][39m[0m:   	[INFO   ] adding 'kivy/tools/theming/defaulttheme/audio-volume-high.png'
[1m[90m[DEBUG][39m[0m:   	[INFO   ] adding 'kivy/tools/theming/defaulttheme/audio-volume-low.png'
[1m[90m[DEBUG][39m[0m:   	[INFO   ] adding 'kivy/tools/theming/defaulttheme/audio-volume-medium.png'
[1m[90m[DEBUG][39m[0m:   	[INFO   ] adding 'kivy/tools/theming/defaulttheme/audio-volume-muted.png'
[1m[90m[DEBUG][39m[0m:   	[INFO   ] adding 'kivy/tools/theming/defaulttheme/bubble.png'
[1m[90m[DEBUG][39m[0m:   	[INFO   ] adding 'kivy/tools/theming/defaulttheme/bubble_arrow.png'
[1m[90m[DEBUG][39m[0m:   	[INFO   ] adding 'kivy/tools/theming/defaulttheme/bubble_btn.png'
[1m[90m[DEBUG][39m[0m:   	[INFO   ] adding 'kivy/tools/theming/defaulttheme/bubble_btn_pressed.png'
[1m[90m[DEBUG][39m[0m:   	[INFO   ] adding 'kivy/tools/theming/defaulttheme/button.png'
[1m[90m[DEBUG][39m[0m:   	[INFO   ] adding 'kivy/tools/theming/defaulttheme/button_disabled.png'
[1m[90m[DEBUG][39m[0m:   	[INFO   ] adding 'kivy/tools/theming/defaulttheme/button_disabled_pressed.png'
[1m[90m[DEBUG][39m[0m:   	[INFO   ] adding 'kivy/tools/theming/defaulttheme/button_pressed.png'
[1m[90m[DEBUG][39m[0m:   	[INFO   ] adding 'kivy/tools/theming/defaulttheme/checkbox_disabled_off.png'
[1m[90m[DEBUG][39m[0m:   	[INFO   ] adding 'kivy/tools/theming/defaulttheme/checkbox_disabled_on.png'
[1m[90m[DEBUG][39m[0m:   	[INFO   ] adding 'kivy/tools/theming/defaulttheme/checkbox_off.png'
[1m[90m[DEBUG][39m[0m:   	[INFO   ] adding 'kivy/tools/theming/defaulttheme/checkbox_on.png'
[1m[90m[DEBUG][39m[0m:   	[INFO   ] adding 'kivy/tools/theming/defaulttheme/checkbox_radio_disabled_off.png'
[1m[90m[DEBUG][39m[0m:   	[INFO   ] adding 'kivy/tools/theming/defaulttheme/checkbox_radio_disabled_on.png'
[1m[90m[DEBUG][39m[0m:   	[INFO   ] adding 'kivy/tools/theming/defaulttheme/checkbox_radio_off.png'
[1m[90m[DEBUG][39m[0m:   	[INFO   ] adding 'kivy/tools/theming/defaulttheme/checkbox_radio_on.png'
[1m[90m[DEBUG][39m[0m:   	[INFO   ] adding 'kivy/tools/theming/defaulttheme/close.png'
[1m[90m[DEBUG][39m[0m:   	[INFO   ] adding 'kivy/tools/theming/defaulttheme/filechooser_file.png'
[1m[90m[DEBUG][39m[0m:   	[INFO   ] adding 'kivy/tools/theming/defaulttheme/filechooser_folder.png'
[1m[90m[DEBUG][39m[0m:   	[INFO   ] adding 'kivy/tools/theming/defaulttheme/filechooser_selected.png'
[1m[90m[DEBUG][39m[0m:   	[INFO   ] adding 'kivy/tools/theming/defaulttheme/image-missing.png'
[1m[90m[DEBUG][39m[0m:   	[INFO   ] adding 'kivy/tools/theming/defaulttheme/media-playback-pause.png'
[1m[90m[DEBUG][39m[0m:   	[INFO   ] adding 'kivy/tools/theming/defaulttheme/media-playback-start.png'
[1m[90m[DEBUG][39m[0m:   	[INFO   ] adding 'kivy/tools/theming/defaulttheme/media-playback-stop.png'
[1m[90m[DEBUG][39m[0m:   	[INFO   ] adding 'kivy/tools/theming/defaulttheme/modalview-background.png'
[1m[90m[DEBUG][39m[0m:   	[INFO   ] adding 'kivy/tools/theming/defaulttheme/overflow.png'
[1m[90m[DEBUG][39m[0m:   	[INFO   ] adding 'kivy/tools/theming/defaulttheme/player-background.png'
[1m[90m[DEBUG][39m[0m:   	[INFO   ] adding 'kivy/tools/theming/defaulttheme/player-play-overlay.png'
[1m[90m[DEBUG][39m[0m:   	[INFO   ] adding 'kivy/tools/theming/defaulttheme/previous_normal.png'
[1m[90m[DEBUG][39m[0m:   	[INFO   ] adding 'kivy/tools/theming/defaulttheme/progressbar.png'
[1m[90m[DEBUG][39m[0m:   	[INFO   ] adding 'kivy/tools/theming/defaulttheme/progressbar_background.png'
[1m[90m[DEBUG][39m[0m:   	[INFO   ] adding 'kivy/tools/theming/defaulttheme/ring.png'
[1m[90m[DEBUG][39m[0m:   	[INFO   ] adding 'kivy/tools/theming/defaulttheme/selector_left.png'
[1m[90m[DEBUG][39m[0m:   	[INFO   ] adding 'kivy/tools/theming/defaulttheme/selector_middle.png'
[1m[90m[DEBUG][39m[0m:   	[INFO   ] adding 'kivy/tools/theming/defaulttheme/selector_right.png'
[1m[90m[DEBUG][39m[0m:   	[INFO   ] adding 'kivy/tools/theming/defaulttheme/separator.png'
[1m[90m[DEBUG][39m[0m:   	[INFO   ] adding 'kivy/tools/theming/defaulttheme/slider_cursor.png'
[1m[90m[DEBUG][39m[0m:   	[INFO   ] adding 'kivy/tools/theming/defaulttheme/slider_cursor_disabled.png'
[1m[90m[DEBUG][39m[0m:   	[INFO   ] adding 'kivy/tools/theming/defaulttheme/sliderh_background.png'
[1m[90m[DEBUG][39m[0m:   	[INFO   ] adding 'kivy/tools/theming/defaulttheme/sliderh_background_disabled.png'
[1m[90m[DEBUG][39m[0m:   	[INFO   ] adding 'kivy/tools/theming/defaulttheme/sliderv_background.png'
[1m[90m[DEBUG][39m[0m:   	[INFO   ] adding 'kivy/tools/theming/defaulttheme/sliderv_background_disabled.png'
[1m[90m[DEBUG][39m[0m:   	[INFO   ] adding 'kivy/tools/theming/defaulttheme/spinner.png'
[1m[90m[DEBUG][39m[0m:   	[INFO   ] adding 'kivy/tools/theming/defaulttheme/spinner_disabled.png'
[1m[90m[DEBUG][39m[0m:   	[INFO   ] adding 'kivy/tools/theming/defaulttheme/spinner_pressed.png'
[1m[90m[DEBUG][39m[0m:   	[INFO   ] adding 'kivy/tools/theming/defaulttheme/splitter.png'
[1m[90m[DEBUG][39m[0m:   	[INFO   ] adding 'kivy/tools/theming/defaulttheme/splitter_disabled.png'
[1m[90m[DEBUG][39m[0m:   	[INFO   ] adding 'kivy/tools/theming/defaulttheme/splitter_disabled_down.png'
[1m[90m[DEBUG][39m[0m:   	[INFO   ] adding 'kivy/tools/theming/defaulttheme/splitter_disabled_down_h.png'
[1m[90m[DEBUG][39m[0m:   	[INFO   ] adding 'kivy/tools/theming/defaulttheme/splitter_disabled_h.png'
[1m[90m[DEBUG][39m[0m:   	[INFO   ] adding 'kivy/tools/theming/defaulttheme/splitter_down.png'
[1m[90m[DEBUG][39m[0m:   	[INFO   ] adding 'kivy/tools/theming/defaulttheme/splitter_down_h.png'
[1m[90m[DEBUG][39m[0m:   	[INFO   ] adding 'kivy/tools/theming/defaulttheme/splitter_grip.png'
[1m[90m[DEBUG][39m[0m:   	[INFO   ] adding 'kivy/tools/theming/defaulttheme/splitter_grip_h.png'
[1m[90m[DEBUG][39m[0m:   	[INFO   ] adding 'kivy/tools/theming/defaulttheme/splitter_h.png'
[1m[90m[DEBUG][39m[0m:   	[INFO   ] adding 'kivy/tools/theming/defaulttheme/switch-background.png'
[1m[90m[DEBUG][39m[0m:   	[INFO   ] adding 'kivy/tools/theming/defaulttheme/switch-background_disabled.png'
[1m[90m[DEBUG][39m[0m:   	[INFO   ] adding 'kivy/tools/theming/defaulttheme/switch-button.png'
[1m[90m[DEBUG][39m[0m:   	[INFO   ] adding 'kivy/tools/theming/defaulttheme/switch-button_disabled.png'
[1m[90m[DEBUG][39m[0m:   	[INFO   ] adding 'kivy/tools/theming/defaulttheme/tab.png'
[1m[90m[DEBUG][39m[0m:   	[INFO   ] adding 'kivy/tools/theming/defaulttheme/tab_btn.png'
[1m[90m[DEBUG][39m[0m:   	[INFO   ] adding 'kivy/tools/theming/defaulttheme/tab_btn_disabled.png'
[1m[90m[DEBUG][39m[0m:   	[INFO   ] adding 'kivy/tools/theming/defaulttheme/tab_btn_disabled_pressed.png'
[1m[90m[DEBUG][39m[0m:   	[INFO   ] adding 'kivy/tools/theming/defaulttheme/tab_btn_pressed.png'
[1m[90m[DEBUG][39m[0m:   	[INFO   ] adding 'kivy/tools/theming/defaulttheme/tab_disabled.png'
[1m[90m[DEBUG][39m[0m:   	[INFO   ] adding 'kivy/tools/theming/defaulttheme/textinput.png'
[1m[90m[DEBUG][39m[0m:   	[INFO   ] adding 'kivy/tools/theming/defaulttheme/textinput_active.png'
[1m[90m[DEBUG][39m[0m:   	[INFO   ] adding 'kivy/tools/theming/defaulttheme/textinput_disabled.png'
[1m[90m[DEBUG][39m[0m:   	[INFO   ] adding 'kivy/tools/theming/defaulttheme/textinput_disabled_active.png'
[1m[90m[DEBUG][39m[0m:   	[INFO   ] adding 'kivy/tools/theming/defaulttheme/tree_closed.png'
[1m[90m[DEBUG][39m[0m:   	[INFO   ] adding 'kivy/tools/theming/defaulttheme/tree_opened.png'
[1m[90m[DEBUG][39m[0m:   	[INFO   ] adding 'kivy/tools/theming/defaulttheme/vkeyboard_background.png'
[1m[90m[DEBUG][39m[0m:   	[INFO   ] adding 'kivy/tools/theming/defaulttheme/vkeyboard_disabled_background.png'
[1m[90m[DEBUG][39m[0m:   	[INFO   ] adding 'kivy/tools/theming/defaulttheme/vkeyboard_disabled_key_down.png'
[1m[90m[DEBUG][39m[0m:   	[INFO   ] adding 'kivy/tools/theming/defaulttheme/vkeyboard_disabled_key_normal.png'
[1m[90m[DEBUG][39m[0m:   	[INFO   ] adding 'kivy/tools/theming/defaulttheme/vkeyboard_key_down.png'
[1m[90m[DEBUG][39m[0m:   	[INFO   ] adding 'kivy/tools/theming/defaulttheme/vkeyboard_key_normal.png'
[1m[90m[DEBUG][39m[0m:   	[INFO   ] adding 'kivy/uix/__init__.py'
[1m[90m[DEBUG][39m[0m:   	[INFO   ] adding 'kivy/uix/accordion.py'
[1m[90m[DEBUG][39m[0m:   	[INFO   ] adding 'kivy/uix/actionbar.py'
[1m[90m[DEBUG][39m[0m:   	[INFO   ] adding 'kivy/uix/anchorlayout.py'
[1m[90m[DEBUG][39m[0m:   	[INFO   ] adding 'kivy/uix/boxlayout.py'
[1m[90m[DEBUG][39m[0m:   	[INFO   ] adding 'kivy/uix/bubble.py'
[1m[90m[DEBUG][39m[0m:   	[INFO   ] adding 'kivy/uix/button.py'
[1m[90m[DEBUG][39m[0m:   	[INFO   ] adding 'kivy/uix/camera.py'
[1m[90m[DEBUG][39m[0m:   	[INFO   ] adding 'kivy/uix/carousel.py'
[1m[90m[DEBUG][39m[0m:   	[INFO   ] adding 'kivy/uix/checkbox.py'
[1m[90m[DEBUG][39m[0m:   	[INFO   ] adding 'kivy/uix/codeinput.py'
[1m[90m[DEBUG][39m[0m:   	[INFO   ] adding 'kivy/uix/colorpicker.py'
[1m[90m[DEBUG][39m[0m:   	[INFO   ] adding 'kivy/uix/dropdown.py'
[1m[90m[DEBUG][39m[0m:   	[INFO   ] adding 'kivy/uix/effectwidget.py'
[1m[90m[DEBUG][39m[0m:   	[INFO   ] adding 'kivy/uix/filechooser.py'
[1m[90m[DEBUG][39m[0m:   	[INFO   ] adding 'kivy/uix/floatlayout.py'
[1m[90m[DEBUG][39m[0m:   	[INFO   ] adding 'kivy/uix/gesturesurface.py'
[1m[90m[DEBUG][39m[0m:   	[INFO   ] adding 'kivy/uix/gridlayout.py'
[1m[90m[DEBUG][39m[0m:   	[INFO   ] adding 'kivy/uix/image.py'
[1m[90m[DEBUG][39m[0m:   	[INFO   ] adding 'kivy/uix/label.py'
[1m[90m[DEBUG][39m[0m:   	[INFO   ] adding 'kivy/uix/layout.py'
[1m[90m[DEBUG][39m[0m:   	[INFO   ] adding 'kivy/uix/modalview.py'
[1m[90m[DEBUG][39m[0m:   	[INFO   ] adding 'kivy/uix/pagelayout.py'
[1m[90m[DEBUG][39m[0m:   	[INFO   ] adding 'kivy/uix/popup.py'
[1m[90m[DEBUG][39m[0m:   	[INFO   ] adding 'kivy/uix/progressbar.py'
[1m[90m[DEBUG][39m[0m:   	[INFO   ] adding 'kivy/uix/recycleboxlayout.py'
[1m[90m[DEBUG][39m[0m:   	[INFO   ] adding 'kivy/uix/recyclegridlayout.py'
[1m[90m[DEBUG][39m[0m:   	[INFO   ] adding 'kivy/uix/recyclelayout.py'
[1m[90m[DEBUG][39m[0m:   	[INFO   ] adding 'kivy/uix/relativelayout.py'
[1m[90m[DEBUG][39m[0m:   	[INFO   ] adding 'kivy/uix/rst.py'
[1m[90m[DEBUG][39m[0m:   	[INFO   ] adding 'kivy/uix/sandbox.py'
[1m[90m[DEBUG][39m[0m:   	[INFO   ] adding 'kivy/uix/scatter.py'
[1m[90m[DEBUG][39m[0m:   	[INFO   ] adding 'kivy/uix/scatterlayout.py'
[1m[90m[DEBUG][39m[0m:   	[INFO   ] adding 'kivy/uix/screenmanager.py'
[1m[90m[DEBUG][39m[0m:   	[INFO   ] adding 'kivy/uix/scrollview.py'
[1m[90m[DEBUG][39m[0m:   	[INFO   ] adding 'kivy/uix/settings.py'
[1m[90m[DEBUG][39m[0m:   	[INFO   ] adding 'kivy/uix/slider.py'
[1m[90m[DEBUG][39m[0m:   	[INFO   ] adding 'kivy/uix/spinner.py'
[1m[90m[DEBUG][39m[0m:   	[INFO   ] adding 'kivy/uix/splitter.py'
[1m[90m[DEBUG][39m[0m:   	[INFO   ] adding 'kivy/uix/stacklayout.py'
[1m[90m[DEBUG][39m[0m:   	[INFO   ] adding 'kivy/uix/stencilview.py'
[1m[90m[DEBUG][39m[0m:   	[INFO   ] adding 'kivy/uix/switch.py'
[1m[90m[DEBUG][39m[0m:   	[INFO   ] adding 'kivy/uix/tabbedpanel.py'
[1m[90m[DEBUG][39m[0m:   	[INFO   ] adding 'kivy/uix/textinput.py'
[1m[90m[DEBUG][39m[0m:   	[INFO   ] adding 'kivy/uix/togglebutton.py'
[1m[90m[DEBUG][39m[0m:   	[INFO   ] adding 'kivy/uix/treeview.py'
[1m[90m[DEBUG][39m[0m:   	[INFO   ] adding 'kivy/uix/video.py'
[1m[90m[DEBUG][39m[0m:   	[INFO   ] adding 'kivy/uix/videoplayer.py'
[1m[90m[DEBUG][39m[0m:   	[INFO   ] adding 'kivy/uix/vkeyboard.py'
[1m[90m[DEBUG][39m[0m:   	[INFO   ] adding 'kivy/uix/widget.py'
[1m[90m[DEBUG][39m[0m:   	[INFO   ] adding 'kivy/uix/behaviors/__init__.py'
[1m[90m[DEBUG][39m[0m:   	[INFO   ] adding 'kivy/uix/behaviors/button.py'
[1m[90m[DEBUG][39m[0m:   	[INFO   ] adding 'kivy/uix/behaviors/codenavigation.py'
[1m[90m[DEBUG][39m[0m:   	[INFO   ] adding 'kivy/uix/behaviors/compoundselection.py'
[1m[90m[DEBUG][39m[0m:   	[INFO   ] adding 'kivy/uix/behaviors/cover.py'
[1m[90m[DEBUG][39m[0m:   	[INFO   ] adding 'kivy/uix/behaviors/drag.py'
[1m[90m[DEBUG][39m[0m:   	[INFO   ] adding 'kivy/uix/behaviors/emacs.py'
[1m[90m[DEBUG][39m[0m:   	[INFO   ] adding 'kivy/uix/behaviors/focus.py'
[1m[90m[DEBUG][39m[0m:   	[INFO   ] adding 'kivy/uix/behaviors/knspace.py'
[1m[90m[DEBUG][39m[0m:   	[INFO   ] adding 'kivy/uix/behaviors/togglebutton.py'
[1m[90m[DEBUG][39m[0m:   	[INFO   ] adding 'kivy/uix/behaviors/touchripple.py'
[1m[90m[DEBUG][39m[0m:   	[INFO   ] adding 'kivy/uix/recycleview/__init__.py'
[1m[90m[DEBUG][39m[0m:   	[INFO   ] adding 'kivy/uix/recycleview/datamodel.py'
[1m[90m[DEBUG][39m[0m:   	[INFO   ] adding 'kivy/uix/recycleview/layout.py'
[1m[90m[DEBUG][39m[0m:   	[INFO   ] adding 'kivy/uix/recycleview/views.py'
[1m[90m[DEBUG][39m[0m:   	[INFO   ] adding 'Kivy-2.3.1.dist-info/AUTHORS'
[1m[90m[DEBUG][39m[0m:   	[INFO   ] adding 'Kivy-2.3.1.dist-info/LICENSE'
[1m[90m[DEBUG][39m[0m:   	[INFO   ] adding 'Kivy-2.3.1.dist-info/METADATA'
[1m[90m[DEBUG][39m[0m:   	[INFO   ] adding 'Kivy-2.3.1.dist-info/WHEEL'
[1m[90m[DEBUG][39m[0m:   	[INFO   ] adding 'Kivy-2.3.1.dist-info/dependency_links.txt'
[1m[90m[DEBUG][39m[0m:   	[INFO   ] adding 'Kivy-2.3.1.dist-info/top_level.txt'
[1m[90m[DEBUG][39m[0m:   	[INFO   ] adding 'Kivy-2.3.1.dist-info/RECORD'
[1m[90m[DEBUG][39m[0m:   	[INFO   ] removing build/bdist.linux-x86_64/wheel
[1m[90m[DEBUG][39m[0m:   	[1m[92mSuccessfully built [4mKivy-2.3.1-cp314-cp314-android_21_arm64_v8a.whl[0m[1m[92m[0m
[1m[INFO][0m:    [36m<- directory context /app/.buildozer/android/platform/python-for-android[39m
[1m[INFO][0m:    Installing built wheel: Kivy-2.3.1-cp314-cp314-android_21_arm64_v8a.whl
[1m[INFO][0m:    [1m[32mBuilding cryptography for arm64-v8a[0m[39m
[1m[INFO][0m:    cryptography apparently isn't already in site-packages
stty: 'standard input': Inappropriate ioctl for device
[1m[90m[DEBUG][39m[0m:   [90m->[0m running pip3 install cryptography==46.0.3 --ignore-installed --disable-pip-version-check --python-version 3.14.2 --only-binary=:all: --no-deps --platform=android_21_arm64_v8a --platform=android_21_aarch64 --dry-run -q[0m
[1m[90m[DEBUG][39m[0m:   	[31mERROR: Could not find a version that satisfies the requirement cryptography==46.0.3 (from versions: none)[0m[31m
[1m[90m[DEBUG][39m[0m:   	[0m[31mERROR: No matching distribution found for cryptography==46.0.3[0m[31m
[1m[90m[DEBUG][39m[0m:   	[0m
Exception in thread background thread for pid 422653:
Traceback (most recent call last):
  File "/home/jules/.pyenv/versions/3.12.13/lib/python3.12/threading.py", line 1075, in _bootstrap_inner
    self.run()
  File "/home/jules/.pyenv/versions/3.12.13/lib/python3.12/threading.py", line 1012, in run
    self._target(*self._args, **self._kwargs)
  File "/home/jules/.local/lib/python3.12/site-packages/sh/__init__.py", line 1716, in wrap
    fn(*rgs, **kwargs)
  File "/home/jules/.local/lib/python3.12/site-packages/sh/__init__.py", line 2727, in background_thread
    handle_exit_code(exit_code)
  File "/home/jules/.local/lib/python3.12/site-packages/sh/__init__.py", line 2418, in fn
    return self.command.handle_command_exit_code(exit_code)
           ^^^^^^^^^^^^^^^^^^^^^^^^^^^^^^^^^^^^^^^^^^^^^^^^
  File "/home/jules/.local/lib/python3.12/site-packages/sh/__init__.py", line 823, in handle_command_exit_code
    raise exc
sh.ErrorReturnCode_1:

  RAN: /app/.buildozer/android/platform/build-arm64-v8a/build/other_builds/hostpython3/desktop/hostpython3/native-build/root/usr/local/bin/pip3 install cryptography==46.0.3 --ignore-installed --disable-pip-version-check --python-version 3.14.2 --only-binary=:all: --no-deps --platform=android_21_arm64_v8a --platform=android_21_aarch64 --dry-run -q

  STDOUT:
[31mERROR: Could not find a version that satisfies the requirement cryptography==46.0.3 (from versions: none)[0m[31m
[0m[31mERROR: No matching distribution found for cryptography==46.0.3[0m[31m
[0m

  STDERR:

stty: 'standard input': Inappropriate ioctl for device
[1m[90m[DEBUG][39m[0m:   [90m->[0m running pip3 install build[virtualenv] pip setuptools patchelf setuptools -q --upgrade[0m
[1m[INFO][0m:    [1m[32mEnsuring rust build toolchain[0m[39m
stty: 'standard input': Inappropriate ioctl for device
[1m[90m[DEBUG][39m[0m:   [90m->[0m running rustup target add aarch64-linux-android[0m
[1m[90m[DEBUG][39m[0m:   	[0m[1minfo: [0mcomponent 'rust-std' for target 'aarch64-linux-android' is up to date
[1m[INFO][0m:    [36m-> directory context /app/.buildozer/android/platform/build-arm64-v8a/build/other_builds/cryptography/arm64-v8a__ndk_target_21/cryptography[39m
stty: 'standard input': Inappropriate ioctl for device
[1m[90m[DEBUG][39m[0m:   [90m->[0m running python -m build --wheel --config-setting builddir=/app/.buildozer/android/platform/build-arm64-v8a/build/other_builds/cryptography/arm64-v8a__ndk_target_21/cryptography/p4a_android_build[0m
[1m[90m[DEBUG][39m[0m:   	[1m* Creating isolated environment: venv+pip...[0m
[1m[90m[DEBUG][39m[0m:   	[1m* Installing packages in isolated environment:[0m
[1m[90m[DEBUG][39m[0m:   	  - cffi>=1.14; platform_python_implementation != 'PyPy' and python_version ==
[1m[90m[DEBUG][39m[0m:   	  '3.8'
[1m[90m[DEBUG][39m[0m:   	  - cffi>=2.0.0; platform_python_implementation != 'PyPy' and python_version
[1m[90m[DEBUG][39m[0m:   	  >= '3.9'
[1m[90m[DEBUG][39m[0m:   	  - maturin>=1.9.4,<2
[1m[90m[DEBUG][39m[0m:   	  - setuptools!=74.0.0,!=74.1.0,!=74.1.1,!=74.1.2
[1m[90m[DEBUG][39m[0m:   	[1m* Getting build dependencies for wheel...[0m
[1m[90m[DEBUG][39m[0m:   	[1m* Building wheel...[0m
[1m[90m[DEBUG][39m[0m:   	Running `maturin pep517 build-wheel -i /tmp/build-env-j_2unbuh/bin/python --compatibility off`
[1m[90m[DEBUG][39m[0m:   	🍹 Building a mixed python/rust project
[1m[90m[DEBUG][39m[0m:   	🐍 Using build-details.json for cross-compiling preparation
[1m[90m[DEBUG][39m[0m:   	🔗 Found pyo3 bindings with abi3 support
[1m[90m[DEBUG][39m[0m:   	📡 Using build options locked from pyproject.toml
[1m[90m[DEBUG][39m[0m:   	   Compiling openssl-sys v0.9.110
[1m[90m[DEBUG][39m[0m:   	   Compiling libc v0.2.175
[1m[90m[DEBUG][39m[0m:   	   Compiling once_cell v1.21.3
[1m[90m[DEBUG][39m[0m:   	   Compiling foreign-types-shared v0.1.1
[1m[90m[DEBUG][39m[0m:   	    Building [=======>                   ] 22/71: foreign-types-shared, opens…    Building [=======>                   ] 23/71: foreign-types-shared, opens…   Compiling openssl v0.10.74
[1m[90m[DEBUG][39m[0m:   	    Building [========>                  ] 25/71: foreign-types-shared, opens…   Compiling pyo3-ffi v0.26.0
[1m[90m[DEBUG][39m[0m:   	    Building [=========>                 ] 27/71: foreign-types-shared, pyo3-…   Compiling foreign-types v0.3.2
[1m[90m[DEBUG][39m[0m:   	    Building [=========>                 ] 28/71: foreign-types-shared, forei…   Compiling bitflags v2.9.4
[1m[90m[DEBUG][39m[0m:   	    Building [==========>                ] 31/71: bitflags, foreign-types, on…   Compiling cfg-if v1.0.3
[1m[90m[DEBUG][39m[0m:   	    Building [===========>               ] 32/71: bitflags, once_cell, cfg-if…   Compiling memoffset v0.9.1
[1m[90m[DEBUG][39m[0m:   	    Building [============>              ] 35/71: bitflags, memoffset(build),…   Compiling itoa v1.0.15
[1m[90m[DEBUG][39m[0m:   	    Building [=============>             ] 38/71: bitflags, itoa, once_cell, …   Compiling asn1 v0.22.0
[1m[90m[DEBUG][39m[0m:   	    Building [=============>             ] 39/71: bitflags, once_cell, asn1, …   Compiling pyo3 v0.26.0
[1m[90m[DEBUG][39m[0m:   	    Building [==============>            ] 40/71: bitflags, pyo3(build), asn1…    Building [==============>            ] 41/71: bitflags, openssl-sys, asn1…    Building [==============>            ] 42/71: bitflags, openssl-sys, asn1…    Building [===============>           ] 43/71: openssl-sys, memoffset, asn…   Compiling unindent v0.2.4
[1m[90m[DEBUG][39m[0m:   	    Building [================>          ] 46/71: openssl-sys, unindent, asn1…    Building [=================>         ] 48/71: openssl-sys, pyo3, unindent…   Compiling cryptography-key-parsing v0.1.0 (/app/.buildozer/android/platform/build-arm64-v8a/build/other_builds/cryptography/arm64-v8a__ndk_target_21/cryptography/src/rust/cryptography-key-parsing)
[1m[90m[DEBUG][39m[0m:   	    Building [=================>         ] 49/71: openssl-sys, pyo3, cryptogr…   Compiling cryptography-openssl v0.1.0 (/app/.buildozer/android/platform/build-arm64-v8a/build/other_builds/cryptography/arm64-v8a__ndk_target_21/cryptography/src/rust/cryptography-openssl)
[1m[90m[DEBUG][39m[0m:   	    Building [==================>        ] 52/71: openssl-sys, cryptography-o…   Compiling cryptography-cffi v0.1.0 (/app/.buildozer/android/platform/build-arm64-v8a/build/other_builds/cryptography/arm64-v8a__ndk_target_21/cryptography/src/rust/cryptography-cffi)
[1m[90m[DEBUG][39m[0m:   	    Building [===================>       ] 53/71: openssl-sys, cryptography-c…    Building [===================>       ] 54/71: cryptography-cffi(build), p…   Compiling cryptography-x509 v0.1.0 (/app/.buildozer/android/platform/build-arm64-v8a/build/other_builds/cryptography/arm64-v8a__ndk_target_21/cryptography/src/rust/cryptography-x509)
[1m[90m[DEBUG][39m[0m:   	    Building [===================>       ] 55/71: cryptography-x509, cryptogr…   Compiling cryptography-crypto v0.1.0 (/app/.buildozer/android/platform/build-arm64-v8a/build/other_builds/cryptography/arm64-v8a__ndk_target_21/cryptography/src/rust/cryptography-crypto)
[1m[90m[DEBUG][39m[0m:   	    Building [====================>      ] 56/71: cryptography-x509, cryptogr…    Building [====================>      ] 57/71: cryptography-x509, pyo3, cr…   Compiling base64 v0.22.1
[1m[90m[DEBUG][39m[0m:   	    Building [=====================>     ] 59/71: base64, cryptography-x509, …   Compiling pem v3.0.5
[1m[90m[DEBUG][39m[0m:   	    Building [=====================>     ] 60/71: cryptography-x509, pyo3, pe…   Compiling cryptography-rust v0.1.0 (/app/.buildozer/android/platform/build-arm64-v8a/build/other_builds/cryptography/arm64-v8a__ndk_target_21/cryptography/src/rust)
[1m[90m[DEBUG][39m[0m:   	    Building [======================>    ] 61/71: cryptography-x509, cryptogr…   Compiling cryptography-x509-verification v0.1.0 (/app/.buildozer/android/platform/build-arm64-v8a/build/other_builds/cryptography/arm64-v8a__ndk_target_21/cryptography/src/rust/cryptography-x509-verification)
[1m[90m[DEBUG][39m[0m:   	    Building [======================>    ] 62/71: cryptography-x509, pyo3, pe…    Building [======================>    ] 63/71: cryptography-x509, cryptogr…    Building [=======================>   ] 64/71: cryptography-x509, cryptogr…   Compiling cryptography-keepalive v0.1.0 (/app/.buildozer/android/platform/build-arm64-v8a/build/other_builds/cryptography/arm64-v8a__ndk_target_21/cryptography/src/rust/cryptography-keepalive)
[1m[90m[DEBUG][39m[0m:   	    Building [=======================>   ] 65/71: cryptography-x509, cryptogr…   Compiling self_cell v1.2.0
[1m[90m[DEBUG][39m[0m:   	    Building [========================>  ] 66/71: cryptography-x509, cryptogr…    Building [========================>  ] 67/71: cryptography-x509, self_cel…    Building [========================>  ] 68/71: cryptography-x509, cryptogr…    Building [=========================> ] 69/71: cryptography-x509               Building [=========================> ] 70/71: cryptography-rust               Finished `release` profile [optimized] target(s) in 36.70s
[1m[90m[DEBUG][39m[0m:   	📦 Including files matching "CHANGELOG.rst"
[1m[90m[DEBUG][39m[0m:   	📦 Including files matching "CONTRIBUTING.rst"
[1m[90m[DEBUG][39m[0m:   	📦 Including files matching "docs/**/*"
[1m[90m[DEBUG][39m[0m:   	📦 Including files matching "tests/**/*.py"
[1m[90m[DEBUG][39m[0m:   	📦 Built wheel for abi3 Python ≥ 3.14 to /app/.buildozer/android/platform/build-arm64-v8a/build/other_builds/cryptography/arm64-v8a__ndk_target_21/cryptography/target/wheels/cryptography-46.0.3-cp314-abi3-android_21_arm64_v8a.whl
[1m[90m[DEBUG][39m[0m:   	/app/.buildozer/android/platform/build-arm64-v8a/build/other_builds/cryptography/arm64-v8a__ndk_target_21/cryptography/target/wheels/cryptography-46.0.3-cp314-abi3-android_21_arm64_v8a.whl
[1m[90m[DEBUG][39m[0m:   	[1m[92mSuccessfully built [4mcryptography-46.0.3-cp314-abi3-android_21_arm64_v8a.whl[0m[1m[92m[0m
[1m[INFO][0m:    [36m<- directory context /app/.buildozer/android/platform/python-for-android[39m
[1m[INFO][0m:    Installing built wheel: cryptography-46.0.3-cp314-abi3-android_21_arm64_v8a.whl
[1m[INFO][0m:    [1m[32m# Biglinking object files[0m[39m
[1m[31m[WARNING][39m[0m: Context's python recipe found, skipping biglink (will this work?)
[1m[INFO][0m:    [1m[32m# Postbuilding recipes[0m[39m
[1m[INFO][0m:    [1m[32mPostbuilding hostpython3 for arm64-v8a[0m[39m
[1m[INFO][0m:    [1m[32mPostbuilding libffi for arm64-v8a[0m[39m
[1m[INFO][0m:    [1m[32mPostbuilding openssl for arm64-v8a[0m[39m
[1m[INFO][0m:    [1m[32mPostbuilding sdl2_image for arm64-v8a[0m[39m
[1m[INFO][0m:    [1m[32mPostbuilding sdl2_mixer for arm64-v8a[0m[39m
[1m[INFO][0m:    [1m[32mPostbuilding sdl2_ttf for arm64-v8a[0m[39m
[1m[INFO][0m:    [1m[32mPostbuilding sqlite3 for arm64-v8a[0m[39m
[1m[INFO][0m:    [1m[32mPostbuilding python3 for arm64-v8a[0m[39m
[1m[INFO][0m:    [1m[32mPostbuilding sdl2 for arm64-v8a[0m[39m
[1m[INFO][0m:    [1m[32mPostbuilding pyjnius for arm64-v8a[0m[39m
[1m[INFO][0m:    Copying pyjnius java class to classes build dir
[1m[INFO][0m:    [36m-> directory context /app/.buildozer/android/platform/build-arm64-v8a/build/other_builds/pyjnius-sdl2/arm64-v8a__ndk_target_21/pyjnius[39m
[1m[90m[DEBUG][39m[0m:   Create directory /app/.buildozer/android/platform/build-arm64-v8a/build/javaclasses/neshrblek
stty: 'standard input': Inappropriate ioctl for device
[1m[90m[DEBUG][39m[0m:   [90m->[0m running cp -a jnius/src/org /app/.buildozer/android/platform/build-arm64-v8a/build/javaclasses/neshrblek[0m
[1m[INFO][0m:    [36m<- directory context /app/.buildozer/android/platform/python-for-android[39m
[1m[INFO][0m:    [1m[32mPostbuilding setuptools for arm64-v8a[0m[39m
[1m[INFO][0m:    [1m[32mPostbuilding android for arm64-v8a[0m[39m
[1m[INFO][0m:    [1m[32mPostbuilding pycparser for arm64-v8a[0m[39m
[1m[INFO][0m:    [1m[32mPostbuilding cffi for arm64-v8a[0m[39m
[1m[INFO][0m:    [1m[32mPostbuilding kivy for arm64-v8a[0m[39m
[1m[INFO][0m:    [1m[32mPostbuilding cryptography for arm64-v8a[0m[39m
[1m[INFO][0m:    [1m[32m# Installing pure Python modules[0m[39m
[1m[INFO][0m:    *** PYTHON PACKAGE / PROJECT INSTALL STAGE FOR ARCH: arm64-v8a ***
stty: 'standard input': Inappropriate ioctl for device
[1m[90m[DEBUG][39m[0m:   [90m->[0m running pip3 install arabic-reshaper certifi chardet filetype gcloud idna jwcrypto pyasn1 pyasn1-modules pyrebase4 python-bidi requests six urllib3 --dry-run --break-system-packages --ignore-installed --disable-pip-version-check --only-binary=:all: --report /tmp/tmpytqaka0g -q --platform=android_21_arm64_v8a --platform=android_21_aarch64 --python-version 3.14.2[0m
[1m[90m[DEBUG][39m[0m:   	[31mERROR: Cannot install gcloud, pyrebase4==4.1.0, pyrebase4==4.2.0, pyrebase4==4.3.0, pyrebase4==4.4.0, pyrebase4==4.4.1, pyrebase4==4.4.2, pyrebase4==4.4.3, pyrebase4==4.5.0, pyrebase4==4.6.0, pyrebase4==4.7.1, pyrebase4==4.8.0 and pyrebase4==4.9.0 because these package versions have conflicting dependencies.[0m[31m
[1m[90m[DEBUG][39m[0m:   	[0m[31mERROR: ResolutionImpossible: for help visit https://pip.pypa.io/en/latest/topics/dependency-resolution/#dealing-with-dependency-conflicts[0m[31m
[1m[90m[DEBUG][39m[0m:   	[0m
Exception in thread background thread for pid 429668:
Traceback (most recent call last):
  File "/home/jules/.pyenv/versions/3.12.13/lib/python3.12/threading.py", line 1075, in _bootstrap_inner
    self.run()
  File "/home/jules/.pyenv/versions/3.12.13/lib/python3.12/threading.py", line 1012, in run
    self._target(*self._args, **self._kwargs)
  File "/home/jules/.local/lib/python3.12/site-packages/sh/__init__.py", line 1716, in wrap
    fn(*rgs, **kwargs)
  File "/home/jules/.local/lib/python3.12/site-packages/sh/__init__.py", line 2727, in background_thread
    handle_exit_code(exit_code)
  File "/home/jules/.local/lib/python3.12/site-packages/sh/__init__.py", line 2418, in fn
    return self.command.handle_command_exit_code(exit_code)
           ^^^^^^^^^^^^^^^^^^^^^^^^^^^^^^^^^^^^^^^^^^^^^^^^
  File "/home/jules/.local/lib/python3.12/site-packages/sh/__init__.py", line 823, in handle_command_exit_code
    raise exc
sh.ErrorReturnCode_1:

  RAN: /app/.buildozer/android/platform/build-arm64-v8a/build/other_builds/hostpython3/desktop/hostpython3/native-build/root/usr/local/bin/pip3 install arabic-reshaper certifi chardet filetype gcloud idna jwcrypto pyasn1 pyasn1-modules pyrebase4 python-bidi requests six urllib3 --dry-run --break-system-packages --ignore-installed --disable-pip-version-check --only-binary=:all: --report /tmp/tmpytqaka0g -q --platform=android_21_arm64_v8a --platform=android_21_aarch64 --python-version 3.14.2

  STDOUT:
[31mERROR: Cannot install gcloud, pyrebase4==4.1.0, pyrebase4==4.2.0, pyrebase4==4.3.0, pyrebase4==4.4.0, pyrebase4==4.4.1, pyrebase4==4.4.2, pyrebase4==4.4.3, pyrebase4==4.5.0, pyrebase4==4.6.0, pyrebase4==4.7.1, pyrebase4==4.8.0 and pyrebase4==4.9.0 because these package versions have conflicting dependencies.[0m[31m
[0m[31mERROR: ResolutionImpossible: for help visit https://pip.pypa.io/en/latest/topics/dependency-resolution/#dealing-with-dependency-conflicts[0m[31m
[0m

  STDERR:

[1m[31m[WARNING][39m[0m: Auto module resolution failed:

  RAN: /app/.buildozer/android/platform/build-arm64-v8a/build/other_builds/hostpython3/desktop/hostpython3/native-build/root/usr/local/bin/pip3 install arabic-reshaper certifi chardet filetype gcloud idna jwcrypto pyasn1 pyasn1-modules pyrebase4 python-bidi requests six urllib3 --dry-run --break-system-packages --ignore-installed --disable-pip-version-check --only-binary=:all: --report /tmp/tmpytqaka0g -q --platform=android_21_arm64_v8a --platform=android_21_aarch64 --python-version 3.14.2

  STDOUT:
[31mERROR: Cannot install gcloud, pyrebase4==4.1.0, pyrebase4==4.2.0, pyrebase4==4.3.0, pyrebase4==4.4.0, pyrebase4==4.4.1, pyrebase4==4.4.2, pyrebase4==4.4.3, pyrebase4==4.5.0, pyrebase4==4.6.0, pyrebase4==4.7.1, pyrebase4==4.8.0 and pyrebase4==4.9.0 because these package versions have conflicting dependencies.[0m[31m
[0m[31mERROR: ResolutionImpossible: for help visit https://pip.pypa.io/en/latest/topics/dependency-resolution/#dealing-with-dependency-conflicts[0m[31m
[0m

  STDERR:

[1m[INFO][0m:    The requirements (arabic-reshaper, certifi, chardet, filetype, gcloud, idna, jwcrypto, pyasn1, pyasn1-modules, pyrebase4, python-bidi, requests, six, urllib3) don't have recipes, attempting to install them with pip
[1m[INFO][0m:    If this fails, it may mean that the module has compiled components and needs a recipe.
[1m[INFO][0m:    [36m-> directory context /app/.buildozer/android/platform/build-arm64-v8a/build[39m
stty: 'standard input': Inappropriate ioctl for device
[1m[90m[DEBUG][39m[0m:   [90m->[0m running python -m venv venv[0m
[1m[INFO][0m:    Upgrade pip to latest version
stty: 'standard input': Inappropriate ioctl for device
[1m[90m[DEBUG][39m[0m:   [90m->[0m running bash -c source venv/bin/activate && pip install -U pip[0m
[1m[90m[DEBUG][39m[0m:   	Requirement already satisfied: pip in ./venv/lib/python3.14/site-packages (25.3)
[1m[90m[DEBUG][39m[0m:   	Collecting pip
[1m[90m[DEBUG][39m[0m:   	  Using cached pip-26.1.2-py3-none-any.whl.metadata (4.6 kB)
[1m[90m[DEBUG][39m[0m:   	Using cached pip-26.1.2-py3-none-any.whl (1.8 MB)
[1m[90m[DEBUG][39m[0m:   	Installing collected packages: pip
[1m[90m[DEBUG][39m[0m:   	  Attempting uninstall: pip
[1m[90m[DEBUG][39m[0m:   	    Found existing installation: pip 25.3
[1m[90m[DEBUG][39m[0m:   	    Uninstalling pip-25.3:
[1m[90m[DEBUG][39m[0m:   	      Successfully uninstalled pip-25.3
[1m[90m[DEBUG][39m[0m:   	Successfully installed pip-26.1.2
[1m[INFO][0m:    Install Cython in case one of the modules needs it to build
stty: 'standard input': Inappropriate ioctl for device
[1m[90m[DEBUG][39m[0m:   [90m->[0m running bash -c venv/bin/pip install Cython[0m
[1m[90m[DEBUG][39m[0m:   	Requirement already satisfied: Cython in ./venv/lib/python3.14/site-packages (3.2.5)
[1m[INFO][0m:    Creating a requirements.txt file for the Python modules
[1m[INFO][0m:    Installing Python modules with pip
[1m[INFO][0m:    IF THIS FAILS, THE MODULES MAY NEED A RECIPE. A reason for this is often modules compiling native code that is unaware of Android cross-compilation and does not work without additional changes / workarounds.
stty: 'standard input': Inappropriate ioctl for device
[1m[90m[DEBUG][39m[0m:   [90m->[0m running bash -c venv/bin/pip install -v --target '/app/.buildozer/android/platform/build-arm64-v8a/build/python-installs/neshrblek/arm64-v8a' --no-deps -r requirements.txt[0m
[1m[90m[DEBUG][39m[0m:   	Using pip 26.1.2 from /app/.buildozer/android/platform/build-arm64-v8a/build/venv/lib/python3.14/site-packages/pip (python 3.14)
[1m[90m[DEBUG][39m[0m:   	Collecting arabic-reshaper (from -r requirements.txt (line 1))
[1m[90m[DEBUG][39m[0m:   	  Obtaining dependency information for arabic-reshaper from https://files.pythonhosted.org/packages/6e/7d/77752d819ede528c664ecf4de974b17b049e054a14537b74b53c8568014f/arabic_reshaper-3.0.1-py3-none-any.whl.metadata
[1m[90m[DEBUG][39m[0m:   	  Using cached arabic_reshaper-3.0.1-py3-none-any.whl.metadata (13 kB)
[1m[90m[DEBUG][39m[0m:   	Collecting certifi (from -r requirements.txt (line 2))
[1m[90m[DEBUG][39m[0m:   	  Obtaining dependency information for certifi from https://files.pythonhosted.org/packages/59/8c/57e832b7af6d7c5abe66eb3fbe3a3a32f4d11ea23a1aa7131371035be991/certifi-2026.5.20-py3-none-any.whl.metadata
[1m[90m[DEBUG][39m[0m:   	  Using cached certifi-2026.5.20-py3-none-any.whl.metadata (2.5 kB)
[1m[90m[DEBUG][39m[0m:   	Collecting chardet (from -r requirements.txt (line 3))
[1m[90m[DEBUG][39m[0m:   	  Obtaining dependency information for chardet from https://files.pythonhosted.org/packages/c2/20/193faab46a68ea550587331a698c3dca8099f8901d10937c4443135c7ed9/chardet-7.4.3-cp314-cp314-manylinux2014_x86_64.manylinux_2_17_x86_64.manylinux_2_28_x86_64.whl.metadata
[1m[90m[DEBUG][39m[0m:   	  Using cached chardet-7.4.3-cp314-cp314-manylinux2014_x86_64.manylinux_2_17_x86_64.manylinux_2_28_x86_64.whl.metadata (9.4 kB)
[1m[90m[DEBUG][39m[0m:   	Collecting filetype (from -r requirements.txt (line 4))
[1m[90m[DEBUG][39m[0m:   	  Obtaining dependency information for filetype from https://files.pythonhosted.org/packages/18/79/1b8fa1bb3568781e84c9200f951c735f3f157429f44be0495da55894d620/filetype-1.2.0-py2.py3-none-any.whl.metadata
[1m[90m[DEBUG][39m[0m:   	  Using cached filetype-1.2.0-py2.py3-none-any.whl.metadata (6.5 kB)
[1m[90m[DEBUG][39m[0m:   	Collecting gcloud (from -r requirements.txt (line 5))
[1m[90m[DEBUG][39m[0m:   	  Using cached gcloud-0.18.3-py3-none-any.whl
[1m[90m[DEBUG][39m[0m:   	Collecting idna (from -r requirements.txt (line 6))
[1m[90m[DEBUG][39m[0m:   	  Obtaining dependency information for idna from https://files.pythonhosted.org/packages/1e/5e/d4e9f1a599fb8e573b7b87160658329fbf28d19eac2718f51fc3def3aa5a/idna-3.18-py3-none-any.whl.metadata
[1m[90m[DEBUG][39m[0m:   	  Using cached idna-3.18-py3-none-any.whl.metadata (6.1 kB)
[1m[90m[DEBUG][39m[0m:   	Collecting jwcrypto (from -r requirements.txt (line 7))
[1m[90m[DEBUG][39m[0m:   	  Obtaining dependency information for jwcrypto from https://files.pythonhosted.org/packages/72/24/fb7da4d6613de7001feaf540d4b5969c6b5a1c42839043b0196cb13aa057/jwcrypto-1.5.7-py3-none-any.whl.metadata
[1m[90m[DEBUG][39m[0m:   	  Using cached jwcrypto-1.5.7-py3-none-any.whl.metadata (3.3 kB)
[1m[90m[DEBUG][39m[0m:   	Collecting pyasn1 (from -r requirements.txt (line 8))
[1m[90m[DEBUG][39m[0m:   	  Obtaining dependency information for pyasn1 from https://files.pythonhosted.org/packages/5d/a0/7d793dce3fa811fe047d6ae2431c672364b462850c6235ae306c0efd025f/pyasn1-0.6.3-py3-none-any.whl.metadata
[1m[90m[DEBUG][39m[0m:   	  Using cached pyasn1-0.6.3-py3-none-any.whl.metadata (8.4 kB)
[1m[90m[DEBUG][39m[0m:   	Collecting pyasn1-modules (from -r requirements.txt (line 9))
[1m[90m[DEBUG][39m[0m:   	  Obtaining dependency information for pyasn1-modules from https://files.pythonhosted.org/packages/47/8d/d529b5d697919ba8c11ad626e835d4039be708a35b0d22de83a269a6682c/pyasn1_modules-0.4.2-py3-none-any.whl.metadata
[1m[90m[DEBUG][39m[0m:   	  Using cached pyasn1_modules-0.4.2-py3-none-any.whl.metadata (3.5 kB)
[1m[90m[DEBUG][39m[0m:   	Collecting pyrebase4 (from -r requirements.txt (line 10))
[1m[90m[DEBUG][39m[0m:   	  Obtaining dependency information for pyrebase4 from https://files.pythonhosted.org/packages/0c/8c/c103832d7df2a48985c17cbac3b8d1acdca7b31eac91d627ec6e6e76e01e/pyrebase4-4.9.0-py3-none-any.whl.metadata
[1m[90m[DEBUG][39m[0m:   	  Using cached pyrebase4-4.9.0-py3-none-any.whl.metadata (664 bytes)
[1m[90m[DEBUG][39m[0m:   	Collecting python-bidi (from -r requirements.txt (line 11))
[1m[90m[DEBUG][39m[0m:   	  Obtaining dependency information for python-bidi from https://files.pythonhosted.org/packages/96/d1/ab44323950a7d9d58323c28e323ab88348dce92986f120e0f038bb2000cd/python_bidi-0.6.10-cp314-cp314-manylinux_2_17_x86_64.manylinux2014_x86_64.whl.metadata
[1m[90m[DEBUG][39m[0m:   	  Using cached python_bidi-0.6.10-cp314-cp314-manylinux_2_17_x86_64.manylinux2014_x86_64.whl.metadata (5.3 kB)
[1m[90m[DEBUG][39m[0m:   	Collecting requests (from -r requirements.txt (line 12))
[1m[90m[DEBUG][39m[0m:   	  Obtaining dependency information for requests from https://files.pythonhosted.org/packages/a0/f4/c67b0b3f1b9245e8d266f0f112c500d50e5b4e83cb6f3b71b6528104182a/requests-2.34.2-py3-none-any.whl.metadata
[1m[90m[DEBUG][39m[0m:   	  Using cached requests-2.34.2-py3-none-any.whl.metadata (4.8 kB)
[1m[90m[DEBUG][39m[0m:   	Collecting six (from -r requirements.txt (line 13))
[1m[90m[DEBUG][39m[0m:   	  Obtaining dependency information for six from https://files.pythonhosted.org/packages/b7/ce/149a00dd41f10bc29e5921b496af8b574d8413afcd5e30dfa0ed46c2cc5e/six-1.17.0-py2.py3-none-any.whl.metadata
[1m[90m[DEBUG][39m[0m:   	  Using cached six-1.17.0-py2.py3-none-any.whl.metadata (1.7 kB)
[1m[90m[DEBUG][39m[0m:   	Collecting urllib3 (from -r requirements.txt (line 14))
[1m[90m[DEBUG][39m[0m:   	  Obtaining dependency information for urllib3 from https://files.pythonhosted.org/packages/7f/3e/5db95bcf282c52709639744ca2a8b149baccf648e39c8cc87553df9eae0c/urllib3-2.7.0-py3-none-any.whl.metadata
[1m[90m[DEBUG][39m[0m:   	  Using cached urllib3-2.7.0-py3-none-any.whl.metadata (6.9 kB)
[1m[90m[DEBUG][39m[0m:   	Using cached arabic_reshaper-3.0.1-py3-none-any.whl (20 kB)
[1m[90m[DEBUG][39m[0m:   	Using cached certifi-2026.5.20-py3-none-any.whl (134 kB)
[1m[90m[DEBUG][39m[0m:   	Using cached chardet-7.4.3-cp314-cp314-manylinux2014_x86_64.manylinux_2_17_x86_64.manylinux_2_28_x86_64.whl (887 kB)
[1m[90m[DEBUG][39m[0m:   	Using cached filetype-1.2.0-py2.py3-none-any.whl (19 kB)
[1m[90m[DEBUG][39m[0m:   	Using cached idna-3.18-py3-none-any.whl (65 kB)
[1m[90m[DEBUG][39m[0m:   	Using cached jwcrypto-1.5.7-py3-none-any.whl (94 kB)
[1m[90m[DEBUG][39m[0m:   	Using cached pyasn1-0.6.3-py3-none-any.whl (83 kB)
[1m[90m[DEBUG][39m[0m:   	Using cached pyasn1_modules-0.4.2-py3-none-any.whl (181 kB)
[1m[90m[DEBUG][39m[0m:   	Using cached pyrebase4-4.9.0-py3-none-any.whl (9.1 kB)
[1m[90m[DEBUG][39m[0m:   	Using cached python_bidi-0.6.10-cp314-cp314-manylinux_2_17_x86_64.manylinux2014_x86_64.whl (298 kB)
[1m[90m[DEBUG][39m[0m:   	Using cached requests-2.34.2-py3-none-any.whl (73 kB)
[1m[90m[DEBUG][39m[0m:   	Using cached six-1.17.0-py2.py3-none-any.whl (11 kB)
[1m[90m[DEBUG][39m[0m:   	Using cached urllib3-2.7.0-py3-none-any.whl (131 kB)
[1m[90m[DEBUG][39m[0m:   	Installing collected packages: pyrebase4, gcloud, filetype, urllib3, six, requests, python-bidi, pyasn1-modules, pyasn1, jwcrypto, idna, chardet, certifi, arabic-reshaper
[1m[90m[DEBUG][39m[0m:   	[?25l[2K   [38;5;197m━━[0m[38;5;197m╸[0m[38;5;237m━━━━━━━━━━━━━━━━━━━━━━━━━━━━━━━━━━━━━[0m [32m 1/14[0m [gcloud][2K   [38;5;197m━━[0m[38;5;197m╸[0m[38;5;237m━━━━━━━━━━━━━━━━━━━━━━━━━━━━━━━━━━━━━[0m [32m 1/14[0m [gcloud][2K   [38;5;197m━━[0m[38;5;197m╸[0m[38;5;237m━━━━━━━━━━━━━━━━━━━━━━━━━━━━━━━━━━━━━[0m [32m 1/14[0m [gcloud][2K   [38;5;197m━━[0m[38;5;197m╸[0m[38;5;237m━━━━━━━━━━━━━━━━━━━━━━━━━━━━━━━━━━━━━[0m [32m 1/14[0m [gcloud][2K   [38;5;197m━━[0m[38;5;197m╸[0m[38;5;237m━━━━━━━━━━━━━━━━━━━━━━━━━━━━━━━━━━━━━[0m [32m 1/14[0m [gcloud][2K   [38;5;197m━━━━━[0m[38;5;197m╸[0m[38;5;237m━━━━━━━━━━━━━━━━━━━━━━━━━━━━━━━━━━[0m [32m 2/14[0m [filetype][2K  Creating /tmp/pip-target-m5g7peyi/bin
[1m[90m[DEBUG][39m[0m:   	   [38;5;197m━━━━━[0m[38;5;197m╸[0m[38;5;237m━━━━━━━━━━━━━━━━━━━━━━━━━━━━━━━━━━[0m [32m 2/14[0m [filetype][2K  changing mode of /tmp/pip-target-m5g7peyi/bin/filetype to 775
[1m[90m[DEBUG][39m[0m:   	   [38;5;197m━━━━━[0m[38;5;197m╸[0m[38;5;237m━━━━━━━━━━━━━━━━━━━━━━━━━━━━━━━━━━[0m [32m 2/14[0m [filetype][2K   [38;5;197m━━━━━━━━━━━[0m[38;5;237m╺[0m[38;5;237m━━━━━━━━━━━━━━━━━━━━━━━━━━━━[0m [32m 4/14[0m [six][2K  changing mode of /tmp/pip-target-m5g7peyi/bin/pybidi to 775
[1m[90m[DEBUG][39m[0m:   	   [38;5;197m━━━━━━━━━━━[0m[38;5;237m╺[0m[38;5;237m━━━━━━━━━━━━━━━━━━━━━━━━━━━━[0m [32m 4/14[0m [six][2K   [38;5;197m━━━━━━━━━━━━━━━━━━━━[0m[38;5;237m╺[0m[38;5;237m━━━━━━━━━━━━━━━━━━━[0m [32m 7/14[0m [pyasn1-modules][2K   [38;5;197m━━━━━━━━━━━━━━━━━━━━[0m[38;5;237m╺[0m[38;5;237m━━━━━━━━━━━━━━━━━━━[0m [32m 7/14[0m [pyasn1-modules][2K   [38;5;197m━━━━━━━━━━━━━━━━━━━━━━[0m[38;5;197m╸[0m[38;5;237m━━━━━━━━━━━━━━━━━[0m [32m 8/14[0m [pyasn1][2K   [38;5;197m━━━━━━━━━━━━━━━━━━━━━━━━━━━━[0m[38;5;197m╸[0m[38;5;237m━━━━━━━━━━━[0m [32m10/14[0m [idna][2K  changing mode of /tmp/pip-target-m5g7peyi/bin/idna to 775
[1m[90m[DEBUG][39m[0m:   	   [38;5;197m━━━━━━━━━━━━━━━━━━━━━━━━━━━━[0m[38;5;197m╸[0m[38;5;237m━━━━━━━━━━━[0m [32m10/14[0m [idna][2K   [38;5;197m━━━━━━━━━━━━━━━━━━━━━━━━━━━━━━━[0m[38;5;237m╺[0m[38;5;237m━━━━━━━━[0m [32m11/14[0m [chardet][2K  changing mode of /tmp/pip-target-m5g7peyi/bin/chardetect to 775
[1m[90m[DEBUG][39m[0m:   	   [38;5;197m━━━━━━━━━━━━━━━━━━━━━━━━━━━━━━━[0m[38;5;237m╺[0m[38;5;237m━━━━━━━━[0m [32m11/14[0m [chardet][2K   [38;5;70m━━━━━━━━━━━━━━━━━━━━━━━━━━━━━━━━━━━━━━━━[0m [32m14/14[0m [arabic-reshaper]
[1m[90m[DEBUG][39m[0m:   	[?25h[1A[2KSuccessfully installed arabic-reshaper-3.0.1 certifi-2026.5.20 chardet-7.4.3 filetype-1.2.0 gcloud-0.18.3 idna-3.18 jwcrypto-1.5.7 pyasn1-0.6.3 pyasn1-modules-0.4.2 pyrebase4-4.9.0 python-bidi-0.6.10 requests-2.34.2 six-1.17.0 urllib3-2.7.0
[1m[INFO][0m:    No setup.py found in project directory: None
[1m[INFO][0m:    [36m-> directory context /app/.buildozer/android/platform/build-arm64-v8a/build[39m
[1m[INFO][0m:    Stripping object files
stty: 'standard input': Inappropriate ioctl for device
[1m[90m[DEBUG][39m[0m:   [90m->[0m running find . -iname *.so -exec /usr/bin/echo {} ;[0m
[1m[90m[DEBUG][39m[0m:   	./venv/lib/python3.14/site-packages/Cython/Compiler/FlowControl.cpython-314-x86_64-linux-gnu.so
[1m[90m[DEBUG][39m[0m:   	./venv/lib/python3.14/site-packages/Cython/Compiler/LineTable.cpython-314-x86_64-linux-gnu.so
[1m[90m[DEBUG][39m[0m:   	./venv/lib/python3.14/site-packages/Cython/Compiler/Parsing.cpython-314-x86_64-linux-gnu.so
[1m[90m[DEBUG][39m[0m:   	./venv/lib/python3.14/site-packages/Cython/Compiler/FusedNode.cpython-314-x86_64-linux-gnu.so
[1m[90m[DEBUG][39m[0m:   	./venv/lib/python3.14/site-packages/Cython/Compiler/Code.cpython-314-x86_64-linux-gnu.so
[1m[90m[DEBUG][39m[0m:   	./venv/lib/python3.14/site-packages/Cython/Compiler/Scanning.cpython-314-x86_64-linux-gnu.so
[1m[90m[DEBUG][39m[0m:   	./venv/lib/python3.14/site-packages/Cython/Compiler/Visitor.cpython-314-x86_64-linux-gnu.so
[1m[90m[DEBUG][39m[0m:   	./venv/lib/python3.14/site-packages/Cython/Tempita/_tempita.cpython-314-x86_64-linux-gnu.so
[1m[90m[DEBUG][39m[0m:   	./venv/lib/python3.14/site-packages/Cython/Utils.cpython-314-x86_64-linux-gnu.so
[1m[90m[DEBUG][39m[0m:   	./venv/lib/python3.14/site-packages/Cython/StringIOTree.cpython-314-x86_64-linux-gnu.so
[1m[90m[DEBUG][39m[0m:   	./venv/lib/python3.14/site-packages/Cython/Plex/DFA.cpython-314-x86_64-linux-gnu.so
[1m[90m[DEBUG][39m[0m:   	./venv/lib/python3.14/site-packages/Cython/Plex/Transitions.cpython-314-x86_64-linux-gnu.so
[1m[90m[DEBUG][39m[0m:   	./venv/lib/python3.14/site-packages/Cython/Plex/Scanners.cpython-314-x86_64-linux-gnu.so
[1m[90m[DEBUG][39m[0m:   	./venv/lib/python3.14/site-packages/Cython/Plex/Actions.cpython-314-x86_64-linux-gnu.so
[1m[90m[DEBUG][39m[0m:   	./venv/lib/python3.14/site-packages/Cython/Plex/Machines.cpython-314-x86_64-linux-gnu.so
[1m[90m[DEBUG][39m[0m:   	./venv/lib/python3.14/site-packages/Cython/Runtime/refnanny.cpython-314-x86_64-linux-gnu.so
[1m[90m[DEBUG][39m[0m:   	./other_builds/libffi/arm64-v8a__ndk_target_21/libffi/.libs/libffi.so
[1m[90m[DEBUG][39m[0m:   	./other_builds/cffi/arm64-v8a__ndk_target_21/cffi/build/lib.linux-x86_64-cpython-314/_cffi_backend.cpython-314-x86_64-linux-gnu.so
[1m[90m[DEBUG][39m[0m:   	./other_builds/sqlite3/arm64-v8a__ndk_target_21/sqlite3/libsqlite3.so
[1m[90m[DEBUG][39m[0m:   	./other_builds/python3/arm64-v8a__ndk_target_21/python3/android-build/libpythonbin.so
[1m[90m[DEBUG][39m[0m:   	./other_builds/python3/arm64-v8a__ndk_target_21/python3/android-build/libpython3.14.so
[1m[90m[DEBUG][39m[0m:   	./other_builds/python3/arm64-v8a__ndk_target_21/python3/android-build/Modules/_sha1.cpython-314-aarch64-linux-android.so
[1m[90m[DEBUG][39m[0m:   	./other_builds/python3/arm64-v8a__ndk_target_21/python3/android-build/Modules/select.cpython-314-aarch64-linux-android.so
[1m[90m[DEBUG][39m[0m:   	./other_builds/python3/arm64-v8a__ndk_target_21/python3/android-build/Modules/_bisect.cpython-314-aarch64-linux-android.so
[1m[90m[DEBUG][39m[0m:   	./other_builds/python3/arm64-v8a__ndk_target_21/python3/android-build/Modules/math.cpython-314-aarch64-linux-android.so
[1m[90m[DEBUG][39m[0m:   	./other_builds/python3/arm64-v8a__ndk_target_21/python3/android-build/Modules/resource.cpython-314-aarch64-linux-android.so
[1m[90m[DEBUG][39m[0m:   	./other_builds/python3/arm64-v8a__ndk_target_21/python3/android-build/Modules/_blake2.cpython-314-aarch64-linux-android.so
[1m[90m[DEBUG][39m[0m:   	./other_builds/python3/arm64-v8a__ndk_target_21/python3/android-build/Modules/fcntl.cpython-314-aarch64-linux-android.so
[1m[90m[DEBUG][39m[0m:   	./other_builds/python3/arm64-v8a__ndk_target_21/python3/android-build/Modules/_zoneinfo.cpython-314-aarch64-linux-android.so
[1m[90m[DEBUG][39m[0m:   	./other_builds/python3/arm64-v8a__ndk_target_21/python3/android-build/Modules/_testlimitedcapi.cpython-314-aarch64-linux-android.so
[1m[90m[DEBUG][39m[0m:   	./other_builds/python3/arm64-v8a__ndk_target_21/python3/android-build/Modules/_random.cpython-314-aarch64-linux-android.so
[1m[90m[DEBUG][39m[0m:   	./other_builds/python3/arm64-v8a__ndk_target_21/python3/android-build/Modules/xxsubtype.cpython-314-aarch64-linux-android.so
[1m[90m[DEBUG][39m[0m:   	./other_builds/python3/arm64-v8a__ndk_target_21/python3/android-build/Modules/_pickle.cpython-314-aarch64-linux-android.so
[1m[90m[DEBUG][39m[0m:   	./other_builds/python3/arm64-v8a__ndk_target_21/python3/android-build/Modules/xxlimited.cpython-314-aarch64-linux-android.so
[1m[90m[DEBUG][39m[0m:   	./other_builds/python3/arm64-v8a__ndk_target_21/python3/android-build/Modules/_ssl.cpython-314-aarch64-linux-android.so
[1m[90m[DEBUG][39m[0m:   	./other_builds/python3/arm64-v8a__ndk_target_21/python3/android-build/Modules/mmap.cpython-314-aarch64-linux-android.so
[1m[90m[DEBUG][39m[0m:   	./other_builds/python3/arm64-v8a__ndk_target_21/python3/android-build/Modules/_queue.cpython-314-aarch64-linux-android.so
[1m[90m[DEBUG][39m[0m:   	./other_builds/python3/arm64-v8a__ndk_target_21/python3/android-build/Modules/_testclinic.cpython-314-aarch64-linux-android.so
[1m[90m[DEBUG][39m[0m:   	./other_builds/python3/arm64-v8a__ndk_target_21/python3/android-build/Modules/_interpqueues.cpython-314-aarch64-linux-android.so
[1m[90m[DEBUG][39m[0m:   	./other_builds/python3/arm64-v8a__ndk_target_21/python3/android-build/Modules/_decimal.cpython-314-aarch64-linux-android.so
[1m[90m[DEBUG][39m[0m:   	./other_builds/python3/arm64-v8a__ndk_target_21/python3/android-build/Modules/_md5.cpython-314-aarch64-linux-android.so
[1m[90m[DEBUG][39m[0m:   	./other_builds/python3/arm64-v8a__ndk_target_21/python3/android-build/Modules/_multibytecodec.cpython-314-aarch64-linux-android.so
[1m[90m[DEBUG][39m[0m:   	./other_builds/python3/arm64-v8a__ndk_target_21/python3/android-build/Modules/_posixsubprocess.cpython-314-aarch64-linux-android.so
[1m[90m[DEBUG][39m[0m:   	./other_builds/python3/arm64-v8a__ndk_target_21/python3/android-build/Modules/_sqlite3.cpython-314-aarch64-linux-android.so
[1m[90m[DEBUG][39m[0m:   	./other_builds/python3/arm64-v8a__ndk_target_21/python3/android-build/Modules/_ctypes.cpython-314-aarch64-linux-android.so
[1m[90m[DEBUG][39m[0m:   	./other_builds/python3/arm64-v8a__ndk_target_21/python3/android-build/Modules/_codecs_iso2022.cpython-314-aarch64-linux-android.so
[1m[90m[DEBUG][39m[0m:   	./other_builds/python3/arm64-v8a__ndk_target_21/python3/android-build/Modules/_elementtree.cpython-314-aarch64-linux-android.so
[1m[90m[DEBUG][39m[0m:   	./other_builds/python3/arm64-v8a__ndk_target_21/python3/android-build/Modules/_sha3.cpython-314-aarch64-linux-android.so
[1m[90m[DEBUG][39m[0m:   	./other_builds/python3/arm64-v8a__ndk_target_21/python3/android-build/Modules/_codecs_cn.cpython-314-aarch64-linux-android.so
[1m[90m[DEBUG][39m[0m:   	./other_builds/python3/arm64-v8a__ndk_target_21/python3/android-build/Modules/_statistics.cpython-314-aarch64-linux-android.so
[1m[90m[DEBUG][39m[0m:   	./other_builds/python3/arm64-v8a__ndk_target_21/python3/android-build/Modules/_hmac.cpython-314-aarch64-linux-android.so
[1m[90m[DEBUG][39m[0m:   	./other_builds/python3/arm64-v8a__ndk_target_21/python3/android-build/Modules/_codecs_hk.cpython-314-aarch64-linux-android.so
[1m[90m[DEBUG][39m[0m:   	./other_builds/python3/arm64-v8a__ndk_target_21/python3/android-build/Modules/_heapq.cpython-314-aarch64-linux-android.so
[1m[90m[DEBUG][39m[0m:   	./other_builds/python3/arm64-v8a__ndk_target_21/python3/android-build/Modules/cmath.cpython-314-aarch64-linux-android.so
[1m[90m[DEBUG][39m[0m:   	./other_builds/python3/arm64-v8a__ndk_target_21/python3/android-build/Modules/_xxtestfuzz.cpython-314-aarch64-linux-android.so
[1m[90m[DEBUG][39m[0m:   	./other_builds/python3/arm64-v8a__ndk_target_21/python3/android-build/Modules/_testimportmultiple.cpython-314-aarch64-linux-android.so
[1m[90m[DEBUG][39m[0m:   	./other_builds/python3/arm64-v8a__ndk_target_21/python3/android-build/Modules/unicodedata.cpython-314-aarch64-linux-android.so
[1m[90m[DEBUG][39m[0m:   	./other_builds/python3/arm64-v8a__ndk_target_21/python3/android-build/Modules/_codecs_jp.cpython-314-aarch64-linux-android.so
[1m[90m[DEBUG][39m[0m:   	./other_builds/python3/arm64-v8a__ndk_target_21/python3/android-build/Modules/_codecs_tw.cpython-314-aarch64-linux-android.so
[1m[90m[DEBUG][39m[0m:   	./other_builds/python3/arm64-v8a__ndk_target_21/python3/android-build/Modules/_csv.cpython-314-aarch64-linux-android.so
[1m[90m[DEBUG][39m[0m:   	./other_builds/python3/arm64-v8a__ndk_target_21/python3/android-build/Modules/_remote_debugging.cpython-314-aarch64-linux-android.so
[1m[90m[DEBUG][39m[0m:   	./other_builds/python3/arm64-v8a__ndk_target_21/python3/android-build/Modules/syslog.cpython-314-aarch64-linux-android.so
[1m[90m[DEBUG][39m[0m:   	./other_builds/python3/arm64-v8a__ndk_target_21/python3/android-build/Modules/_hashlib.cpython-314-aarch64-linux-android.so
[1m[90m[DEBUG][39m[0m:   	./other_builds/python3/arm64-v8a__ndk_target_21/python3/android-build/Modules/_testinternalcapi.cpython-314-aarch64-linux-android.so
[1m[90m[DEBUG][39m[0m:   	./other_builds/python3/arm64-v8a__ndk_target_21/python3/android-build/Modules/_sha2.cpython-314-aarch64-linux-android.so
[1m[90m[DEBUG][39m[0m:   	./other_builds/python3/arm64-v8a__ndk_target_21/python3/android-build/Modules/_testcapi.cpython-314-aarch64-linux-android.so
[1m[90m[DEBUG][39m[0m:   	./other_builds/python3/arm64-v8a__ndk_target_21/python3/android-build/Modules/_testclinic_limited.cpython-314-aarch64-linux-android.so
[1m[90m[DEBUG][39m[0m:   	./other_builds/python3/arm64-v8a__ndk_target_21/python3/android-build/Modules/_json.cpython-314-aarch64-linux-android.so
[1m[90m[DEBUG][39m[0m:   	./other_builds/python3/arm64-v8a__ndk_target_21/python3/android-build/Modules/_lsprof.cpython-314-aarch64-linux-android.so
[1m[90m[DEBUG][39m[0m:   	./other_builds/python3/arm64-v8a__ndk_target_21/python3/android-build/Modules/_socket.cpython-314-aarch64-linux-android.so
[1m[90m[DEBUG][39m[0m:   	./other_builds/python3/arm64-v8a__ndk_target_21/python3/android-build/Modules/_testmultiphase.cpython-314-aarch64-linux-android.so
[1m[90m[DEBUG][39m[0m:   	./other_builds/python3/arm64-v8a__ndk_target_21/python3/android-build/Modules/_codecs_kr.cpython-314-aarch64-linux-android.so
[1m[90m[DEBUG][39m[0m:   	./other_builds/python3/arm64-v8a__ndk_target_21/python3/android-build/Modules/xxlimited_35.cpython-314-aarch64-linux-android.so
[1m[90m[DEBUG][39m[0m:   	./other_builds/python3/arm64-v8a__ndk_target_21/python3/android-build/Modules/_asyncio.cpython-314-aarch64-linux-android.so
[1m[90m[DEBUG][39m[0m:   	./other_builds/python3/arm64-v8a__ndk_target_21/python3/android-build/Modules/_testsinglephase.cpython-314-aarch64-linux-android.so
[1m[90m[DEBUG][39m[0m:   	./other_builds/python3/arm64-v8a__ndk_target_21/python3/android-build/Modules/pyexpat.cpython-314-aarch64-linux-android.so
[1m[90m[DEBUG][39m[0m:   	./other_builds/python3/arm64-v8a__ndk_target_21/python3/android-build/Modules/zlib.cpython-314-aarch64-linux-android.so
[1m[90m[DEBUG][39m[0m:   	./other_builds/python3/arm64-v8a__ndk_target_21/python3/android-build/Modules/_interpreters.cpython-314-aarch64-linux-android.so
[1m[90m[DEBUG][39m[0m:   	./other_builds/python3/arm64-v8a__ndk_target_21/python3/android-build/Modules/_interpchannels.cpython-314-aarch64-linux-android.so
[1m[90m[DEBUG][39m[0m:   	./other_builds/python3/arm64-v8a__ndk_target_21/python3/android-build/Modules/_testbuffer.cpython-314-aarch64-linux-android.so
[1m[90m[DEBUG][39m[0m:   	./other_builds/python3/arm64-v8a__ndk_target_21/python3/android-build/Modules/binascii.cpython-314-aarch64-linux-android.so
[1m[90m[DEBUG][39m[0m:   	./other_builds/python3/arm64-v8a__ndk_target_21/python3/android-build/Modules/termios.cpython-314-aarch64-linux-android.so
[1m[90m[DEBUG][39m[0m:   	./other_builds/python3/arm64-v8a__ndk_target_21/python3/android-build/Modules/_struct.cpython-314-aarch64-linux-android.so
[1m[90m[DEBUG][39m[0m:   	./other_builds/python3/arm64-v8a__ndk_target_21/python3/android-build/Modules/array.cpython-314-aarch64-linux-android.so
[1m[90m[DEBUG][39m[0m:   	./other_builds/python3/arm64-v8a__ndk_target_21/python3/android-build/Modules/_ctypes_test.cpython-314-aarch64-linux-android.so
[1m[90m[DEBUG][39m[0m:   	./other_builds/python3/arm64-v8a__ndk_target_21/python3/android-build/android-root/lib/libpython3.14.so
[1m[90m[DEBUG][39m[0m:   	./other_builds/python3/arm64-v8a__ndk_target_21/python3/android-build/android-root/lib/python3.14/lib-dynload/_sha1.cpython-314-aarch64-linux-android.so
[1m[90m[DEBUG][39m[0m:   	./other_builds/python3/arm64-v8a__ndk_target_21/python3/android-build/android-root/lib/python3.14/lib-dynload/select.cpython-314-aarch64-linux-android.so
[1m[90m[DEBUG][39m[0m:   	./other_builds/python3/arm64-v8a__ndk_target_21/python3/android-build/android-root/lib/python3.14/lib-dynload/_bisect.cpython-314-aarch64-linux-android.so
[1m[90m[DEBUG][39m[0m:   	./other_builds/python3/arm64-v8a__ndk_target_21/python3/android-build/android-root/lib/python3.14/lib-dynload/math.cpython-314-aarch64-linux-android.so
[1m[90m[DEBUG][39m[0m:   	./other_builds/python3/arm64-v8a__ndk_target_21/python3/android-build/android-root/lib/python3.14/lib-dynload/resource.cpython-314-aarch64-linux-android.so
[1m[90m[DEBUG][39m[0m:   	./other_builds/python3/arm64-v8a__ndk_target_21/python3/android-build/android-root/lib/python3.14/lib-dynload/_blake2.cpython-314-aarch64-linux-android.so
[1m[90m[DEBUG][39m[0m:   	./other_builds/python3/arm64-v8a__ndk_target_21/python3/android-build/android-root/lib/python3.14/lib-dynload/fcntl.cpython-314-aarch64-linux-android.so
[1m[90m[DEBUG][39m[0m:   	./other_builds/python3/arm64-v8a__ndk_target_21/python3/android-build/android-root/lib/python3.14/lib-dynload/_zoneinfo.cpython-314-aarch64-linux-android.so
[1m[90m[DEBUG][39m[0m:   	./other_builds/python3/arm64-v8a__ndk_target_21/python3/android-build/android-root/lib/python3.14/lib-dynload/_testlimitedcapi.cpython-314-aarch64-linux-android.so
[1m[90m[DEBUG][39m[0m:   	./other_builds/python3/arm64-v8a__ndk_target_21/python3/android-build/android-root/lib/python3.14/lib-dynload/_random.cpython-314-aarch64-linux-android.so
[1m[90m[DEBUG][39m[0m:   	./other_builds/python3/arm64-v8a__ndk_target_21/python3/android-build/android-root/lib/python3.14/lib-dynload/xxsubtype.cpython-314-aarch64-linux-android.so
[1m[90m[DEBUG][39m[0m:   	./other_builds/python3/arm64-v8a__ndk_target_21/python3/android-build/android-root/lib/python3.14/lib-dynload/_pickle.cpython-314-aarch64-linux-android.so
[1m[90m[DEBUG][39m[0m:   	./other_builds/python3/arm64-v8a__ndk_target_21/python3/android-build/android-root/lib/python3.14/lib-dynload/xxlimited.cpython-314-aarch64-linux-android.so
[1m[90m[DEBUG][39m[0m:   	./other_builds/python3/arm64-v8a__ndk_target_21/python3/android-build/android-root/lib/python3.14/lib-dynload/_ssl.cpython-314-aarch64-linux-android.so
[1m[90m[DEBUG][39m[0m:   	./other_builds/python3/arm64-v8a__ndk_target_21/python3/android-build/android-root/lib/python3.14/lib-dynload/mmap.cpython-314-aarch64-linux-android.so
[1m[90m[DEBUG][39m[0m:   	./other_builds/python3/arm64-v8a__ndk_target_21/python3/android-build/android-root/lib/python3.14/lib-dynload/_queue.cpython-314-aarch64-linux-android.so
[1m[90m[DEBUG][39m[0m:   	./other_builds/python3/arm64-v8a__ndk_target_21/python3/android-build/android-root/lib/python3.14/lib-dynload/_testclinic.cpython-314-aarch64-linux-android.so
[1m[90m[DEBUG][39m[0m:   	./other_builds/python3/arm64-v8a__ndk_target_21/python3/android-build/android-root/lib/python3.14/lib-dynload/_interpqueues.cpython-314-aarch64-linux-android.so
[1m[90m[DEBUG][39m[0m:   	./other_builds/python3/arm64-v8a__ndk_target_21/python3/android-build/android-root/lib/python3.14/lib-dynload/_decimal.cpython-314-aarch64-linux-android.so
[1m[90m[DEBUG][39m[0m:   	./other_builds/python3/arm64-v8a__ndk_target_21/python3/android-build/android-root/lib/python3.14/lib-dynload/_md5.cpython-314-aarch64-linux-android.so
[1m[90m[DEBUG][39m[0m:   	./other_builds/python3/arm64-v8a__ndk_target_21/python3/android-build/android-root/lib/python3.14/lib-dynload/_multibytecodec.cpython-314-aarch64-linux-android.so
[1m[90m[DEBUG][39m[0m:   	./other_builds/python3/arm64-v8a__ndk_target_21/python3/android-build/android-root/lib/python3.14/lib-dynload/_posixsubprocess.cpython-314-aarch64-linux-android.so
[1m[90m[DEBUG][39m[0m:   	./other_builds/python3/arm64-v8a__ndk_target_21/python3/android-build/android-root/lib/python3.14/lib-dynload/_sqlite3.cpython-314-aarch64-linux-android.so
[1m[90m[DEBUG][39m[0m:   	./other_builds/python3/arm64-v8a__ndk_target_21/python3/android-build/android-root/lib/python3.14/lib-dynload/_ctypes.cpython-314-aarch64-linux-android.so
[1m[90m[DEBUG][39m[0m:   	./other_builds/python3/arm64-v8a__ndk_target_21/python3/android-build/android-root/lib/python3.14/lib-dynload/_codecs_iso2022.cpython-314-aarch64-linux-android.so
[1m[90m[DEBUG][39m[0m:   	./other_builds/python3/arm64-v8a__ndk_target_21/python3/android-build/android-root/lib/python3.14/lib-dynload/_elementtree.cpython-314-aarch64-linux-android.so
[1m[90m[DEBUG][39m[0m:   	./other_builds/python3/arm64-v8a__ndk_target_21/python3/android-build/android-root/lib/python3.14/lib-dynload/_sha3.cpython-314-aarch64-linux-android.so
[1m[90m[DEBUG][39m[0m:   	./other_builds/python3/arm64-v8a__ndk_target_21/python3/android-build/android-root/lib/python3.14/lib-dynload/_codecs_cn.cpython-314-aarch64-linux-android.so
[1m[90m[DEBUG][39m[0m:   	./other_builds/python3/arm64-v8a__ndk_target_21/python3/android-build/android-root/lib/python3.14/lib-dynload/_statistics.cpython-314-aarch64-linux-android.so
[1m[90m[DEBUG][39m[0m:   	./other_builds/python3/arm64-v8a__ndk_target_21/python3/android-build/android-root/lib/python3.14/lib-dynload/_hmac.cpython-314-aarch64-linux-android.so
[1m[90m[DEBUG][39m[0m:   	./other_builds/python3/arm64-v8a__ndk_target_21/python3/android-build/android-root/lib/python3.14/lib-dynload/_codecs_hk.cpython-314-aarch64-linux-android.so
[1m[90m[DEBUG][39m[0m:   	./other_builds/python3/arm64-v8a__ndk_target_21/python3/android-build/android-root/lib/python3.14/lib-dynload/_heapq.cpython-314-aarch64-linux-android.so
[1m[90m[DEBUG][39m[0m:   	./other_builds/python3/arm64-v8a__ndk_target_21/python3/android-build/android-root/lib/python3.14/lib-dynload/cmath.cpython-314-aarch64-linux-android.so
[1m[90m[DEBUG][39m[0m:   	./other_builds/python3/arm64-v8a__ndk_target_21/python3/android-build/android-root/lib/python3.14/lib-dynload/_xxtestfuzz.cpython-314-aarch64-linux-android.so
[1m[90m[DEBUG][39m[0m:   	./other_builds/python3/arm64-v8a__ndk_target_21/python3/android-build/android-root/lib/python3.14/lib-dynload/_testimportmultiple.cpython-314-aarch64-linux-android.so
[1m[90m[DEBUG][39m[0m:   	./other_builds/python3/arm64-v8a__ndk_target_21/python3/android-build/android-root/lib/python3.14/lib-dynload/unicodedata.cpython-314-aarch64-linux-android.so
[1m[90m[DEBUG][39m[0m:   	./other_builds/python3/arm64-v8a__ndk_target_21/python3/android-build/android-root/lib/python3.14/lib-dynload/_codecs_jp.cpython-314-aarch64-linux-android.so
[1m[90m[DEBUG][39m[0m:   	./other_builds/python3/arm64-v8a__ndk_target_21/python3/android-build/android-root/lib/python3.14/lib-dynload/_codecs_tw.cpython-314-aarch64-linux-android.so
[1m[90m[DEBUG][39m[0m:   	./other_builds/python3/arm64-v8a__ndk_target_21/python3/android-build/android-root/lib/python3.14/lib-dynload/_csv.cpython-314-aarch64-linux-android.so
[1m[90m[DEBUG][39m[0m:   	./other_builds/python3/arm64-v8a__ndk_target_21/python3/android-build/android-root/lib/python3.14/lib-dynload/_remote_debugging.cpython-314-aarch64-linux-android.so
[1m[90m[DEBUG][39m[0m:   	./other_builds/python3/arm64-v8a__ndk_target_21/python3/android-build/android-root/lib/python3.14/lib-dynload/syslog.cpython-314-aarch64-linux-android.so
[1m[90m[DEBUG][39m[0m:   	./other_builds/python3/arm64-v8a__ndk_target_21/python3/android-build/android-root/lib/python3.14/lib-dynload/_hashlib.cpython-314-aarch64-linux-android.so
[1m[90m[DEBUG][39m[0m:   	./other_builds/python3/arm64-v8a__ndk_target_21/python3/android-build/android-root/lib/python3.14/lib-dynload/_testinternalcapi.cpython-314-aarch64-linux-android.so
[1m[90m[DEBUG][39m[0m:   	./other_builds/python3/arm64-v8a__ndk_target_21/python3/android-build/android-root/lib/python3.14/lib-dynload/_sha2.cpython-314-aarch64-linux-android.so
[1m[90m[DEBUG][39m[0m:   	./other_builds/python3/arm64-v8a__ndk_target_21/python3/android-build/android-root/lib/python3.14/lib-dynload/_testcapi.cpython-314-aarch64-linux-android.so
[1m[90m[DEBUG][39m[0m:   	./other_builds/python3/arm64-v8a__ndk_target_21/python3/android-build/android-root/lib/python3.14/lib-dynload/_testclinic_limited.cpython-314-aarch64-linux-android.so
[1m[90m[DEBUG][39m[0m:   	./other_builds/python3/arm64-v8a__ndk_target_21/python3/android-build/android-root/lib/python3.14/lib-dynload/_json.cpython-314-aarch64-linux-android.so
[1m[90m[DEBUG][39m[0m:   	./other_builds/python3/arm64-v8a__ndk_target_21/python3/android-build/android-root/lib/python3.14/lib-dynload/_lsprof.cpython-314-aarch64-linux-android.so
[1m[90m[DEBUG][39m[0m:   	./other_builds/python3/arm64-v8a__ndk_target_21/python3/android-build/android-root/lib/python3.14/lib-dynload/_socket.cpython-314-aarch64-linux-android.so
[1m[90m[DEBUG][39m[0m:   	./other_builds/python3/arm64-v8a__ndk_target_21/python3/android-build/android-root/lib/python3.14/lib-dynload/_testmultiphase.cpython-314-aarch64-linux-android.so
[1m[90m[DEBUG][39m[0m:   	./other_builds/python3/arm64-v8a__ndk_target_21/python3/android-build/android-root/lib/python3.14/lib-dynload/_codecs_kr.cpython-314-aarch64-linux-android.so
[1m[90m[DEBUG][39m[0m:   	./other_builds/python3/arm64-v8a__ndk_target_21/python3/android-build/android-root/lib/python3.14/lib-dynload/xxlimited_35.cpython-314-aarch64-linux-android.so
[1m[90m[DEBUG][39m[0m:   	./other_builds/python3/arm64-v8a__ndk_target_21/python3/android-build/android-root/lib/python3.14/lib-dynload/_asyncio.cpython-314-aarch64-linux-android.so
[1m[90m[DEBUG][39m[0m:   	./other_builds/python3/arm64-v8a__ndk_target_21/python3/android-build/android-root/lib/python3.14/lib-dynload/_testsinglephase.cpython-314-aarch64-linux-android.so
[1m[90m[DEBUG][39m[0m:   	./other_builds/python3/arm64-v8a__ndk_target_21/python3/android-build/android-root/lib/python3.14/lib-dynload/pyexpat.cpython-314-aarch64-linux-android.so
[1m[90m[DEBUG][39m[0m:   	./other_builds/python3/arm64-v8a__ndk_target_21/python3/android-build/android-root/lib/python3.14/lib-dynload/zlib.cpython-314-aarch64-linux-android.so
[1m[90m[DEBUG][39m[0m:   	./other_builds/python3/arm64-v8a__ndk_target_21/python3/android-build/android-root/lib/python3.14/lib-dynload/_interpreters.cpython-314-aarch64-linux-android.so
[1m[90m[DEBUG][39m[0m:   	./other_builds/python3/arm64-v8a__ndk_target_21/python3/android-build/android-root/lib/python3.14/lib-dynload/_interpchannels.cpython-314-aarch64-linux-android.so
[1m[90m[DEBUG][39m[0m:   	./other_builds/python3/arm64-v8a__ndk_target_21/python3/android-build/android-root/lib/python3.14/lib-dynload/_testbuffer.cpython-314-aarch64-linux-android.so
[1m[90m[DEBUG][39m[0m:   	./other_builds/python3/arm64-v8a__ndk_target_21/python3/android-build/android-root/lib/python3.14/lib-dynload/binascii.cpython-314-aarch64-linux-android.so
[1m[90m[DEBUG][39m[0m:   	./other_builds/python3/arm64-v8a__ndk_target_21/python3/android-build/android-root/lib/python3.14/lib-dynload/termios.cpython-314-aarch64-linux-android.so
[1m[90m[DEBUG][39m[0m:   	./other_builds/python3/arm64-v8a__ndk_target_21/python3/android-build/android-root/lib/python3.14/lib-dynload/_struct.cpython-314-aarch64-linux-android.so
[1m[90m[DEBUG][39m[0m:   	./other_builds/python3/arm64-v8a__ndk_target_21/python3/android-build/android-root/lib/python3.14/lib-dynload/array.cpython-314-aarch64-linux-android.so
[1m[90m[DEBUG][39m[0m:   	./other_builds/python3/arm64-v8a__ndk_target_21/python3/android-build/android-root/lib/python3.14/lib-dynload/_ctypes_test.cpython-314-aarch64-linux-android.so
[1m[90m[DEBUG][39m[0m:   	./other_builds/python3/arm64-v8a__ndk_target_21/python3/android-build/android-root/lib/libpython3.so
[1m[90m[DEBUG][39m[0m:   	./other_builds/python3/arm64-v8a__ndk_target_21/python3/android-build/libpython3.so
[1m[90m[DEBUG][39m[0m:   	./other_builds/python3/arm64-v8a__ndk_target_21/python3/android-build/build/lib.android-21-arm64_v8a-3.14/_sha1.cpython-314-aarch64-linux-android.so
[1m[90m[DEBUG][39m[0m:   	./other_builds/python3/arm64-v8a__ndk_target_21/python3/android-build/build/lib.android-21-arm64_v8a-3.14/select.cpython-314-aarch64-linux-android.so
[1m[90m[DEBUG][39m[0m:   	./other_builds/python3/arm64-v8a__ndk_target_21/python3/android-build/build/lib.android-21-arm64_v8a-3.14/_bisect.cpython-314-aarch64-linux-android.so
[1m[90m[DEBUG][39m[0m:   	./other_builds/python3/arm64-v8a__ndk_target_21/python3/android-build/build/lib.android-21-arm64_v8a-3.14/math.cpython-314-aarch64-linux-android.so
[1m[90m[DEBUG][39m[0m:   	./other_builds/python3/arm64-v8a__ndk_target_21/python3/android-build/build/lib.android-21-arm64_v8a-3.14/resource.cpython-314-aarch64-linux-android.so
[1m[90m[DEBUG][39m[0m:   	./other_builds/python3/arm64-v8a__ndk_target_21/python3/android-build/build/lib.android-21-arm64_v8a-3.14/_blake2.cpython-314-aarch64-linux-android.so
[1m[90m[DEBUG][39m[0m:   	./other_builds/python3/arm64-v8a__ndk_target_21/python3/android-build/build/lib.android-21-arm64_v8a-3.14/fcntl.cpython-314-aarch64-linux-android.so
[1m[90m[DEBUG][39m[0m:   	./other_builds/python3/arm64-v8a__ndk_target_21/python3/android-build/build/lib.android-21-arm64_v8a-3.14/_zoneinfo.cpython-314-aarch64-linux-android.so
[1m[90m[DEBUG][39m[0m:   	./other_builds/python3/arm64-v8a__ndk_target_21/python3/android-build/build/lib.android-21-arm64_v8a-3.14/_testlimitedcapi.cpython-314-aarch64-linux-android.so
[1m[90m[DEBUG][39m[0m:   	./other_builds/python3/arm64-v8a__ndk_target_21/python3/android-build/build/lib.android-21-arm64_v8a-3.14/_random.cpython-314-aarch64-linux-android.so
[1m[90m[DEBUG][39m[0m:   	./other_builds/python3/arm64-v8a__ndk_target_21/python3/android-build/build/lib.android-21-arm64_v8a-3.14/xxsubtype.cpython-314-aarch64-linux-android.so
[1m[90m[DEBUG][39m[0m:   	./other_builds/python3/arm64-v8a__ndk_target_21/python3/android-build/build/lib.android-21-arm64_v8a-3.14/_pickle.cpython-314-aarch64-linux-android.so
[1m[90m[DEBUG][39m[0m:   	./other_builds/python3/arm64-v8a__ndk_target_21/python3/android-build/build/lib.android-21-arm64_v8a-3.14/xxlimited.cpython-314-aarch64-linux-android.so
[1m[90m[DEBUG][39m[0m:   	./other_builds/python3/arm64-v8a__ndk_target_21/python3/android-build/build/lib.android-21-arm64_v8a-3.14/_ssl.cpython-314-aarch64-linux-android.so
[1m[90m[DEBUG][39m[0m:   	./other_builds/python3/arm64-v8a__ndk_target_21/python3/android-build/build/lib.android-21-arm64_v8a-3.14/mmap.cpython-314-aarch64-linux-android.so
[1m[90m[DEBUG][39m[0m:   	./other_builds/python3/arm64-v8a__ndk_target_21/python3/android-build/build/lib.android-21-arm64_v8a-3.14/_queue.cpython-314-aarch64-linux-android.so
[1m[90m[DEBUG][39m[0m:   	./other_builds/python3/arm64-v8a__ndk_target_21/python3/android-build/build/lib.android-21-arm64_v8a-3.14/_testclinic.cpython-314-aarch64-linux-android.so
[1m[90m[DEBUG][39m[0m:   	./other_builds/python3/arm64-v8a__ndk_target_21/python3/android-build/build/lib.android-21-arm64_v8a-3.14/_interpqueues.cpython-314-aarch64-linux-android.so
[1m[90m[DEBUG][39m[0m:   	./other_builds/python3/arm64-v8a__ndk_target_21/python3/android-build/build/lib.android-21-arm64_v8a-3.14/_decimal.cpython-314-aarch64-linux-android.so
[1m[90m[DEBUG][39m[0m:   	./other_builds/python3/arm64-v8a__ndk_target_21/python3/android-build/build/lib.android-21-arm64_v8a-3.14/_md5.cpython-314-aarch64-linux-android.so
[1m[90m[DEBUG][39m[0m:   	./other_builds/python3/arm64-v8a__ndk_target_21/python3/android-build/build/lib.android-21-arm64_v8a-3.14/_multibytecodec.cpython-314-aarch64-linux-android.so
[1m[90m[DEBUG][39m[0m:   	./other_builds/python3/arm64-v8a__ndk_target_21/python3/android-build/build/lib.android-21-arm64_v8a-3.14/_posixsubprocess.cpython-314-aarch64-linux-android.so
[1m[90m[DEBUG][39m[0m:   	./other_builds/python3/arm64-v8a__ndk_target_21/python3/android-build/build/lib.android-21-arm64_v8a-3.14/_sqlite3.cpython-314-aarch64-linux-android.so
[1m[90m[DEBUG][39m[0m:   	./other_builds/python3/arm64-v8a__ndk_target_21/python3/android-build/build/lib.android-21-arm64_v8a-3.14/_ctypes.cpython-314-aarch64-linux-android.so
[1m[90m[DEBUG][39m[0m:   	./other_builds/python3/arm64-v8a__ndk_target_21/python3/android-build/build/lib.android-21-arm64_v8a-3.14/_codecs_iso2022.cpython-314-aarch64-linux-android.so
[1m[90m[DEBUG][39m[0m:   	./other_builds/python3/arm64-v8a__ndk_target_21/python3/android-build/build/lib.android-21-arm64_v8a-3.14/_elementtree.cpython-314-aarch64-linux-android.so
[1m[90m[DEBUG][39m[0m:   	./other_builds/python3/arm64-v8a__ndk_target_21/python3/android-build/build/lib.android-21-arm64_v8a-3.14/_sha3.cpython-314-aarch64-linux-android.so
[1m[90m[DEBUG][39m[0m:   	./other_builds/python3/arm64-v8a__ndk_target_21/python3/android-build/build/lib.android-21-arm64_v8a-3.14/_codecs_cn.cpython-314-aarch64-linux-android.so
[1m[90m[DEBUG][39m[0m:   	./other_builds/python3/arm64-v8a__ndk_target_21/python3/android-build/build/lib.android-21-arm64_v8a-3.14/_statistics.cpython-314-aarch64-linux-android.so
[1m[90m[DEBUG][39m[0m:   	./other_builds/python3/arm64-v8a__ndk_target_21/python3/android-build/build/lib.android-21-arm64_v8a-3.14/_hmac.cpython-314-aarch64-linux-android.so
[1m[90m[DEBUG][39m[0m:   	./other_builds/python3/arm64-v8a__ndk_target_21/python3/android-build/build/lib.android-21-arm64_v8a-3.14/_codecs_hk.cpython-314-aarch64-linux-android.so
[1m[90m[DEBUG][39m[0m:   	./other_builds/python3/arm64-v8a__ndk_target_21/python3/android-build/build/lib.android-21-arm64_v8a-3.14/_heapq.cpython-314-aarch64-linux-android.so
[1m[90m[DEBUG][39m[0m:   	./other_builds/python3/arm64-v8a__ndk_target_21/python3/android-build/build/lib.android-21-arm64_v8a-3.14/cmath.cpython-314-aarch64-linux-android.so
[1m[90m[DEBUG][39m[0m:   	./other_builds/python3/arm64-v8a__ndk_target_21/python3/android-build/build/lib.android-21-arm64_v8a-3.14/_xxtestfuzz.cpython-314-aarch64-linux-android.so
[1m[90m[DEBUG][39m[0m:   	./other_builds/python3/arm64-v8a__ndk_target_21/python3/android-build/build/lib.android-21-arm64_v8a-3.14/_testimportmultiple.cpython-314-aarch64-linux-android.so
[1m[90m[DEBUG][39m[0m:   	./other_builds/python3/arm64-v8a__ndk_target_21/python3/android-build/build/lib.android-21-arm64_v8a-3.14/unicodedata.cpython-314-aarch64-linux-android.so
[1m[90m[DEBUG][39m[0m:   	./other_builds/python3/arm64-v8a__ndk_target_21/python3/android-build/build/lib.android-21-arm64_v8a-3.14/_codecs_jp.cpython-314-aarch64-linux-android.so
[1m[90m[DEBUG][39m[0m:   	./other_builds/python3/arm64-v8a__ndk_target_21/python3/android-build/build/lib.android-21-arm64_v8a-3.14/_codecs_tw.cpython-314-aarch64-linux-android.so
[1m[90m[DEBUG][39m[0m:   	./other_builds/python3/arm64-v8a__ndk_target_21/python3/android-build/build/lib.android-21-arm64_v8a-3.14/_csv.cpython-314-aarch64-linux-android.so
[1m[90m[DEBUG][39m[0m:   	./other_builds/python3/arm64-v8a__ndk_target_21/python3/android-build/build/lib.android-21-arm64_v8a-3.14/_remote_debugging.cpython-314-aarch64-linux-android.so
[1m[90m[DEBUG][39m[0m:   	./other_builds/python3/arm64-v8a__ndk_target_21/python3/android-build/build/lib.android-21-arm64_v8a-3.14/syslog.cpython-314-aarch64-linux-android.so
[1m[90m[DEBUG][39m[0m:   	./other_builds/python3/arm64-v8a__ndk_target_21/python3/android-build/build/lib.android-21-arm64_v8a-3.14/_hashlib.cpython-314-aarch64-linux-android.so
[1m[90m[DEBUG][39m[0m:   	./other_builds/python3/arm64-v8a__ndk_target_21/python3/android-build/build/lib.android-21-arm64_v8a-3.14/_testinternalcapi.cpython-314-aarch64-linux-android.so
[1m[90m[DEBUG][39m[0m:   	./other_builds/python3/arm64-v8a__ndk_target_21/python3/android-build/build/lib.android-21-arm64_v8a-3.14/_sha2.cpython-314-aarch64-linux-android.so
[1m[90m[DEBUG][39m[0m:   	./other_builds/python3/arm64-v8a__ndk_target_21/python3/android-build/build/lib.android-21-arm64_v8a-3.14/_testcapi.cpython-314-aarch64-linux-android.so
[1m[90m[DEBUG][39m[0m:   	./other_builds/python3/arm64-v8a__ndk_target_21/python3/android-build/build/lib.android-21-arm64_v8a-3.14/_testclinic_limited.cpython-314-aarch64-linux-android.so
[1m[90m[DEBUG][39m[0m:   	./other_builds/python3/arm64-v8a__ndk_target_21/python3/android-build/build/lib.android-21-arm64_v8a-3.14/_json.cpython-314-aarch64-linux-android.so
[1m[90m[DEBUG][39m[0m:   	./other_builds/python3/arm64-v8a__ndk_target_21/python3/android-build/build/lib.android-21-arm64_v8a-3.14/_lsprof.cpython-314-aarch64-linux-android.so
[1m[90m[DEBUG][39m[0m:   	./other_builds/python3/arm64-v8a__ndk_target_21/python3/android-build/build/lib.android-21-arm64_v8a-3.14/_socket.cpython-314-aarch64-linux-android.so
[1m[90m[DEBUG][39m[0m:   	./other_builds/python3/arm64-v8a__ndk_target_21/python3/android-build/build/lib.android-21-arm64_v8a-3.14/_testmultiphase.cpython-314-aarch64-linux-android.so
[1m[90m[DEBUG][39m[0m:   	./other_builds/python3/arm64-v8a__ndk_target_21/python3/android-build/build/lib.android-21-arm64_v8a-3.14/_codecs_kr.cpython-314-aarch64-linux-android.so
[1m[90m[DEBUG][39m[0m:   	./other_builds/python3/arm64-v8a__ndk_target_21/python3/android-build/build/lib.android-21-arm64_v8a-3.14/xxlimited_35.cpython-314-aarch64-linux-android.so
[1m[90m[DEBUG][39m[0m:   	./other_builds/python3/arm64-v8a__ndk_target_21/python3/android-build/build/lib.android-21-arm64_v8a-3.14/_asyncio.cpython-314-aarch64-linux-android.so
[1m[90m[DEBUG][39m[0m:   	./other_builds/python3/arm64-v8a__ndk_target_21/python3/android-build/build/lib.android-21-arm64_v8a-3.14/_testsinglephase.cpython-314-aarch64-linux-android.so
[1m[90m[DEBUG][39m[0m:   	./other_builds/python3/arm64-v8a__ndk_target_21/python3/android-build/build/lib.android-21-arm64_v8a-3.14/pyexpat.cpython-314-aarch64-linux-android.so
[1m[90m[DEBUG][39m[0m:   	./other_builds/python3/arm64-v8a__ndk_target_21/python3/android-build/build/lib.android-21-arm64_v8a-3.14/zlib.cpython-314-aarch64-linux-android.so
[1m[90m[DEBUG][39m[0m:   	./other_builds/python3/arm64-v8a__ndk_target_21/python3/android-build/build/lib.android-21-arm64_v8a-3.14/_interpreters.cpython-314-aarch64-linux-android.so
[1m[90m[DEBUG][39m[0m:   	./other_builds/python3/arm64-v8a__ndk_target_21/python3/android-build/build/lib.android-21-arm64_v8a-3.14/_interpchannels.cpython-314-aarch64-linux-android.so
[1m[90m[DEBUG][39m[0m:   	./other_builds/python3/arm64-v8a__ndk_target_21/python3/android-build/build/lib.android-21-arm64_v8a-3.14/_testbuffer.cpython-314-aarch64-linux-android.so
[1m[90m[DEBUG][39m[0m:   	./other_builds/python3/arm64-v8a__ndk_target_21/python3/android-build/build/lib.android-21-arm64_v8a-3.14/binascii.cpython-314-aarch64-linux-android.so
[1m[90m[DEBUG][39m[0m:   	./other_builds/python3/arm64-v8a__ndk_target_21/python3/android-build/build/lib.android-21-arm64_v8a-3.14/termios.cpython-314-aarch64-linux-android.so
[1m[90m[DEBUG][39m[0m:   	./other_builds/python3/arm64-v8a__ndk_target_21/python3/android-build/build/lib.android-21-arm64_v8a-3.14/_struct.cpython-314-aarch64-linux-android.so
[1m[90m[DEBUG][39m[0m:   	./other_builds/python3/arm64-v8a__ndk_target_21/python3/android-build/build/lib.android-21-arm64_v8a-3.14/array.cpython-314-aarch64-linux-android.so
[1m[90m[DEBUG][39m[0m:   	./other_builds/python3/arm64-v8a__ndk_target_21/python3/android-build/build/lib.android-21-arm64_v8a-3.14/_ctypes_test.cpython-314-aarch64-linux-android.so
[1m[90m[DEBUG][39m[0m:   	./other_builds/android-sdl2/arm64-v8a__ndk_target_21/android/build/lib.linux-x86_64-cpython-314/android/_android.cpython-314-x86_64-linux-gnu.so
[1m[90m[DEBUG][39m[0m:   	./other_builds/android-sdl2/arm64-v8a__ndk_target_21/android/build/lib.linux-x86_64-cpython-314/android/_android_billing.cpython-314-x86_64-linux-gnu.so
[1m[90m[DEBUG][39m[0m:   	./other_builds/android-sdl2/arm64-v8a__ndk_target_21/android/build/lib.linux-x86_64-cpython-314/android/_android_sound.cpython-314-x86_64-linux-gnu.so
[1m[90m[DEBUG][39m[0m:   	./other_builds/kivy-sdl2/arm64-v8a__ndk_target_21/kivy/build/lib.linux-x86_64-cpython-314/kivy/properties.cpython-314-x86_64-linux-gnu.so
[1m[90m[DEBUG][39m[0m:   	./other_builds/kivy-sdl2/arm64-v8a__ndk_target_21/kivy/build/lib.linux-x86_64-cpython-314/kivy/_clock.cpython-314-x86_64-linux-gnu.so
[1m[90m[DEBUG][39m[0m:   	./other_builds/kivy-sdl2/arm64-v8a__ndk_target_21/kivy/build/lib.linux-x86_64-cpython-314/kivy/core/clipboard/_clipboard_sdl2.cpython-314-x86_64-linux-gnu.so
[1m[90m[DEBUG][39m[0m:   	./other_builds/kivy-sdl2/arm64-v8a__ndk_target_21/kivy/build/lib.linux-x86_64-cpython-314/kivy/core/window/window_info.cpython-314-x86_64-linux-gnu.so
[1m[90m[DEBUG][39m[0m:   	./other_builds/kivy-sdl2/arm64-v8a__ndk_target_21/kivy/build/lib.linux-x86_64-cpython-314/kivy/core/window/_window_sdl2.cpython-314-x86_64-linux-gnu.so
[1m[90m[DEBUG][39m[0m:   	./other_builds/kivy-sdl2/arm64-v8a__ndk_target_21/kivy/build/lib.linux-x86_64-cpython-314/kivy/core/image/_img_sdl2.cpython-314-x86_64-linux-gnu.so
[1m[90m[DEBUG][39m[0m:   	./other_builds/kivy-sdl2/arm64-v8a__ndk_target_21/kivy/build/lib.linux-x86_64-cpython-314/kivy/core/audio/audio_sdl2.cpython-314-x86_64-linux-gnu.so
[1m[90m[DEBUG][39m[0m:   	./other_builds/kivy-sdl2/arm64-v8a__ndk_target_21/kivy/build/lib.linux-x86_64-cpython-314/kivy/core/text/text_layout.cpython-314-x86_64-linux-gnu.so
[1m[90m[DEBUG][39m[0m:   	./other_builds/kivy-sdl2/arm64-v8a__ndk_target_21/kivy/build/lib.linux-x86_64-cpython-314/kivy/core/text/_text_sdl2.cpython-314-x86_64-linux-gnu.so
[1m[90m[DEBUG][39m[0m:   	./other_builds/kivy-sdl2/arm64-v8a__ndk_target_21/kivy/build/lib.linux-x86_64-cpython-314/kivy/weakproxy.cpython-314-x86_64-linux-gnu.so
[1m[90m[DEBUG][39m[0m:   	./other_builds/kivy-sdl2/arm64-v8a__ndk_target_21/kivy/build/lib.linux-x86_64-cpython-314/kivy/_event.cpython-314-x86_64-linux-gnu.so
[1m[90m[DEBUG][39m[0m:   	./other_builds/kivy-sdl2/arm64-v8a__ndk_target_21/kivy/build/lib.linux-x86_64-cpython-314/kivy/graphics/transformation.cpython-314-x86_64-linux-gnu.so
[1m[90m[DEBUG][39m[0m:   	./other_builds/kivy-sdl2/arm64-v8a__ndk_target_21/kivy/build/lib.linux-x86_64-cpython-314/kivy/graphics/boxshadow.cpython-314-x86_64-linux-gnu.so
[1m[90m[DEBUG][39m[0m:   	./other_builds/kivy-sdl2/arm64-v8a__ndk_target_21/kivy/build/lib.linux-x86_64-cpython-314/kivy/graphics/context.cpython-314-x86_64-linux-gnu.so
[1m[90m[DEBUG][39m[0m:   	./other_builds/kivy-sdl2/arm64-v8a__ndk_target_21/kivy/build/lib.linux-x86_64-cpython-314/kivy/graphics/tesselator.cpython-314-x86_64-linux-gnu.so
[1m[90m[DEBUG][39m[0m:   	./other_builds/kivy-sdl2/arm64-v8a__ndk_target_21/kivy/build/lib.linux-x86_64-cpython-314/kivy/graphics/buffer.cpython-314-x86_64-linux-gnu.so
[1m[90m[DEBUG][39m[0m:   	./other_builds/kivy-sdl2/arm64-v8a__ndk_target_21/kivy/build/lib.linux-x86_64-cpython-314/kivy/graphics/vbo.cpython-314-x86_64-linux-gnu.so
[1m[90m[DEBUG][39m[0m:   	./other_builds/kivy-sdl2/arm64-v8a__ndk_target_21/kivy/build/lib.linux-x86_64-cpython-314/kivy/graphics/vertex.cpython-314-x86_64-linux-gnu.so
[1m[90m[DEBUG][39m[0m:   	./other_builds/kivy-sdl2/arm64-v8a__ndk_target_21/kivy/build/lib.linux-x86_64-cpython-314/kivy/graphics/shader.cpython-314-x86_64-linux-gnu.so
[1m[90m[DEBUG][39m[0m:   	./other_builds/kivy-sdl2/arm64-v8a__ndk_target_21/kivy/build/lib.linux-x86_64-cpython-314/kivy/graphics/scissor_instructions.cpython-314-x86_64-linux-gnu.so
[1m[90m[DEBUG][39m[0m:   	./other_builds/kivy-sdl2/arm64-v8a__ndk_target_21/kivy/build/lib.linux-x86_64-cpython-314/kivy/graphics/gl_instructions.cpython-314-x86_64-linux-gnu.so
[1m[90m[DEBUG][39m[0m:   	./other_builds/kivy-sdl2/arm64-v8a__ndk_target_21/kivy/build/lib.linux-x86_64-cpython-314/kivy/graphics/context_instructions.cpython-314-x86_64-linux-gnu.so
[1m[90m[DEBUG][39m[0m:   	./other_builds/kivy-sdl2/arm64-v8a__ndk_target_21/kivy/build/lib.linux-x86_64-cpython-314/kivy/graphics/fbo.cpython-314-x86_64-linux-gnu.so
[1m[90m[DEBUG][39m[0m:   	./other_builds/kivy-sdl2/arm64-v8a__ndk_target_21/kivy/build/lib.linux-x86_64-cpython-314/kivy/graphics/instructions.cpython-314-x86_64-linux-gnu.so
[1m[90m[DEBUG][39m[0m:   	./other_builds/kivy-sdl2/arm64-v8a__ndk_target_21/kivy/build/lib.linux-x86_64-cpython-314/kivy/graphics/cgl_backend/cgl_mock.cpython-314-x86_64-linux-gnu.so
[1m[90m[DEBUG][39m[0m:   	./other_builds/kivy-sdl2/arm64-v8a__ndk_target_21/kivy/build/lib.linux-x86_64-cpython-314/kivy/graphics/cgl_backend/cgl_debug.cpython-314-x86_64-linux-gnu.so
[1m[90m[DEBUG][39m[0m:   	./other_builds/kivy-sdl2/arm64-v8a__ndk_target_21/kivy/build/lib.linux-x86_64-cpython-314/kivy/graphics/cgl_backend/cgl_gl.cpython-314-x86_64-linux-gnu.so
[1m[90m[DEBUG][39m[0m:   	./other_builds/kivy-sdl2/arm64-v8a__ndk_target_21/kivy/build/lib.linux-x86_64-cpython-314/kivy/graphics/cgl_backend/cgl_sdl2.cpython-314-x86_64-linux-gnu.so
[1m[90m[DEBUG][39m[0m:   	./other_builds/kivy-sdl2/arm64-v8a__ndk_target_21/kivy/build/lib.linux-x86_64-cpython-314/kivy/graphics/cgl_backend/cgl_glew.cpython-314-x86_64-linux-gnu.so
[1m[90m[DEBUG][39m[0m:   	./other_builds/kivy-sdl2/arm64-v8a__ndk_target_21/kivy/build/lib.linux-x86_64-cpython-314/kivy/graphics/compiler.cpython-314-x86_64-linux-gnu.so
[1m[90m[DEBUG][39m[0m:   	./other_builds/kivy-sdl2/arm64-v8a__ndk_target_21/kivy/build/lib.linux-x86_64-cpython-314/kivy/graphics/stencil_instructions.cpython-314-x86_64-linux-gnu.so
[1m[90m[DEBUG][39m[0m:   	./other_builds/kivy-sdl2/arm64-v8a__ndk_target_21/kivy/build/lib.linux-x86_64-cpython-314/kivy/graphics/vertex_instructions.cpython-314-x86_64-linux-gnu.so
[1m[90m[DEBUG][39m[0m:   	./other_builds/kivy-sdl2/arm64-v8a__ndk_target_21/kivy/build/lib.linux-x86_64-cpython-314/kivy/graphics/svg.cpython-314-x86_64-linux-gnu.so
[1m[90m[DEBUG][39m[0m:   	./other_builds/kivy-sdl2/arm64-v8a__ndk_target_21/kivy/build/lib.linux-x86_64-cpython-314/kivy/graphics/cgl.cpython-314-x86_64-linux-gnu.so
[1m[90m[DEBUG][39m[0m:   	./other_builds/kivy-sdl2/arm64-v8a__ndk_target_21/kivy/build/lib.linux-x86_64-cpython-314/kivy/graphics/texture.cpython-314-x86_64-linux-gnu.so
[1m[90m[DEBUG][39m[0m:   	./other_builds/kivy-sdl2/arm64-v8a__ndk_target_21/kivy/build/lib.linux-x86_64-cpython-314/kivy/graphics/opengl.cpython-314-x86_64-linux-gnu.so
[1m[90m[DEBUG][39m[0m:   	./other_builds/kivy-sdl2/arm64-v8a__ndk_target_21/kivy/build/lib.linux-x86_64-cpython-314/kivy/graphics/opengl_utils.cpython-314-x86_64-linux-gnu.so
[1m[90m[DEBUG][39m[0m:   	./other_builds/kivy-sdl2/arm64-v8a__ndk_target_21/kivy/build/lib.linux-x86_64-cpython-314/kivy/_metrics.cpython-314-x86_64-linux-gnu.so
[1m[90m[DEBUG][39m[0m:   	./other_builds/cryptography/arm64-v8a__ndk_target_21/cryptography/target/release/deps/libindoc-8bc6615b9061b544.so
[1m[90m[DEBUG][39m[0m:   	./other_builds/cryptography/arm64-v8a__ndk_target_21/cryptography/target/release/deps/libasn1_derive-19ffc79e5681a41c.so
[1m[90m[DEBUG][39m[0m:   	./other_builds/cryptography/arm64-v8a__ndk_target_21/cryptography/target/release/deps/libpyo3_macros-019e362f33e1dfa8.so
[1m[90m[DEBUG][39m[0m:   	./other_builds/cryptography/arm64-v8a__ndk_target_21/cryptography/target/release/deps/libopenssl_macros-72c4cbe88a870c11.so
[1m[90m[DEBUG][39m[0m:   	./other_builds/cryptography/arm64-v8a__ndk_target_21/cryptography/target/aarch64-linux-android/release/deps/libcryptography_rust.so
[1m[90m[DEBUG][39m[0m:   	./other_builds/cryptography/arm64-v8a__ndk_target_21/cryptography/target/aarch64-linux-android/release/libcryptography_rust.so
[1m[90m[DEBUG][39m[0m:   	./other_builds/pyjnius-sdl2/arm64-v8a__ndk_target_21/pyjnius/build/lib.linux-x86_64-cpython-314/jnius/jnius.cpython-314-x86_64-linux-gnu.so
[1m[90m[DEBUG][39m[0m:   	./other_builds/openssl/arm64-v8a__ndk_target_21/openssl3/libssl.so
[1m[90m[DEBUG][39m[0m:   	./other_builds/openssl/arm64-v8a__ndk_target_21/openssl3/libcrypto.so
[1m[90m[DEBUG][39m[0m:   	./other_builds/hostpython3/desktop/hostpython3/native-build/Modules/_ctypes_test.cpython-314-x86_64-linux-gnu.so
[1m[90m[DEBUG][39m[0m:   	./other_builds/hostpython3/desktop/hostpython3/native-build/Modules/_xxtestfuzz.cpython-314-x86_64-linux-gnu.so
[1m[90m[DEBUG][39m[0m:   	./other_builds/hostpython3/desktop/hostpython3/native-build/Modules/_interpreters.cpython-314-x86_64-linux-gnu.so
[1m[90m[DEBUG][39m[0m:   	./other_builds/hostpython3/desktop/hostpython3/native-build/Modules/_heapq.cpython-314-x86_64-linux-gnu.so
[1m[90m[DEBUG][39m[0m:   	./other_builds/hostpython3/desktop/hostpython3/native-build/Modules/_csv.cpython-314-x86_64-linux-gnu.so
[1m[90m[DEBUG][39m[0m:   	./other_builds/hostpython3/desktop/hostpython3/native-build/Modules/_elementtree.cpython-314-x86_64-linux-gnu.so
[1m[90m[DEBUG][39m[0m:   	./other_builds/hostpython3/desktop/hostpython3/native-build/Modules/_sqlite3.cpython-314-x86_64-linux-gnu.so
[1m[90m[DEBUG][39m[0m:   	./other_builds/hostpython3/desktop/hostpython3/native-build/Modules/_codecs_jp.cpython-314-x86_64-linux-gnu.so
[1m[90m[DEBUG][39m[0m:   	./other_builds/hostpython3/desktop/hostpython3/native-build/Modules/_codecs_tw.cpython-314-x86_64-linux-gnu.so
[1m[90m[DEBUG][39m[0m:   	./other_builds/hostpython3/desktop/hostpython3/native-build/Modules/_testclinic.cpython-314-x86_64-linux-gnu.so
[1m[90m[DEBUG][39m[0m:   	./other_builds/hostpython3/desktop/hostpython3/native-build/Modules/_ssl.cpython-314-x86_64-linux-gnu.so
[1m[90m[DEBUG][39m[0m:   	./other_builds/hostpython3/desktop/hostpython3/native-build/Modules/array.cpython-314-x86_64-linux-gnu.so
[1m[90m[DEBUG][39m[0m:   	./other_builds/hostpython3/desktop/hostpython3/native-build/Modules/_curses_panel.cpython-314-x86_64-linux-gnu.so
[1m[90m[DEBUG][39m[0m:   	./other_builds/hostpython3/desktop/hostpython3/native-build/Modules/_dbm.cpython-314-x86_64-linux-gnu.so
[1m[90m[DEBUG][39m[0m:   	./other_builds/hostpython3/desktop/hostpython3/native-build/Modules/_hashlib.cpython-314-x86_64-linux-gnu.so
[1m[90m[DEBUG][39m[0m:   	./other_builds/hostpython3/desktop/hostpython3/native-build/Modules/_multibytecodec.cpython-314-x86_64-linux-gnu.so
[1m[90m[DEBUG][39m[0m:   	./other_builds/hostpython3/desktop/hostpython3/native-build/Modules/_codecs_cn.cpython-314-x86_64-linux-gnu.so
[1m[90m[DEBUG][39m[0m:   	./other_builds/hostpython3/desktop/hostpython3/native-build/Modules/xxsubtype.cpython-314-x86_64-linux-gnu.so
[1m[90m[DEBUG][39m[0m:   	./other_builds/hostpython3/desktop/hostpython3/native-build/Modules/_decimal.cpython-314-x86_64-linux-gnu.so
[1m[90m[DEBUG][39m[0m:   	./other_builds/hostpython3/desktop/hostpython3/native-build/Modules/select.cpython-314-x86_64-linux-gnu.so
[1m[90m[DEBUG][39m[0m:   	./other_builds/hostpython3/desktop/hostpython3/native-build/Modules/_testinternalcapi.cpython-314-x86_64-linux-gnu.so
[1m[90m[DEBUG][39m[0m:   	./other_builds/hostpython3/desktop/hostpython3/native-build/Modules/termios.cpython-314-x86_64-linux-gnu.so
[1m[90m[DEBUG][39m[0m:   	./other_builds/hostpython3/desktop/hostpython3/native-build/Modules/_interpqueues.cpython-314-x86_64-linux-gnu.so
[1m[90m[DEBUG][39m[0m:   	./other_builds/hostpython3/desktop/hostpython3/native-build/Modules/math.cpython-314-x86_64-linux-gnu.so
[1m[90m[DEBUG][39m[0m:   	./other_builds/hostpython3/desktop/hostpython3/native-build/Modules/_remote_debugging.cpython-314-x86_64-linux-gnu.so
[1m[90m[DEBUG][39m[0m:   	./other_builds/hostpython3/desktop/hostpython3/native-build/Modules/_ctypes.cpython-314-x86_64-linux-gnu.so
[1m[90m[DEBUG][39m[0m:   	./other_builds/hostpython3/desktop/hostpython3/native-build/Modules/_struct.cpython-314-x86_64-linux-gnu.so
[1m[90m[DEBUG][39m[0m:   	./other_builds/hostpython3/desktop/hostpython3/native-build/Modules/mmap.cpython-314-x86_64-linux-gnu.so
[1m[90m[DEBUG][39m[0m:   	./other_builds/hostpython3/desktop/hostpython3/native-build/Modules/readline.cpython-314-x86_64-linux-gnu.so
[1m[90m[DEBUG][39m[0m:   	./other_builds/hostpython3/desktop/hostpython3/native-build/Modules/fcntl.cpython-314-x86_64-linux-gnu.so
[1m[90m[DEBUG][39m[0m:   	./other_builds/hostpython3/desktop/hostpython3/native-build/Modules/_codecs_hk.cpython-314-x86_64-linux-gnu.so
[1m[90m[DEBUG][39m[0m:   	./other_builds/hostpython3/desktop/hostpython3/native-build/Modules/_uuid.cpython-314-x86_64-linux-gnu.so
[1m[90m[DEBUG][39m[0m:   	./other_builds/hostpython3/desktop/hostpython3/native-build/Modules/_tkinter.cpython-314-x86_64-linux-gnu.so
[1m[90m[DEBUG][39m[0m:   	./other_builds/hostpython3/desktop/hostpython3/native-build/Modules/_testlimitedcapi.cpython-314-x86_64-linux-gnu.so
[1m[90m[DEBUG][39m[0m:   	./other_builds/hostpython3/desktop/hostpython3/native-build/Modules/_posixshmem.cpython-314-x86_64-linux-gnu.so
[1m[90m[DEBUG][39m[0m:   	./other_builds/hostpython3/desktop/hostpython3/native-build/Modules/_gdbm.cpython-314-x86_64-linux-gnu.so
[1m[90m[DEBUG][39m[0m:   	./other_builds/hostpython3/desktop/hostpython3/native-build/Modules/_sha3.cpython-314-x86_64-linux-gnu.so
[1m[90m[DEBUG][39m[0m:   	./other_builds/hostpython3/desktop/hostpython3/native-build/Modules/_pickle.cpython-314-x86_64-linux-gnu.so
[1m[90m[DEBUG][39m[0m:   	./other_builds/hostpython3/desktop/hostpython3/native-build/Modules/syslog.cpython-314-x86_64-linux-gnu.so
[1m[90m[DEBUG][39m[0m:   	./other_builds/hostpython3/desktop/hostpython3/native-build/Modules/_asyncio.cpython-314-x86_64-linux-gnu.so
[1m[90m[DEBUG][39m[0m:   	./other_builds/hostpython3/desktop/hostpython3/native-build/Modules/_json.cpython-314-x86_64-linux-gnu.so
[1m[90m[DEBUG][39m[0m:   	./other_builds/hostpython3/desktop/hostpython3/native-build/Modules/xxlimited_35.cpython-314-x86_64-linux-gnu.so
[1m[90m[DEBUG][39m[0m:   	./other_builds/hostpython3/desktop/hostpython3/native-build/Modules/_blake2.cpython-314-x86_64-linux-gnu.so
[1m[90m[DEBUG][39m[0m:   	./other_builds/hostpython3/desktop/hostpython3/native-build/Modules/_testbuffer.cpython-314-x86_64-linux-gnu.so
[1m[90m[DEBUG][39m[0m:   	./other_builds/hostpython3/desktop/hostpython3/native-build/Modules/_random.cpython-314-x86_64-linux-gnu.so
[1m[90m[DEBUG][39m[0m:   	./other_builds/hostpython3/desktop/hostpython3/native-build/Modules/binascii.cpython-314-x86_64-linux-gnu.so
[1m[90m[DEBUG][39m[0m:   	./other_builds/hostpython3/desktop/hostpython3/native-build/Modules/_posixsubprocess.cpython-314-x86_64-linux-gnu.so
[1m[90m[DEBUG][39m[0m:   	./other_builds/hostpython3/desktop/hostpython3/native-build/Modules/_zoneinfo.cpython-314-x86_64-linux-gnu.so
[1m[90m[DEBUG][39m[0m:   	./other_builds/hostpython3/desktop/hostpython3/native-build/Modules/_sha2.cpython-314-x86_64-linux-gnu.so
[1m[90m[DEBUG][39m[0m:   	./other_builds/hostpython3/desktop/hostpython3/native-build/Modules/_lzma.cpython-314-x86_64-linux-gnu.so
[1m[90m[DEBUG][39m[0m:   	./other_builds/hostpython3/desktop/hostpython3/native-build/Modules/_testmultiphase.cpython-314-x86_64-linux-gnu.so
[1m[90m[DEBUG][39m[0m:   	./other_builds/hostpython3/desktop/hostpython3/native-build/Modules/_bz2.cpython-314-x86_64-linux-gnu.so
[1m[90m[DEBUG][39m[0m:   	./other_builds/hostpython3/desktop/hostpython3/native-build/Modules/_bisect.cpython-314-x86_64-linux-gnu.so
[1m[90m[DEBUG][39m[0m:   	./other_builds/hostpython3/desktop/hostpython3/native-build/Modules/_queue.cpython-314-x86_64-linux-gnu.so
[1m[90m[DEBUG][39m[0m:   	./other_builds/hostpython3/desktop/hostpython3/native-build/Modules/_curses.cpython-314-x86_64-linux-gnu.so
[1m[90m[DEBUG][39m[0m:   	./other_builds/hostpython3/desktop/hostpython3/native-build/Modules/_sha1.cpython-314-x86_64-linux-gnu.so
[1m[90m[DEBUG][39m[0m:   	./other_builds/hostpython3/desktop/hostpython3/native-build/Modules/_testsinglephase.cpython-314-x86_64-linux-gnu.so
[1m[90m[DEBUG][39m[0m:   	./other_builds/hostpython3/desktop/hostpython3/native-build/Modules/_md5.cpython-314-x86_64-linux-gnu.so
[1m[90m[DEBUG][39m[0m:   	./other_builds/hostpython3/desktop/hostpython3/native-build/Modules/grp.cpython-314-x86_64-linux-gnu.so
[1m[90m[DEBUG][39m[0m:   	./other_builds/hostpython3/desktop/hostpython3/native-build/Modules/_codecs_kr.cpython-314-x86_64-linux-gnu.so
[1m[90m[DEBUG][39m[0m:   	./other_builds/hostpython3/desktop/hostpython3/native-build/Modules/_codecs_iso2022.cpython-314-x86_64-linux-gnu.so
[1m[90m[DEBUG][39m[0m:   	./other_builds/hostpython3/desktop/hostpython3/native-build/Modules/zlib.cpython-314-x86_64-linux-gnu.so
[1m[90m[DEBUG][39m[0m:   	./other_builds/hostpython3/desktop/hostpython3/native-build/Modules/_lsprof.cpython-314-x86_64-linux-gnu.so
[1m[90m[DEBUG][39m[0m:   	./other_builds/hostpython3/desktop/hostpython3/native-build/Modules/_statistics.cpython-314-x86_64-linux-gnu.so
[1m[90m[DEBUG][39m[0m:   	./other_builds/hostpython3/desktop/hostpython3/native-build/Modules/_hmac.cpython-314-x86_64-linux-gnu.so
[1m[90m[DEBUG][39m[0m:   	./other_builds/hostpython3/desktop/hostpython3/native-build/Modules/unicodedata.cpython-314-x86_64-linux-gnu.so
[1m[90m[DEBUG][39m[0m:   	./other_builds/hostpython3/desktop/hostpython3/native-build/Modules/pyexpat.cpython-314-x86_64-linux-gnu.so
[1m[90m[DEBUG][39m[0m:   	./other_builds/hostpython3/desktop/hostpython3/native-build/Modules/xxlimited.cpython-314-x86_64-linux-gnu.so
[1m[90m[DEBUG][39m[0m:   	./other_builds/hostpython3/desktop/hostpython3/native-build/Modules/resource.cpython-314-x86_64-linux-gnu.so
[1m[90m[DEBUG][39m[0m:   	./other_builds/hostpython3/desktop/hostpython3/native-build/Modules/_socket.cpython-314-x86_64-linux-gnu.so
[1m[90m[DEBUG][39m[0m:   	./other_builds/hostpython3/desktop/hostpython3/native-build/Modules/_testclinic_limited.cpython-314-x86_64-linux-gnu.so
[1m[90m[DEBUG][39m[0m:   	./other_builds/hostpython3/desktop/hostpython3/native-build/Modules/_testcapi.cpython-314-x86_64-linux-gnu.so
[1m[90m[DEBUG][39m[0m:   	./other_builds/hostpython3/desktop/hostpython3/native-build/Modules/_multiprocessing.cpython-314-x86_64-linux-gnu.so
[1m[90m[DEBUG][39m[0m:   	./other_builds/hostpython3/desktop/hostpython3/native-build/Modules/_testimportmultiple.cpython-314-x86_64-linux-gnu.so
[1m[90m[DEBUG][39m[0m:   	./other_builds/hostpython3/desktop/hostpython3/native-build/Modules/cmath.cpython-314-x86_64-linux-gnu.so
[1m[90m[DEBUG][39m[0m:   	./other_builds/hostpython3/desktop/hostpython3/native-build/Modules/_interpchannels.cpython-314-x86_64-linux-gnu.so
[1m[90m[DEBUG][39m[0m:   	./other_builds/hostpython3/desktop/hostpython3/native-build/root/usr/local/lib/python3.14/lib-dynload/_ctypes_test.cpython-314-x86_64-linux-gnu.so
[1m[90m[DEBUG][39m[0m:   	./other_builds/hostpython3/desktop/hostpython3/native-build/root/usr/local/lib/python3.14/lib-dynload/_xxtestfuzz.cpython-314-x86_64-linux-gnu.so
[1m[90m[DEBUG][39m[0m:   	./other_builds/hostpython3/desktop/hostpython3/native-build/root/usr/local/lib/python3.14/lib-dynload/_interpreters.cpython-314-x86_64-linux-gnu.so
[1m[90m[DEBUG][39m[0m:   	./other_builds/hostpython3/desktop/hostpython3/native-build/root/usr/local/lib/python3.14/lib-dynload/_heapq.cpython-314-x86_64-linux-gnu.so
[1m[90m[DEBUG][39m[0m:   	./other_builds/hostpython3/desktop/hostpython3/native-build/root/usr/local/lib/python3.14/lib-dynload/_csv.cpython-314-x86_64-linux-gnu.so
[1m[90m[DEBUG][39m[0m:   	./other_builds/hostpython3/desktop/hostpython3/native-build/root/usr/local/lib/python3.14/lib-dynload/_elementtree.cpython-314-x86_64-linux-gnu.so
[1m[90m[DEBUG][39m[0m:   	./other_builds/hostpython3/desktop/hostpython3/native-build/root/usr/local/lib/python3.14/lib-dynload/_sqlite3.cpython-314-x86_64-linux-gnu.so
[1m[90m[DEBUG][39m[0m:   	./other_builds/hostpython3/desktop/hostpython3/native-build/root/usr/local/lib/python3.14/lib-dynload/_codecs_jp.cpython-314-x86_64-linux-gnu.so
[1m[90m[DEBUG][39m[0m:   	./other_builds/hostpython3/desktop/hostpython3/native-build/root/usr/local/lib/python3.14/lib-dynload/_codecs_tw.cpython-314-x86_64-linux-gnu.so
[1m[90m[DEBUG][39m[0m:   	./other_builds/hostpython3/desktop/hostpython3/native-build/root/usr/local/lib/python3.14/lib-dynload/_testclinic.cpython-314-x86_64-linux-gnu.so
[1m[90m[DEBUG][39m[0m:   	./other_builds/hostpython3/desktop/hostpython3/native-build/root/usr/local/lib/python3.14/lib-dynload/_ssl.cpython-314-x86_64-linux-gnu.so
[1m[90m[DEBUG][39m[0m:   	./other_builds/hostpython3/desktop/hostpython3/native-build/root/usr/local/lib/python3.14/lib-dynload/array.cpython-314-x86_64-linux-gnu.so
[1m[90m[DEBUG][39m[0m:   	./other_builds/hostpython3/desktop/hostpython3/native-build/root/usr/local/lib/python3.14/lib-dynload/_curses_panel.cpython-314-x86_64-linux-gnu.so
[1m[90m[DEBUG][39m[0m:   	./other_builds/hostpython3/desktop/hostpython3/native-build/root/usr/local/lib/python3.14/lib-dynload/_dbm.cpython-314-x86_64-linux-gnu.so
[1m[90m[DEBUG][39m[0m:   	./other_builds/hostpython3/desktop/hostpython3/native-build/root/usr/local/lib/python3.14/lib-dynload/_hashlib.cpython-314-x86_64-linux-gnu.so
[1m[90m[DEBUG][39m[0m:   	./other_builds/hostpython3/desktop/hostpython3/native-build/root/usr/local/lib/python3.14/lib-dynload/_multibytecodec.cpython-314-x86_64-linux-gnu.so
[1m[90m[DEBUG][39m[0m:   	./other_builds/hostpython3/desktop/hostpython3/native-build/root/usr/local/lib/python3.14/lib-dynload/_codecs_cn.cpython-314-x86_64-linux-gnu.so
[1m[90m[DEBUG][39m[0m:   	./other_builds/hostpython3/desktop/hostpython3/native-build/root/usr/local/lib/python3.14/lib-dynload/xxsubtype.cpython-314-x86_64-linux-gnu.so
[1m[90m[DEBUG][39m[0m:   	./other_builds/hostpython3/desktop/hostpython3/native-build/root/usr/local/lib/python3.14/lib-dynload/_decimal.cpython-314-x86_64-linux-gnu.so
[1m[90m[DEBUG][39m[0m:   	./other_builds/hostpython3/desktop/hostpython3/native-build/root/usr/local/lib/python3.14/lib-dynload/select.cpython-314-x86_64-linux-gnu.so
[1m[90m[DEBUG][39m[0m:   	./other_builds/hostpython3/desktop/hostpython3/native-build/root/usr/local/lib/python3.14/lib-dynload/_testinternalcapi.cpython-314-x86_64-linux-gnu.so
[1m[90m[DEBUG][39m[0m:   	./other_builds/hostpython3/desktop/hostpython3/native-build/root/usr/local/lib/python3.14/lib-dynload/termios.cpython-314-x86_64-linux-gnu.so
[1m[90m[DEBUG][39m[0m:   	./other_builds/hostpython3/desktop/hostpython3/native-build/root/usr/local/lib/python3.14/lib-dynload/_interpqueues.cpython-314-x86_64-linux-gnu.so
[1m[90m[DEBUG][39m[0m:   	./other_builds/hostpython3/desktop/hostpython3/native-build/root/usr/local/lib/python3.14/lib-dynload/math.cpython-314-x86_64-linux-gnu.so
[1m[90m[DEBUG][39m[0m:   	./other_builds/hostpython3/desktop/hostpython3/native-build/root/usr/local/lib/python3.14/lib-dynload/_remote_debugging.cpython-314-x86_64-linux-gnu.so
[1m[90m[DEBUG][39m[0m:   	./other_builds/hostpython3/desktop/hostpython3/native-build/root/usr/local/lib/python3.14/lib-dynload/_ctypes.cpython-314-x86_64-linux-gnu.so
[1m[90m[DEBUG][39m[0m:   	./other_builds/hostpython3/desktop/hostpython3/native-build/root/usr/local/lib/python3.14/lib-dynload/_struct.cpython-314-x86_64-linux-gnu.so
[1m[90m[DEBUG][39m[0m:   	./other_builds/hostpython3/desktop/hostpython3/native-build/root/usr/local/lib/python3.14/lib-dynload/mmap.cpython-314-x86_64-linux-gnu.so
[1m[90m[DEBUG][39m[0m:   	./other_builds/hostpython3/desktop/hostpython3/native-build/root/usr/local/lib/python3.14/lib-dynload/readline.cpython-314-x86_64-linux-gnu.so
[1m[90m[DEBUG][39m[0m:   	./other_builds/hostpython3/desktop/hostpython3/native-build/root/usr/local/lib/python3.14/lib-dynload/fcntl.cpython-314-x86_64-linux-gnu.so
[1m[90m[DEBUG][39m[0m:   	./other_builds/hostpython3/desktop/hostpython3/native-build/root/usr/local/lib/python3.14/lib-dynload/_codecs_hk.cpython-314-x86_64-linux-gnu.so
[1m[90m[DEBUG][39m[0m:   	./other_builds/hostpython3/desktop/hostpython3/native-build/root/usr/local/lib/python3.14/lib-dynload/_uuid.cpython-314-x86_64-linux-gnu.so
[1m[90m[DEBUG][39m[0m:   	./other_builds/hostpython3/desktop/hostpython3/native-build/root/usr/local/lib/python3.14/lib-dynload/_tkinter.cpython-314-x86_64-linux-gnu.so
[1m[90m[DEBUG][39m[0m:   	./other_builds/hostpython3/desktop/hostpython3/native-build/root/usr/local/lib/python3.14/lib-dynload/_testlimitedcapi.cpython-314-x86_64-linux-gnu.so
[1m[90m[DEBUG][39m[0m:   	./other_builds/hostpython3/desktop/hostpython3/native-build/root/usr/local/lib/python3.14/lib-dynload/_posixshmem.cpython-314-x86_64-linux-gnu.so
[1m[90m[DEBUG][39m[0m:   	./other_builds/hostpython3/desktop/hostpython3/native-build/root/usr/local/lib/python3.14/lib-dynload/_gdbm.cpython-314-x86_64-linux-gnu.so
[1m[90m[DEBUG][39m[0m:   	./other_builds/hostpython3/desktop/hostpython3/native-build/root/usr/local/lib/python3.14/lib-dynload/_sha3.cpython-314-x86_64-linux-gnu.so
[1m[90m[DEBUG][39m[0m:   	./other_builds/hostpython3/desktop/hostpython3/native-build/root/usr/local/lib/python3.14/lib-dynload/_pickle.cpython-314-x86_64-linux-gnu.so
[1m[90m[DEBUG][39m[0m:   	./other_builds/hostpython3/desktop/hostpython3/native-build/root/usr/local/lib/python3.14/lib-dynload/syslog.cpython-314-x86_64-linux-gnu.so
[1m[90m[DEBUG][39m[0m:   	./other_builds/hostpython3/desktop/hostpython3/native-build/root/usr/local/lib/python3.14/lib-dynload/_asyncio.cpython-314-x86_64-linux-gnu.so
[1m[90m[DEBUG][39m[0m:   	./other_builds/hostpython3/desktop/hostpython3/native-build/root/usr/local/lib/python3.14/lib-dynload/_json.cpython-314-x86_64-linux-gnu.so
[1m[90m[DEBUG][39m[0m:   	./other_builds/hostpython3/desktop/hostpython3/native-build/root/usr/local/lib/python3.14/lib-dynload/xxlimited_35.cpython-314-x86_64-linux-gnu.so
[1m[90m[DEBUG][39m[0m:   	./other_builds/hostpython3/desktop/hostpython3/native-build/root/usr/local/lib/python3.14/lib-dynload/_blake2.cpython-314-x86_64-linux-gnu.so
[1m[90m[DEBUG][39m[0m:   	./other_builds/hostpython3/desktop/hostpython3/native-build/root/usr/local/lib/python3.14/lib-dynload/_testbuffer.cpython-314-x86_64-linux-gnu.so
[1m[90m[DEBUG][39m[0m:   	./other_builds/hostpython3/desktop/hostpython3/native-build/root/usr/local/lib/python3.14/lib-dynload/_random.cpython-314-x86_64-linux-gnu.so
[1m[90m[DEBUG][39m[0m:   	./other_builds/hostpython3/desktop/hostpython3/native-build/root/usr/local/lib/python3.14/lib-dynload/binascii.cpython-314-x86_64-linux-gnu.so
[1m[90m[DEBUG][39m[0m:   	./other_builds/hostpython3/desktop/hostpython3/native-build/root/usr/local/lib/python3.14/lib-dynload/_posixsubprocess.cpython-314-x86_64-linux-gnu.so
[1m[90m[DEBUG][39m[0m:   	./other_builds/hostpython3/desktop/hostpython3/native-build/root/usr/local/lib/python3.14/lib-dynload/_zoneinfo.cpython-314-x86_64-linux-gnu.so
[1m[90m[DEBUG][39m[0m:   	./other_builds/hostpython3/desktop/hostpython3/native-build/root/usr/local/lib/python3.14/lib-dynload/_sha2.cpython-314-x86_64-linux-gnu.so
[1m[90m[DEBUG][39m[0m:   	./other_builds/hostpython3/desktop/hostpython3/native-build/root/usr/local/lib/python3.14/lib-dynload/_lzma.cpython-314-x86_64-linux-gnu.so
[1m[90m[DEBUG][39m[0m:   	./other_builds/hostpython3/desktop/hostpython3/native-build/root/usr/local/lib/python3.14/lib-dynload/_testmultiphase.cpython-314-x86_64-linux-gnu.so
[1m[90m[DEBUG][39m[0m:   	./other_builds/hostpython3/desktop/hostpython3/native-build/root/usr/local/lib/python3.14/lib-dynload/_bz2.cpython-314-x86_64-linux-gnu.so
[1m[90m[DEBUG][39m[0m:   	./other_builds/hostpython3/desktop/hostpython3/native-build/root/usr/local/lib/python3.14/lib-dynload/_bisect.cpython-314-x86_64-linux-gnu.so
[1m[90m[DEBUG][39m[0m:   	./other_builds/hostpython3/desktop/hostpython3/native-build/root/usr/local/lib/python3.14/lib-dynload/_queue.cpython-314-x86_64-linux-gnu.so
[1m[90m[DEBUG][39m[0m:   	./other_builds/hostpython3/desktop/hostpython3/native-build/root/usr/local/lib/python3.14/lib-dynload/_curses.cpython-314-x86_64-linux-gnu.so
[1m[90m[DEBUG][39m[0m:   	./other_builds/hostpython3/desktop/hostpython3/native-build/root/usr/local/lib/python3.14/lib-dynload/_sha1.cpython-314-x86_64-linux-gnu.so
[1m[90m[DEBUG][39m[0m:   	./other_builds/hostpython3/desktop/hostpython3/native-build/root/usr/local/lib/python3.14/lib-dynload/_testsinglephase.cpython-314-x86_64-linux-gnu.so
[1m[90m[DEBUG][39m[0m:   	./other_builds/hostpython3/desktop/hostpython3/native-build/root/usr/local/lib/python3.14/lib-dynload/_md5.cpython-314-x86_64-linux-gnu.so
[1m[90m[DEBUG][39m[0m:   	./other_builds/hostpython3/desktop/hostpython3/native-build/root/usr/local/lib/python3.14/lib-dynload/grp.cpython-314-x86_64-linux-gnu.so
[1m[90m[DEBUG][39m[0m:   	./other_builds/hostpython3/desktop/hostpython3/native-build/root/usr/local/lib/python3.14/lib-dynload/_codecs_kr.cpython-314-x86_64-linux-gnu.so
[1m[90m[DEBUG][39m[0m:   	./other_builds/hostpython3/desktop/hostpython3/native-build/root/usr/local/lib/python3.14/lib-dynload/_codecs_iso2022.cpython-314-x86_64-linux-gnu.so
[1m[90m[DEBUG][39m[0m:   	./other_builds/hostpython3/desktop/hostpython3/native-build/root/usr/local/lib/python3.14/lib-dynload/zlib.cpython-314-x86_64-linux-gnu.so
[1m[90m[DEBUG][39m[0m:   	./other_builds/hostpython3/desktop/hostpython3/native-build/root/usr/local/lib/python3.14/lib-dynload/_lsprof.cpython-314-x86_64-linux-gnu.so
[1m[90m[DEBUG][39m[0m:   	./other_builds/hostpython3/desktop/hostpython3/native-build/root/usr/local/lib/python3.14/lib-dynload/_statistics.cpython-314-x86_64-linux-gnu.so
[1m[90m[DEBUG][39m[0m:   	./other_builds/hostpython3/desktop/hostpython3/native-build/root/usr/local/lib/python3.14/lib-dynload/_hmac.cpython-314-x86_64-linux-gnu.so
[1m[90m[DEBUG][39m[0m:   	./other_builds/hostpython3/desktop/hostpython3/native-build/root/usr/local/lib/python3.14/lib-dynload/unicodedata.cpython-314-x86_64-linux-gnu.so
[1m[90m[DEBUG][39m[0m:   	./other_builds/hostpython3/desktop/hostpython3/native-build/root/usr/local/lib/python3.14/lib-dynload/pyexpat.cpython-314-x86_64-linux-gnu.so
[1m[90m[DEBUG][39m[0m:   	./other_builds/hostpython3/desktop/hostpython3/native-build/root/usr/local/lib/python3.14/lib-dynload/xxlimited.cpython-314-x86_64-linux-gnu.so
[1m[90m[DEBUG][39m[0m:   	./other_builds/hostpython3/desktop/hostpython3/native-build/root/usr/local/lib/python3.14/lib-dynload/resource.cpython-314-x86_64-linux-gnu.so
[1m[90m[DEBUG][39m[0m:   	./other_builds/hostpython3/desktop/hostpython3/native-build/root/usr/local/lib/python3.14/lib-dynload/_socket.cpython-314-x86_64-linux-gnu.so
[1m[90m[DEBUG][39m[0m:   	./other_builds/hostpython3/desktop/hostpython3/native-build/root/usr/local/lib/python3.14/lib-dynload/_testclinic_limited.cpython-314-x86_64-linux-gnu.so
[1m[90m[DEBUG][39m[0m:   	./other_builds/hostpython3/desktop/hostpython3/native-build/root/usr/local/lib/python3.14/lib-dynload/_testcapi.cpython-314-x86_64-linux-gnu.so
[1m[90m[DEBUG][39m[0m:   	./other_builds/hostpython3/desktop/hostpython3/native-build/root/usr/local/lib/python3.14/lib-dynload/_multiprocessing.cpython-314-x86_64-linux-gnu.so
[1m[90m[DEBUG][39m[0m:   	./other_builds/hostpython3/desktop/hostpython3/native-build/root/usr/local/lib/python3.14/lib-dynload/_testimportmultiple.cpython-314-x86_64-linux-gnu.so
[1m[90m[DEBUG][39m[0m:   	./other_builds/hostpython3/desktop/hostpython3/native-build/root/usr/local/lib/python3.14/lib-dynload/cmath.cpython-314-x86_64-linux-gnu.so
[1m[90m[DEBUG][39m[0m:   	./other_builds/hostpython3/desktop/hostpython3/native-build/root/usr/local/lib/python3.14/lib-dynload/_interpchannels.cpython-314-x86_64-linux-gnu.so
[1m[90m[DEBUG][39m[0m:   	./other_builds/hostpython3/desktop/hostpython3/native-build/build/lib.linux-x86_64-3.14/_ctypes_test.cpython-314-x86_64-linux-gnu.so
[1m[90m[DEBUG][39m[0m:   	./other_builds/hostpython3/desktop/hostpython3/native-build/build/lib.linux-x86_64-3.14/_xxtestfuzz.cpython-314-x86_64-linux-gnu.so
[1m[90m[DEBUG][39m[0m:   	./other_builds/hostpython3/desktop/hostpython3/native-build/build/lib.linux-x86_64-3.14/_interpreters.cpython-314-x86_64-linux-gnu.so
[1m[90m[DEBUG][39m[0m:   	./other_builds/hostpython3/desktop/hostpython3/native-build/build/lib.linux-x86_64-3.14/_heapq.cpython-314-x86_64-linux-gnu.so
[1m[90m[DEBUG][39m[0m:   	./other_builds/hostpython3/desktop/hostpython3/native-build/build/lib.linux-x86_64-3.14/_csv.cpython-314-x86_64-linux-gnu.so
[1m[90m[DEBUG][39m[0m:   	./other_builds/hostpython3/desktop/hostpython3/native-build/build/lib.linux-x86_64-3.14/_elementtree.cpython-314-x86_64-linux-gnu.so
[1m[90m[DEBUG][39m[0m:   	./other_builds/hostpython3/desktop/hostpython3/native-build/build/lib.linux-x86_64-3.14/_sqlite3.cpython-314-x86_64-linux-gnu.so
[1m[90m[DEBUG][39m[0m:   	./other_builds/hostpython3/desktop/hostpython3/native-build/build/lib.linux-x86_64-3.14/_codecs_jp.cpython-314-x86_64-linux-gnu.so
[1m[90m[DEBUG][39m[0m:   	./other_builds/hostpython3/desktop/hostpython3/native-build/build/lib.linux-x86_64-3.14/_codecs_tw.cpython-314-x86_64-linux-gnu.so
[1m[90m[DEBUG][39m[0m:   	./other_builds/hostpython3/desktop/hostpython3/native-build/build/lib.linux-x86_64-3.14/_testclinic.cpython-314-x86_64-linux-gnu.so
[1m[90m[DEBUG][39m[0m:   	./other_builds/hostpython3/desktop/hostpython3/native-build/build/lib.linux-x86_64-3.14/_ssl.cpython-314-x86_64-linux-gnu.so
[1m[90m[DEBUG][39m[0m:   	./other_builds/hostpython3/desktop/hostpython3/native-build/build/lib.linux-x86_64-3.14/array.cpython-314-x86_64-linux-gnu.so
[1m[90m[DEBUG][39m[0m:   	./other_builds/hostpython3/desktop/hostpython3/native-build/build/lib.linux-x86_64-3.14/_curses_panel.cpython-314-x86_64-linux-gnu.so
[1m[90m[DEBUG][39m[0m:   	./other_builds/hostpython3/desktop/hostpython3/native-build/build/lib.linux-x86_64-3.14/_dbm.cpython-314-x86_64-linux-gnu.so
[1m[90m[DEBUG][39m[0m:   	./other_builds/hostpython3/desktop/hostpython3/native-build/build/lib.linux-x86_64-3.14/_hashlib.cpython-314-x86_64-linux-gnu.so
[1m[90m[DEBUG][39m[0m:   	./other_builds/hostpython3/desktop/hostpython3/native-build/build/lib.linux-x86_64-3.14/_multibytecodec.cpython-314-x86_64-linux-gnu.so
[1m[90m[DEBUG][39m[0m:   	./other_builds/hostpython3/desktop/hostpython3/native-build/build/lib.linux-x86_64-3.14/_codecs_cn.cpython-314-x86_64-linux-gnu.so
[1m[90m[DEBUG][39m[0m:   	./other_builds/hostpython3/desktop/hostpython3/native-build/build/lib.linux-x86_64-3.14/xxsubtype.cpython-314-x86_64-linux-gnu.so
[1m[90m[DEBUG][39m[0m:   	./other_builds/hostpython3/desktop/hostpython3/native-build/build/lib.linux-x86_64-3.14/_decimal.cpython-314-x86_64-linux-gnu.so
[1m[90m[DEBUG][39m[0m:   	./other_builds/hostpython3/desktop/hostpython3/native-build/build/lib.linux-x86_64-3.14/select.cpython-314-x86_64-linux-gnu.so
[1m[90m[DEBUG][39m[0m:   	./other_builds/hostpython3/desktop/hostpython3/native-build/build/lib.linux-x86_64-3.14/_testinternalcapi.cpython-314-x86_64-linux-gnu.so
[1m[90m[DEBUG][39m[0m:   	./other_builds/hostpython3/desktop/hostpython3/native-build/build/lib.linux-x86_64-3.14/termios.cpython-314-x86_64-linux-gnu.so
[1m[90m[DEBUG][39m[0m:   	./other_builds/hostpython3/desktop/hostpython3/native-build/build/lib.linux-x86_64-3.14/_interpqueues.cpython-314-x86_64-linux-gnu.so
[1m[90m[DEBUG][39m[0m:   	./other_builds/hostpython3/desktop/hostpython3/native-build/build/lib.linux-x86_64-3.14/math.cpython-314-x86_64-linux-gnu.so
[1m[90m[DEBUG][39m[0m:   	./other_builds/hostpython3/desktop/hostpython3/native-build/build/lib.linux-x86_64-3.14/_remote_debugging.cpython-314-x86_64-linux-gnu.so
[1m[90m[DEBUG][39m[0m:   	./other_builds/hostpython3/desktop/hostpython3/native-build/build/lib.linux-x86_64-3.14/_ctypes.cpython-314-x86_64-linux-gnu.so
[1m[90m[DEBUG][39m[0m:   	./other_builds/hostpython3/desktop/hostpython3/native-build/build/lib.linux-x86_64-3.14/_struct.cpython-314-x86_64-linux-gnu.so
[1m[90m[DEBUG][39m[0m:   	./other_builds/hostpython3/desktop/hostpython3/native-build/build/lib.linux-x86_64-3.14/mmap.cpython-314-x86_64-linux-gnu.so
[1m[90m[DEBUG][39m[0m:   	./other_builds/hostpython3/desktop/hostpython3/native-build/build/lib.linux-x86_64-3.14/readline.cpython-314-x86_64-linux-gnu.so
[1m[90m[DEBUG][39m[0m:   	./other_builds/hostpython3/desktop/hostpython3/native-build/build/lib.linux-x86_64-3.14/fcntl.cpython-314-x86_64-linux-gnu.so
[1m[90m[DEBUG][39m[0m:   	./other_builds/hostpython3/desktop/hostpython3/native-build/build/lib.linux-x86_64-3.14/_codecs_hk.cpython-314-x86_64-linux-gnu.so
[1m[90m[DEBUG][39m[0m:   	./other_builds/hostpython3/desktop/hostpython3/native-build/build/lib.linux-x86_64-3.14/_uuid.cpython-314-x86_64-linux-gnu.so
[1m[90m[DEBUG][39m[0m:   	./other_builds/hostpython3/desktop/hostpython3/native-build/build/lib.linux-x86_64-3.14/_tkinter.cpython-314-x86_64-linux-gnu.so
[1m[90m[DEBUG][39m[0m:   	./other_builds/hostpython3/desktop/hostpython3/native-build/build/lib.linux-x86_64-3.14/_testlimitedcapi.cpython-314-x86_64-linux-gnu.so
[1m[90m[DEBUG][39m[0m:   	./other_builds/hostpython3/desktop/hostpython3/native-build/build/lib.linux-x86_64-3.14/_posixshmem.cpython-314-x86_64-linux-gnu.so
[1m[90m[DEBUG][39m[0m:   	./other_builds/hostpython3/desktop/hostpython3/native-build/build/lib.linux-x86_64-3.14/_gdbm.cpython-314-x86_64-linux-gnu.so
[1m[90m[DEBUG][39m[0m:   	./other_builds/hostpython3/desktop/hostpython3/native-build/build/lib.linux-x86_64-3.14/_sha3.cpython-314-x86_64-linux-gnu.so
[1m[90m[DEBUG][39m[0m:   	./other_builds/hostpython3/desktop/hostpython3/native-build/build/lib.linux-x86_64-3.14/_pickle.cpython-314-x86_64-linux-gnu.so
[1m[90m[DEBUG][39m[0m:   	./other_builds/hostpython3/desktop/hostpython3/native-build/build/lib.linux-x86_64-3.14/syslog.cpython-314-x86_64-linux-gnu.so
[1m[90m[DEBUG][39m[0m:   	./other_builds/hostpython3/desktop/hostpython3/native-build/build/lib.linux-x86_64-3.14/_asyncio.cpython-314-x86_64-linux-gnu.so
[1m[90m[DEBUG][39m[0m:   	./other_builds/hostpython3/desktop/hostpython3/native-build/build/lib.linux-x86_64-3.14/_json.cpython-314-x86_64-linux-gnu.so
[1m[90m[DEBUG][39m[0m:   	./other_builds/hostpython3/desktop/hostpython3/native-build/build/lib.linux-x86_64-3.14/xxlimited_35.cpython-314-x86_64-linux-gnu.so
[1m[90m[DEBUG][39m[0m:   	./other_builds/hostpython3/desktop/hostpython3/native-build/build/lib.linux-x86_64-3.14/_blake2.cpython-314-x86_64-linux-gnu.so
[1m[90m[DEBUG][39m[0m:   	./other_builds/hostpython3/desktop/hostpython3/native-build/build/lib.linux-x86_64-3.14/_testbuffer.cpython-314-x86_64-linux-gnu.so
[1m[90m[DEBUG][39m[0m:   	./other_builds/hostpython3/desktop/hostpython3/native-build/build/lib.linux-x86_64-3.14/_random.cpython-314-x86_64-linux-gnu.so
[1m[90m[DEBUG][39m[0m:   	./other_builds/hostpython3/desktop/hostpython3/native-build/build/lib.linux-x86_64-3.14/binascii.cpython-314-x86_64-linux-gnu.so
[1m[90m[DEBUG][39m[0m:   	./other_builds/hostpython3/desktop/hostpython3/native-build/build/lib.linux-x86_64-3.14/_posixsubprocess.cpython-314-x86_64-linux-gnu.so
[1m[90m[DEBUG][39m[0m:   	./other_builds/hostpython3/desktop/hostpython3/native-build/build/lib.linux-x86_64-3.14/_zoneinfo.cpython-314-x86_64-linux-gnu.so
[1m[90m[DEBUG][39m[0m:   	./other_builds/hostpython3/desktop/hostpython3/native-build/build/lib.linux-x86_64-3.14/_sha2.cpython-314-x86_64-linux-gnu.so
[1m[90m[DEBUG][39m[0m:   	./other_builds/hostpython3/desktop/hostpython3/native-build/build/lib.linux-x86_64-3.14/_lzma.cpython-314-x86_64-linux-gnu.so
[1m[90m[DEBUG][39m[0m:   	./other_builds/hostpython3/desktop/hostpython3/native-build/build/lib.linux-x86_64-3.14/_testmultiphase.cpython-314-x86_64-linux-gnu.so
[1m[90m[DEBUG][39m[0m:   	./other_builds/hostpython3/desktop/hostpython3/native-build/build/lib.linux-x86_64-3.14/_bz2.cpython-314-x86_64-linux-gnu.so
[1m[90m[DEBUG][39m[0m:   	./other_builds/hostpython3/desktop/hostpython3/native-build/build/lib.linux-x86_64-3.14/_bisect.cpython-314-x86_64-linux-gnu.so
[1m[90m[DEBUG][39m[0m:   	./other_builds/hostpython3/desktop/hostpython3/native-build/build/lib.linux-x86_64-3.14/_queue.cpython-314-x86_64-linux-gnu.so
[1m[90m[DEBUG][39m[0m:   	./other_builds/hostpython3/desktop/hostpython3/native-build/build/lib.linux-x86_64-3.14/_curses.cpython-314-x86_64-linux-gnu.so
[1m[90m[DEBUG][39m[0m:   	./other_builds/hostpython3/desktop/hostpython3/native-build/build/lib.linux-x86_64-3.14/_sha1.cpython-314-x86_64-linux-gnu.so
[1m[90m[DEBUG][39m[0m:   	./other_builds/hostpython3/desktop/hostpython3/native-build/build/lib.linux-x86_64-3.14/_testsinglephase.cpython-314-x86_64-linux-gnu.so
[1m[90m[DEBUG][39m[0m:   	./other_builds/hostpython3/desktop/hostpython3/native-build/build/lib.linux-x86_64-3.14/_md5.cpython-314-x86_64-linux-gnu.so
[1m[90m[DEBUG][39m[0m:   	./other_builds/hostpython3/desktop/hostpython3/native-build/build/lib.linux-x86_64-3.14/grp.cpython-314-x86_64-linux-gnu.so
[1m[90m[DEBUG][39m[0m:   	./other_builds/hostpython3/desktop/hostpython3/native-build/build/lib.linux-x86_64-3.14/_codecs_kr.cpython-314-x86_64-linux-gnu.so
[1m[90m[DEBUG][39m[0m:   	./other_builds/hostpython3/desktop/hostpython3/native-build/build/lib.linux-x86_64-3.14/_codecs_iso2022.cpython-314-x86_64-linux-gnu.so
[1m[90m[DEBUG][39m[0m:   	./other_builds/hostpython3/desktop/hostpython3/native-build/build/lib.linux-x86_64-3.14/zlib.cpython-314-x86_64-linux-gnu.so
[1m[90m[DEBUG][39m[0m:   	./other_builds/hostpython3/desktop/hostpython3/native-build/build/lib.linux-x86_64-3.14/_lsprof.cpython-314-x86_64-linux-gnu.so
[1m[90m[DEBUG][39m[0m:   	./other_builds/hostpython3/desktop/hostpython3/native-build/build/lib.linux-x86_64-3.14/_statistics.cpython-314-x86_64-linux-gnu.so
[1m[90m[DEBUG][39m[0m:   	./other_builds/hostpython3/desktop/hostpython3/native-build/build/lib.linux-x86_64-3.14/_hmac.cpython-314-x86_64-linux-gnu.so
[1m[90m[DEBUG][39m[0m:   	./other_builds/hostpython3/desktop/hostpython3/native-build/build/lib.linux-x86_64-3.14/unicodedata.cpython-314-x86_64-linux-gnu.so
[1m[90m[DEBUG][39m[0m:   	./other_builds/hostpython3/desktop/hostpython3/native-build/build/lib.linux-x86_64-3.14/pyexpat.cpython-314-x86_64-linux-gnu.so
[1m[90m[DEBUG][39m[0m:   	./other_builds/hostpython3/desktop/hostpython3/native-build/build/lib.linux-x86_64-3.14/xxlimited.cpython-314-x86_64-linux-gnu.so
[1m[90m[DEBUG][39m[0m:   	./other_builds/hostpython3/desktop/hostpython3/native-build/build/lib.linux-x86_64-3.14/resource.cpython-314-x86_64-linux-gnu.so
[1m[90m[DEBUG][39m[0m:   	./other_builds/hostpython3/desktop/hostpython3/native-build/build/lib.linux-x86_64-3.14/_socket.cpython-314-x86_64-linux-gnu.so
[1m[90m[DEBUG][39m[0m:   	./other_builds/hostpython3/desktop/hostpython3/native-build/build/lib.linux-x86_64-3.14/_testclinic_limited.cpython-314-x86_64-linux-gnu.so
[1m[90m[DEBUG][39m[0m:   	./other_builds/hostpython3/desktop/hostpython3/native-build/build/lib.linux-x86_64-3.14/_testcapi.cpython-314-x86_64-linux-gnu.so
[1m[90m[DEBUG][39m[0m:   	./other_builds/hostpython3/desktop/hostpython3/native-build/build/lib.linux-x86_64-3.14/_multiprocessing.cpython-314-x86_64-linux-gnu.so
[1m[90m[DEBUG][39m[0m:   	./other_builds/hostpython3/desktop/hostpython3/native-build/build/lib.linux-x86_64-3.14/_testimportmultiple.cpython-314-x86_64-linux-gnu.so
[1m[90m[DEBUG][39m[0m:   	./other_builds/hostpython3/desktop/hostpython3/native-build/build/lib.linux-x86_64-3.14/cmath.cpython-314-x86_64-linux-gnu.so
[1m[90m[DEBUG][39m[0m:   	./other_builds/hostpython3/desktop/hostpython3/native-build/build/lib.linux-x86_64-3.14/_interpchannels.cpython-314-x86_64-linux-gnu.so
[1m[90m[DEBUG][39m[0m:   	./python-installs/neshrblek/arm64-v8a/kivy/properties.cpython-314-x86_64-linux-gnu.so
[1m[90m[DEBUG][39m[0m:   	./python-installs/neshrblek/arm64-v8a/kivy/_clock.cpython-314-x86_64-linux-gnu.so
[1m[90m[DEBUG][39m[0m:   	./python-installs/neshrblek/arm64-v8a/kivy/core/clipboard/_clipboard_sdl2.cpython-314-x86_64-linux-gnu.so
[1m[90m[DEBUG][39m[0m:   	./python-installs/neshrblek/arm64-v8a/kivy/core/window/window_info.cpython-314-x86_64-linux-gnu.so
[1m[90m[DEBUG][39m[0m:   	./python-installs/neshrblek/arm64-v8a/kivy/core/window/_window_sdl2.cpython-314-x86_64-linux-gnu.so
[1m[90m[DEBUG][39m[0m:   	./python-installs/neshrblek/arm64-v8a/kivy/core/image/_img_sdl2.cpython-314-x86_64-linux-gnu.so
[1m[90m[DEBUG][39m[0m:   	./python-installs/neshrblek/arm64-v8a/kivy/core/audio/audio_sdl2.cpython-314-x86_64-linux-gnu.so
[1m[90m[DEBUG][39m[0m:   	./python-installs/neshrblek/arm64-v8a/kivy/core/text/text_layout.cpython-314-x86_64-linux-gnu.so
[1m[90m[DEBUG][39m[0m:   	./python-installs/neshrblek/arm64-v8a/kivy/core/text/_text_sdl2.cpython-314-x86_64-linux-gnu.so
[1m[90m[DEBUG][39m[0m:   	./python-installs/neshrblek/arm64-v8a/kivy/weakproxy.cpython-314-x86_64-linux-gnu.so
[1m[90m[DEBUG][39m[0m:   	./python-installs/neshrblek/arm64-v8a/kivy/_event.cpython-314-x86_64-linux-gnu.so
[1m[90m[DEBUG][39m[0m:   	./python-installs/neshrblek/arm64-v8a/kivy/graphics/transformation.cpython-314-x86_64-linux-gnu.so
[1m[90m[DEBUG][39m[0m:   	./python-installs/neshrblek/arm64-v8a/kivy/graphics/boxshadow.cpython-314-x86_64-linux-gnu.so
[1m[90m[DEBUG][39m[0m:   	./python-installs/neshrblek/arm64-v8a/kivy/graphics/context.cpython-314-x86_64-linux-gnu.so
[1m[90m[DEBUG][39m[0m:   	./python-installs/neshrblek/arm64-v8a/kivy/graphics/tesselator.cpython-314-x86_64-linux-gnu.so
[1m[90m[DEBUG][39m[0m:   	./python-installs/neshrblek/arm64-v8a/kivy/graphics/buffer.cpython-314-x86_64-linux-gnu.so
[1m[90m[DEBUG][39m[0m:   	./python-installs/neshrblek/arm64-v8a/kivy/graphics/vbo.cpython-314-x86_64-linux-gnu.so
[1m[90m[DEBUG][39m[0m:   	./python-installs/neshrblek/arm64-v8a/kivy/graphics/vertex.cpython-314-x86_64-linux-gnu.so
[1m[90m[DEBUG][39m[0m:   	./python-installs/neshrblek/arm64-v8a/kivy/graphics/shader.cpython-314-x86_64-linux-gnu.so
[1m[90m[DEBUG][39m[0m:   	./python-installs/neshrblek/arm64-v8a/kivy/graphics/scissor_instructions.cpython-314-x86_64-linux-gnu.so
[1m[90m[DEBUG][39m[0m:   	./python-installs/neshrblek/arm64-v8a/kivy/graphics/gl_instructions.cpython-314-x86_64-linux-gnu.so
[1m[90m[DEBUG][39m[0m:   	./python-installs/neshrblek/arm64-v8a/kivy/graphics/context_instructions.cpython-314-x86_64-linux-gnu.so
[1m[90m[DEBUG][39m[0m:   	./python-installs/neshrblek/arm64-v8a/kivy/graphics/fbo.cpython-314-x86_64-linux-gnu.so
[1m[90m[DEBUG][39m[0m:   	./python-installs/neshrblek/arm64-v8a/kivy/graphics/instructions.cpython-314-x86_64-linux-gnu.so
[1m[90m[DEBUG][39m[0m:   	./python-installs/neshrblek/arm64-v8a/kivy/graphics/cgl_backend/cgl_mock.cpython-314-x86_64-linux-gnu.so
[1m[90m[DEBUG][39m[0m:   	./python-installs/neshrblek/arm64-v8a/kivy/graphics/cgl_backend/cgl_debug.cpython-314-x86_64-linux-gnu.so
[1m[90m[DEBUG][39m[0m:   	./python-installs/neshrblek/arm64-v8a/kivy/graphics/cgl_backend/cgl_gl.cpython-314-x86_64-linux-gnu.so
[1m[90m[DEBUG][39m[0m:   	./python-installs/neshrblek/arm64-v8a/kivy/graphics/cgl_backend/cgl_sdl2.cpython-314-x86_64-linux-gnu.so
[1m[90m[DEBUG][39m[0m:   	./python-installs/neshrblek/arm64-v8a/kivy/graphics/cgl_backend/cgl_glew.cpython-314-x86_64-linux-gnu.so
[1m[90m[DEBUG][39m[0m:   	./python-installs/neshrblek/arm64-v8a/kivy/graphics/compiler.cpython-314-x86_64-linux-gnu.so
[1m[90m[DEBUG][39m[0m:   	./python-installs/neshrblek/arm64-v8a/kivy/graphics/stencil_instructions.cpython-314-x86_64-linux-gnu.so
[1m[90m[DEBUG][39m[0m:   	./python-installs/neshrblek/arm64-v8a/kivy/graphics/vertex_instructions.cpython-314-x86_64-linux-gnu.so
[1m[90m[DEBUG][39m[0m:   	./python-installs/neshrblek/arm64-v8a/kivy/graphics/svg.cpython-314-x86_64-linux-gnu.so
[1m[90m[DEBUG][39m[0m:   	./python-installs/neshrblek/arm64-v8a/kivy/graphics/cgl.cpython-314-x86_64-linux-gnu.so
[1m[90m[DEBUG][39m[0m:   	./python-installs/neshrblek/arm64-v8a/kivy/graphics/texture.cpython-314-x86_64-linux-gnu.so
[1m[90m[DEBUG][39m[0m:   	./python-installs/neshrblek/arm64-v8a/kivy/graphics/opengl.cpython-314-x86_64-linux-gnu.so
[1m[90m[DEBUG][39m[0m:   	./python-installs/neshrblek/arm64-v8a/kivy/graphics/opengl_utils.cpython-314-x86_64-linux-gnu.so
[1m[90m[DEBUG][39m[0m:   	./python-installs/neshrblek/arm64-v8a/kivy/_metrics.cpython-314-x86_64-linux-gnu.so
[1m[90m[DEBUG][39m[0m:   	./python-installs/neshrblek/arm64-v8a/android/_android.cpython-314-x86_64-linux-gnu.so
[1m[90m[DEBUG][39m[0m:   	./python-installs/neshrblek/arm64-v8a/android/_android_billing.cpython-314-x86_64-linux-gnu.so
[1m[90m[DEBUG][39m[0m:   	./python-installs/neshrblek/arm64-v8a/android/_android_sound.cpython-314-x86_64-linux-gnu.so
[1m[90m[DEBUG][39m[0m:   	./python-installs/neshrblek/arm64-v8a/_cffi_backend.cpython-314-x86_64-linux-gnu.so
[1m[90m[DEBUG][39m[0m:   	./python-installs/neshrblek/arm64-v8a/4ef79d6367bb14396397__mypyc.cpython-314-x86_64-linux-gnu.so
[1m[90m[DEBUG][39m[0m:   	./python-installs/neshrblek/arm64-v8a/cryptography/hazmat/bindings/_rust.abi3.so
[1m[90m[DEBUG][39m[0m:   	./python-installs/neshrblek/arm64-v8a/jnius/jnius.cpython-314-x86_64-linux-gnu.so
[1m[90m[DEBUG][39m[0m:   	./python-installs/neshrblek/arm64-v8a/chardet/pipeline/statistical.cpython-314-x86_64-linux-gnu.so
[1m[90m[DEBUG][39m[0m:   	./python-installs/neshrblek/arm64-v8a/chardet/pipeline/utf8.cpython-314-x86_64-linux-gnu.so
[1m[90m[DEBUG][39m[0m:   	./python-installs/neshrblek/arm64-v8a/chardet/pipeline/ascii.cpython-314-x86_64-linux-gnu.so
[1m[90m[DEBUG][39m[0m:   	./python-installs/neshrblek/arm64-v8a/chardet/pipeline/validity.cpython-314-x86_64-linux-gnu.so
[1m[90m[DEBUG][39m[0m:   	./python-installs/neshrblek/arm64-v8a/chardet/pipeline/structural.cpython-314-x86_64-linux-gnu.so
[1m[90m[DEBUG][39m[0m:   	./python-installs/neshrblek/arm64-v8a/chardet/pipeline/escape.cpython-314-x86_64-linux-gnu.so
[1m[90m[DEBUG][39m[0m:   	./python-installs/neshrblek/arm64-v8a/chardet/pipeline/utf1632.cpython-314-x86_64-linux-gnu.so
[1m[90m[DEBUG][39m[0m:   	./python-installs/neshrblek/arm64-v8a/chardet/pipeline/magic.cpython-314-x86_64-linux-gnu.so
[1m[90m[DEBUG][39m[0m:   	./python-installs/neshrblek/arm64-v8a/chardet/pipeline/confusion.cpython-314-x86_64-linux-gnu.so
[1m[90m[DEBUG][39m[0m:   	./python-installs/neshrblek/arm64-v8a/chardet/pipeline/orchestrator.cpython-314-x86_64-linux-gnu.so
[1m[90m[DEBUG][39m[0m:   	./python-installs/neshrblek/arm64-v8a/chardet/models/__init__.cpython-314-x86_64-linux-gnu.so
[1m[90m[DEBUG][39m[0m:   	./python-installs/neshrblek/arm64-v8a/bidi/bidi.cpython-314-x86_64-linux-gnu.so
[1m[90m[DEBUG][39m[0m:   	./python-installs/nacrilk/arm64-v8a/kivy/properties.cpython-314-x86_64-linux-gnu.so
[1m[90m[DEBUG][39m[0m:   	./python-installs/nacrilk/arm64-v8a/kivy/_clock.cpython-314-x86_64-linux-gnu.so
[1m[90m[DEBUG][39m[0m:   	./python-installs/nacrilk/arm64-v8a/kivy/core/clipboard/_clipboard_sdl2.cpython-314-x86_64-linux-gnu.so
[1m[90m[DEBUG][39m[0m:   	./python-installs/nacrilk/arm64-v8a/kivy/core/window/window_info.cpython-314-x86_64-linux-gnu.so
[1m[90m[DEBUG][39m[0m:   	./python-installs/nacrilk/arm64-v8a/kivy/core/window/_window_sdl2.cpython-314-x86_64-linux-gnu.so
[1m[90m[DEBUG][39m[0m:   	./python-installs/nacrilk/arm64-v8a/kivy/core/image/_img_sdl2.cpython-314-x86_64-linux-gnu.so
[1m[90m[DEBUG][39m[0m:   	./python-installs/nacrilk/arm64-v8a/kivy/core/audio/audio_sdl2.cpython-314-x86_64-linux-gnu.so
[1m[90m[DEBUG][39m[0m:   	./python-installs/nacrilk/arm64-v8a/kivy/core/text/text_layout.cpython-314-x86_64-linux-gnu.so
[1m[90m[DEBUG][39m[0m:   	./python-installs/nacrilk/arm64-v8a/kivy/core/text/_text_sdl2.cpython-314-x86_64-linux-gnu.so
[1m[90m[DEBUG][39m[0m:   	./python-installs/nacrilk/arm64-v8a/kivy/weakproxy.cpython-314-x86_64-linux-gnu.so
[1m[90m[DEBUG][39m[0m:   	./python-installs/nacrilk/arm64-v8a/kivy/_event.cpython-314-x86_64-linux-gnu.so
[1m[90m[DEBUG][39m[0m:   	./python-installs/nacrilk/arm64-v8a/kivy/graphics/transformation.cpython-314-x86_64-linux-gnu.so
[1m[90m[DEBUG][39m[0m:   	./python-installs/nacrilk/arm64-v8a/kivy/graphics/boxshadow.cpython-314-x86_64-linux-gnu.so
[1m[90m[DEBUG][39m[0m:   	./python-installs/nacrilk/arm64-v8a/kivy/graphics/context.cpython-314-x86_64-linux-gnu.so
[1m[90m[DEBUG][39m[0m:   	./python-installs/nacrilk/arm64-v8a/kivy/graphics/tesselator.cpython-314-x86_64-linux-gnu.so
[1m[90m[DEBUG][39m[0m:   	./python-installs/nacrilk/arm64-v8a/kivy/graphics/buffer.cpython-314-x86_64-linux-gnu.so
[1m[90m[DEBUG][39m[0m:   	./python-installs/nacrilk/arm64-v8a/kivy/graphics/vbo.cpython-314-x86_64-linux-gnu.so
[1m[90m[DEBUG][39m[0m:   	./python-installs/nacrilk/arm64-v8a/kivy/graphics/vertex.cpython-314-x86_64-linux-gnu.so
[1m[90m[DEBUG][39m[0m:   	./python-installs/nacrilk/arm64-v8a/kivy/graphics/shader.cpython-314-x86_64-linux-gnu.so
[1m[90m[DEBUG][39m[0m:   	./python-installs/nacrilk/arm64-v8a/kivy/graphics/scissor_instructions.cpython-314-x86_64-linux-gnu.so
[1m[90m[DEBUG][39m[0m:   	./python-installs/nacrilk/arm64-v8a/kivy/graphics/gl_instructions.cpython-314-x86_64-linux-gnu.so
[1m[90m[DEBUG][39m[0m:   	./python-installs/nacrilk/arm64-v8a/kivy/graphics/context_instructions.cpython-314-x86_64-linux-gnu.so
[1m[90m[DEBUG][39m[0m:   	./python-installs/nacrilk/arm64-v8a/kivy/graphics/fbo.cpython-314-x86_64-linux-gnu.so
[1m[90m[DEBUG][39m[0m:   	./python-installs/nacrilk/arm64-v8a/kivy/graphics/instructions.cpython-314-x86_64-linux-gnu.so
[1m[90m[DEBUG][39m[0m:   	./python-installs/nacrilk/arm64-v8a/kivy/graphics/cgl_backend/cgl_mock.cpython-314-x86_64-linux-gnu.so
[1m[90m[DEBUG][39m[0m:   	./python-installs/nacrilk/arm64-v8a/kivy/graphics/cgl_backend/cgl_debug.cpython-314-x86_64-linux-gnu.so
[1m[90m[DEBUG][39m[0m:   	./python-installs/nacrilk/arm64-v8a/kivy/graphics/cgl_backend/cgl_gl.cpython-314-x86_64-linux-gnu.so
[1m[90m[DEBUG][39m[0m:   	./python-installs/nacrilk/arm64-v8a/kivy/graphics/cgl_backend/cgl_sdl2.cpython-314-x86_64-linux-gnu.so
[1m[90m[DEBUG][39m[0m:   	./python-installs/nacrilk/arm64-v8a/kivy/graphics/cgl_backend/cgl_glew.cpython-314-x86_64-linux-gnu.so
[1m[90m[DEBUG][39m[0m:   	./python-installs/nacrilk/arm64-v8a/kivy/graphics/compiler.cpython-314-x86_64-linux-gnu.so
[1m[90m[DEBUG][39m[0m:   	./python-installs/nacrilk/arm64-v8a/kivy/graphics/stencil_instructions.cpython-314-x86_64-linux-gnu.so
[1m[90m[DEBUG][39m[0m:   	./python-installs/nacrilk/arm64-v8a/kivy/graphics/vertex_instructions.cpython-314-x86_64-linux-gnu.so
[1m[90m[DEBUG][39m[0m:   	./python-installs/nacrilk/arm64-v8a/kivy/graphics/svg.cpython-314-x86_64-linux-gnu.so
[1m[90m[DEBUG][39m[0m:   	./python-installs/nacrilk/arm64-v8a/kivy/graphics/cgl.cpython-314-x86_64-linux-gnu.so
[1m[90m[DEBUG][39m[0m:   	./python-installs/nacrilk/arm64-v8a/kivy/graphics/texture.cpython-314-x86_64-linux-gnu.so
[1m[90m[DEBUG][39m[0m:   	./python-installs/nacrilk/arm64-v8a/kivy/graphics/opengl.cpython-314-x86_64-linux-gnu.so
[1m[90m[DEBUG][39m[0m:   	./python-installs/nacrilk/arm64-v8a/kivy/graphics/opengl_utils.cpython-314-x86_64-linux-gnu.so
[1m[90m[DEBUG][39m[0m:   	./python-installs/nacrilk/arm64-v8a/kivy/_metrics.cpython-314-x86_64-linux-gnu.so
[1m[90m[DEBUG][39m[0m:   	./python-installs/nacrilk/arm64-v8a/android/_android.cpython-314-x86_64-linux-gnu.so
[1m[90m[DEBUG][39m[0m:   	./python-installs/nacrilk/arm64-v8a/android/_android_billing.cpython-314-x86_64-linux-gnu.so
[1m[90m[DEBUG][39m[0m:   	./python-installs/nacrilk/arm64-v8a/android/_android_sound.cpython-314-x86_64-linux-gnu.so
[1m[90m[DEBUG][39m[0m:   	./python-installs/nacrilk/arm64-v8a/_cffi_backend.cpython-314-x86_64-linux-gnu.so
[1m[90m[DEBUG][39m[0m:   	./python-installs/nacrilk/arm64-v8a/4ef79d6367bb14396397__mypyc.cpython-314-x86_64-linux-gnu.so
[1m[90m[DEBUG][39m[0m:   	./python-installs/nacrilk/arm64-v8a/cryptography/hazmat/bindings/_rust.abi3.so
[1m[90m[DEBUG][39m[0m:   	./python-installs/nacrilk/arm64-v8a/jnius/jnius.cpython-314-x86_64-linux-gnu.so
[1m[90m[DEBUG][39m[0m:   	./python-installs/nacrilk/arm64-v8a/chardet/pipeline/statistical.cpython-314-x86_64-linux-gnu.so
[1m[90m[DEBUG][39m[0m:   	./python-installs/nacrilk/arm64-v8a/chardet/pipeline/utf8.cpython-314-x86_64-linux-gnu.so
[1m[90m[DEBUG][39m[0m:   	./python-installs/nacrilk/arm64-v8a/chardet/pipeline/ascii.cpython-314-x86_64-linux-gnu.so
[1m[90m[DEBUG][39m[0m:   	./python-installs/nacrilk/arm64-v8a/chardet/pipeline/validity.cpython-314-x86_64-linux-gnu.so
[1m[90m[DEBUG][39m[0m:   	./python-installs/nacrilk/arm64-v8a/chardet/pipeline/structural.cpython-314-x86_64-linux-gnu.so
[1m[90m[DEBUG][39m[0m:   	./python-installs/nacrilk/arm64-v8a/chardet/pipeline/escape.cpython-314-x86_64-linux-gnu.so
[1m[90m[DEBUG][39m[0m:   	./python-installs/nacrilk/arm64-v8a/chardet/pipeline/utf1632.cpython-314-x86_64-linux-gnu.so
[1m[90m[DEBUG][39m[0m:   	./python-installs/nacrilk/arm64-v8a/chardet/pipeline/magic.cpython-314-x86_64-linux-gnu.so
[1m[90m[DEBUG][39m[0m:   	./python-installs/nacrilk/arm64-v8a/chardet/pipeline/confusion.cpython-314-x86_64-linux-gnu.so
[1m[90m[DEBUG][39m[0m:   	./python-installs/nacrilk/arm64-v8a/chardet/pipeline/orchestrator.cpython-314-x86_64-linux-gnu.so
[1m[90m[DEBUG][39m[0m:   	./python-installs/nacrilk/arm64-v8a/chardet/models/__init__.cpython-314-x86_64-linux-gnu.so
[1m[90m[DEBUG][39m[0m:   	./python-installs/nacrilk/arm64-v8a/bidi/bidi.cpython-314-x86_64-linux-gnu.so
[1m[90m[DEBUG][39m[0m:   	./bootstrap_builds/sdl2/libs/arm64-v8a/libSDL2_mixer.so
[1m[90m[DEBUG][39m[0m:   	./bootstrap_builds/sdl2/libs/arm64-v8a/libmain.so
[1m[90m[DEBUG][39m[0m:   	./bootstrap_builds/sdl2/libs/arm64-v8a/libSDL2.so
[1m[90m[DEBUG][39m[0m:   	./bootstrap_builds/sdl2/libs/arm64-v8a/libSDL2_image.so
[1m[90m[DEBUG][39m[0m:   	./bootstrap_builds/sdl2/libs/arm64-v8a/libSDL2_ttf.so
[1m[90m[DEBUG][39m[0m:   	./bootstrap_builds/sdl2/obj/local/arm64-v8a/libSDL2_mixer.so
[1m[90m[DEBUG][39m[0m:   	./bootstrap_builds/sdl2/obj/local/arm64-v8a/libmain.so
[1m[90m[DEBUG][39m[0m:   	./bootstrap_builds/sdl2/obj/local/arm64-v8a/libSDL2.so
[1m[90m[DEBUG][39m[0m:   	./bootstrap_builds/sdl2/obj/local/arm64-v8a/libSDL2_image.so
[1m[90m[DEBUG][39m[0m:   	./bootstrap_builds/sdl2/obj/local/arm64-v8a/libSDL2_ttf.so
[1m[90m[DEBUG][39m[0m:   	./libs_collections/neshrblek/arm64-v8a/libpythonbin.so
[1m[90m[DEBUG][39m[0m:   	./libs_collections/neshrblek/arm64-v8a/libsqlite3.so
[1m[90m[DEBUG][39m[0m:   	./libs_collections/neshrblek/arm64-v8a/libssl.so
[1m[90m[DEBUG][39m[0m:   	./libs_collections/neshrblek/arm64-v8a/libcrypto.so
[1m[90m[DEBUG][39m[0m:   	./libs_collections/neshrblek/arm64-v8a/libffi.so
[1m[90m[DEBUG][39m[0m:   	./libs_collections/nacrilk/arm64-v8a/libpythonbin.so
[1m[90m[DEBUG][39m[0m:   	./libs_collections/nacrilk/arm64-v8a/libsqlite3.so
[1m[90m[DEBUG][39m[0m:   	./libs_collections/nacrilk/arm64-v8a/libssl.so
[1m[90m[DEBUG][39m[0m:   	./libs_collections/nacrilk/arm64-v8a/libcrypto.so
[1m[90m[DEBUG][39m[0m:   	./libs_collections/nacrilk/arm64-v8a/libffi.so
stty: 'standard input': Inappropriate ioctl for device
[1m[90m[DEBUG][39m[0m:   [90m->[0m running find . -iname *.so -exec /app/.buildozer/android/platform/android-ndk-r25b/toolchains/llvm/prebuilt/linux-x86_64/bin/llvm-strip --strip-unneeded {} ;[0m
[1m[INFO][0m:    [36m<- directory context /app/.buildozer/android/platform/build-arm64-v8a/build[39m
[1m[INFO][0m:    [36m<- directory context /app/.buildozer/android/platform/python-for-android[39m
[1m[INFO][0m:    [1m[32m# Creating Android project (sdl2)[0m[39m
[1m[90m[DEBUG][39m[0m:   Remove directory and subdirectory /app/.buildozer/android/platform/build-arm64-v8a/dists/neshrblek
stty: 'standard input': Inappropriate ioctl for device
[1m[90m[DEBUG][39m[0m:   [90m->[0m running cp -r /app/.buildozer/android/platform/build-arm64-v8a/build/bootstrap_builds/sdl2 /app/.buildozer/android/platform/build-arm64-v8a/dists/neshrblek[0m
[1m[INFO][0m:    [36m-> directory context /app/.buildozer/android/platform/build-arm64-v8a/dists/neshrblek[39m
[1m[INFO][0m:    [36m<- directory context /app/.buildozer/android/platform/python-for-android[39m
[1m[INFO][0m:    [36m-> directory context /app/.buildozer/android/platform/build-arm64-v8a/dists/neshrblek[39m
[1m[INFO][0m:    Copying Python distribution
[1m[INFO][0m:    Copying java files
stty: 'standard input': Inappropriate ioctl for device
[1m[90m[DEBUG][39m[0m:   [90m->[0m running cp -a /app/.buildozer/android/platform/build-arm64-v8a/build/javaclasses/neshrblek src/main/java[0m
[1m[INFO][0m:    Copying libs
stty: 'standard input': Inappropriate ioctl for device
[1m[90m[DEBUG][39m[0m:   [90m->[0m running cp -a /app/.buildozer/android/platform/build-arm64-v8a/build/libs_collections/neshrblek/arm64-v8a/libpythonbin.so /app/.buildozer/android/platform/build-arm64-v8a/build/libs_collections/neshrblek/arm64-v8a/libsqlite3.so /app/.buildozer/android/platform/build-arm64-v8a/build/libs_collections/neshrblek/arm64-v8a/libssl.so /app/.buildozer/android/platform/build-arm64-v8a/build/libs_collections/neshrblek/arm64-v8a/libcrypto.so /app/.buildozer/android/platform/build-arm64-v8a/build/libs_collections/neshrblek/arm64-v8a/libffi.so libs/arm64-v8a[0m
[1m[90m[DEBUG][39m[0m:   Create directory _python_bundle__arm64-v8a/_python_bundle
Listing '/app/.buildozer/android/platform/build-arm64-v8a/build/other_builds/python3/arm64-v8a__ndk_target_21/python3/android-build/build/lib.android-21-arm64_v8a-3.14'...
Compiling '/app/.buildozer/android/platform/build-arm64-v8a/build/other_builds/python3/arm64-v8a__ndk_target_21/python3/android-build/build/lib.android-21-arm64_v8a-3.14/_sysconfigdata__android_aarch64-linux-android.py'...
Listing '/app/.buildozer/android/platform/build-arm64-v8a/build/other_builds/python3/arm64-v8a__ndk_target_21/python3/Lib'...
Compiling '/app/.buildozer/android/platform/build-arm64-v8a/build/other_builds/python3/arm64-v8a__ndk_target_21/python3/Lib/__future__.py'...
Compiling '/app/.buildozer/android/platform/build-arm64-v8a/build/other_builds/python3/arm64-v8a__ndk_target_21/python3/Lib/__hello__.py'...
Listing '/app/.buildozer/android/platform/build-arm64-v8a/build/other_builds/python3/arm64-v8a__ndk_target_21/python3/Lib/__phello__'...
Compiling '/app/.buildozer/android/platform/build-arm64-v8a/build/other_builds/python3/arm64-v8a__ndk_target_21/python3/Lib/__phello__/__init__.py'...
Listing '/app/.buildozer/android/platform/build-arm64-v8a/build/other_builds/python3/arm64-v8a__ndk_target_21/python3/Lib/__phello__/ham'...
Compiling '/app/.buildozer/android/platform/build-arm64-v8a/build/other_builds/python3/arm64-v8a__ndk_target_21/python3/Lib/__phello__/ham/__init__.py'...
Compiling '/app/.buildozer/android/platform/build-arm64-v8a/build/other_builds/python3/arm64-v8a__ndk_target_21/python3/Lib/__phello__/ham/eggs.py'...
Compiling '/app/.buildozer/android/platform/build-arm64-v8a/build/other_builds/python3/arm64-v8a__ndk_target_21/python3/Lib/__phello__/spam.py'...
Compiling '/app/.buildozer/android/platform/build-arm64-v8a/build/other_builds/python3/arm64-v8a__ndk_target_21/python3/Lib/_aix_support.py'...
Compiling '/app/.buildozer/android/platform/build-arm64-v8a/build/other_builds/python3/arm64-v8a__ndk_target_21/python3/Lib/_android_support.py'...
Compiling '/app/.buildozer/android/platform/build-arm64-v8a/build/other_builds/python3/arm64-v8a__ndk_target_21/python3/Lib/_apple_support.py'...
Compiling '/app/.buildozer/android/platform/build-arm64-v8a/build/other_builds/python3/arm64-v8a__ndk_target_21/python3/Lib/_ast_unparse.py'...
Compiling '/app/.buildozer/android/platform/build-arm64-v8a/build/other_builds/python3/arm64-v8a__ndk_target_21/python3/Lib/_collections_abc.py'...
Compiling '/app/.buildozer/android/platform/build-arm64-v8a/build/other_builds/python3/arm64-v8a__ndk_target_21/python3/Lib/_colorize.py'...
Compiling '/app/.buildozer/android/platform/build-arm64-v8a/build/other_builds/python3/arm64-v8a__ndk_target_21/python3/Lib/_compat_pickle.py'...
Compiling '/app/.buildozer/android/platform/build-arm64-v8a/build/other_builds/python3/arm64-v8a__ndk_target_21/python3/Lib/_ios_support.py'...
Compiling '/app/.buildozer/android/platform/build-arm64-v8a/build/other_builds/python3/arm64-v8a__ndk_target_21/python3/Lib/_markupbase.py'...
Compiling '/app/.buildozer/android/platform/build-arm64-v8a/build/other_builds/python3/arm64-v8a__ndk_target_21/python3/Lib/_opcode_metadata.py'...
Compiling '/app/.buildozer/android/platform/build-arm64-v8a/build/other_builds/python3/arm64-v8a__ndk_target_21/python3/Lib/_osx_support.py'...
Compiling '/app/.buildozer/android/platform/build-arm64-v8a/build/other_builds/python3/arm64-v8a__ndk_target_21/python3/Lib/_py_abc.py'...
Compiling '/app/.buildozer/android/platform/build-arm64-v8a/build/other_builds/python3/arm64-v8a__ndk_target_21/python3/Lib/_py_warnings.py'...
Compiling '/app/.buildozer/android/platform/build-arm64-v8a/build/other_builds/python3/arm64-v8a__ndk_target_21/python3/Lib/_pydatetime.py'...
Compiling '/app/.buildozer/android/platform/build-arm64-v8a/build/other_builds/python3/arm64-v8a__ndk_target_21/python3/Lib/_pydecimal.py'...
Compiling '/app/.buildozer/android/platform/build-arm64-v8a/build/other_builds/python3/arm64-v8a__ndk_target_21/python3/Lib/_pyio.py'...
Compiling '/app/.buildozer/android/platform/build-arm64-v8a/build/other_builds/python3/arm64-v8a__ndk_target_21/python3/Lib/_pylong.py'...
Listing '/app/.buildozer/android/platform/build-arm64-v8a/build/other_builds/python3/arm64-v8a__ndk_target_21/python3/Lib/_pyrepl'...
Compiling '/app/.buildozer/android/platform/build-arm64-v8a/build/other_builds/python3/arm64-v8a__ndk_target_21/python3/Lib/_pyrepl/__init__.py'...
Compiling '/app/.buildozer/android/platform/build-arm64-v8a/build/other_builds/python3/arm64-v8a__ndk_target_21/python3/Lib/_pyrepl/__main__.py'...
Compiling '/app/.buildozer/android/platform/build-arm64-v8a/build/other_builds/python3/arm64-v8a__ndk_target_21/python3/Lib/_pyrepl/_module_completer.py'...
Compiling '/app/.buildozer/android/platform/build-arm64-v8a/build/other_builds/python3/arm64-v8a__ndk_target_21/python3/Lib/_pyrepl/_threading_handler.py'...
Compiling '/app/.buildozer/android/platform/build-arm64-v8a/build/other_builds/python3/arm64-v8a__ndk_target_21/python3/Lib/_pyrepl/base_eventqueue.py'...
Compiling '/app/.buildozer/android/platform/build-arm64-v8a/build/other_builds/python3/arm64-v8a__ndk_target_21/python3/Lib/_pyrepl/commands.py'...
Compiling '/app/.buildozer/android/platform/build-arm64-v8a/build/other_builds/python3/arm64-v8a__ndk_target_21/python3/Lib/_pyrepl/completing_reader.py'...
Compiling '/app/.buildozer/android/platform/build-arm64-v8a/build/other_builds/python3/arm64-v8a__ndk_target_21/python3/Lib/_pyrepl/console.py'...
Compiling '/app/.buildozer/android/platform/build-arm64-v8a/build/other_builds/python3/arm64-v8a__ndk_target_21/python3/Lib/_pyrepl/fancy_termios.py'...
Compiling '/app/.buildozer/android/platform/build-arm64-v8a/build/other_builds/python3/arm64-v8a__ndk_target_21/python3/Lib/_pyrepl/historical_reader.py'...
Compiling '/app/.buildozer/android/platform/build-arm64-v8a/build/other_builds/python3/arm64-v8a__ndk_target_21/python3/Lib/_pyrepl/input.py'...
Compiling '/app/.buildozer/android/platform/build-arm64-v8a/build/other_builds/python3/arm64-v8a__ndk_target_21/python3/Lib/_pyrepl/keymap.py'...
Compiling '/app/.buildozer/android/platform/build-arm64-v8a/build/other_builds/python3/arm64-v8a__ndk_target_21/python3/Lib/_pyrepl/main.py'...
Compiling '/app/.buildozer/android/platform/build-arm64-v8a/build/other_builds/python3/arm64-v8a__ndk_target_21/python3/Lib/_pyrepl/pager.py'...
Compiling '/app/.buildozer/android/platform/build-arm64-v8a/build/other_builds/python3/arm64-v8a__ndk_target_21/python3/Lib/_pyrepl/reader.py'...
Compiling '/app/.buildozer/android/platform/build-arm64-v8a/build/other_builds/python3/arm64-v8a__ndk_target_21/python3/Lib/_pyrepl/readline.py'...
Compiling '/app/.buildozer/android/platform/build-arm64-v8a/build/other_builds/python3/arm64-v8a__ndk_target_21/python3/Lib/_pyrepl/simple_interact.py'...
Compiling '/app/.buildozer/android/platform/build-arm64-v8a/build/other_builds/python3/arm64-v8a__ndk_target_21/python3/Lib/_pyrepl/terminfo.py'...
Compiling '/app/.buildozer/android/platform/build-arm64-v8a/build/other_builds/python3/arm64-v8a__ndk_target_21/python3/Lib/_pyrepl/trace.py'...
Compiling '/app/.buildozer/android/platform/build-arm64-v8a/build/other_builds/python3/arm64-v8a__ndk_target_21/python3/Lib/_pyrepl/types.py'...
Compiling '/app/.buildozer/android/platform/build-arm64-v8a/build/other_builds/python3/arm64-v8a__ndk_target_21/python3/Lib/_pyrepl/unix_console.py'...
Compiling '/app/.buildozer/android/platform/build-arm64-v8a/build/other_builds/python3/arm64-v8a__ndk_target_21/python3/Lib/_pyrepl/unix_eventqueue.py'...
Compiling '/app/.buildozer/android/platform/build-arm64-v8a/build/other_builds/python3/arm64-v8a__ndk_target_21/python3/Lib/_pyrepl/utils.py'...
Compiling '/app/.buildozer/android/platform/build-arm64-v8a/build/other_builds/python3/arm64-v8a__ndk_target_21/python3/Lib/_pyrepl/windows_console.py'...
Compiling '/app/.buildozer/android/platform/build-arm64-v8a/build/other_builds/python3/arm64-v8a__ndk_target_21/python3/Lib/_pyrepl/windows_eventqueue.py'...
Compiling '/app/.buildozer/android/platform/build-arm64-v8a/build/other_builds/python3/arm64-v8a__ndk_target_21/python3/Lib/_sitebuiltins.py'...
Compiling '/app/.buildozer/android/platform/build-arm64-v8a/build/other_builds/python3/arm64-v8a__ndk_target_21/python3/Lib/_strptime.py'...
Compiling '/app/.buildozer/android/platform/build-arm64-v8a/build/other_builds/python3/arm64-v8a__ndk_target_21/python3/Lib/_threading_local.py'...
Compiling '/app/.buildozer/android/platform/build-arm64-v8a/build/other_builds/python3/arm64-v8a__ndk_target_21/python3/Lib/_weakrefset.py'...
Compiling '/app/.buildozer/android/platform/build-arm64-v8a/build/other_builds/python3/arm64-v8a__ndk_target_21/python3/Lib/abc.py'...
Compiling '/app/.buildozer/android/platform/build-arm64-v8a/build/other_builds/python3/arm64-v8a__ndk_target_21/python3/Lib/annotationlib.py'...
Compiling '/app/.buildozer/android/platform/build-arm64-v8a/build/other_builds/python3/arm64-v8a__ndk_target_21/python3/Lib/antigravity.py'...
Compiling '/app/.buildozer/android/platform/build-arm64-v8a/build/other_builds/python3/arm64-v8a__ndk_target_21/python3/Lib/argparse.py'...
Compiling '/app/.buildozer/android/platform/build-arm64-v8a/build/other_builds/python3/arm64-v8a__ndk_target_21/python3/Lib/ast.py'...
Listing '/app/.buildozer/android/platform/build-arm64-v8a/build/other_builds/python3/arm64-v8a__ndk_target_21/python3/Lib/asyncio'...
Compiling '/app/.buildozer/android/platform/build-arm64-v8a/build/other_builds/python3/arm64-v8a__ndk_target_21/python3/Lib/asyncio/__init__.py'...
Compiling '/app/.buildozer/android/platform/build-arm64-v8a/build/other_builds/python3/arm64-v8a__ndk_target_21/python3/Lib/asyncio/__main__.py'...
Compiling '/app/.buildozer/android/platform/build-arm64-v8a/build/other_builds/python3/arm64-v8a__ndk_target_21/python3/Lib/asyncio/base_events.py'...
Compiling '/app/.buildozer/android/platform/build-arm64-v8a/build/other_builds/python3/arm64-v8a__ndk_target_21/python3/Lib/asyncio/base_futures.py'...
Compiling '/app/.buildozer/android/platform/build-arm64-v8a/build/other_builds/python3/arm64-v8a__ndk_target_21/python3/Lib/asyncio/base_subprocess.py'...
Compiling '/app/.buildozer/android/platform/build-arm64-v8a/build/other_builds/python3/arm64-v8a__ndk_target_21/python3/Lib/asyncio/base_tasks.py'...
Compiling '/app/.buildozer/android/platform/build-arm64-v8a/build/other_builds/python3/arm64-v8a__ndk_target_21/python3/Lib/asyncio/constants.py'...
Compiling '/app/.buildozer/android/platform/build-arm64-v8a/build/other_builds/python3/arm64-v8a__ndk_target_21/python3/Lib/asyncio/coroutines.py'...
Compiling '/app/.buildozer/android/platform/build-arm64-v8a/build/other_builds/python3/arm64-v8a__ndk_target_21/python3/Lib/asyncio/events.py'...
Compiling '/app/.buildozer/android/platform/build-arm64-v8a/build/other_builds/python3/arm64-v8a__ndk_target_21/python3/Lib/asyncio/exceptions.py'...
Compiling '/app/.buildozer/android/platform/build-arm64-v8a/build/other_builds/python3/arm64-v8a__ndk_target_21/python3/Lib/asyncio/format_helpers.py'...
Compiling '/app/.buildozer/android/platform/build-arm64-v8a/build/other_builds/python3/arm64-v8a__ndk_target_21/python3/Lib/asyncio/futures.py'...
Compiling '/app/.buildozer/android/platform/build-arm64-v8a/build/other_builds/python3/arm64-v8a__ndk_target_21/python3/Lib/asyncio/graph.py'...
Compiling '/app/.buildozer/android/platform/build-arm64-v8a/build/other_builds/python3/arm64-v8a__ndk_target_21/python3/Lib/asyncio/locks.py'...
Compiling '/app/.buildozer/android/platform/build-arm64-v8a/build/other_builds/python3/arm64-v8a__ndk_target_21/python3/Lib/asyncio/log.py'...
Compiling '/app/.buildozer/android/platform/build-arm64-v8a/build/other_builds/python3/arm64-v8a__ndk_target_21/python3/Lib/asyncio/mixins.py'...
Compiling '/app/.buildozer/android/platform/build-arm64-v8a/build/other_builds/python3/arm64-v8a__ndk_target_21/python3/Lib/asyncio/proactor_events.py'...
Compiling '/app/.buildozer/android/platform/build-arm64-v8a/build/other_builds/python3/arm64-v8a__ndk_target_21/python3/Lib/asyncio/protocols.py'...
Compiling '/app/.buildozer/android/platform/build-arm64-v8a/build/other_builds/python3/arm64-v8a__ndk_target_21/python3/Lib/asyncio/queues.py'...
Compiling '/app/.buildozer/android/platform/build-arm64-v8a/build/other_builds/python3/arm64-v8a__ndk_target_21/python3/Lib/asyncio/runners.py'...
Compiling '/app/.buildozer/android/platform/build-arm64-v8a/build/other_builds/python3/arm64-v8a__ndk_target_21/python3/Lib/asyncio/selector_events.py'...
Compiling '/app/.buildozer/android/platform/build-arm64-v8a/build/other_builds/python3/arm64-v8a__ndk_target_21/python3/Lib/asyncio/sslproto.py'...
Compiling '/app/.buildozer/android/platform/build-arm64-v8a/build/other_builds/python3/arm64-v8a__ndk_target_21/python3/Lib/asyncio/staggered.py'...
Compiling '/app/.buildozer/android/platform/build-arm64-v8a/build/other_builds/python3/arm64-v8a__ndk_target_21/python3/Lib/asyncio/streams.py'...
Compiling '/app/.buildozer/android/platform/build-arm64-v8a/build/other_builds/python3/arm64-v8a__ndk_target_21/python3/Lib/asyncio/subprocess.py'...
Compiling '/app/.buildozer/android/platform/build-arm64-v8a/build/other_builds/python3/arm64-v8a__ndk_target_21/python3/Lib/asyncio/taskgroups.py'...
Compiling '/app/.buildozer/android/platform/build-arm64-v8a/build/other_builds/python3/arm64-v8a__ndk_target_21/python3/Lib/asyncio/tasks.py'...
Compiling '/app/.buildozer/android/platform/build-arm64-v8a/build/other_builds/python3/arm64-v8a__ndk_target_21/python3/Lib/asyncio/threads.py'...
Compiling '/app/.buildozer/android/platform/build-arm64-v8a/build/other_builds/python3/arm64-v8a__ndk_target_21/python3/Lib/asyncio/timeouts.py'...
Compiling '/app/.buildozer/android/platform/build-arm64-v8a/build/other_builds/python3/arm64-v8a__ndk_target_21/python3/Lib/asyncio/tools.py'...
Compiling '/app/.buildozer/android/platform/build-arm64-v8a/build/other_builds/python3/arm64-v8a__ndk_target_21/python3/Lib/asyncio/transports.py'...
Compiling '/app/.buildozer/android/platform/build-arm64-v8a/build/other_builds/python3/arm64-v8a__ndk_target_21/python3/Lib/asyncio/trsock.py'...
Compiling '/app/.buildozer/android/platform/build-arm64-v8a/build/other_builds/python3/arm64-v8a__ndk_target_21/python3/Lib/asyncio/unix_events.py'...
Compiling '/app/.buildozer/android/platform/build-arm64-v8a/build/other_builds/python3/arm64-v8a__ndk_target_21/python3/Lib/asyncio/windows_events.py'...
Compiling '/app/.buildozer/android/platform/build-arm64-v8a/build/other_builds/python3/arm64-v8a__ndk_target_21/python3/Lib/asyncio/windows_utils.py'...
Compiling '/app/.buildozer/android/platform/build-arm64-v8a/build/other_builds/python3/arm64-v8a__ndk_target_21/python3/Lib/base64.py'...
Compiling '/app/.buildozer/android/platform/build-arm64-v8a/build/other_builds/python3/arm64-v8a__ndk_target_21/python3/Lib/bdb.py'...
Compiling '/app/.buildozer/android/platform/build-arm64-v8a/build/other_builds/python3/arm64-v8a__ndk_target_21/python3/Lib/bisect.py'...
Compiling '/app/.buildozer/android/platform/build-arm64-v8a/build/other_builds/python3/arm64-v8a__ndk_target_21/python3/Lib/bz2.py'...
Compiling '/app/.buildozer/android/platform/build-arm64-v8a/build/other_builds/python3/arm64-v8a__ndk_target_21/python3/Lib/cProfile.py'...
Compiling '/app/.buildozer/android/platform/build-arm64-v8a/build/other_builds/python3/arm64-v8a__ndk_target_21/python3/Lib/calendar.py'...
Compiling '/app/.buildozer/android/platform/build-arm64-v8a/build/other_builds/python3/arm64-v8a__ndk_target_21/python3/Lib/cmd.py'...
Compiling '/app/.buildozer/android/platform/build-arm64-v8a/build/other_builds/python3/arm64-v8a__ndk_target_21/python3/Lib/code.py'...
Compiling '/app/.buildozer/android/platform/build-arm64-v8a/build/other_builds/python3/arm64-v8a__ndk_target_21/python3/Lib/codecs.py'...
Compiling '/app/.buildozer/android/platform/build-arm64-v8a/build/other_builds/python3/arm64-v8a__ndk_target_21/python3/Lib/codeop.py'...
Listing '/app/.buildozer/android/platform/build-arm64-v8a/build/other_builds/python3/arm64-v8a__ndk_target_21/python3/Lib/collections'...
Compiling '/app/.buildozer/android/platform/build-arm64-v8a/build/other_builds/python3/arm64-v8a__ndk_target_21/python3/Lib/collections/__init__.py'...
Compiling '/app/.buildozer/android/platform/build-arm64-v8a/build/other_builds/python3/arm64-v8a__ndk_target_21/python3/Lib/colorsys.py'...
Compiling '/app/.buildozer/android/platform/build-arm64-v8a/build/other_builds/python3/arm64-v8a__ndk_target_21/python3/Lib/compileall.py'...
Listing '/app/.buildozer/android/platform/build-arm64-v8a/build/other_builds/python3/arm64-v8a__ndk_target_21/python3/Lib/compression'...
Compiling '/app/.buildozer/android/platform/build-arm64-v8a/build/other_builds/python3/arm64-v8a__ndk_target_21/python3/Lib/compression/__init__.py'...
Listing '/app/.buildozer/android/platform/build-arm64-v8a/build/other_builds/python3/arm64-v8a__ndk_target_21/python3/Lib/compression/_common'...
Compiling '/app/.buildozer/android/platform/build-arm64-v8a/build/other_builds/python3/arm64-v8a__ndk_target_21/python3/Lib/compression/_common/__init__.py'...
Compiling '/app/.buildozer/android/platform/build-arm64-v8a/build/other_builds/python3/arm64-v8a__ndk_target_21/python3/Lib/compression/_common/_streams.py'...
Compiling '/app/.buildozer/android/platform/build-arm64-v8a/build/other_builds/python3/arm64-v8a__ndk_target_21/python3/Lib/compression/bz2.py'...
Compiling '/app/.buildozer/android/platform/build-arm64-v8a/build/other_builds/python3/arm64-v8a__ndk_target_21/python3/Lib/compression/gzip.py'...
Compiling '/app/.buildozer/android/platform/build-arm64-v8a/build/other_builds/python3/arm64-v8a__ndk_target_21/python3/Lib/compression/lzma.py'...
Compiling '/app/.buildozer/android/platform/build-arm64-v8a/build/other_builds/python3/arm64-v8a__ndk_target_21/python3/Lib/compression/zlib.py'...
Listing '/app/.buildozer/android/platform/build-arm64-v8a/build/other_builds/python3/arm64-v8a__ndk_target_21/python3/Lib/compression/zstd'...
Compiling '/app/.buildozer/android/platform/build-arm64-v8a/build/other_builds/python3/arm64-v8a__ndk_target_21/python3/Lib/compression/zstd/__init__.py'...
Compiling '/app/.buildozer/android/platform/build-arm64-v8a/build/other_builds/python3/arm64-v8a__ndk_target_21/python3/Lib/compression/zstd/_zstdfile.py'...
Listing '/app/.buildozer/android/platform/build-arm64-v8a/build/other_builds/python3/arm64-v8a__ndk_target_21/python3/Lib/concurrent'...
Compiling '/app/.buildozer/android/platform/build-arm64-v8a/build/other_builds/python3/arm64-v8a__ndk_target_21/python3/Lib/concurrent/__init__.py'...
Listing '/app/.buildozer/android/platform/build-arm64-v8a/build/other_builds/python3/arm64-v8a__ndk_target_21/python3/Lib/concurrent/futures'...
Compiling '/app/.buildozer/android/platform/build-arm64-v8a/build/other_builds/python3/arm64-v8a__ndk_target_21/python3/Lib/concurrent/futures/__init__.py'...
Compiling '/app/.buildozer/android/platform/build-arm64-v8a/build/other_builds/python3/arm64-v8a__ndk_target_21/python3/Lib/concurrent/futures/_base.py'...
Compiling '/app/.buildozer/android/platform/build-arm64-v8a/build/other_builds/python3/arm64-v8a__ndk_target_21/python3/Lib/concurrent/futures/interpreter.py'...
Compiling '/app/.buildozer/android/platform/build-arm64-v8a/build/other_builds/python3/arm64-v8a__ndk_target_21/python3/Lib/concurrent/futures/process.py'...
Compiling '/app/.buildozer/android/platform/build-arm64-v8a/build/other_builds/python3/arm64-v8a__ndk_target_21/python3/Lib/concurrent/futures/thread.py'...
Listing '/app/.buildozer/android/platform/build-arm64-v8a/build/other_builds/python3/arm64-v8a__ndk_target_21/python3/Lib/concurrent/interpreters'...
Compiling '/app/.buildozer/android/platform/build-arm64-v8a/build/other_builds/python3/arm64-v8a__ndk_target_21/python3/Lib/concurrent/interpreters/__init__.py'...
Compiling '/app/.buildozer/android/platform/build-arm64-v8a/build/other_builds/python3/arm64-v8a__ndk_target_21/python3/Lib/concurrent/interpreters/_crossinterp.py'...
Compiling '/app/.buildozer/android/platform/build-arm64-v8a/build/other_builds/python3/arm64-v8a__ndk_target_21/python3/Lib/concurrent/interpreters/_queues.py'...
Compiling '/app/.buildozer/android/platform/build-arm64-v8a/build/other_builds/python3/arm64-v8a__ndk_target_21/python3/Lib/configparser.py'...
Compiling '/app/.buildozer/android/platform/build-arm64-v8a/build/other_builds/python3/arm64-v8a__ndk_target_21/python3/Lib/contextlib.py'...
Compiling '/app/.buildozer/android/platform/build-arm64-v8a/build/other_builds/python3/arm64-v8a__ndk_target_21/python3/Lib/contextvars.py'...
Compiling '/app/.buildozer/android/platform/build-arm64-v8a/build/other_builds/python3/arm64-v8a__ndk_target_21/python3/Lib/copy.py'...
Compiling '/app/.buildozer/android/platform/build-arm64-v8a/build/other_builds/python3/arm64-v8a__ndk_target_21/python3/Lib/copyreg.py'...
Compiling '/app/.buildozer/android/platform/build-arm64-v8a/build/other_builds/python3/arm64-v8a__ndk_target_21/python3/Lib/csv.py'...
Listing '/app/.buildozer/android/platform/build-arm64-v8a/build/other_builds/python3/arm64-v8a__ndk_target_21/python3/Lib/ctypes'...
Compiling '/app/.buildozer/android/platform/build-arm64-v8a/build/other_builds/python3/arm64-v8a__ndk_target_21/python3/Lib/ctypes/__init__.py'...
Compiling '/app/.buildozer/android/platform/build-arm64-v8a/build/other_builds/python3/arm64-v8a__ndk_target_21/python3/Lib/ctypes/_aix.py'...
Compiling '/app/.buildozer/android/platform/build-arm64-v8a/build/other_builds/python3/arm64-v8a__ndk_target_21/python3/Lib/ctypes/_endian.py'...
Compiling '/app/.buildozer/android/platform/build-arm64-v8a/build/other_builds/python3/arm64-v8a__ndk_target_21/python3/Lib/ctypes/_layout.py'...
Listing '/app/.buildozer/android/platform/build-arm64-v8a/build/other_builds/python3/arm64-v8a__ndk_target_21/python3/Lib/ctypes/macholib'...
Compiling '/app/.buildozer/android/platform/build-arm64-v8a/build/other_builds/python3/arm64-v8a__ndk_target_21/python3/Lib/ctypes/macholib/__init__.py'...
Compiling '/app/.buildozer/android/platform/build-arm64-v8a/build/other_builds/python3/arm64-v8a__ndk_target_21/python3/Lib/ctypes/macholib/dyld.py'...
Compiling '/app/.buildozer/android/platform/build-arm64-v8a/build/other_builds/python3/arm64-v8a__ndk_target_21/python3/Lib/ctypes/macholib/dylib.py'...
Compiling '/app/.buildozer/android/platform/build-arm64-v8a/build/other_builds/python3/arm64-v8a__ndk_target_21/python3/Lib/ctypes/macholib/framework.py'...
Compiling '/app/.buildozer/android/platform/build-arm64-v8a/build/other_builds/python3/arm64-v8a__ndk_target_21/python3/Lib/ctypes/util.py'...
Compiling '/app/.buildozer/android/platform/build-arm64-v8a/build/other_builds/python3/arm64-v8a__ndk_target_21/python3/Lib/ctypes/wintypes.py'...
Listing '/app/.buildozer/android/platform/build-arm64-v8a/build/other_builds/python3/arm64-v8a__ndk_target_21/python3/Lib/curses'...
Compiling '/app/.buildozer/android/platform/build-arm64-v8a/build/other_builds/python3/arm64-v8a__ndk_target_21/python3/Lib/curses/__init__.py'...
Compiling '/app/.buildozer/android/platform/build-arm64-v8a/build/other_builds/python3/arm64-v8a__ndk_target_21/python3/Lib/curses/ascii.py'...
Compiling '/app/.buildozer/android/platform/build-arm64-v8a/build/other_builds/python3/arm64-v8a__ndk_target_21/python3/Lib/curses/has_key.py'...
Compiling '/app/.buildozer/android/platform/build-arm64-v8a/build/other_builds/python3/arm64-v8a__ndk_target_21/python3/Lib/curses/panel.py'...
Compiling '/app/.buildozer/android/platform/build-arm64-v8a/build/other_builds/python3/arm64-v8a__ndk_target_21/python3/Lib/curses/textpad.py'...
Compiling '/app/.buildozer/android/platform/build-arm64-v8a/build/other_builds/python3/arm64-v8a__ndk_target_21/python3/Lib/dataclasses.py'...
Compiling '/app/.buildozer/android/platform/build-arm64-v8a/build/other_builds/python3/arm64-v8a__ndk_target_21/python3/Lib/datetime.py'...
Listing '/app/.buildozer/android/platform/build-arm64-v8a/build/other_builds/python3/arm64-v8a__ndk_target_21/python3/Lib/dbm'...
Compiling '/app/.buildozer/android/platform/build-arm64-v8a/build/other_builds/python3/arm64-v8a__ndk_target_21/python3/Lib/dbm/__init__.py'...
Compiling '/app/.buildozer/android/platform/build-arm64-v8a/build/other_builds/python3/arm64-v8a__ndk_target_21/python3/Lib/dbm/dumb.py'...
Compiling '/app/.buildozer/android/platform/build-arm64-v8a/build/other_builds/python3/arm64-v8a__ndk_target_21/python3/Lib/dbm/gnu.py'...
Compiling '/app/.buildozer/android/platform/build-arm64-v8a/build/other_builds/python3/arm64-v8a__ndk_target_21/python3/Lib/dbm/ndbm.py'...
Compiling '/app/.buildozer/android/platform/build-arm64-v8a/build/other_builds/python3/arm64-v8a__ndk_target_21/python3/Lib/dbm/sqlite3.py'...
Compiling '/app/.buildozer/android/platform/build-arm64-v8a/build/other_builds/python3/arm64-v8a__ndk_target_21/python3/Lib/decimal.py'...
Compiling '/app/.buildozer/android/platform/build-arm64-v8a/build/other_builds/python3/arm64-v8a__ndk_target_21/python3/Lib/difflib.py'...
Compiling '/app/.buildozer/android/platform/build-arm64-v8a/build/other_builds/python3/arm64-v8a__ndk_target_21/python3/Lib/dis.py'...
Compiling '/app/.buildozer/android/platform/build-arm64-v8a/build/other_builds/python3/arm64-v8a__ndk_target_21/python3/Lib/doctest.py'...
Listing '/app/.buildozer/android/platform/build-arm64-v8a/build/other_builds/python3/arm64-v8a__ndk_target_21/python3/Lib/email'...
Compiling '/app/.buildozer/android/platform/build-arm64-v8a/build/other_builds/python3/arm64-v8a__ndk_target_21/python3/Lib/email/__init__.py'...
Compiling '/app/.buildozer/android/platform/build-arm64-v8a/build/other_builds/python3/arm64-v8a__ndk_target_21/python3/Lib/email/_encoded_words.py'...
Compiling '/app/.buildozer/android/platform/build-arm64-v8a/build/other_builds/python3/arm64-v8a__ndk_target_21/python3/Lib/email/_header_value_parser.py'...
Compiling '/app/.buildozer/android/platform/build-arm64-v8a/build/other_builds/python3/arm64-v8a__ndk_target_21/python3/Lib/email/_parseaddr.py'...
Compiling '/app/.buildozer/android/platform/build-arm64-v8a/build/other_builds/python3/arm64-v8a__ndk_target_21/python3/Lib/email/_policybase.py'...
Compiling '/app/.buildozer/android/platform/build-arm64-v8a/build/other_builds/python3/arm64-v8a__ndk_target_21/python3/Lib/email/base64mime.py'...
Compiling '/app/.buildozer/android/platform/build-arm64-v8a/build/other_builds/python3/arm64-v8a__ndk_target_21/python3/Lib/email/charset.py'...
Compiling '/app/.buildozer/android/platform/build-arm64-v8a/build/other_builds/python3/arm64-v8a__ndk_target_21/python3/Lib/email/contentmanager.py'...
Compiling '/app/.buildozer/android/platform/build-arm64-v8a/build/other_builds/python3/arm64-v8a__ndk_target_21/python3/Lib/email/encoders.py'...
Compiling '/app/.buildozer/android/platform/build-arm64-v8a/build/other_builds/python3/arm64-v8a__ndk_target_21/python3/Lib/email/errors.py'...
Compiling '/app/.buildozer/android/platform/build-arm64-v8a/build/other_builds/python3/arm64-v8a__ndk_target_21/python3/Lib/email/feedparser.py'...
Compiling '/app/.buildozer/android/platform/build-arm64-v8a/build/other_builds/python3/arm64-v8a__ndk_target_21/python3/Lib/email/generator.py'...
Compiling '/app/.buildozer/android/platform/build-arm64-v8a/build/other_builds/python3/arm64-v8a__ndk_target_21/python3/Lib/email/header.py'...
Compiling '/app/.buildozer/android/platform/build-arm64-v8a/build/other_builds/python3/arm64-v8a__ndk_target_21/python3/Lib/email/headerregistry.py'...
Compiling '/app/.buildozer/android/platform/build-arm64-v8a/build/other_builds/python3/arm64-v8a__ndk_target_21/python3/Lib/email/iterators.py'...
Compiling '/app/.buildozer/android/platform/build-arm64-v8a/build/other_builds/python3/arm64-v8a__ndk_target_21/python3/Lib/email/message.py'...
Listing '/app/.buildozer/android/platform/build-arm64-v8a/build/other_builds/python3/arm64-v8a__ndk_target_21/python3/Lib/email/mime'...
Compiling '/app/.buildozer/android/platform/build-arm64-v8a/build/other_builds/python3/arm64-v8a__ndk_target_21/python3/Lib/email/mime/__init__.py'...
Compiling '/app/.buildozer/android/platform/build-arm64-v8a/build/other_builds/python3/arm64-v8a__ndk_target_21/python3/Lib/email/mime/application.py'...
Compiling '/app/.buildozer/android/platform/build-arm64-v8a/build/other_builds/python3/arm64-v8a__ndk_target_21/python3/Lib/email/mime/audio.py'...
Compiling '/app/.buildozer/android/platform/build-arm64-v8a/build/other_builds/python3/arm64-v8a__ndk_target_21/python3/Lib/email/mime/base.py'...
Compiling '/app/.buildozer/android/platform/build-arm64-v8a/build/other_builds/python3/arm64-v8a__ndk_target_21/python3/Lib/email/mime/image.py'...
Compiling '/app/.buildozer/android/platform/build-arm64-v8a/build/other_builds/python3/arm64-v8a__ndk_target_21/python3/Lib/email/mime/message.py'...
Compiling '/app/.buildozer/android/platform/build-arm64-v8a/build/other_builds/python3/arm64-v8a__ndk_target_21/python3/Lib/email/mime/multipart.py'...
Compiling '/app/.buildozer/android/platform/build-arm64-v8a/build/other_builds/python3/arm64-v8a__ndk_target_21/python3/Lib/email/mime/nonmultipart.py'...
Compiling '/app/.buildozer/android/platform/build-arm64-v8a/build/other_builds/python3/arm64-v8a__ndk_target_21/python3/Lib/email/mime/text.py'...
Compiling '/app/.buildozer/android/platform/build-arm64-v8a/build/other_builds/python3/arm64-v8a__ndk_target_21/python3/Lib/email/parser.py'...
Compiling '/app/.buildozer/android/platform/build-arm64-v8a/build/other_builds/python3/arm64-v8a__ndk_target_21/python3/Lib/email/policy.py'...
Compiling '/app/.buildozer/android/platform/build-arm64-v8a/build/other_builds/python3/arm64-v8a__ndk_target_21/python3/Lib/email/quoprimime.py'...
Compiling '/app/.buildozer/android/platform/build-arm64-v8a/build/other_builds/python3/arm64-v8a__ndk_target_21/python3/Lib/email/utils.py'...
Listing '/app/.buildozer/android/platform/build-arm64-v8a/build/other_builds/python3/arm64-v8a__ndk_target_21/python3/Lib/encodings'...
Compiling '/app/.buildozer/android/platform/build-arm64-v8a/build/other_builds/python3/arm64-v8a__ndk_target_21/python3/Lib/encodings/__init__.py'...
Compiling '/app/.buildozer/android/platform/build-arm64-v8a/build/other_builds/python3/arm64-v8a__ndk_target_21/python3/Lib/encodings/_win_cp_codecs.py'...
Compiling '/app/.buildozer/android/platform/build-arm64-v8a/build/other_builds/python3/arm64-v8a__ndk_target_21/python3/Lib/encodings/aliases.py'...
Compiling '/app/.buildozer/android/platform/build-arm64-v8a/build/other_builds/python3/arm64-v8a__ndk_target_21/python3/Lib/encodings/ascii.py'...
Compiling '/app/.buildozer/android/platform/build-arm64-v8a/build/other_builds/python3/arm64-v8a__ndk_target_21/python3/Lib/encodings/base64_codec.py'...
Compiling '/app/.buildozer/android/platform/build-arm64-v8a/build/other_builds/python3/arm64-v8a__ndk_target_21/python3/Lib/encodings/big5.py'...
Compiling '/app/.buildozer/android/platform/build-arm64-v8a/build/other_builds/python3/arm64-v8a__ndk_target_21/python3/Lib/encodings/big5hkscs.py'...
Compiling '/app/.buildozer/android/platform/build-arm64-v8a/build/other_builds/python3/arm64-v8a__ndk_target_21/python3/Lib/encodings/bz2_codec.py'...
Compiling '/app/.buildozer/android/platform/build-arm64-v8a/build/other_builds/python3/arm64-v8a__ndk_target_21/python3/Lib/encodings/charmap.py'...
Compiling '/app/.buildozer/android/platform/build-arm64-v8a/build/other_builds/python3/arm64-v8a__ndk_target_21/python3/Lib/encodings/cp037.py'...
Compiling '/app/.buildozer/android/platform/build-arm64-v8a/build/other_builds/python3/arm64-v8a__ndk_target_21/python3/Lib/encodings/cp1006.py'...
Compiling '/app/.buildozer/android/platform/build-arm64-v8a/build/other_builds/python3/arm64-v8a__ndk_target_21/python3/Lib/encodings/cp1026.py'...
Compiling '/app/.buildozer/android/platform/build-arm64-v8a/build/other_builds/python3/arm64-v8a__ndk_target_21/python3/Lib/encodings/cp1125.py'...
Compiling '/app/.buildozer/android/platform/build-arm64-v8a/build/other_builds/python3/arm64-v8a__ndk_target_21/python3/Lib/encodings/cp1140.py'...
Compiling '/app/.buildozer/android/platform/build-arm64-v8a/build/other_builds/python3/arm64-v8a__ndk_target_21/python3/Lib/encodings/cp1250.py'...
Compiling '/app/.buildozer/android/platform/build-arm64-v8a/build/other_builds/python3/arm64-v8a__ndk_target_21/python3/Lib/encodings/cp1251.py'...
Compiling '/app/.buildozer/android/platform/build-arm64-v8a/build/other_builds/python3/arm64-v8a__ndk_target_21/python3/Lib/encodings/cp1252.py'...
Compiling '/app/.buildozer/android/platform/build-arm64-v8a/build/other_builds/python3/arm64-v8a__ndk_target_21/python3/Lib/encodings/cp1253.py'...
Compiling '/app/.buildozer/android/platform/build-arm64-v8a/build/other_builds/python3/arm64-v8a__ndk_target_21/python3/Lib/encodings/cp1254.py'...
Compiling '/app/.buildozer/android/platform/build-arm64-v8a/build/other_builds/python3/arm64-v8a__ndk_target_21/python3/Lib/encodings/cp1255.py'...
Compiling '/app/.buildozer/android/platform/build-arm64-v8a/build/other_builds/python3/arm64-v8a__ndk_target_21/python3/Lib/encodings/cp1256.py'...
Compiling '/app/.buildozer/android/platform/build-arm64-v8a/build/other_builds/python3/arm64-v8a__ndk_target_21/python3/Lib/encodings/cp1257.py'...
Compiling '/app/.buildozer/android/platform/build-arm64-v8a/build/other_builds/python3/arm64-v8a__ndk_target_21/python3/Lib/encodings/cp1258.py'...
Compiling '/app/.buildozer/android/platform/build-arm64-v8a/build/other_builds/python3/arm64-v8a__ndk_target_21/python3/Lib/encodings/cp273.py'...
Compiling '/app/.buildozer/android/platform/build-arm64-v8a/build/other_builds/python3/arm64-v8a__ndk_target_21/python3/Lib/encodings/cp424.py'...
Compiling '/app/.buildozer/android/platform/build-arm64-v8a/build/other_builds/python3/arm64-v8a__ndk_target_21/python3/Lib/encodings/cp437.py'...
Compiling '/app/.buildozer/android/platform/build-arm64-v8a/build/other_builds/python3/arm64-v8a__ndk_target_21/python3/Lib/encodings/cp500.py'...
Compiling '/app/.buildozer/android/platform/build-arm64-v8a/build/other_builds/python3/arm64-v8a__ndk_target_21/python3/Lib/encodings/cp720.py'...
Compiling '/app/.buildozer/android/platform/build-arm64-v8a/build/other_builds/python3/arm64-v8a__ndk_target_21/python3/Lib/encodings/cp737.py'...
Compiling '/app/.buildozer/android/platform/build-arm64-v8a/build/other_builds/python3/arm64-v8a__ndk_target_21/python3/Lib/encodings/cp775.py'...
Compiling '/app/.buildozer/android/platform/build-arm64-v8a/build/other_builds/python3/arm64-v8a__ndk_target_21/python3/Lib/encodings/cp850.py'...
Compiling '/app/.buildozer/android/platform/build-arm64-v8a/build/other_builds/python3/arm64-v8a__ndk_target_21/python3/Lib/encodings/cp852.py'...
Compiling '/app/.buildozer/android/platform/build-arm64-v8a/build/other_builds/python3/arm64-v8a__ndk_target_21/python3/Lib/encodings/cp855.py'...
Compiling '/app/.buildozer/android/platform/build-arm64-v8a/build/other_builds/python3/arm64-v8a__ndk_target_21/python3/Lib/encodings/cp856.py'...
Compiling '/app/.buildozer/android/platform/build-arm64-v8a/build/other_builds/python3/arm64-v8a__ndk_target_21/python3/Lib/encodings/cp857.py'...
Compiling '/app/.buildozer/android/platform/build-arm64-v8a/build/other_builds/python3/arm64-v8a__ndk_target_21/python3/Lib/encodings/cp858.py'...
Compiling '/app/.buildozer/android/platform/build-arm64-v8a/build/other_builds/python3/arm64-v8a__ndk_target_21/python3/Lib/encodings/cp860.py'...
Compiling '/app/.buildozer/android/platform/build-arm64-v8a/build/other_builds/python3/arm64-v8a__ndk_target_21/python3/Lib/encodings/cp861.py'...
Compiling '/app/.buildozer/android/platform/build-arm64-v8a/build/other_builds/python3/arm64-v8a__ndk_target_21/python3/Lib/encodings/cp862.py'...
Compiling '/app/.buildozer/android/platform/build-arm64-v8a/build/other_builds/python3/arm64-v8a__ndk_target_21/python3/Lib/encodings/cp863.py'...
Compiling '/app/.buildozer/android/platform/build-arm64-v8a/build/other_builds/python3/arm64-v8a__ndk_target_21/python3/Lib/encodings/cp864.py'...
Compiling '/app/.buildozer/android/platform/build-arm64-v8a/build/other_builds/python3/arm64-v8a__ndk_target_21/python3/Lib/encodings/cp865.py'...
Compiling '/app/.buildozer/android/platform/build-arm64-v8a/build/other_builds/python3/arm64-v8a__ndk_target_21/python3/Lib/encodings/cp866.py'...
Compiling '/app/.buildozer/android/platform/build-arm64-v8a/build/other_builds/python3/arm64-v8a__ndk_target_21/python3/Lib/encodings/cp869.py'...
Compiling '/app/.buildozer/android/platform/build-arm64-v8a/build/other_builds/python3/arm64-v8a__ndk_target_21/python3/Lib/encodings/cp874.py'...
Compiling '/app/.buildozer/android/platform/build-arm64-v8a/build/other_builds/python3/arm64-v8a__ndk_target_21/python3/Lib/encodings/cp875.py'...
Compiling '/app/.buildozer/android/platform/build-arm64-v8a/build/other_builds/python3/arm64-v8a__ndk_target_21/python3/Lib/encodings/cp932.py'...
Compiling '/app/.buildozer/android/platform/build-arm64-v8a/build/other_builds/python3/arm64-v8a__ndk_target_21/python3/Lib/encodings/cp949.py'...
Compiling '/app/.buildozer/android/platform/build-arm64-v8a/build/other_builds/python3/arm64-v8a__ndk_target_21/python3/Lib/encodings/cp950.py'...
Compiling '/app/.buildozer/android/platform/build-arm64-v8a/build/other_builds/python3/arm64-v8a__ndk_target_21/python3/Lib/encodings/euc_jis_2004.py'...
Compiling '/app/.buildozer/android/platform/build-arm64-v8a/build/other_builds/python3/arm64-v8a__ndk_target_21/python3/Lib/encodings/euc_jisx0213.py'...
Compiling '/app/.buildozer/android/platform/build-arm64-v8a/build/other_builds/python3/arm64-v8a__ndk_target_21/python3/Lib/encodings/euc_jp.py'...
Compiling '/app/.buildozer/android/platform/build-arm64-v8a/build/other_builds/python3/arm64-v8a__ndk_target_21/python3/Lib/encodings/euc_kr.py'...
Compiling '/app/.buildozer/android/platform/build-arm64-v8a/build/other_builds/python3/arm64-v8a__ndk_target_21/python3/Lib/encodings/gb18030.py'...
Compiling '/app/.buildozer/android/platform/build-arm64-v8a/build/other_builds/python3/arm64-v8a__ndk_target_21/python3/Lib/encodings/gb2312.py'...
Compiling '/app/.buildozer/android/platform/build-arm64-v8a/build/other_builds/python3/arm64-v8a__ndk_target_21/python3/Lib/encodings/gbk.py'...
Compiling '/app/.buildozer/android/platform/build-arm64-v8a/build/other_builds/python3/arm64-v8a__ndk_target_21/python3/Lib/encodings/hex_codec.py'...
Compiling '/app/.buildozer/android/platform/build-arm64-v8a/build/other_builds/python3/arm64-v8a__ndk_target_21/python3/Lib/encodings/hp_roman8.py'...
Compiling '/app/.buildozer/android/platform/build-arm64-v8a/build/other_builds/python3/arm64-v8a__ndk_target_21/python3/Lib/encodings/hz.py'...
Compiling '/app/.buildozer/android/platform/build-arm64-v8a/build/other_builds/python3/arm64-v8a__ndk_target_21/python3/Lib/encodings/idna.py'...
Compiling '/app/.buildozer/android/platform/build-arm64-v8a/build/other_builds/python3/arm64-v8a__ndk_target_21/python3/Lib/encodings/iso2022_jp.py'...
Compiling '/app/.buildozer/android/platform/build-arm64-v8a/build/other_builds/python3/arm64-v8a__ndk_target_21/python3/Lib/encodings/iso2022_jp_1.py'...
Compiling '/app/.buildozer/android/platform/build-arm64-v8a/build/other_builds/python3/arm64-v8a__ndk_target_21/python3/Lib/encodings/iso2022_jp_2.py'...
Compiling '/app/.buildozer/android/platform/build-arm64-v8a/build/other_builds/python3/arm64-v8a__ndk_target_21/python3/Lib/encodings/iso2022_jp_2004.py'...
Compiling '/app/.buildozer/android/platform/build-arm64-v8a/build/other_builds/python3/arm64-v8a__ndk_target_21/python3/Lib/encodings/iso2022_jp_3.py'...
Compiling '/app/.buildozer/android/platform/build-arm64-v8a/build/other_builds/python3/arm64-v8a__ndk_target_21/python3/Lib/encodings/iso2022_jp_ext.py'...
Compiling '/app/.buildozer/android/platform/build-arm64-v8a/build/other_builds/python3/arm64-v8a__ndk_target_21/python3/Lib/encodings/iso2022_kr.py'...
Compiling '/app/.buildozer/android/platform/build-arm64-v8a/build/other_builds/python3/arm64-v8a__ndk_target_21/python3/Lib/encodings/iso8859_1.py'...
Compiling '/app/.buildozer/android/platform/build-arm64-v8a/build/other_builds/python3/arm64-v8a__ndk_target_21/python3/Lib/encodings/iso8859_10.py'...
Compiling '/app/.buildozer/android/platform/build-arm64-v8a/build/other_builds/python3/arm64-v8a__ndk_target_21/python3/Lib/encodings/iso8859_11.py'...
Compiling '/app/.buildozer/android/platform/build-arm64-v8a/build/other_builds/python3/arm64-v8a__ndk_target_21/python3/Lib/encodings/iso8859_13.py'...
Compiling '/app/.buildozer/android/platform/build-arm64-v8a/build/other_builds/python3/arm64-v8a__ndk_target_21/python3/Lib/encodings/iso8859_14.py'...
Compiling '/app/.buildozer/android/platform/build-arm64-v8a/build/other_builds/python3/arm64-v8a__ndk_target_21/python3/Lib/encodings/iso8859_15.py'...
Compiling '/app/.buildozer/android/platform/build-arm64-v8a/build/other_builds/python3/arm64-v8a__ndk_target_21/python3/Lib/encodings/iso8859_16.py'...
Compiling '/app/.buildozer/android/platform/build-arm64-v8a/build/other_builds/python3/arm64-v8a__ndk_target_21/python3/Lib/encodings/iso8859_2.py'...
Compiling '/app/.buildozer/android/platform/build-arm64-v8a/build/other_builds/python3/arm64-v8a__ndk_target_21/python3/Lib/encodings/iso8859_3.py'...
Compiling '/app/.buildozer/android/platform/build-arm64-v8a/build/other_builds/python3/arm64-v8a__ndk_target_21/python3/Lib/encodings/iso8859_4.py'...
Compiling '/app/.buildozer/android/platform/build-arm64-v8a/build/other_builds/python3/arm64-v8a__ndk_target_21/python3/Lib/encodings/iso8859_5.py'...
Compiling '/app/.buildozer/android/platform/build-arm64-v8a/build/other_builds/python3/arm64-v8a__ndk_target_21/python3/Lib/encodings/iso8859_6.py'...
Compiling '/app/.buildozer/android/platform/build-arm64-v8a/build/other_builds/python3/arm64-v8a__ndk_target_21/python3/Lib/encodings/iso8859_7.py'...
Compiling '/app/.buildozer/android/platform/build-arm64-v8a/build/other_builds/python3/arm64-v8a__ndk_target_21/python3/Lib/encodings/iso8859_8.py'...
Compiling '/app/.buildozer/android/platform/build-arm64-v8a/build/other_builds/python3/arm64-v8a__ndk_target_21/python3/Lib/encodings/iso8859_9.py'...
Compiling '/app/.buildozer/android/platform/build-arm64-v8a/build/other_builds/python3/arm64-v8a__ndk_target_21/python3/Lib/encodings/johab.py'...
Compiling '/app/.buildozer/android/platform/build-arm64-v8a/build/other_builds/python3/arm64-v8a__ndk_target_21/python3/Lib/encodings/koi8_r.py'...
Compiling '/app/.buildozer/android/platform/build-arm64-v8a/build/other_builds/python3/arm64-v8a__ndk_target_21/python3/Lib/encodings/koi8_t.py'...
Compiling '/app/.buildozer/android/platform/build-arm64-v8a/build/other_builds/python3/arm64-v8a__ndk_target_21/python3/Lib/encodings/koi8_u.py'...
Compiling '/app/.buildozer/android/platform/build-arm64-v8a/build/other_builds/python3/arm64-v8a__ndk_target_21/python3/Lib/encodings/kz1048.py'...
Compiling '/app/.buildozer/android/platform/build-arm64-v8a/build/other_builds/python3/arm64-v8a__ndk_target_21/python3/Lib/encodings/latin_1.py'...
Compiling '/app/.buildozer/android/platform/build-arm64-v8a/build/other_builds/python3/arm64-v8a__ndk_target_21/python3/Lib/encodings/mac_arabic.py'...
Compiling '/app/.buildozer/android/platform/build-arm64-v8a/build/other_builds/python3/arm64-v8a__ndk_target_21/python3/Lib/encodings/mac_croatian.py'...
Compiling '/app/.buildozer/android/platform/build-arm64-v8a/build/other_builds/python3/arm64-v8a__ndk_target_21/python3/Lib/encodings/mac_cyrillic.py'...
Compiling '/app/.buildozer/android/platform/build-arm64-v8a/build/other_builds/python3/arm64-v8a__ndk_target_21/python3/Lib/encodings/mac_farsi.py'...
Compiling '/app/.buildozer/android/platform/build-arm64-v8a/build/other_builds/python3/arm64-v8a__ndk_target_21/python3/Lib/encodings/mac_greek.py'...
Compiling '/app/.buildozer/android/platform/build-arm64-v8a/build/other_builds/python3/arm64-v8a__ndk_target_21/python3/Lib/encodings/mac_iceland.py'...
Compiling '/app/.buildozer/android/platform/build-arm64-v8a/build/other_builds/python3/arm64-v8a__ndk_target_21/python3/Lib/encodings/mac_latin2.py'...
Compiling '/app/.buildozer/android/platform/build-arm64-v8a/build/other_builds/python3/arm64-v8a__ndk_target_21/python3/Lib/encodings/mac_roman.py'...
Compiling '/app/.buildozer/android/platform/build-arm64-v8a/build/other_builds/python3/arm64-v8a__ndk_target_21/python3/Lib/encodings/mac_romanian.py'...
Compiling '/app/.buildozer/android/platform/build-arm64-v8a/build/other_builds/python3/arm64-v8a__ndk_target_21/python3/Lib/encodings/mac_turkish.py'...
Compiling '/app/.buildozer/android/platform/build-arm64-v8a/build/other_builds/python3/arm64-v8a__ndk_target_21/python3/Lib/encodings/mbcs.py'...
Compiling '/app/.buildozer/android/platform/build-arm64-v8a/build/other_builds/python3/arm64-v8a__ndk_target_21/python3/Lib/encodings/oem.py'...
Compiling '/app/.buildozer/android/platform/build-arm64-v8a/build/other_builds/python3/arm64-v8a__ndk_target_21/python3/Lib/encodings/palmos.py'...
Compiling '/app/.buildozer/android/platform/build-arm64-v8a/build/other_builds/python3/arm64-v8a__ndk_target_21/python3/Lib/encodings/ptcp154.py'...
Compiling '/app/.buildozer/android/platform/build-arm64-v8a/build/other_builds/python3/arm64-v8a__ndk_target_21/python3/Lib/encodings/punycode.py'...
Compiling '/app/.buildozer/android/platform/build-arm64-v8a/build/other_builds/python3/arm64-v8a__ndk_target_21/python3/Lib/encodings/quopri_codec.py'...
Compiling '/app/.buildozer/android/platform/build-arm64-v8a/build/other_builds/python3/arm64-v8a__ndk_target_21/python3/Lib/encodings/raw_unicode_escape.py'...
Compiling '/app/.buildozer/android/platform/build-arm64-v8a/build/other_builds/python3/arm64-v8a__ndk_target_21/python3/Lib/encodings/rot_13.py'...
Compiling '/app/.buildozer/android/platform/build-arm64-v8a/build/other_builds/python3/arm64-v8a__ndk_target_21/python3/Lib/encodings/shift_jis.py'...
Compiling '/app/.buildozer/android/platform/build-arm64-v8a/build/other_builds/python3/arm64-v8a__ndk_target_21/python3/Lib/encodings/shift_jis_2004.py'...
Compiling '/app/.buildozer/android/platform/build-arm64-v8a/build/other_builds/python3/arm64-v8a__ndk_target_21/python3/Lib/encodings/shift_jisx0213.py'...
Compiling '/app/.buildozer/android/platform/build-arm64-v8a/build/other_builds/python3/arm64-v8a__ndk_target_21/python3/Lib/encodings/tis_620.py'...
Compiling '/app/.buildozer/android/platform/build-arm64-v8a/build/other_builds/python3/arm64-v8a__ndk_target_21/python3/Lib/encodings/undefined.py'...
Compiling '/app/.buildozer/android/platform/build-arm64-v8a/build/other_builds/python3/arm64-v8a__ndk_target_21/python3/Lib/encodings/unicode_escape.py'...
Compiling '/app/.buildozer/android/platform/build-arm64-v8a/build/other_builds/python3/arm64-v8a__ndk_target_21/python3/Lib/encodings/utf_16.py'...
Compiling '/app/.buildozer/android/platform/build-arm64-v8a/build/other_builds/python3/arm64-v8a__ndk_target_21/python3/Lib/encodings/utf_16_be.py'...
Compiling '/app/.buildozer/android/platform/build-arm64-v8a/build/other_builds/python3/arm64-v8a__ndk_target_21/python3/Lib/encodings/utf_16_le.py'...
Compiling '/app/.buildozer/android/platform/build-arm64-v8a/build/other_builds/python3/arm64-v8a__ndk_target_21/python3/Lib/encodings/utf_32.py'...
Compiling '/app/.buildozer/android/platform/build-arm64-v8a/build/other_builds/python3/arm64-v8a__ndk_target_21/python3/Lib/encodings/utf_32_be.py'...
Compiling '/app/.buildozer/android/platform/build-arm64-v8a/build/other_builds/python3/arm64-v8a__ndk_target_21/python3/Lib/encodings/utf_32_le.py'...
Compiling '/app/.buildozer/android/platform/build-arm64-v8a/build/other_builds/python3/arm64-v8a__ndk_target_21/python3/Lib/encodings/utf_7.py'...
Compiling '/app/.buildozer/android/platform/build-arm64-v8a/build/other_builds/python3/arm64-v8a__ndk_target_21/python3/Lib/encodings/utf_8.py'...
Compiling '/app/.buildozer/android/platform/build-arm64-v8a/build/other_builds/python3/arm64-v8a__ndk_target_21/python3/Lib/encodings/utf_8_sig.py'...
Compiling '/app/.buildozer/android/platform/build-arm64-v8a/build/other_builds/python3/arm64-v8a__ndk_target_21/python3/Lib/encodings/uu_codec.py'...
Compiling '/app/.buildozer/android/platform/build-arm64-v8a/build/other_builds/python3/arm64-v8a__ndk_target_21/python3/Lib/encodings/zlib_codec.py'...
Listing '/app/.buildozer/android/platform/build-arm64-v8a/build/other_builds/python3/arm64-v8a__ndk_target_21/python3/Lib/ensurepip'...
Compiling '/app/.buildozer/android/platform/build-arm64-v8a/build/other_builds/python3/arm64-v8a__ndk_target_21/python3/Lib/ensurepip/__init__.py'...
Compiling '/app/.buildozer/android/platform/build-arm64-v8a/build/other_builds/python3/arm64-v8a__ndk_target_21/python3/Lib/ensurepip/__main__.py'...
Listing '/app/.buildozer/android/platform/build-arm64-v8a/build/other_builds/python3/arm64-v8a__ndk_target_21/python3/Lib/ensurepip/_bundled'...
Compiling '/app/.buildozer/android/platform/build-arm64-v8a/build/other_builds/python3/arm64-v8a__ndk_target_21/python3/Lib/ensurepip/_uninstall.py'...
Compiling '/app/.buildozer/android/platform/build-arm64-v8a/build/other_builds/python3/arm64-v8a__ndk_target_21/python3/Lib/enum.py'...
Compiling '/app/.buildozer/android/platform/build-arm64-v8a/build/other_builds/python3/arm64-v8a__ndk_target_21/python3/Lib/filecmp.py'...
Compiling '/app/.buildozer/android/platform/build-arm64-v8a/build/other_builds/python3/arm64-v8a__ndk_target_21/python3/Lib/fileinput.py'...
Compiling '/app/.buildozer/android/platform/build-arm64-v8a/build/other_builds/python3/arm64-v8a__ndk_target_21/python3/Lib/fnmatch.py'...
Compiling '/app/.buildozer/android/platform/build-arm64-v8a/build/other_builds/python3/arm64-v8a__ndk_target_21/python3/Lib/fractions.py'...
Compiling '/app/.buildozer/android/platform/build-arm64-v8a/build/other_builds/python3/arm64-v8a__ndk_target_21/python3/Lib/ftplib.py'...
Compiling '/app/.buildozer/android/platform/build-arm64-v8a/build/other_builds/python3/arm64-v8a__ndk_target_21/python3/Lib/functools.py'...
Compiling '/app/.buildozer/android/platform/build-arm64-v8a/build/other_builds/python3/arm64-v8a__ndk_target_21/python3/Lib/genericpath.py'...
Compiling '/app/.buildozer/android/platform/build-arm64-v8a/build/other_builds/python3/arm64-v8a__ndk_target_21/python3/Lib/getopt.py'...
Compiling '/app/.buildozer/android/platform/build-arm64-v8a/build/other_builds/python3/arm64-v8a__ndk_target_21/python3/Lib/getpass.py'...
Compiling '/app/.buildozer/android/platform/build-arm64-v8a/build/other_builds/python3/arm64-v8a__ndk_target_21/python3/Lib/gettext.py'...
Compiling '/app/.buildozer/android/platform/build-arm64-v8a/build/other_builds/python3/arm64-v8a__ndk_target_21/python3/Lib/glob.py'...
Compiling '/app/.buildozer/android/platform/build-arm64-v8a/build/other_builds/python3/arm64-v8a__ndk_target_21/python3/Lib/graphlib.py'...
Compiling '/app/.buildozer/android/platform/build-arm64-v8a/build/other_builds/python3/arm64-v8a__ndk_target_21/python3/Lib/gzip.py'...
Compiling '/app/.buildozer/android/platform/build-arm64-v8a/build/other_builds/python3/arm64-v8a__ndk_target_21/python3/Lib/hashlib.py'...
Compiling '/app/.buildozer/android/platform/build-arm64-v8a/build/other_builds/python3/arm64-v8a__ndk_target_21/python3/Lib/heapq.py'...
Compiling '/app/.buildozer/android/platform/build-arm64-v8a/build/other_builds/python3/arm64-v8a__ndk_target_21/python3/Lib/hmac.py'...
Listing '/app/.buildozer/android/platform/build-arm64-v8a/build/other_builds/python3/arm64-v8a__ndk_target_21/python3/Lib/html'...
Compiling '/app/.buildozer/android/platform/build-arm64-v8a/build/other_builds/python3/arm64-v8a__ndk_target_21/python3/Lib/html/__init__.py'...
Compiling '/app/.buildozer/android/platform/build-arm64-v8a/build/other_builds/python3/arm64-v8a__ndk_target_21/python3/Lib/html/entities.py'...
Compiling '/app/.buildozer/android/platform/build-arm64-v8a/build/other_builds/python3/arm64-v8a__ndk_target_21/python3/Lib/html/parser.py'...
Listing '/app/.buildozer/android/platform/build-arm64-v8a/build/other_builds/python3/arm64-v8a__ndk_target_21/python3/Lib/http'...
Compiling '/app/.buildozer/android/platform/build-arm64-v8a/build/other_builds/python3/arm64-v8a__ndk_target_21/python3/Lib/http/__init__.py'...
Compiling '/app/.buildozer/android/platform/build-arm64-v8a/build/other_builds/python3/arm64-v8a__ndk_target_21/python3/Lib/http/client.py'...
Compiling '/app/.buildozer/android/platform/build-arm64-v8a/build/other_builds/python3/arm64-v8a__ndk_target_21/python3/Lib/http/cookiejar.py'...
Compiling '/app/.buildozer/android/platform/build-arm64-v8a/build/other_builds/python3/arm64-v8a__ndk_target_21/python3/Lib/http/cookies.py'...
Compiling '/app/.buildozer/android/platform/build-arm64-v8a/build/other_builds/python3/arm64-v8a__ndk_target_21/python3/Lib/http/server.py'...
Listing '/app/.buildozer/android/platform/build-arm64-v8a/build/other_builds/python3/arm64-v8a__ndk_target_21/python3/Lib/idlelib'...
Listing '/app/.buildozer/android/platform/build-arm64-v8a/build/other_builds/python3/arm64-v8a__ndk_target_21/python3/Lib/idlelib/Icons'...
Compiling '/app/.buildozer/android/platform/build-arm64-v8a/build/other_builds/python3/arm64-v8a__ndk_target_21/python3/Lib/idlelib/__init__.py'...
Compiling '/app/.buildozer/android/platform/build-arm64-v8a/build/other_builds/python3/arm64-v8a__ndk_target_21/python3/Lib/idlelib/__main__.py'...
Compiling '/app/.buildozer/android/platform/build-arm64-v8a/build/other_builds/python3/arm64-v8a__ndk_target_21/python3/Lib/idlelib/autocomplete.py'...
Compiling '/app/.buildozer/android/platform/build-arm64-v8a/build/other_builds/python3/arm64-v8a__ndk_target_21/python3/Lib/idlelib/autocomplete_w.py'...
Compiling '/app/.buildozer/android/platform/build-arm64-v8a/build/other_builds/python3/arm64-v8a__ndk_target_21/python3/Lib/idlelib/autoexpand.py'...
Compiling '/app/.buildozer/android/platform/build-arm64-v8a/build/other_builds/python3/arm64-v8a__ndk_target_21/python3/Lib/idlelib/browser.py'...
Compiling '/app/.buildozer/android/platform/build-arm64-v8a/build/other_builds/python3/arm64-v8a__ndk_target_21/python3/Lib/idlelib/calltip.py'...
Compiling '/app/.buildozer/android/platform/build-arm64-v8a/build/other_builds/python3/arm64-v8a__ndk_target_21/python3/Lib/idlelib/calltip_w.py'...
Compiling '/app/.buildozer/android/platform/build-arm64-v8a/build/other_builds/python3/arm64-v8a__ndk_target_21/python3/Lib/idlelib/codecontext.py'...
Compiling '/app/.buildozer/android/platform/build-arm64-v8a/build/other_builds/python3/arm64-v8a__ndk_target_21/python3/Lib/idlelib/colorizer.py'...
Compiling '/app/.buildozer/android/platform/build-arm64-v8a/build/other_builds/python3/arm64-v8a__ndk_target_21/python3/Lib/idlelib/config.py'...
Compiling '/app/.buildozer/android/platform/build-arm64-v8a/build/other_builds/python3/arm64-v8a__ndk_target_21/python3/Lib/idlelib/config_key.py'...
Compiling '/app/.buildozer/android/platform/build-arm64-v8a/build/other_builds/python3/arm64-v8a__ndk_target_21/python3/Lib/idlelib/configdialog.py'...
Compiling '/app/.buildozer/android/platform/build-arm64-v8a/build/other_builds/python3/arm64-v8a__ndk_target_21/python3/Lib/idlelib/debugger.py'...
Compiling '/app/.buildozer/android/platform/build-arm64-v8a/build/other_builds/python3/arm64-v8a__ndk_target_21/python3/Lib/idlelib/debugger_r.py'...
Compiling '/app/.buildozer/android/platform/build-arm64-v8a/build/other_builds/python3/arm64-v8a__ndk_target_21/python3/Lib/idlelib/debugobj.py'...
Compiling '/app/.buildozer/android/platform/build-arm64-v8a/build/other_builds/python3/arm64-v8a__ndk_target_21/python3/Lib/idlelib/debugobj_r.py'...
Compiling '/app/.buildozer/android/platform/build-arm64-v8a/build/other_builds/python3/arm64-v8a__ndk_target_21/python3/Lib/idlelib/delegator.py'...
Compiling '/app/.buildozer/android/platform/build-arm64-v8a/build/other_builds/python3/arm64-v8a__ndk_target_21/python3/Lib/idlelib/dynoption.py'...
Compiling '/app/.buildozer/android/platform/build-arm64-v8a/build/other_builds/python3/arm64-v8a__ndk_target_21/python3/Lib/idlelib/editor.py'...
Compiling '/app/.buildozer/android/platform/build-arm64-v8a/build/other_builds/python3/arm64-v8a__ndk_target_21/python3/Lib/idlelib/filelist.py'...
Compiling '/app/.buildozer/android/platform/build-arm64-v8a/build/other_builds/python3/arm64-v8a__ndk_target_21/python3/Lib/idlelib/format.py'...
Compiling '/app/.buildozer/android/platform/build-arm64-v8a/build/other_builds/python3/arm64-v8a__ndk_target_21/python3/Lib/idlelib/grep.py'...
Compiling '/app/.buildozer/android/platform/build-arm64-v8a/build/other_builds/python3/arm64-v8a__ndk_target_21/python3/Lib/idlelib/help.py'...
Compiling '/app/.buildozer/android/platform/build-arm64-v8a/build/other_builds/python3/arm64-v8a__ndk_target_21/python3/Lib/idlelib/help_about.py'...
Compiling '/app/.buildozer/android/platform/build-arm64-v8a/build/other_builds/python3/arm64-v8a__ndk_target_21/python3/Lib/idlelib/history.py'...
Compiling '/app/.buildozer/android/platform/build-arm64-v8a/build/other_builds/python3/arm64-v8a__ndk_target_21/python3/Lib/idlelib/hyperparser.py'...
Compiling '/app/.buildozer/android/platform/build-arm64-v8a/build/other_builds/python3/arm64-v8a__ndk_target_21/python3/Lib/idlelib/idle.py'...
Listing '/app/.buildozer/android/platform/build-arm64-v8a/build/other_builds/python3/arm64-v8a__ndk_target_21/python3/Lib/idlelib/idle_test'...
Compiling '/app/.buildozer/android/platform/build-arm64-v8a/build/other_builds/python3/arm64-v8a__ndk_target_21/python3/Lib/idlelib/idle_test/__init__.py'...
Compiling '/app/.buildozer/android/platform/build-arm64-v8a/build/other_builds/python3/arm64-v8a__ndk_target_21/python3/Lib/idlelib/idle_test/htest.py'...
Compiling '/app/.buildozer/android/platform/build-arm64-v8a/build/other_builds/python3/arm64-v8a__ndk_target_21/python3/Lib/idlelib/idle_test/mock_idle.py'...
Compiling '/app/.buildozer/android/platform/build-arm64-v8a/build/other_builds/python3/arm64-v8a__ndk_target_21/python3/Lib/idlelib/idle_test/mock_tk.py'...
Compiling '/app/.buildozer/android/platform/build-arm64-v8a/build/other_builds/python3/arm64-v8a__ndk_target_21/python3/Lib/idlelib/idle_test/template.py'...
Compiling '/app/.buildozer/android/platform/build-arm64-v8a/build/other_builds/python3/arm64-v8a__ndk_target_21/python3/Lib/idlelib/idle_test/test_autocomplete.py'...
Compiling '/app/.buildozer/android/platform/build-arm64-v8a/build/other_builds/python3/arm64-v8a__ndk_target_21/python3/Lib/idlelib/idle_test/test_autocomplete_w.py'...
Compiling '/app/.buildozer/android/platform/build-arm64-v8a/build/other_builds/python3/arm64-v8a__ndk_target_21/python3/Lib/idlelib/idle_test/test_autoexpand.py'...
Compiling '/app/.buildozer/android/platform/build-arm64-v8a/build/other_builds/python3/arm64-v8a__ndk_target_21/python3/Lib/idlelib/idle_test/test_browser.py'...
Compiling '/app/.buildozer/android/platform/build-arm64-v8a/build/other_builds/python3/arm64-v8a__ndk_target_21/python3/Lib/idlelib/idle_test/test_calltip.py'...
Compiling '/app/.buildozer/android/platform/build-arm64-v8a/build/other_builds/python3/arm64-v8a__ndk_target_21/python3/Lib/idlelib/idle_test/test_calltip_w.py'...
Compiling '/app/.buildozer/android/platform/build-arm64-v8a/build/other_builds/python3/arm64-v8a__ndk_target_21/python3/Lib/idlelib/idle_test/test_codecontext.py'...
Compiling '/app/.buildozer/android/platform/build-arm64-v8a/build/other_builds/python3/arm64-v8a__ndk_target_21/python3/Lib/idlelib/idle_test/test_colorizer.py'...
Compiling '/app/.buildozer/android/platform/build-arm64-v8a/build/other_builds/python3/arm64-v8a__ndk_target_21/python3/Lib/idlelib/idle_test/test_config.py'...
Compiling '/app/.buildozer/android/platform/build-arm64-v8a/build/other_builds/python3/arm64-v8a__ndk_target_21/python3/Lib/idlelib/idle_test/test_config_key.py'...
Compiling '/app/.buildozer/android/platform/build-arm64-v8a/build/other_builds/python3/arm64-v8a__ndk_target_21/python3/Lib/idlelib/idle_test/test_configdialog.py'...
Compiling '/app/.buildozer/android/platform/build-arm64-v8a/build/other_builds/python3/arm64-v8a__ndk_target_21/python3/Lib/idlelib/idle_test/test_debugger.py'...
Compiling '/app/.buildozer/android/platform/build-arm64-v8a/build/other_builds/python3/arm64-v8a__ndk_target_21/python3/Lib/idlelib/idle_test/test_debugger_r.py'...
Compiling '/app/.buildozer/android/platform/build-arm64-v8a/build/other_builds/python3/arm64-v8a__ndk_target_21/python3/Lib/idlelib/idle_test/test_debugobj.py'...
Compiling '/app/.buildozer/android/platform/build-arm64-v8a/build/other_builds/python3/arm64-v8a__ndk_target_21/python3/Lib/idlelib/idle_test/test_debugobj_r.py'...
Compiling '/app/.buildozer/android/platform/build-arm64-v8a/build/other_builds/python3/arm64-v8a__ndk_target_21/python3/Lib/idlelib/idle_test/test_delegator.py'...
Compiling '/app/.buildozer/android/platform/build-arm64-v8a/build/other_builds/python3/arm64-v8a__ndk_target_21/python3/Lib/idlelib/idle_test/test_editmenu.py'...
Compiling '/app/.buildozer/android/platform/build-arm64-v8a/build/other_builds/python3/arm64-v8a__ndk_target_21/python3/Lib/idlelib/idle_test/test_editor.py'...
Compiling '/app/.buildozer/android/platform/build-arm64-v8a/build/other_builds/python3/arm64-v8a__ndk_target_21/python3/Lib/idlelib/idle_test/test_filelist.py'...
Compiling '/app/.buildozer/android/platform/build-arm64-v8a/build/other_builds/python3/arm64-v8a__ndk_target_21/python3/Lib/idlelib/idle_test/test_format.py'...
Compiling '/app/.buildozer/android/platform/build-arm64-v8a/build/other_builds/python3/arm64-v8a__ndk_target_21/python3/Lib/idlelib/idle_test/test_grep.py'...
Compiling '/app/.buildozer/android/platform/build-arm64-v8a/build/other_builds/python3/arm64-v8a__ndk_target_21/python3/Lib/idlelib/idle_test/test_help.py'...
Compiling '/app/.buildozer/android/platform/build-arm64-v8a/build/other_builds/python3/arm64-v8a__ndk_target_21/python3/Lib/idlelib/idle_test/test_help_about.py'...
Compiling '/app/.buildozer/android/platform/build-arm64-v8a/build/other_builds/python3/arm64-v8a__ndk_target_21/python3/Lib/idlelib/idle_test/test_history.py'...
Compiling '/app/.buildozer/android/platform/build-arm64-v8a/build/other_builds/python3/arm64-v8a__ndk_target_21/python3/Lib/idlelib/idle_test/test_hyperparser.py'...
Compiling '/app/.buildozer/android/platform/build-arm64-v8a/build/other_builds/python3/arm64-v8a__ndk_target_21/python3/Lib/idlelib/idle_test/test_iomenu.py'...
Compiling '/app/.buildozer/android/platform/build-arm64-v8a/build/other_builds/python3/arm64-v8a__ndk_target_21/python3/Lib/idlelib/idle_test/test_macosx.py'...
Compiling '/app/.buildozer/android/platform/build-arm64-v8a/build/other_builds/python3/arm64-v8a__ndk_target_21/python3/Lib/idlelib/idle_test/test_mainmenu.py'...
Compiling '/app/.buildozer/android/platform/build-arm64-v8a/build/other_builds/python3/arm64-v8a__ndk_target_21/python3/Lib/idlelib/idle_test/test_multicall.py'...
Compiling '/app/.buildozer/android/platform/build-arm64-v8a/build/other_builds/python3/arm64-v8a__ndk_target_21/python3/Lib/idlelib/idle_test/test_outwin.py'...
Compiling '/app/.buildozer/android/platform/build-arm64-v8a/build/other_builds/python3/arm64-v8a__ndk_target_21/python3/Lib/idlelib/idle_test/test_parenmatch.py'...
Compiling '/app/.buildozer/android/platform/build-arm64-v8a/build/other_builds/python3/arm64-v8a__ndk_target_21/python3/Lib/idlelib/idle_test/test_pathbrowser.py'...
Compiling '/app/.buildozer/android/platform/build-arm64-v8a/build/other_builds/python3/arm64-v8a__ndk_target_21/python3/Lib/idlelib/idle_test/test_percolator.py'...
Compiling '/app/.buildozer/android/platform/build-arm64-v8a/build/other_builds/python3/arm64-v8a__ndk_target_21/python3/Lib/idlelib/idle_test/test_pyparse.py'...
Compiling '/app/.buildozer/android/platform/build-arm64-v8a/build/other_builds/python3/arm64-v8a__ndk_target_21/python3/Lib/idlelib/idle_test/test_pyshell.py'...
Compiling '/app/.buildozer/android/platform/build-arm64-v8a/build/other_builds/python3/arm64-v8a__ndk_target_21/python3/Lib/idlelib/idle_test/test_query.py'...
Compiling '/app/.buildozer/android/platform/build-arm64-v8a/build/other_builds/python3/arm64-v8a__ndk_target_21/python3/Lib/idlelib/idle_test/test_redirector.py'...
Compiling '/app/.buildozer/android/platform/build-arm64-v8a/build/other_builds/python3/arm64-v8a__ndk_target_21/python3/Lib/idlelib/idle_test/test_replace.py'...
Compiling '/app/.buildozer/android/platform/build-arm64-v8a/build/other_builds/python3/arm64-v8a__ndk_target_21/python3/Lib/idlelib/idle_test/test_rpc.py'...
Compiling '/app/.buildozer/android/platform/build-arm64-v8a/build/other_builds/python3/arm64-v8a__ndk_target_21/python3/Lib/idlelib/idle_test/test_run.py'...
Compiling '/app/.buildozer/android/platform/build-arm64-v8a/build/other_builds/python3/arm64-v8a__ndk_target_21/python3/Lib/idlelib/idle_test/test_runscript.py'...
Compiling '/app/.buildozer/android/platform/build-arm64-v8a/build/other_builds/python3/arm64-v8a__ndk_target_21/python3/Lib/idlelib/idle_test/test_scrolledlist.py'...
Compiling '/app/.buildozer/android/platform/build-arm64-v8a/build/other_builds/python3/arm64-v8a__ndk_target_21/python3/Lib/idlelib/idle_test/test_search.py'...
Compiling '/app/.buildozer/android/platform/build-arm64-v8a/build/other_builds/python3/arm64-v8a__ndk_target_21/python3/Lib/idlelib/idle_test/test_searchbase.py'...
Compiling '/app/.buildozer/android/platform/build-arm64-v8a/build/other_builds/python3/arm64-v8a__ndk_target_21/python3/Lib/idlelib/idle_test/test_searchengine.py'...
Compiling '/app/.buildozer/android/platform/build-arm64-v8a/build/other_builds/python3/arm64-v8a__ndk_target_21/python3/Lib/idlelib/idle_test/test_sidebar.py'...
Compiling '/app/.buildozer/android/platform/build-arm64-v8a/build/other_builds/python3/arm64-v8a__ndk_target_21/python3/Lib/idlelib/idle_test/test_squeezer.py'...
Compiling '/app/.buildozer/android/platform/build-arm64-v8a/build/other_builds/python3/arm64-v8a__ndk_target_21/python3/Lib/idlelib/idle_test/test_stackviewer.py'...
Compiling '/app/.buildozer/android/platform/build-arm64-v8a/build/other_builds/python3/arm64-v8a__ndk_target_21/python3/Lib/idlelib/idle_test/test_statusbar.py'...
Compiling '/app/.buildozer/android/platform/build-arm64-v8a/build/other_builds/python3/arm64-v8a__ndk_target_21/python3/Lib/idlelib/idle_test/test_text.py'...
Compiling '/app/.buildozer/android/platform/build-arm64-v8a/build/other_builds/python3/arm64-v8a__ndk_target_21/python3/Lib/idlelib/idle_test/test_textview.py'...
Compiling '/app/.buildozer/android/platform/build-arm64-v8a/build/other_builds/python3/arm64-v8a__ndk_target_21/python3/Lib/idlelib/idle_test/test_tooltip.py'...
Compiling '/app/.buildozer/android/platform/build-arm64-v8a/build/other_builds/python3/arm64-v8a__ndk_target_21/python3/Lib/idlelib/idle_test/test_tree.py'...
Compiling '/app/.buildozer/android/platform/build-arm64-v8a/build/other_builds/python3/arm64-v8a__ndk_target_21/python3/Lib/idlelib/idle_test/test_undo.py'...
Compiling '/app/.buildozer/android/platform/build-arm64-v8a/build/other_builds/python3/arm64-v8a__ndk_target_21/python3/Lib/idlelib/idle_test/test_util.py'...
Compiling '/app/.buildozer/android/platform/build-arm64-v8a/build/other_builds/python3/arm64-v8a__ndk_target_21/python3/Lib/idlelib/idle_test/test_warning.py'...
Compiling '/app/.buildozer/android/platform/build-arm64-v8a/build/other_builds/python3/arm64-v8a__ndk_target_21/python3/Lib/idlelib/idle_test/test_window.py'...
Compiling '/app/.buildozer/android/platform/build-arm64-v8a/build/other_builds/python3/arm64-v8a__ndk_target_21/python3/Lib/idlelib/idle_test/test_zoomheight.py'...
Compiling '/app/.buildozer/android/platform/build-arm64-v8a/build/other_builds/python3/arm64-v8a__ndk_target_21/python3/Lib/idlelib/idle_test/test_zzdummy.py'...
Compiling '/app/.buildozer/android/platform/build-arm64-v8a/build/other_builds/python3/arm64-v8a__ndk_target_21/python3/Lib/idlelib/idle_test/tkinter_testing_utils.py'...
Compiling '/app/.buildozer/android/platform/build-arm64-v8a/build/other_builds/python3/arm64-v8a__ndk_target_21/python3/Lib/idlelib/iomenu.py'...
Compiling '/app/.buildozer/android/platform/build-arm64-v8a/build/other_builds/python3/arm64-v8a__ndk_target_21/python3/Lib/idlelib/macosx.py'...
Compiling '/app/.buildozer/android/platform/build-arm64-v8a/build/other_builds/python3/arm64-v8a__ndk_target_21/python3/Lib/idlelib/mainmenu.py'...
Compiling '/app/.buildozer/android/platform/build-arm64-v8a/build/other_builds/python3/arm64-v8a__ndk_target_21/python3/Lib/idlelib/multicall.py'...
Compiling '/app/.buildozer/android/platform/build-arm64-v8a/build/other_builds/python3/arm64-v8a__ndk_target_21/python3/Lib/idlelib/outwin.py'...
Compiling '/app/.buildozer/android/platform/build-arm64-v8a/build/other_builds/python3/arm64-v8a__ndk_target_21/python3/Lib/idlelib/parenmatch.py'...
Compiling '/app/.buildozer/android/platform/build-arm64-v8a/build/other_builds/python3/arm64-v8a__ndk_target_21/python3/Lib/idlelib/pathbrowser.py'...
Compiling '/app/.buildozer/android/platform/build-arm64-v8a/build/other_builds/python3/arm64-v8a__ndk_target_21/python3/Lib/idlelib/percolator.py'...
Compiling '/app/.buildozer/android/platform/build-arm64-v8a/build/other_builds/python3/arm64-v8a__ndk_target_21/python3/Lib/idlelib/pyparse.py'...
Compiling '/app/.buildozer/android/platform/build-arm64-v8a/build/other_builds/python3/arm64-v8a__ndk_target_21/python3/Lib/idlelib/pyshell.py'...
Compiling '/app/.buildozer/android/platform/build-arm64-v8a/build/other_builds/python3/arm64-v8a__ndk_target_21/python3/Lib/idlelib/query.py'...
Compiling '/app/.buildozer/android/platform/build-arm64-v8a/build/other_builds/python3/arm64-v8a__ndk_target_21/python3/Lib/idlelib/redirector.py'...
Compiling '/app/.buildozer/android/platform/build-arm64-v8a/build/other_builds/python3/arm64-v8a__ndk_target_21/python3/Lib/idlelib/replace.py'...
Compiling '/app/.buildozer/android/platform/build-arm64-v8a/build/other_builds/python3/arm64-v8a__ndk_target_21/python3/Lib/idlelib/rpc.py'...
Compiling '/app/.buildozer/android/platform/build-arm64-v8a/build/other_builds/python3/arm64-v8a__ndk_target_21/python3/Lib/idlelib/run.py'...
Compiling '/app/.buildozer/android/platform/build-arm64-v8a/build/other_builds/python3/arm64-v8a__ndk_target_21/python3/Lib/idlelib/runscript.py'...
Compiling '/app/.buildozer/android/platform/build-arm64-v8a/build/other_builds/python3/arm64-v8a__ndk_target_21/python3/Lib/idlelib/scrolledlist.py'...
Compiling '/app/.buildozer/android/platform/build-arm64-v8a/build/other_builds/python3/arm64-v8a__ndk_target_21/python3/Lib/idlelib/search.py'...
Compiling '/app/.buildozer/android/platform/build-arm64-v8a/build/other_builds/python3/arm64-v8a__ndk_target_21/python3/Lib/idlelib/searchbase.py'...
Compiling '/app/.buildozer/android/platform/build-arm64-v8a/build/other_builds/python3/arm64-v8a__ndk_target_21/python3/Lib/idlelib/searchengine.py'...
Compiling '/app/.buildozer/android/platform/build-arm64-v8a/build/other_builds/python3/arm64-v8a__ndk_target_21/python3/Lib/idlelib/sidebar.py'...
Compiling '/app/.buildozer/android/platform/build-arm64-v8a/build/other_builds/python3/arm64-v8a__ndk_target_21/python3/Lib/idlelib/squeezer.py'...
Compiling '/app/.buildozer/android/platform/build-arm64-v8a/build/other_builds/python3/arm64-v8a__ndk_target_21/python3/Lib/idlelib/stackviewer.py'...
Compiling '/app/.buildozer/android/platform/build-arm64-v8a/build/other_builds/python3/arm64-v8a__ndk_target_21/python3/Lib/idlelib/statusbar.py'...
Compiling '/app/.buildozer/android/platform/build-arm64-v8a/build/other_builds/python3/arm64-v8a__ndk_target_21/python3/Lib/idlelib/textview.py'...
Compiling '/app/.buildozer/android/platform/build-arm64-v8a/build/other_builds/python3/arm64-v8a__ndk_target_21/python3/Lib/idlelib/tooltip.py'...
Compiling '/app/.buildozer/android/platform/build-arm64-v8a/build/other_builds/python3/arm64-v8a__ndk_target_21/python3/Lib/idlelib/tree.py'...
Compiling '/app/.buildozer/android/platform/build-arm64-v8a/build/other_builds/python3/arm64-v8a__ndk_target_21/python3/Lib/idlelib/undo.py'...
Compiling '/app/.buildozer/android/platform/build-arm64-v8a/build/other_builds/python3/arm64-v8a__ndk_target_21/python3/Lib/idlelib/util.py'...
Compiling '/app/.buildozer/android/platform/build-arm64-v8a/build/other_builds/python3/arm64-v8a__ndk_target_21/python3/Lib/idlelib/window.py'...
Compiling '/app/.buildozer/android/platform/build-arm64-v8a/build/other_builds/python3/arm64-v8a__ndk_target_21/python3/Lib/idlelib/zoomheight.py'...
Compiling '/app/.buildozer/android/platform/build-arm64-v8a/build/other_builds/python3/arm64-v8a__ndk_target_21/python3/Lib/idlelib/zzdummy.py'...
Compiling '/app/.buildozer/android/platform/build-arm64-v8a/build/other_builds/python3/arm64-v8a__ndk_target_21/python3/Lib/imaplib.py'...
Listing '/app/.buildozer/android/platform/build-arm64-v8a/build/other_builds/python3/arm64-v8a__ndk_target_21/python3/Lib/importlib'...
Compiling '/app/.buildozer/android/platform/build-arm64-v8a/build/other_builds/python3/arm64-v8a__ndk_target_21/python3/Lib/importlib/__init__.py'...
Compiling '/app/.buildozer/android/platform/build-arm64-v8a/build/other_builds/python3/arm64-v8a__ndk_target_21/python3/Lib/importlib/_abc.py'...
Compiling '/app/.buildozer/android/platform/build-arm64-v8a/build/other_builds/python3/arm64-v8a__ndk_target_21/python3/Lib/importlib/_bootstrap.py'...
Compiling '/app/.buildozer/android/platform/build-arm64-v8a/build/other_builds/python3/arm64-v8a__ndk_target_21/python3/Lib/importlib/_bootstrap_external.py'...
Compiling '/app/.buildozer/android/platform/build-arm64-v8a/build/other_builds/python3/arm64-v8a__ndk_target_21/python3/Lib/importlib/abc.py'...
Compiling '/app/.buildozer/android/platform/build-arm64-v8a/build/other_builds/python3/arm64-v8a__ndk_target_21/python3/Lib/importlib/machinery.py'...
Listing '/app/.buildozer/android/platform/build-arm64-v8a/build/other_builds/python3/arm64-v8a__ndk_target_21/python3/Lib/importlib/metadata'...
Compiling '/app/.buildozer/android/platform/build-arm64-v8a/build/other_builds/python3/arm64-v8a__ndk_target_21/python3/Lib/importlib/metadata/__init__.py'...
Compiling '/app/.buildozer/android/platform/build-arm64-v8a/build/other_builds/python3/arm64-v8a__ndk_target_21/python3/Lib/importlib/metadata/_adapters.py'...
Compiling '/app/.buildozer/android/platform/build-arm64-v8a/build/other_builds/python3/arm64-v8a__ndk_target_21/python3/Lib/importlib/metadata/_collections.py'...
Compiling '/app/.buildozer/android/platform/build-arm64-v8a/build/other_builds/python3/arm64-v8a__ndk_target_21/python3/Lib/importlib/metadata/_functools.py'...
Compiling '/app/.buildozer/android/platform/build-arm64-v8a/build/other_builds/python3/arm64-v8a__ndk_target_21/python3/Lib/importlib/metadata/_itertools.py'...
Compiling '/app/.buildozer/android/platform/build-arm64-v8a/build/other_builds/python3/arm64-v8a__ndk_target_21/python3/Lib/importlib/metadata/_meta.py'...
Compiling '/app/.buildozer/android/platform/build-arm64-v8a/build/other_builds/python3/arm64-v8a__ndk_target_21/python3/Lib/importlib/metadata/_text.py'...
Compiling '/app/.buildozer/android/platform/build-arm64-v8a/build/other_builds/python3/arm64-v8a__ndk_target_21/python3/Lib/importlib/metadata/diagnose.py'...
Compiling '/app/.buildozer/android/platform/build-arm64-v8a/build/other_builds/python3/arm64-v8a__ndk_target_21/python3/Lib/importlib/readers.py'...
Listing '/app/.buildozer/android/platform/build-arm64-v8a/build/other_builds/python3/arm64-v8a__ndk_target_21/python3/Lib/importlib/resources'...
Compiling '/app/.buildozer/android/platform/build-arm64-v8a/build/other_builds/python3/arm64-v8a__ndk_target_21/python3/Lib/importlib/resources/__init__.py'...
Compiling '/app/.buildozer/android/platform/build-arm64-v8a/build/other_builds/python3/arm64-v8a__ndk_target_21/python3/Lib/importlib/resources/_adapters.py'...
Compiling '/app/.buildozer/android/platform/build-arm64-v8a/build/other_builds/python3/arm64-v8a__ndk_target_21/python3/Lib/importlib/resources/_common.py'...
Compiling '/app/.buildozer/android/platform/build-arm64-v8a/build/other_builds/python3/arm64-v8a__ndk_target_21/python3/Lib/importlib/resources/_functional.py'...
Compiling '/app/.buildozer/android/platform/build-arm64-v8a/build/other_builds/python3/arm64-v8a__ndk_target_21/python3/Lib/importlib/resources/_itertools.py'...
Compiling '/app/.buildozer/android/platform/build-arm64-v8a/build/other_builds/python3/arm64-v8a__ndk_target_21/python3/Lib/importlib/resources/abc.py'...
Compiling '/app/.buildozer/android/platform/build-arm64-v8a/build/other_builds/python3/arm64-v8a__ndk_target_21/python3/Lib/importlib/resources/readers.py'...
Compiling '/app/.buildozer/android/platform/build-arm64-v8a/build/other_builds/python3/arm64-v8a__ndk_target_21/python3/Lib/importlib/resources/simple.py'...
Compiling '/app/.buildozer/android/platform/build-arm64-v8a/build/other_builds/python3/arm64-v8a__ndk_target_21/python3/Lib/importlib/simple.py'...
Compiling '/app/.buildozer/android/platform/build-arm64-v8a/build/other_builds/python3/arm64-v8a__ndk_target_21/python3/Lib/importlib/util.py'...
Compiling '/app/.buildozer/android/platform/build-arm64-v8a/build/other_builds/python3/arm64-v8a__ndk_target_21/python3/Lib/inspect.py'...
Compiling '/app/.buildozer/android/platform/build-arm64-v8a/build/other_builds/python3/arm64-v8a__ndk_target_21/python3/Lib/io.py'...
Compiling '/app/.buildozer/android/platform/build-arm64-v8a/build/other_builds/python3/arm64-v8a__ndk_target_21/python3/Lib/ipaddress.py'...
Listing '/app/.buildozer/android/platform/build-arm64-v8a/build/other_builds/python3/arm64-v8a__ndk_target_21/python3/Lib/json'...
Compiling '/app/.buildozer/android/platform/build-arm64-v8a/build/other_builds/python3/arm64-v8a__ndk_target_21/python3/Lib/json/__init__.py'...
Compiling '/app/.buildozer/android/platform/build-arm64-v8a/build/other_builds/python3/arm64-v8a__ndk_target_21/python3/Lib/json/__main__.py'...
Compiling '/app/.buildozer/android/platform/build-arm64-v8a/build/other_builds/python3/arm64-v8a__ndk_target_21/python3/Lib/json/decoder.py'...
Compiling '/app/.buildozer/android/platform/build-arm64-v8a/build/other_builds/python3/arm64-v8a__ndk_target_21/python3/Lib/json/encoder.py'...
Compiling '/app/.buildozer/android/platform/build-arm64-v8a/build/other_builds/python3/arm64-v8a__ndk_target_21/python3/Lib/json/scanner.py'...
Compiling '/app/.buildozer/android/platform/build-arm64-v8a/build/other_builds/python3/arm64-v8a__ndk_target_21/python3/Lib/json/tool.py'...
Compiling '/app/.buildozer/android/platform/build-arm64-v8a/build/other_builds/python3/arm64-v8a__ndk_target_21/python3/Lib/keyword.py'...
Compiling '/app/.buildozer/android/platform/build-arm64-v8a/build/other_builds/python3/arm64-v8a__ndk_target_21/python3/Lib/linecache.py'...
Compiling '/app/.buildozer/android/platform/build-arm64-v8a/build/other_builds/python3/arm64-v8a__ndk_target_21/python3/Lib/locale.py'...
Listing '/app/.buildozer/android/platform/build-arm64-v8a/build/other_builds/python3/arm64-v8a__ndk_target_21/python3/Lib/logging'...
Compiling '/app/.buildozer/android/platform/build-arm64-v8a/build/other_builds/python3/arm64-v8a__ndk_target_21/python3/Lib/logging/__init__.py'...
Compiling '/app/.buildozer/android/platform/build-arm64-v8a/build/other_builds/python3/arm64-v8a__ndk_target_21/python3/Lib/logging/config.py'...
Compiling '/app/.buildozer/android/platform/build-arm64-v8a/build/other_builds/python3/arm64-v8a__ndk_target_21/python3/Lib/logging/handlers.py'...
Compiling '/app/.buildozer/android/platform/build-arm64-v8a/build/other_builds/python3/arm64-v8a__ndk_target_21/python3/Lib/lzma.py'...
Compiling '/app/.buildozer/android/platform/build-arm64-v8a/build/other_builds/python3/arm64-v8a__ndk_target_21/python3/Lib/mailbox.py'...
Compiling '/app/.buildozer/android/platform/build-arm64-v8a/build/other_builds/python3/arm64-v8a__ndk_target_21/python3/Lib/mimetypes.py'...
Compiling '/app/.buildozer/android/platform/build-arm64-v8a/build/other_builds/python3/arm64-v8a__ndk_target_21/python3/Lib/modulefinder.py'...
Listing '/app/.buildozer/android/platform/build-arm64-v8a/build/other_builds/python3/arm64-v8a__ndk_target_21/python3/Lib/multiprocessing'...
Compiling '/app/.buildozer/android/platform/build-arm64-v8a/build/other_builds/python3/arm64-v8a__ndk_target_21/python3/Lib/multiprocessing/__init__.py'...
Compiling '/app/.buildozer/android/platform/build-arm64-v8a/build/other_builds/python3/arm64-v8a__ndk_target_21/python3/Lib/multiprocessing/connection.py'...
Compiling '/app/.buildozer/android/platform/build-arm64-v8a/build/other_builds/python3/arm64-v8a__ndk_target_21/python3/Lib/multiprocessing/context.py'...
Listing '/app/.buildozer/android/platform/build-arm64-v8a/build/other_builds/python3/arm64-v8a__ndk_target_21/python3/Lib/multiprocessing/dummy'...
Compiling '/app/.buildozer/android/platform/build-arm64-v8a/build/other_builds/python3/arm64-v8a__ndk_target_21/python3/Lib/multiprocessing/dummy/__init__.py'...
Compiling '/app/.buildozer/android/platform/build-arm64-v8a/build/other_builds/python3/arm64-v8a__ndk_target_21/python3/Lib/multiprocessing/dummy/connection.py'...
Compiling '/app/.buildozer/android/platform/build-arm64-v8a/build/other_builds/python3/arm64-v8a__ndk_target_21/python3/Lib/multiprocessing/forkserver.py'...
Compiling '/app/.buildozer/android/platform/build-arm64-v8a/build/other_builds/python3/arm64-v8a__ndk_target_21/python3/Lib/multiprocessing/heap.py'...
Compiling '/app/.buildozer/android/platform/build-arm64-v8a/build/other_builds/python3/arm64-v8a__ndk_target_21/python3/Lib/multiprocessing/managers.py'...
Compiling '/app/.buildozer/android/platform/build-arm64-v8a/build/other_builds/python3/arm64-v8a__ndk_target_21/python3/Lib/multiprocessing/pool.py'...
Compiling '/app/.buildozer/android/platform/build-arm64-v8a/build/other_builds/python3/arm64-v8a__ndk_target_21/python3/Lib/multiprocessing/popen_fork.py'...
Compiling '/app/.buildozer/android/platform/build-arm64-v8a/build/other_builds/python3/arm64-v8a__ndk_target_21/python3/Lib/multiprocessing/popen_forkserver.py'...
Compiling '/app/.buildozer/android/platform/build-arm64-v8a/build/other_builds/python3/arm64-v8a__ndk_target_21/python3/Lib/multiprocessing/popen_spawn_posix.py'...
Compiling '/app/.buildozer/android/platform/build-arm64-v8a/build/other_builds/python3/arm64-v8a__ndk_target_21/python3/Lib/multiprocessing/popen_spawn_win32.py'...
Compiling '/app/.buildozer/android/platform/build-arm64-v8a/build/other_builds/python3/arm64-v8a__ndk_target_21/python3/Lib/multiprocessing/process.py'...
Compiling '/app/.buildozer/android/platform/build-arm64-v8a/build/other_builds/python3/arm64-v8a__ndk_target_21/python3/Lib/multiprocessing/queues.py'...
Compiling '/app/.buildozer/android/platform/build-arm64-v8a/build/other_builds/python3/arm64-v8a__ndk_target_21/python3/Lib/multiprocessing/reduction.py'...
Compiling '/app/.buildozer/android/platform/build-arm64-v8a/build/other_builds/python3/arm64-v8a__ndk_target_21/python3/Lib/multiprocessing/resource_sharer.py'...
Compiling '/app/.buildozer/android/platform/build-arm64-v8a/build/other_builds/python3/arm64-v8a__ndk_target_21/python3/Lib/multiprocessing/resource_tracker.py'...
Compiling '/app/.buildozer/android/platform/build-arm64-v8a/build/other_builds/python3/arm64-v8a__ndk_target_21/python3/Lib/multiprocessing/shared_memory.py'...
Compiling '/app/.buildozer/android/platform/build-arm64-v8a/build/other_builds/python3/arm64-v8a__ndk_target_21/python3/Lib/multiprocessing/sharedctypes.py'...
Compiling '/app/.buildozer/android/platform/build-arm64-v8a/build/other_builds/python3/arm64-v8a__ndk_target_21/python3/Lib/multiprocessing/spawn.py'...
Compiling '/app/.buildozer/android/platform/build-arm64-v8a/build/other_builds/python3/arm64-v8a__ndk_target_21/python3/Lib/multiprocessing/synchronize.py'...
Compiling '/app/.buildozer/android/platform/build-arm64-v8a/build/other_builds/python3/arm64-v8a__ndk_target_21/python3/Lib/multiprocessing/util.py'...
Compiling '/app/.buildozer/android/platform/build-arm64-v8a/build/other_builds/python3/arm64-v8a__ndk_target_21/python3/Lib/netrc.py'...
Compiling '/app/.buildozer/android/platform/build-arm64-v8a/build/other_builds/python3/arm64-v8a__ndk_target_21/python3/Lib/ntpath.py'...
Compiling '/app/.buildozer/android/platform/build-arm64-v8a/build/other_builds/python3/arm64-v8a__ndk_target_21/python3/Lib/nturl2path.py'...
Compiling '/app/.buildozer/android/platform/build-arm64-v8a/build/other_builds/python3/arm64-v8a__ndk_target_21/python3/Lib/numbers.py'...
Compiling '/app/.buildozer/android/platform/build-arm64-v8a/build/other_builds/python3/arm64-v8a__ndk_target_21/python3/Lib/opcode.py'...
Compiling '/app/.buildozer/android/platform/build-arm64-v8a/build/other_builds/python3/arm64-v8a__ndk_target_21/python3/Lib/operator.py'...
Compiling '/app/.buildozer/android/platform/build-arm64-v8a/build/other_builds/python3/arm64-v8a__ndk_target_21/python3/Lib/optparse.py'...
Compiling '/app/.buildozer/android/platform/build-arm64-v8a/build/other_builds/python3/arm64-v8a__ndk_target_21/python3/Lib/os.py'...
Listing '/app/.buildozer/android/platform/build-arm64-v8a/build/other_builds/python3/arm64-v8a__ndk_target_21/python3/Lib/pathlib'...
Compiling '/app/.buildozer/android/platform/build-arm64-v8a/build/other_builds/python3/arm64-v8a__ndk_target_21/python3/Lib/pathlib/__init__.py'...
Compiling '/app/.buildozer/android/platform/build-arm64-v8a/build/other_builds/python3/arm64-v8a__ndk_target_21/python3/Lib/pathlib/_local.py'...
Compiling '/app/.buildozer/android/platform/build-arm64-v8a/build/other_builds/python3/arm64-v8a__ndk_target_21/python3/Lib/pathlib/_os.py'...
Compiling '/app/.buildozer/android/platform/build-arm64-v8a/build/other_builds/python3/arm64-v8a__ndk_target_21/python3/Lib/pathlib/types.py'...
Compiling '/app/.buildozer/android/platform/build-arm64-v8a/build/other_builds/python3/arm64-v8a__ndk_target_21/python3/Lib/pdb.py'...
Compiling '/app/.buildozer/android/platform/build-arm64-v8a/build/other_builds/python3/arm64-v8a__ndk_target_21/python3/Lib/pickle.py'...
Compiling '/app/.buildozer/android/platform/build-arm64-v8a/build/other_builds/python3/arm64-v8a__ndk_target_21/python3/Lib/pickletools.py'...
Compiling '/app/.buildozer/android/platform/build-arm64-v8a/build/other_builds/python3/arm64-v8a__ndk_target_21/python3/Lib/pkgutil.py'...
Compiling '/app/.buildozer/android/platform/build-arm64-v8a/build/other_builds/python3/arm64-v8a__ndk_target_21/python3/Lib/platform.py'...
Compiling '/app/.buildozer/android/platform/build-arm64-v8a/build/other_builds/python3/arm64-v8a__ndk_target_21/python3/Lib/plistlib.py'...
Compiling '/app/.buildozer/android/platform/build-arm64-v8a/build/other_builds/python3/arm64-v8a__ndk_target_21/python3/Lib/poplib.py'...
Compiling '/app/.buildozer/android/platform/build-arm64-v8a/build/other_builds/python3/arm64-v8a__ndk_target_21/python3/Lib/posixpath.py'...
Compiling '/app/.buildozer/android/platform/build-arm64-v8a/build/other_builds/python3/arm64-v8a__ndk_target_21/python3/Lib/pprint.py'...
Compiling '/app/.buildozer/android/platform/build-arm64-v8a/build/other_builds/python3/arm64-v8a__ndk_target_21/python3/Lib/profile.py'...
Compiling '/app/.buildozer/android/platform/build-arm64-v8a/build/other_builds/python3/arm64-v8a__ndk_target_21/python3/Lib/pstats.py'...
Compiling '/app/.buildozer/android/platform/build-arm64-v8a/build/other_builds/python3/arm64-v8a__ndk_target_21/python3/Lib/pty.py'...
Compiling '/app/.buildozer/android/platform/build-arm64-v8a/build/other_builds/python3/arm64-v8a__ndk_target_21/python3/Lib/py_compile.py'...
Compiling '/app/.buildozer/android/platform/build-arm64-v8a/build/other_builds/python3/arm64-v8a__ndk_target_21/python3/Lib/pyclbr.py'...
Compiling '/app/.buildozer/android/platform/build-arm64-v8a/build/other_builds/python3/arm64-v8a__ndk_target_21/python3/Lib/pydoc.py'...
Listing '/app/.buildozer/android/platform/build-arm64-v8a/build/other_builds/python3/arm64-v8a__ndk_target_21/python3/Lib/pydoc_data'...
Compiling '/app/.buildozer/android/platform/build-arm64-v8a/build/other_builds/python3/arm64-v8a__ndk_target_21/python3/Lib/pydoc_data/__init__.py'...
Compiling '/app/.buildozer/android/platform/build-arm64-v8a/build/other_builds/python3/arm64-v8a__ndk_target_21/python3/Lib/pydoc_data/topics.py'...
Compiling '/app/.buildozer/android/platform/build-arm64-v8a/build/other_builds/python3/arm64-v8a__ndk_target_21/python3/Lib/queue.py'...
Compiling '/app/.buildozer/android/platform/build-arm64-v8a/build/other_builds/python3/arm64-v8a__ndk_target_21/python3/Lib/quopri.py'...
Compiling '/app/.buildozer/android/platform/build-arm64-v8a/build/other_builds/python3/arm64-v8a__ndk_target_21/python3/Lib/random.py'...
Listing '/app/.buildozer/android/platform/build-arm64-v8a/build/other_builds/python3/arm64-v8a__ndk_target_21/python3/Lib/re'...
Compiling '/app/.buildozer/android/platform/build-arm64-v8a/build/other_builds/python3/arm64-v8a__ndk_target_21/python3/Lib/re/__init__.py'...
Compiling '/app/.buildozer/android/platform/build-arm64-v8a/build/other_builds/python3/arm64-v8a__ndk_target_21/python3/Lib/re/_casefix.py'...
Compiling '/app/.buildozer/android/platform/build-arm64-v8a/build/other_builds/python3/arm64-v8a__ndk_target_21/python3/Lib/re/_compiler.py'...
Compiling '/app/.buildozer/android/platform/build-arm64-v8a/build/other_builds/python3/arm64-v8a__ndk_target_21/python3/Lib/re/_constants.py'...
Compiling '/app/.buildozer/android/platform/build-arm64-v8a/build/other_builds/python3/arm64-v8a__ndk_target_21/python3/Lib/re/_parser.py'...
Compiling '/app/.buildozer/android/platform/build-arm64-v8a/build/other_builds/python3/arm64-v8a__ndk_target_21/python3/Lib/reprlib.py'...
Compiling '/app/.buildozer/android/platform/build-arm64-v8a/build/other_builds/python3/arm64-v8a__ndk_target_21/python3/Lib/rlcompleter.py'...
Compiling '/app/.buildozer/android/platform/build-arm64-v8a/build/other_builds/python3/arm64-v8a__ndk_target_21/python3/Lib/runpy.py'...
Compiling '/app/.buildozer/android/platform/build-arm64-v8a/build/other_builds/python3/arm64-v8a__ndk_target_21/python3/Lib/sched.py'...
Compiling '/app/.buildozer/android/platform/build-arm64-v8a/build/other_builds/python3/arm64-v8a__ndk_target_21/python3/Lib/secrets.py'...
Compiling '/app/.buildozer/android/platform/build-arm64-v8a/build/other_builds/python3/arm64-v8a__ndk_target_21/python3/Lib/selectors.py'...
Compiling '/app/.buildozer/android/platform/build-arm64-v8a/build/other_builds/python3/arm64-v8a__ndk_target_21/python3/Lib/shelve.py'...
Compiling '/app/.buildozer/android/platform/build-arm64-v8a/build/other_builds/python3/arm64-v8a__ndk_target_21/python3/Lib/shlex.py'...
Compiling '/app/.buildozer/android/platform/build-arm64-v8a/build/other_builds/python3/arm64-v8a__ndk_target_21/python3/Lib/shutil.py'...
Compiling '/app/.buildozer/android/platform/build-arm64-v8a/build/other_builds/python3/arm64-v8a__ndk_target_21/python3/Lib/signal.py'...
Listing '/app/.buildozer/android/platform/build-arm64-v8a/build/other_builds/python3/arm64-v8a__ndk_target_21/python3/Lib/site-packages'...
Compiling '/app/.buildozer/android/platform/build-arm64-v8a/build/other_builds/python3/arm64-v8a__ndk_target_21/python3/Lib/site.py'...
Compiling '/app/.buildozer/android/platform/build-arm64-v8a/build/other_builds/python3/arm64-v8a__ndk_target_21/python3/Lib/smtplib.py'...
Compiling '/app/.buildozer/android/platform/build-arm64-v8a/build/other_builds/python3/arm64-v8a__ndk_target_21/python3/Lib/socket.py'...
Compiling '/app/.buildozer/android/platform/build-arm64-v8a/build/other_builds/python3/arm64-v8a__ndk_target_21/python3/Lib/socketserver.py'...
Listing '/app/.buildozer/android/platform/build-arm64-v8a/build/other_builds/python3/arm64-v8a__ndk_target_21/python3/Lib/sqlite3'...
Compiling '/app/.buildozer/android/platform/build-arm64-v8a/build/other_builds/python3/arm64-v8a__ndk_target_21/python3/Lib/sqlite3/__init__.py'...
Compiling '/app/.buildozer/android/platform/build-arm64-v8a/build/other_builds/python3/arm64-v8a__ndk_target_21/python3/Lib/sqlite3/__main__.py'...
Compiling '/app/.buildozer/android/platform/build-arm64-v8a/build/other_builds/python3/arm64-v8a__ndk_target_21/python3/Lib/sqlite3/dbapi2.py'...
Compiling '/app/.buildozer/android/platform/build-arm64-v8a/build/other_builds/python3/arm64-v8a__ndk_target_21/python3/Lib/sqlite3/dump.py'...
Compiling '/app/.buildozer/android/platform/build-arm64-v8a/build/other_builds/python3/arm64-v8a__ndk_target_21/python3/Lib/sre_compile.py'...
Compiling '/app/.buildozer/android/platform/build-arm64-v8a/build/other_builds/python3/arm64-v8a__ndk_target_21/python3/Lib/sre_constants.py'...
Compiling '/app/.buildozer/android/platform/build-arm64-v8a/build/other_builds/python3/arm64-v8a__ndk_target_21/python3/Lib/sre_parse.py'...
Compiling '/app/.buildozer/android/platform/build-arm64-v8a/build/other_builds/python3/arm64-v8a__ndk_target_21/python3/Lib/ssl.py'...
Compiling '/app/.buildozer/android/platform/build-arm64-v8a/build/other_builds/python3/arm64-v8a__ndk_target_21/python3/Lib/stat.py'...
Compiling '/app/.buildozer/android/platform/build-arm64-v8a/build/other_builds/python3/arm64-v8a__ndk_target_21/python3/Lib/statistics.py'...
Listing '/app/.buildozer/android/platform/build-arm64-v8a/build/other_builds/python3/arm64-v8a__ndk_target_21/python3/Lib/string'...
Compiling '/app/.buildozer/android/platform/build-arm64-v8a/build/other_builds/python3/arm64-v8a__ndk_target_21/python3/Lib/string/__init__.py'...
Compiling '/app/.buildozer/android/platform/build-arm64-v8a/build/other_builds/python3/arm64-v8a__ndk_target_21/python3/Lib/string/templatelib.py'...
Compiling '/app/.buildozer/android/platform/build-arm64-v8a/build/other_builds/python3/arm64-v8a__ndk_target_21/python3/Lib/stringprep.py'...
Compiling '/app/.buildozer/android/platform/build-arm64-v8a/build/other_builds/python3/arm64-v8a__ndk_target_21/python3/Lib/struct.py'...
Compiling '/app/.buildozer/android/platform/build-arm64-v8a/build/other_builds/python3/arm64-v8a__ndk_target_21/python3/Lib/subprocess.py'...
Compiling '/app/.buildozer/android/platform/build-arm64-v8a/build/other_builds/python3/arm64-v8a__ndk_target_21/python3/Lib/symtable.py'...
Listing '/app/.buildozer/android/platform/build-arm64-v8a/build/other_builds/python3/arm64-v8a__ndk_target_21/python3/Lib/sysconfig'...
Compiling '/app/.buildozer/android/platform/build-arm64-v8a/build/other_builds/python3/arm64-v8a__ndk_target_21/python3/Lib/sysconfig/__init__.py'...
Compiling '/app/.buildozer/android/platform/build-arm64-v8a/build/other_builds/python3/arm64-v8a__ndk_target_21/python3/Lib/sysconfig/__main__.py'...
Compiling '/app/.buildozer/android/platform/build-arm64-v8a/build/other_builds/python3/arm64-v8a__ndk_target_21/python3/Lib/tabnanny.py'...
Compiling '/app/.buildozer/android/platform/build-arm64-v8a/build/other_builds/python3/arm64-v8a__ndk_target_21/python3/Lib/tarfile.py'...
Compiling '/app/.buildozer/android/platform/build-arm64-v8a/build/other_builds/python3/arm64-v8a__ndk_target_21/python3/Lib/tempfile.py'...
Listing '/app/.buildozer/android/platform/build-arm64-v8a/build/other_builds/python3/arm64-v8a__ndk_target_21/python3/Lib/test'...
Compiling '/app/.buildozer/android/platform/build-arm64-v8a/build/other_builds/python3/arm64-v8a__ndk_target_21/python3/Lib/test/__init__.py'...
Compiling '/app/.buildozer/android/platform/build-arm64-v8a/build/other_builds/python3/arm64-v8a__ndk_target_21/python3/Lib/test/__main__.py'...
Compiling '/app/.buildozer/android/platform/build-arm64-v8a/build/other_builds/python3/arm64-v8a__ndk_target_21/python3/Lib/test/_code_definitions.py'...
Compiling '/app/.buildozer/android/platform/build-arm64-v8a/build/other_builds/python3/arm64-v8a__ndk_target_21/python3/Lib/test/_crossinterp_definitions.py'...
Compiling '/app/.buildozer/android/platform/build-arm64-v8a/build/other_builds/python3/arm64-v8a__ndk_target_21/python3/Lib/test/_test_atexit.py'...
Compiling '/app/.buildozer/android/platform/build-arm64-v8a/build/other_builds/python3/arm64-v8a__ndk_target_21/python3/Lib/test/_test_eintr.py'...
Compiling '/app/.buildozer/android/platform/build-arm64-v8a/build/other_builds/python3/arm64-v8a__ndk_target_21/python3/Lib/test/_test_embed_structseq.py'...
Compiling '/app/.buildozer/android/platform/build-arm64-v8a/build/other_builds/python3/arm64-v8a__ndk_target_21/python3/Lib/test/_test_gc_fast_cycles.py'...
Compiling '/app/.buildozer/android/platform/build-arm64-v8a/build/other_builds/python3/arm64-v8a__ndk_target_21/python3/Lib/test/_test_monitoring_shutdown.py'...
Compiling '/app/.buildozer/android/platform/build-arm64-v8a/build/other_builds/python3/arm64-v8a__ndk_target_21/python3/Lib/test/_test_multiprocessing.py'...
Compiling '/app/.buildozer/android/platform/build-arm64-v8a/build/other_builds/python3/arm64-v8a__ndk_target_21/python3/Lib/test/_test_venv_multiprocessing.py'...
Compiling '/app/.buildozer/android/platform/build-arm64-v8a/build/other_builds/python3/arm64-v8a__ndk_target_21/python3/Lib/test/archiver_tests.py'...
Listing '/app/.buildozer/android/platform/build-arm64-v8a/build/other_builds/python3/arm64-v8a__ndk_target_21/python3/Lib/test/archivetestdata'...
Compiling '/app/.buildozer/android/platform/build-arm64-v8a/build/other_builds/python3/arm64-v8a__ndk_target_21/python3/Lib/test/archivetestdata/testdata_module_inside_zip.py'...
Listing '/app/.buildozer/android/platform/build-arm64-v8a/build/other_builds/python3/arm64-v8a__ndk_target_21/python3/Lib/test/audiodata'...
Compiling '/app/.buildozer/android/platform/build-arm64-v8a/build/other_builds/python3/arm64-v8a__ndk_target_21/python3/Lib/test/audiotests.py'...
Compiling '/app/.buildozer/android/platform/build-arm64-v8a/build/other_builds/python3/arm64-v8a__ndk_target_21/python3/Lib/test/audit-tests.py'...
Compiling '/app/.buildozer/android/platform/build-arm64-v8a/build/other_builds/python3/arm64-v8a__ndk_target_21/python3/Lib/test/autotest.py'...
Compiling '/app/.buildozer/android/platform/build-arm64-v8a/build/other_builds/python3/arm64-v8a__ndk_target_21/python3/Lib/test/bisect_cmd.py'...
Listing '/app/.buildozer/android/platform/build-arm64-v8a/build/other_builds/python3/arm64-v8a__ndk_target_21/python3/Lib/test/certdata'...
Listing '/app/.buildozer/android/platform/build-arm64-v8a/build/other_builds/python3/arm64-v8a__ndk_target_21/python3/Lib/test/certdata/capath'...
Compiling '/app/.buildozer/android/platform/build-arm64-v8a/build/other_builds/python3/arm64-v8a__ndk_target_21/python3/Lib/test/certdata/make_ssl_certs.py'...
Listing '/app/.buildozer/android/platform/build-arm64-v8a/build/other_builds/python3/arm64-v8a__ndk_target_21/python3/Lib/test/cjkencodings'...
Listing '/app/.buildozer/android/platform/build-arm64-v8a/build/other_builds/python3/arm64-v8a__ndk_target_21/python3/Lib/test/configdata'...
Compiling '/app/.buildozer/android/platform/build-arm64-v8a/build/other_builds/python3/arm64-v8a__ndk_target_21/python3/Lib/test/cov.py'...
Listing '/app/.buildozer/android/platform/build-arm64-v8a/build/other_builds/python3/arm64-v8a__ndk_target_21/python3/Lib/test/crashers'...
Compiling '/app/.buildozer/android/platform/build-arm64-v8a/build/other_builds/python3/arm64-v8a__ndk_target_21/python3/Lib/test/crashers/bogus_code_obj.py'...
Compiling '/app/.buildozer/android/platform/build-arm64-v8a/build/other_builds/python3/arm64-v8a__ndk_target_21/python3/Lib/test/crashers/gc_inspection.py'...
Compiling '/app/.buildozer/android/platform/build-arm64-v8a/build/other_builds/python3/arm64-v8a__ndk_target_21/python3/Lib/test/crashers/infinite_loop_re.py'...
Compiling '/app/.buildozer/android/platform/build-arm64-v8a/build/other_builds/python3/arm64-v8a__ndk_target_21/python3/Lib/test/crashers/mutation_inside_cyclegc.py'...
Compiling '/app/.buildozer/android/platform/build-arm64-v8a/build/other_builds/python3/arm64-v8a__ndk_target_21/python3/Lib/test/crashers/recursive_call.py'...
Compiling '/app/.buildozer/android/platform/build-arm64-v8a/build/other_builds/python3/arm64-v8a__ndk_target_21/python3/Lib/test/crashers/trace_at_recursion_limit.py'...
Compiling '/app/.buildozer/android/platform/build-arm64-v8a/build/other_builds/python3/arm64-v8a__ndk_target_21/python3/Lib/test/crashers/underlying_dict.py'...
Compiling '/app/.buildozer/android/platform/build-arm64-v8a/build/other_builds/python3/arm64-v8a__ndk_target_21/python3/Lib/test/curses_tests.py'...
Listing '/app/.buildozer/android/platform/build-arm64-v8a/build/other_builds/python3/arm64-v8a__ndk_target_21/python3/Lib/test/data'...
Compiling '/app/.buildozer/android/platform/build-arm64-v8a/build/other_builds/python3/arm64-v8a__ndk_target_21/python3/Lib/test/datetimetester.py'...
Listing '/app/.buildozer/android/platform/build-arm64-v8a/build/other_builds/python3/arm64-v8a__ndk_target_21/python3/Lib/test/decimaltestdata'...
Compiling '/app/.buildozer/android/platform/build-arm64-v8a/build/other_builds/python3/arm64-v8a__ndk_target_21/python3/Lib/test/dis_module.py'...
Listing '/app/.buildozer/android/platform/build-arm64-v8a/build/other_builds/python3/arm64-v8a__ndk_target_21/python3/Lib/test/dtracedata'...
Compiling '/app/.buildozer/android/platform/build-arm64-v8a/build/other_builds/python3/arm64-v8a__ndk_target_21/python3/Lib/test/dtracedata/call_stack.py'...
Compiling '/app/.buildozer/android/platform/build-arm64-v8a/build/other_builds/python3/arm64-v8a__ndk_target_21/python3/Lib/test/dtracedata/gc.py'...
Compiling '/app/.buildozer/android/platform/build-arm64-v8a/build/other_builds/python3/arm64-v8a__ndk_target_21/python3/Lib/test/dtracedata/instance.py'...
Compiling '/app/.buildozer/android/platform/build-arm64-v8a/build/other_builds/python3/arm64-v8a__ndk_target_21/python3/Lib/test/dtracedata/line.py'...
Listing '/app/.buildozer/android/platform/build-arm64-v8a/build/other_builds/python3/arm64-v8a__ndk_target_21/python3/Lib/test/encoded_modules'...
Compiling '/app/.buildozer/android/platform/build-arm64-v8a/build/other_builds/python3/arm64-v8a__ndk_target_21/python3/Lib/test/encoded_modules/__init__.py'...
Compiling '/app/.buildozer/android/platform/build-arm64-v8a/build/other_builds/python3/arm64-v8a__ndk_target_21/python3/Lib/test/encoded_modules/module_iso_8859_1.py'...
Compiling '/app/.buildozer/android/platform/build-arm64-v8a/build/other_builds/python3/arm64-v8a__ndk_target_21/python3/Lib/test/encoded_modules/module_koi8_r.py'...
Compiling '/app/.buildozer/android/platform/build-arm64-v8a/build/other_builds/python3/arm64-v8a__ndk_target_21/python3/Lib/test/fork_wait.py'...
Listing '/app/.buildozer/android/platform/build-arm64-v8a/build/other_builds/python3/arm64-v8a__ndk_target_21/python3/Lib/test/leakers'...
Compiling '/app/.buildozer/android/platform/build-arm64-v8a/build/other_builds/python3/arm64-v8a__ndk_target_21/python3/Lib/test/leakers/__init__.py'...
Compiling '/app/.buildozer/android/platform/build-arm64-v8a/build/other_builds/python3/arm64-v8a__ndk_target_21/python3/Lib/test/leakers/test_ctypes.py'...
Compiling '/app/.buildozer/android/platform/build-arm64-v8a/build/other_builds/python3/arm64-v8a__ndk_target_21/python3/Lib/test/leakers/test_selftype.py'...
Listing '/app/.buildozer/android/platform/build-arm64-v8a/build/other_builds/python3/arm64-v8a__ndk_target_21/python3/Lib/test/libregrtest'...
Compiling '/app/.buildozer/android/platform/build-arm64-v8a/build/other_builds/python3/arm64-v8a__ndk_target_21/python3/Lib/test/libregrtest/__init__.py'...
Compiling '/app/.buildozer/android/platform/build-arm64-v8a/build/other_builds/python3/arm64-v8a__ndk_target_21/python3/Lib/test/libregrtest/cmdline.py'...
Compiling '/app/.buildozer/android/platform/build-arm64-v8a/build/other_builds/python3/arm64-v8a__ndk_target_21/python3/Lib/test/libregrtest/filter.py'...
Compiling '/app/.buildozer/android/platform/build-arm64-v8a/build/other_builds/python3/arm64-v8a__ndk_target_21/python3/Lib/test/libregrtest/findtests.py'...
Compiling '/app/.buildozer/android/platform/build-arm64-v8a/build/other_builds/python3/arm64-v8a__ndk_target_21/python3/Lib/test/libregrtest/logger.py'...
Compiling '/app/.buildozer/android/platform/build-arm64-v8a/build/other_builds/python3/arm64-v8a__ndk_target_21/python3/Lib/test/libregrtest/main.py'...
Compiling '/app/.buildozer/android/platform/build-arm64-v8a/build/other_builds/python3/arm64-v8a__ndk_target_21/python3/Lib/test/libregrtest/parallel_case.py'...
Compiling '/app/.buildozer/android/platform/build-arm64-v8a/build/other_builds/python3/arm64-v8a__ndk_target_21/python3/Lib/test/libregrtest/pgo.py'...
Compiling '/app/.buildozer/android/platform/build-arm64-v8a/build/other_builds/python3/arm64-v8a__ndk_target_21/python3/Lib/test/libregrtest/refleak.py'...
Compiling '/app/.buildozer/android/platform/build-arm64-v8a/build/other_builds/python3/arm64-v8a__ndk_target_21/python3/Lib/test/libregrtest/result.py'...
Compiling '/app/.buildozer/android/platform/build-arm64-v8a/build/other_builds/python3/arm64-v8a__ndk_target_21/python3/Lib/test/libregrtest/results.py'...
Compiling '/app/.buildozer/android/platform/build-arm64-v8a/build/other_builds/python3/arm64-v8a__ndk_target_21/python3/Lib/test/libregrtest/run_workers.py'...
Compiling '/app/.buildozer/android/platform/build-arm64-v8a/build/other_builds/python3/arm64-v8a__ndk_target_21/python3/Lib/test/libregrtest/runtests.py'...
Compiling '/app/.buildozer/android/platform/build-arm64-v8a/build/other_builds/python3/arm64-v8a__ndk_target_21/python3/Lib/test/libregrtest/save_env.py'...
Compiling '/app/.buildozer/android/platform/build-arm64-v8a/build/other_builds/python3/arm64-v8a__ndk_target_21/python3/Lib/test/libregrtest/setup.py'...
Compiling '/app/.buildozer/android/platform/build-arm64-v8a/build/other_builds/python3/arm64-v8a__ndk_target_21/python3/Lib/test/libregrtest/single.py'...
Compiling '/app/.buildozer/android/platform/build-arm64-v8a/build/other_builds/python3/arm64-v8a__ndk_target_21/python3/Lib/test/libregrtest/testresult.py'...
Compiling '/app/.buildozer/android/platform/build-arm64-v8a/build/other_builds/python3/arm64-v8a__ndk_target_21/python3/Lib/test/libregrtest/tsan.py'...
Compiling '/app/.buildozer/android/platform/build-arm64-v8a/build/other_builds/python3/arm64-v8a__ndk_target_21/python3/Lib/test/libregrtest/utils.py'...
Compiling '/app/.buildozer/android/platform/build-arm64-v8a/build/other_builds/python3/arm64-v8a__ndk_target_21/python3/Lib/test/libregrtest/win_utils.py'...
Compiling '/app/.buildozer/android/platform/build-arm64-v8a/build/other_builds/python3/arm64-v8a__ndk_target_21/python3/Lib/test/libregrtest/worker.py'...
Compiling '/app/.buildozer/android/platform/build-arm64-v8a/build/other_builds/python3/arm64-v8a__ndk_target_21/python3/Lib/test/list_tests.py'...
Compiling '/app/.buildozer/android/platform/build-arm64-v8a/build/other_builds/python3/arm64-v8a__ndk_target_21/python3/Lib/test/lock_tests.py'...
Compiling '/app/.buildozer/android/platform/build-arm64-v8a/build/other_builds/python3/arm64-v8a__ndk_target_21/python3/Lib/test/mapping_tests.py'...
Listing '/app/.buildozer/android/platform/build-arm64-v8a/build/other_builds/python3/arm64-v8a__ndk_target_21/python3/Lib/test/mathdata'...
Compiling '/app/.buildozer/android/platform/build-arm64-v8a/build/other_builds/python3/arm64-v8a__ndk_target_21/python3/Lib/test/memory_watchdog.py'...
Compiling '/app/.buildozer/android/platform/build-arm64-v8a/build/other_builds/python3/arm64-v8a__ndk_target_21/python3/Lib/test/mock_socket.py'...
Compiling '/app/.buildozer/android/platform/build-arm64-v8a/build/other_builds/python3/arm64-v8a__ndk_target_21/python3/Lib/test/mp_fork_bomb.py'...
Compiling '/app/.buildozer/android/platform/build-arm64-v8a/build/other_builds/python3/arm64-v8a__ndk_target_21/python3/Lib/test/mp_preload.py'...
Compiling '/app/.buildozer/android/platform/build-arm64-v8a/build/other_builds/python3/arm64-v8a__ndk_target_21/python3/Lib/test/mp_preload_flush.py'...
Compiling '/app/.buildozer/android/platform/build-arm64-v8a/build/other_builds/python3/arm64-v8a__ndk_target_21/python3/Lib/test/mp_preload_main.py'...
Compiling '/app/.buildozer/android/platform/build-arm64-v8a/build/other_builds/python3/arm64-v8a__ndk_target_21/python3/Lib/test/multibytecodec_support.py'...
Compiling '/app/.buildozer/android/platform/build-arm64-v8a/build/other_builds/python3/arm64-v8a__ndk_target_21/python3/Lib/test/pickletester.py'...
Compiling '/app/.buildozer/android/platform/build-arm64-v8a/build/other_builds/python3/arm64-v8a__ndk_target_21/python3/Lib/test/profilee.py'...
Compiling '/app/.buildozer/android/platform/build-arm64-v8a/build/other_builds/python3/arm64-v8a__ndk_target_21/python3/Lib/test/pyclbr_input.py'...
Compiling '/app/.buildozer/android/platform/build-arm64-v8a/build/other_builds/python3/arm64-v8a__ndk_target_21/python3/Lib/test/pythoninfo.py'...
Compiling '/app/.buildozer/android/platform/build-arm64-v8a/build/other_builds/python3/arm64-v8a__ndk_target_21/python3/Lib/test/re_tests.py'...
Compiling '/app/.buildozer/android/platform/build-arm64-v8a/build/other_builds/python3/arm64-v8a__ndk_target_21/python3/Lib/test/regrtest.py'...
Listing '/app/.buildozer/android/platform/build-arm64-v8a/build/other_builds/python3/arm64-v8a__ndk_target_21/python3/Lib/test/regrtestdata'...
Listing '/app/.buildozer/android/platform/build-arm64-v8a/build/other_builds/python3/arm64-v8a__ndk_target_21/python3/Lib/test/regrtestdata/import_from_tests'...
Compiling '/app/.buildozer/android/platform/build-arm64-v8a/build/other_builds/python3/arm64-v8a__ndk_target_21/python3/Lib/test/regrtestdata/import_from_tests/test_regrtest_a.py'...
Listing '/app/.buildozer/android/platform/build-arm64-v8a/build/other_builds/python3/arm64-v8a__ndk_target_21/python3/Lib/test/regrtestdata/import_from_tests/test_regrtest_b'...
Compiling '/app/.buildozer/android/platform/build-arm64-v8a/build/other_builds/python3/arm64-v8a__ndk_target_21/python3/Lib/test/regrtestdata/import_from_tests/test_regrtest_b/__init__.py'...
Compiling '/app/.buildozer/android/platform/build-arm64-v8a/build/other_builds/python3/arm64-v8a__ndk_target_21/python3/Lib/test/regrtestdata/import_from_tests/test_regrtest_b/util.py'...
Compiling '/app/.buildozer/android/platform/build-arm64-v8a/build/other_builds/python3/arm64-v8a__ndk_target_21/python3/Lib/test/regrtestdata/import_from_tests/test_regrtest_c.py'...
Compiling '/app/.buildozer/android/platform/build-arm64-v8a/build/other_builds/python3/arm64-v8a__ndk_target_21/python3/Lib/test/relimport.py'...
Compiling '/app/.buildozer/android/platform/build-arm64-v8a/build/other_builds/python3/arm64-v8a__ndk_target_21/python3/Lib/test/seq_tests.py'...
Compiling '/app/.buildozer/android/platform/build-arm64-v8a/build/other_builds/python3/arm64-v8a__ndk_target_21/python3/Lib/test/signalinterproctester.py'...
Compiling '/app/.buildozer/android/platform/build-arm64-v8a/build/other_builds/python3/arm64-v8a__ndk_target_21/python3/Lib/test/ssl_servers.py'...
Compiling '/app/.buildozer/android/platform/build-arm64-v8a/build/other_builds/python3/arm64-v8a__ndk_target_21/python3/Lib/test/ssltests.py'...
Compiling '/app/.buildozer/android/platform/build-arm64-v8a/build/other_builds/python3/arm64-v8a__ndk_target_21/python3/Lib/test/string_tests.py'...
Listing '/app/.buildozer/android/platform/build-arm64-v8a/build/other_builds/python3/arm64-v8a__ndk_target_21/python3/Lib/test/subprocessdata'...
Compiling '/app/.buildozer/android/platform/build-arm64-v8a/build/other_builds/python3/arm64-v8a__ndk_target_21/python3/Lib/test/subprocessdata/fd_status.py'...
Compiling '/app/.buildozer/android/platform/build-arm64-v8a/build/other_builds/python3/arm64-v8a__ndk_target_21/python3/Lib/test/subprocessdata/input_reader.py'...
Compiling '/app/.buildozer/android/platform/build-arm64-v8a/build/other_builds/python3/arm64-v8a__ndk_target_21/python3/Lib/test/subprocessdata/qcat.py'...
Compiling '/app/.buildozer/android/platform/build-arm64-v8a/build/other_builds/python3/arm64-v8a__ndk_target_21/python3/Lib/test/subprocessdata/qgrep.py'...
Compiling '/app/.buildozer/android/platform/build-arm64-v8a/build/other_builds/python3/arm64-v8a__ndk_target_21/python3/Lib/test/subprocessdata/sigchild_ignore.py'...
Listing '/app/.buildozer/android/platform/build-arm64-v8a/build/other_builds/python3/arm64-v8a__ndk_target_21/python3/Lib/test/support'...
Compiling '/app/.buildozer/android/platform/build-arm64-v8a/build/other_builds/python3/arm64-v8a__ndk_target_21/python3/Lib/test/support/__init__.py'...
Listing '/app/.buildozer/android/platform/build-arm64-v8a/build/other_builds/python3/arm64-v8a__ndk_target_21/python3/Lib/test/support/_hypothesis_stubs'...
Compiling '/app/.buildozer/android/platform/build-arm64-v8a/build/other_builds/python3/arm64-v8a__ndk_target_21/python3/Lib/test/support/_hypothesis_stubs/__init__.py'...
Compiling '/app/.buildozer/android/platform/build-arm64-v8a/build/other_builds/python3/arm64-v8a__ndk_target_21/python3/Lib/test/support/_hypothesis_stubs/_helpers.py'...
Compiling '/app/.buildozer/android/platform/build-arm64-v8a/build/other_builds/python3/arm64-v8a__ndk_target_21/python3/Lib/test/support/_hypothesis_stubs/strategies.py'...
Compiling '/app/.buildozer/android/platform/build-arm64-v8a/build/other_builds/python3/arm64-v8a__ndk_target_21/python3/Lib/test/support/ast_helper.py'...
Compiling '/app/.buildozer/android/platform/build-arm64-v8a/build/other_builds/python3/arm64-v8a__ndk_target_21/python3/Lib/test/support/asynchat.py'...
Compiling '/app/.buildozer/android/platform/build-arm64-v8a/build/other_builds/python3/arm64-v8a__ndk_target_21/python3/Lib/test/support/asyncore.py'...
Compiling '/app/.buildozer/android/platform/build-arm64-v8a/build/other_builds/python3/arm64-v8a__ndk_target_21/python3/Lib/test/support/bytecode_helper.py'...
Compiling '/app/.buildozer/android/platform/build-arm64-v8a/build/other_builds/python3/arm64-v8a__ndk_target_21/python3/Lib/test/support/channels.py'...
Compiling '/app/.buildozer/android/platform/build-arm64-v8a/build/other_builds/python3/arm64-v8a__ndk_target_21/python3/Lib/test/support/hashlib_helper.py'...
Compiling '/app/.buildozer/android/platform/build-arm64-v8a/build/other_builds/python3/arm64-v8a__ndk_target_21/python3/Lib/test/support/hypothesis_helper.py'...
Compiling '/app/.buildozer/android/platform/build-arm64-v8a/build/other_builds/python3/arm64-v8a__ndk_target_21/python3/Lib/test/support/i18n_helper.py'...
Compiling '/app/.buildozer/android/platform/build-arm64-v8a/build/other_builds/python3/arm64-v8a__ndk_target_21/python3/Lib/test/support/import_helper.py'...
Compiling '/app/.buildozer/android/platform/build-arm64-v8a/build/other_builds/python3/arm64-v8a__ndk_target_21/python3/Lib/test/support/logging_helper.py'...
Compiling '/app/.buildozer/android/platform/build-arm64-v8a/build/other_builds/python3/arm64-v8a__ndk_target_21/python3/Lib/test/support/numbers.py'...
Compiling '/app/.buildozer/android/platform/build-arm64-v8a/build/other_builds/python3/arm64-v8a__ndk_target_21/python3/Lib/test/support/os_helper.py'...
Compiling '/app/.buildozer/android/platform/build-arm64-v8a/build/other_builds/python3/arm64-v8a__ndk_target_21/python3/Lib/test/support/pty_helper.py'...
Compiling '/app/.buildozer/android/platform/build-arm64-v8a/build/other_builds/python3/arm64-v8a__ndk_target_21/python3/Lib/test/support/refleak_helper.py'...
Compiling '/app/.buildozer/android/platform/build-arm64-v8a/build/other_builds/python3/arm64-v8a__ndk_target_21/python3/Lib/test/support/script_helper.py'...
Compiling '/app/.buildozer/android/platform/build-arm64-v8a/build/other_builds/python3/arm64-v8a__ndk_target_21/python3/Lib/test/support/smtpd.py'...
Compiling '/app/.buildozer/android/platform/build-arm64-v8a/build/other_builds/python3/arm64-v8a__ndk_target_21/python3/Lib/test/support/socket_helper.py'...
Compiling '/app/.buildozer/android/platform/build-arm64-v8a/build/other_builds/python3/arm64-v8a__ndk_target_21/python3/Lib/test/support/strace_helper.py'...
Compiling '/app/.buildozer/android/platform/build-arm64-v8a/build/other_builds/python3/arm64-v8a__ndk_target_21/python3/Lib/test/support/testcase.py'...
Compiling '/app/.buildozer/android/platform/build-arm64-v8a/build/other_builds/python3/arm64-v8a__ndk_target_21/python3/Lib/test/support/threading_helper.py'...
Compiling '/app/.buildozer/android/platform/build-arm64-v8a/build/other_builds/python3/arm64-v8a__ndk_target_21/python3/Lib/test/support/venv.py'...
Compiling '/app/.buildozer/android/platform/build-arm64-v8a/build/other_builds/python3/arm64-v8a__ndk_target_21/python3/Lib/test/support/warnings_helper.py'...
Compiling '/app/.buildozer/android/platform/build-arm64-v8a/build/other_builds/python3/arm64-v8a__ndk_target_21/python3/Lib/test/test___all__.py'...
Compiling '/app/.buildozer/android/platform/build-arm64-v8a/build/other_builds/python3/arm64-v8a__ndk_target_21/python3/Lib/test/test__colorize.py'...
Compiling '/app/.buildozer/android/platform/build-arm64-v8a/build/other_builds/python3/arm64-v8a__ndk_target_21/python3/Lib/test/test__interpchannels.py'...
Compiling '/app/.buildozer/android/platform/build-arm64-v8a/build/other_builds/python3/arm64-v8a__ndk_target_21/python3/Lib/test/test__interpreters.py'...
Compiling '/app/.buildozer/android/platform/build-arm64-v8a/build/other_builds/python3/arm64-v8a__ndk_target_21/python3/Lib/test/test__locale.py'...
Compiling '/app/.buildozer/android/platform/build-arm64-v8a/build/other_builds/python3/arm64-v8a__ndk_target_21/python3/Lib/test/test__opcode.py'...
Compiling '/app/.buildozer/android/platform/build-arm64-v8a/build/other_builds/python3/arm64-v8a__ndk_target_21/python3/Lib/test/test__osx_support.py'...
Compiling '/app/.buildozer/android/platform/build-arm64-v8a/build/other_builds/python3/arm64-v8a__ndk_target_21/python3/Lib/test/test_abc.py'...
Compiling '/app/.buildozer/android/platform/build-arm64-v8a/build/other_builds/python3/arm64-v8a__ndk_target_21/python3/Lib/test/test_abstract_numbers.py'...
Compiling '/app/.buildozer/android/platform/build-arm64-v8a/build/other_builds/python3/arm64-v8a__ndk_target_21/python3/Lib/test/test_android.py'...
Compiling '/app/.buildozer/android/platform/build-arm64-v8a/build/other_builds/python3/arm64-v8a__ndk_target_21/python3/Lib/test/test_annotationlib.py'...
Compiling '/app/.buildozer/android/platform/build-arm64-v8a/build/other_builds/python3/arm64-v8a__ndk_target_21/python3/Lib/test/test_apple.py'...
Compiling '/app/.buildozer/android/platform/build-arm64-v8a/build/other_builds/python3/arm64-v8a__ndk_target_21/python3/Lib/test/test_argparse.py'...
Compiling '/app/.buildozer/android/platform/build-arm64-v8a/build/other_builds/python3/arm64-v8a__ndk_target_21/python3/Lib/test/test_array.py'...
Compiling '/app/.buildozer/android/platform/build-arm64-v8a/build/other_builds/python3/arm64-v8a__ndk_target_21/python3/Lib/test/test_asdl_parser.py'...
Listing '/app/.buildozer/android/platform/build-arm64-v8a/build/other_builds/python3/arm64-v8a__ndk_target_21/python3/Lib/test/test_ast'...
Compiling '/app/.buildozer/android/platform/build-arm64-v8a/build/other_builds/python3/arm64-v8a__ndk_target_21/python3/Lib/test/test_ast/__init__.py'...
Listing '/app/.buildozer/android/platform/build-arm64-v8a/build/other_builds/python3/arm64-v8a__ndk_target_21/python3/Lib/test/test_ast/data'...
Compiling '/app/.buildozer/android/platform/build-arm64-v8a/build/other_builds/python3/arm64-v8a__ndk_target_21/python3/Lib/test/test_ast/snippets.py'...
Compiling '/app/.buildozer/android/platform/build-arm64-v8a/build/other_builds/python3/arm64-v8a__ndk_target_21/python3/Lib/test/test_ast/test_ast.py'...
Compiling '/app/.buildozer/android/platform/build-arm64-v8a/build/other_builds/python3/arm64-v8a__ndk_target_21/python3/Lib/test/test_ast/utils.py'...
Compiling '/app/.buildozer/android/platform/build-arm64-v8a/build/other_builds/python3/arm64-v8a__ndk_target_21/python3/Lib/test/test_asyncgen.py'...
Listing '/app/.buildozer/android/platform/build-arm64-v8a/build/other_builds/python3/arm64-v8a__ndk_target_21/python3/Lib/test/test_asyncio'...
Compiling '/app/.buildozer/android/platform/build-arm64-v8a/build/other_builds/python3/arm64-v8a__ndk_target_21/python3/Lib/test/test_asyncio/__init__.py'...
Compiling '/app/.buildozer/android/platform/build-arm64-v8a/build/other_builds/python3/arm64-v8a__ndk_target_21/python3/Lib/test/test_asyncio/__main__.py'...
Compiling '/app/.buildozer/android/platform/build-arm64-v8a/build/other_builds/python3/arm64-v8a__ndk_target_21/python3/Lib/test/test_asyncio/echo.py'...
Compiling '/app/.buildozer/android/platform/build-arm64-v8a/build/other_builds/python3/arm64-v8a__ndk_target_21/python3/Lib/test/test_asyncio/echo2.py'...
Compiling '/app/.buildozer/android/platform/build-arm64-v8a/build/other_builds/python3/arm64-v8a__ndk_target_21/python3/Lib/test/test_asyncio/echo3.py'...
Compiling '/app/.buildozer/android/platform/build-arm64-v8a/build/other_builds/python3/arm64-v8a__ndk_target_21/python3/Lib/test/test_asyncio/functional.py'...
Compiling '/app/.buildozer/android/platform/build-arm64-v8a/build/other_builds/python3/arm64-v8a__ndk_target_21/python3/Lib/test/test_asyncio/test_base_events.py'...
Compiling '/app/.buildozer/android/platform/build-arm64-v8a/build/other_builds/python3/arm64-v8a__ndk_target_21/python3/Lib/test/test_asyncio/test_buffered_proto.py'...
Compiling '/app/.buildozer/android/platform/build-arm64-v8a/build/other_builds/python3/arm64-v8a__ndk_target_21/python3/Lib/test/test_asyncio/test_context.py'...
Compiling '/app/.buildozer/android/platform/build-arm64-v8a/build/other_builds/python3/arm64-v8a__ndk_target_21/python3/Lib/test/test_asyncio/test_eager_task_factory.py'...
Compiling '/app/.buildozer/android/platform/build-arm64-v8a/build/other_builds/python3/arm64-v8a__ndk_target_21/python3/Lib/test/test_asyncio/test_events.py'...
Compiling '/app/.buildozer/android/platform/build-arm64-v8a/build/other_builds/python3/arm64-v8a__ndk_target_21/python3/Lib/test/test_asyncio/test_free_threading.py'...
Compiling '/app/.buildozer/android/platform/build-arm64-v8a/build/other_builds/python3/arm64-v8a__ndk_target_21/python3/Lib/test/test_asyncio/test_futures.py'...
Compiling '/app/.buildozer/android/platform/build-arm64-v8a/build/other_builds/python3/arm64-v8a__ndk_target_21/python3/Lib/test/test_asyncio/test_futures2.py'...
Compiling '/app/.buildozer/android/platform/build-arm64-v8a/build/other_builds/python3/arm64-v8a__ndk_target_21/python3/Lib/test/test_asyncio/test_graph.py'...
Compiling '/app/.buildozer/android/platform/build-arm64-v8a/build/other_builds/python3/arm64-v8a__ndk_target_21/python3/Lib/test/test_asyncio/test_locks.py'...
Compiling '/app/.buildozer/android/platform/build-arm64-v8a/build/other_builds/python3/arm64-v8a__ndk_target_21/python3/Lib/test/test_asyncio/test_pep492.py'...
Compiling '/app/.buildozer/android/platform/build-arm64-v8a/build/other_builds/python3/arm64-v8a__ndk_target_21/python3/Lib/test/test_asyncio/test_proactor_events.py'...
Compiling '/app/.buildozer/android/platform/build-arm64-v8a/build/other_builds/python3/arm64-v8a__ndk_target_21/python3/Lib/test/test_asyncio/test_protocols.py'...
Compiling '/app/.buildozer/android/platform/build-arm64-v8a/build/other_builds/python3/arm64-v8a__ndk_target_21/python3/Lib/test/test_asyncio/test_queues.py'...
Compiling '/app/.buildozer/android/platform/build-arm64-v8a/build/other_builds/python3/arm64-v8a__ndk_target_21/python3/Lib/test/test_asyncio/test_runners.py'...
Compiling '/app/.buildozer/android/platform/build-arm64-v8a/build/other_builds/python3/arm64-v8a__ndk_target_21/python3/Lib/test/test_asyncio/test_selector_events.py'...
Compiling '/app/.buildozer/android/platform/build-arm64-v8a/build/other_builds/python3/arm64-v8a__ndk_target_21/python3/Lib/test/test_asyncio/test_sendfile.py'...
Compiling '/app/.buildozer/android/platform/build-arm64-v8a/build/other_builds/python3/arm64-v8a__ndk_target_21/python3/Lib/test/test_asyncio/test_server.py'...
Compiling '/app/.buildozer/android/platform/build-arm64-v8a/build/other_builds/python3/arm64-v8a__ndk_target_21/python3/Lib/test/test_asyncio/test_sock_lowlevel.py'...
Compiling '/app/.buildozer/android/platform/build-arm64-v8a/build/other_builds/python3/arm64-v8a__ndk_target_21/python3/Lib/test/test_asyncio/test_ssl.py'...
Compiling '/app/.buildozer/android/platform/build-arm64-v8a/build/other_builds/python3/arm64-v8a__ndk_target_21/python3/Lib/test/test_asyncio/test_sslproto.py'...
Compiling '/app/.buildozer/android/platform/build-arm64-v8a/build/other_builds/python3/arm64-v8a__ndk_target_21/python3/Lib/test/test_asyncio/test_staggered.py'...
Compiling '/app/.buildozer/android/platform/build-arm64-v8a/build/other_builds/python3/arm64-v8a__ndk_target_21/python3/Lib/test/test_asyncio/test_streams.py'...
Compiling '/app/.buildozer/android/platform/build-arm64-v8a/build/other_builds/python3/arm64-v8a__ndk_target_21/python3/Lib/test/test_asyncio/test_subprocess.py'...
Compiling '/app/.buildozer/android/platform/build-arm64-v8a/build/other_builds/python3/arm64-v8a__ndk_target_21/python3/Lib/test/test_asyncio/test_taskgroups.py'...
Compiling '/app/.buildozer/android/platform/build-arm64-v8a/build/other_builds/python3/arm64-v8a__ndk_target_21/python3/Lib/test/test_asyncio/test_tasks.py'...
Compiling '/app/.buildozer/android/platform/build-arm64-v8a/build/other_builds/python3/arm64-v8a__ndk_target_21/python3/Lib/test/test_asyncio/test_threads.py'...
Compiling '/app/.buildozer/android/platform/build-arm64-v8a/build/other_builds/python3/arm64-v8a__ndk_target_21/python3/Lib/test/test_asyncio/test_timeouts.py'...
Compiling '/app/.buildozer/android/platform/build-arm64-v8a/build/other_builds/python3/arm64-v8a__ndk_target_21/python3/Lib/test/test_asyncio/test_tools.py'...
Compiling '/app/.buildozer/android/platform/build-arm64-v8a/build/other_builds/python3/arm64-v8a__ndk_target_21/python3/Lib/test/test_asyncio/test_transports.py'...
Compiling '/app/.buildozer/android/platform/build-arm64-v8a/build/other_builds/python3/arm64-v8a__ndk_target_21/python3/Lib/test/test_asyncio/test_unix_events.py'...
Compiling '/app/.buildozer/android/platform/build-arm64-v8a/build/other_builds/python3/arm64-v8a__ndk_target_21/python3/Lib/test/test_asyncio/test_waitfor.py'...
Compiling '/app/.buildozer/android/platform/build-arm64-v8a/build/other_builds/python3/arm64-v8a__ndk_target_21/python3/Lib/test/test_asyncio/test_windows_events.py'...
Compiling '/app/.buildozer/android/platform/build-arm64-v8a/build/other_builds/python3/arm64-v8a__ndk_target_21/python3/Lib/test/test_asyncio/test_windows_utils.py'...
Compiling '/app/.buildozer/android/platform/build-arm64-v8a/build/other_builds/python3/arm64-v8a__ndk_target_21/python3/Lib/test/test_asyncio/utils.py'...
Compiling '/app/.buildozer/android/platform/build-arm64-v8a/build/other_builds/python3/arm64-v8a__ndk_target_21/python3/Lib/test/test_atexit.py'...
Compiling '/app/.buildozer/android/platform/build-arm64-v8a/build/other_builds/python3/arm64-v8a__ndk_target_21/python3/Lib/test/test_audit.py'...
Compiling '/app/.buildozer/android/platform/build-arm64-v8a/build/other_builds/python3/arm64-v8a__ndk_target_21/python3/Lib/test/test_augassign.py'...
Compiling '/app/.buildozer/android/platform/build-arm64-v8a/build/other_builds/python3/arm64-v8a__ndk_target_21/python3/Lib/test/test_base64.py'...
Compiling '/app/.buildozer/android/platform/build-arm64-v8a/build/other_builds/python3/arm64-v8a__ndk_target_21/python3/Lib/test/test_baseexception.py'...
Compiling '/app/.buildozer/android/platform/build-arm64-v8a/build/other_builds/python3/arm64-v8a__ndk_target_21/python3/Lib/test/test_bdb.py'...
Compiling '/app/.buildozer/android/platform/build-arm64-v8a/build/other_builds/python3/arm64-v8a__ndk_target_21/python3/Lib/test/test_bigaddrspace.py'...
Compiling '/app/.buildozer/android/platform/build-arm64-v8a/build/other_builds/python3/arm64-v8a__ndk_target_21/python3/Lib/test/test_bigmem.py'...
Compiling '/app/.buildozer/android/platform/build-arm64-v8a/build/other_builds/python3/arm64-v8a__ndk_target_21/python3/Lib/test/test_binascii.py'...
Compiling '/app/.buildozer/android/platform/build-arm64-v8a/build/other_builds/python3/arm64-v8a__ndk_target_21/python3/Lib/test/test_binop.py'...
Compiling '/app/.buildozer/android/platform/build-arm64-v8a/build/other_builds/python3/arm64-v8a__ndk_target_21/python3/Lib/test/test_bisect.py'...
Compiling '/app/.buildozer/android/platform/build-arm64-v8a/build/other_builds/python3/arm64-v8a__ndk_target_21/python3/Lib/test/test_bool.py'...
Compiling '/app/.buildozer/android/platform/build-arm64-v8a/build/other_builds/python3/arm64-v8a__ndk_target_21/python3/Lib/test/test_buffer.py'...
Compiling '/app/.buildozer/android/platform/build-arm64-v8a/build/other_builds/python3/arm64-v8a__ndk_target_21/python3/Lib/test/test_bufio.py'...
Compiling '/app/.buildozer/android/platform/build-arm64-v8a/build/other_builds/python3/arm64-v8a__ndk_target_21/python3/Lib/test/test_build_details.py'...
Compiling '/app/.buildozer/android/platform/build-arm64-v8a/build/other_builds/python3/arm64-v8a__ndk_target_21/python3/Lib/test/test_builtin.py'...
Compiling '/app/.buildozer/android/platform/build-arm64-v8a/build/other_builds/python3/arm64-v8a__ndk_target_21/python3/Lib/test/test_bytes.py'...
Compiling '/app/.buildozer/android/platform/build-arm64-v8a/build/other_builds/python3/arm64-v8a__ndk_target_21/python3/Lib/test/test_bz2.py'...
Compiling '/app/.buildozer/android/platform/build-arm64-v8a/build/other_builds/python3/arm64-v8a__ndk_target_21/python3/Lib/test/test_c_locale_coercion.py'...
Compiling '/app/.buildozer/android/platform/build-arm64-v8a/build/other_builds/python3/arm64-v8a__ndk_target_21/python3/Lib/test/test_calendar.py'...
Compiling '/app/.buildozer/android/platform/build-arm64-v8a/build/other_builds/python3/arm64-v8a__ndk_target_21/python3/Lib/test/test_call.py'...
Listing '/app/.buildozer/android/platform/build-arm64-v8a/build/other_builds/python3/arm64-v8a__ndk_target_21/python3/Lib/test/test_capi'...
Compiling '/app/.buildozer/android/platform/build-arm64-v8a/build/other_builds/python3/arm64-v8a__ndk_target_21/python3/Lib/test/test_capi/__init__.py'...
Compiling '/app/.buildozer/android/platform/build-arm64-v8a/build/other_builds/python3/arm64-v8a__ndk_target_21/python3/Lib/test/test_capi/__main__.py'...
Compiling '/app/.buildozer/android/platform/build-arm64-v8a/build/other_builds/python3/arm64-v8a__ndk_target_21/python3/Lib/test/test_capi/check_config.py'...
Compiling '/app/.buildozer/android/platform/build-arm64-v8a/build/other_builds/python3/arm64-v8a__ndk_target_21/python3/Lib/test/test_capi/test_abstract.py'...
Compiling '/app/.buildozer/android/platform/build-arm64-v8a/build/other_builds/python3/arm64-v8a__ndk_target_21/python3/Lib/test/test_capi/test_bytearray.py'...
Compiling '/app/.buildozer/android/platform/build-arm64-v8a/build/other_builds/python3/arm64-v8a__ndk_target_21/python3/Lib/test/test_capi/test_bytes.py'...
Compiling '/app/.buildozer/android/platform/build-arm64-v8a/build/other_builds/python3/arm64-v8a__ndk_target_21/python3/Lib/test/test_capi/test_codecs.py'...
Compiling '/app/.buildozer/android/platform/build-arm64-v8a/build/other_builds/python3/arm64-v8a__ndk_target_21/python3/Lib/test/test_capi/test_complex.py'...
Compiling '/app/.buildozer/android/platform/build-arm64-v8a/build/other_builds/python3/arm64-v8a__ndk_target_21/python3/Lib/test/test_capi/test_config.py'...
Compiling '/app/.buildozer/android/platform/build-arm64-v8a/build/other_builds/python3/arm64-v8a__ndk_target_21/python3/Lib/test/test_capi/test_dict.py'...
Compiling '/app/.buildozer/android/platform/build-arm64-v8a/build/other_builds/python3/arm64-v8a__ndk_target_21/python3/Lib/test/test_capi/test_emscripten.py'...
Compiling '/app/.buildozer/android/platform/build-arm64-v8a/build/other_builds/python3/arm64-v8a__ndk_target_21/python3/Lib/test/test_capi/test_eval.py'...
Compiling '/app/.buildozer/android/platform/build-arm64-v8a/build/other_builds/python3/arm64-v8a__ndk_target_21/python3/Lib/test/test_capi/test_eval_code_ex.py'...
Compiling '/app/.buildozer/android/platform/build-arm64-v8a/build/other_builds/python3/arm64-v8a__ndk_target_21/python3/Lib/test/test_capi/test_exceptions.py'...
Compiling '/app/.buildozer/android/platform/build-arm64-v8a/build/other_builds/python3/arm64-v8a__ndk_target_21/python3/Lib/test/test_capi/test_file.py'...
Compiling '/app/.buildozer/android/platform/build-arm64-v8a/build/other_builds/python3/arm64-v8a__ndk_target_21/python3/Lib/test/test_capi/test_float.py'...
Compiling '/app/.buildozer/android/platform/build-arm64-v8a/build/other_builds/python3/arm64-v8a__ndk_target_21/python3/Lib/test/test_capi/test_frame.py'...
Compiling '/app/.buildozer/android/platform/build-arm64-v8a/build/other_builds/python3/arm64-v8a__ndk_target_21/python3/Lib/test/test_capi/test_function.py'...
Compiling '/app/.buildozer/android/platform/build-arm64-v8a/build/other_builds/python3/arm64-v8a__ndk_target_21/python3/Lib/test/test_capi/test_getargs.py'...
Compiling '/app/.buildozer/android/platform/build-arm64-v8a/build/other_builds/python3/arm64-v8a__ndk_target_21/python3/Lib/test/test_capi/test_hash.py'...
Compiling '/app/.buildozer/android/platform/build-arm64-v8a/build/other_builds/python3/arm64-v8a__ndk_target_21/python3/Lib/test/test_capi/test_immortal.py'...
Compiling '/app/.buildozer/android/platform/build-arm64-v8a/build/other_builds/python3/arm64-v8a__ndk_target_21/python3/Lib/test/test_capi/test_import.py'...
Compiling '/app/.buildozer/android/platform/build-arm64-v8a/build/other_builds/python3/arm64-v8a__ndk_target_21/python3/Lib/test/test_capi/test_list.py'...
Compiling '/app/.buildozer/android/platform/build-arm64-v8a/build/other_builds/python3/arm64-v8a__ndk_target_21/python3/Lib/test/test_capi/test_long.py'...
Compiling '/app/.buildozer/android/platform/build-arm64-v8a/build/other_builds/python3/arm64-v8a__ndk_target_21/python3/Lib/test/test_capi/test_mem.py'...
Compiling '/app/.buildozer/android/platform/build-arm64-v8a/build/other_builds/python3/arm64-v8a__ndk_target_21/python3/Lib/test/test_capi/test_misc.py'...
Compiling '/app/.buildozer/android/platform/build-arm64-v8a/build/other_builds/python3/arm64-v8a__ndk_target_21/python3/Lib/test/test_capi/test_number.py'...
Compiling '/app/.buildozer/android/platform/build-arm64-v8a/build/other_builds/python3/arm64-v8a__ndk_target_21/python3/Lib/test/test_capi/test_object.py'...
Compiling '/app/.buildozer/android/platform/build-arm64-v8a/build/other_builds/python3/arm64-v8a__ndk_target_21/python3/Lib/test/test_capi/test_opt.py'...
Compiling '/app/.buildozer/android/platform/build-arm64-v8a/build/other_builds/python3/arm64-v8a__ndk_target_21/python3/Lib/test/test_capi/test_pyatomic.py'...
Compiling '/app/.buildozer/android/platform/build-arm64-v8a/build/other_builds/python3/arm64-v8a__ndk_target_21/python3/Lib/test/test_capi/test_run.py'...
Compiling '/app/.buildozer/android/platform/build-arm64-v8a/build/other_builds/python3/arm64-v8a__ndk_target_21/python3/Lib/test/test_capi/test_set.py'...
Compiling '/app/.buildozer/android/platform/build-arm64-v8a/build/other_builds/python3/arm64-v8a__ndk_target_21/python3/Lib/test/test_capi/test_structmembers.py'...
Compiling '/app/.buildozer/android/platform/build-arm64-v8a/build/other_builds/python3/arm64-v8a__ndk_target_21/python3/Lib/test/test_capi/test_sys.py'...
Compiling '/app/.buildozer/android/platform/build-arm64-v8a/build/other_builds/python3/arm64-v8a__ndk_target_21/python3/Lib/test/test_capi/test_time.py'...
Compiling '/app/.buildozer/android/platform/build-arm64-v8a/build/other_builds/python3/arm64-v8a__ndk_target_21/python3/Lib/test/test_capi/test_tuple.py'...
Compiling '/app/.buildozer/android/platform/build-arm64-v8a/build/other_builds/python3/arm64-v8a__ndk_target_21/python3/Lib/test/test_capi/test_type.py'...
Compiling '/app/.buildozer/android/platform/build-arm64-v8a/build/other_builds/python3/arm64-v8a__ndk_target_21/python3/Lib/test/test_capi/test_unicode.py'...
Compiling '/app/.buildozer/android/platform/build-arm64-v8a/build/other_builds/python3/arm64-v8a__ndk_target_21/python3/Lib/test/test_capi/test_watchers.py'...
Listing '/app/.buildozer/android/platform/build-arm64-v8a/build/other_builds/python3/arm64-v8a__ndk_target_21/python3/Lib/test/test_cext'...
Compiling '/app/.buildozer/android/platform/build-arm64-v8a/build/other_builds/python3/arm64-v8a__ndk_target_21/python3/Lib/test/test_cext/__init__.py'...
Compiling '/app/.buildozer/android/platform/build-arm64-v8a/build/other_builds/python3/arm64-v8a__ndk_target_21/python3/Lib/test/test_cext/setup.py'...
Compiling '/app/.buildozer/android/platform/build-arm64-v8a/build/other_builds/python3/arm64-v8a__ndk_target_21/python3/Lib/test/test_charmapcodec.py'...
Compiling '/app/.buildozer/android/platform/build-arm64-v8a/build/other_builds/python3/arm64-v8a__ndk_target_21/python3/Lib/test/test_class.py'...
Compiling '/app/.buildozer/android/platform/build-arm64-v8a/build/other_builds/python3/arm64-v8a__ndk_target_21/python3/Lib/test/test_clinic.py'...
Compiling '/app/.buildozer/android/platform/build-arm64-v8a/build/other_builds/python3/arm64-v8a__ndk_target_21/python3/Lib/test/test_cmath.py'...
Compiling '/app/.buildozer/android/platform/build-arm64-v8a/build/other_builds/python3/arm64-v8a__ndk_target_21/python3/Lib/test/test_cmd.py'...
Compiling '/app/.buildozer/android/platform/build-arm64-v8a/build/other_builds/python3/arm64-v8a__ndk_target_21/python3/Lib/test/test_cmd_line.py'...
Compiling '/app/.buildozer/android/platform/build-arm64-v8a/build/other_builds/python3/arm64-v8a__ndk_target_21/python3/Lib/test/test_cmd_line_script.py'...
Compiling '/app/.buildozer/android/platform/build-arm64-v8a/build/other_builds/python3/arm64-v8a__ndk_target_21/python3/Lib/test/test_code.py'...
Compiling '/app/.buildozer/android/platform/build-arm64-v8a/build/other_builds/python3/arm64-v8a__ndk_target_21/python3/Lib/test/test_code_module.py'...
Compiling '/app/.buildozer/android/platform/build-arm64-v8a/build/other_builds/python3/arm64-v8a__ndk_target_21/python3/Lib/test/test_codeccallbacks.py'...
Compiling '/app/.buildozer/android/platform/build-arm64-v8a/build/other_builds/python3/arm64-v8a__ndk_target_21/python3/Lib/test/test_codecencodings_cn.py'...
Compiling '/app/.buildozer/android/platform/build-arm64-v8a/build/other_builds/python3/arm64-v8a__ndk_target_21/python3/Lib/test/test_codecencodings_hk.py'...
Compiling '/app/.buildozer/android/platform/build-arm64-v8a/build/other_builds/python3/arm64-v8a__ndk_target_21/python3/Lib/test/test_codecencodings_iso2022.py'...
Compiling '/app/.buildozer/android/platform/build-arm64-v8a/build/other_builds/python3/arm64-v8a__ndk_target_21/python3/Lib/test/test_codecencodings_jp.py'...
Compiling '/app/.buildozer/android/platform/build-arm64-v8a/build/other_builds/python3/arm64-v8a__ndk_target_21/python3/Lib/test/test_codecencodings_kr.py'...
Compiling '/app/.buildozer/android/platform/build-arm64-v8a/build/other_builds/python3/arm64-v8a__ndk_target_21/python3/Lib/test/test_codecencodings_tw.py'...
Compiling '/app/.buildozer/android/platform/build-arm64-v8a/build/other_builds/python3/arm64-v8a__ndk_target_21/python3/Lib/test/test_codecmaps_cn.py'...
Compiling '/app/.buildozer/android/platform/build-arm64-v8a/build/other_builds/python3/arm64-v8a__ndk_target_21/python3/Lib/test/test_codecmaps_hk.py'...
Compiling '/app/.buildozer/android/platform/build-arm64-v8a/build/other_builds/python3/arm64-v8a__ndk_target_21/python3/Lib/test/test_codecmaps_jp.py'...
Compiling '/app/.buildozer/android/platform/build-arm64-v8a/build/other_builds/python3/arm64-v8a__ndk_target_21/python3/Lib/test/test_codecmaps_kr.py'...
Compiling '/app/.buildozer/android/platform/build-arm64-v8a/build/other_builds/python3/arm64-v8a__ndk_target_21/python3/Lib/test/test_codecmaps_tw.py'...
Compiling '/app/.buildozer/android/platform/build-arm64-v8a/build/other_builds/python3/arm64-v8a__ndk_target_21/python3/Lib/test/test_codecs.py'...
Compiling '/app/.buildozer/android/platform/build-arm64-v8a/build/other_builds/python3/arm64-v8a__ndk_target_21/python3/Lib/test/test_codeop.py'...
Compiling '/app/.buildozer/android/platform/build-arm64-v8a/build/other_builds/python3/arm64-v8a__ndk_target_21/python3/Lib/test/test_collections.py'...
Compiling '/app/.buildozer/android/platform/build-arm64-v8a/build/other_builds/python3/arm64-v8a__ndk_target_21/python3/Lib/test/test_colorsys.py'...
Compiling '/app/.buildozer/android/platform/build-arm64-v8a/build/other_builds/python3/arm64-v8a__ndk_target_21/python3/Lib/test/test_compare.py'...
Compiling '/app/.buildozer/android/platform/build-arm64-v8a/build/other_builds/python3/arm64-v8a__ndk_target_21/python3/Lib/test/test_compile.py'...
Compiling '/app/.buildozer/android/platform/build-arm64-v8a/build/other_builds/python3/arm64-v8a__ndk_target_21/python3/Lib/test/test_compileall.py'...
Compiling '/app/.buildozer/android/platform/build-arm64-v8a/build/other_builds/python3/arm64-v8a__ndk_target_21/python3/Lib/test/test_compiler_assemble.py'...
Compiling '/app/.buildozer/android/platform/build-arm64-v8a/build/other_builds/python3/arm64-v8a__ndk_target_21/python3/Lib/test/test_compiler_codegen.py'...
Compiling '/app/.buildozer/android/platform/build-arm64-v8a/build/other_builds/python3/arm64-v8a__ndk_target_21/python3/Lib/test/test_complex.py'...
Listing '/app/.buildozer/android/platform/build-arm64-v8a/build/other_builds/python3/arm64-v8a__ndk_target_21/python3/Lib/test/test_concurrent_futures'...
Compiling '/app/.buildozer/android/platform/build-arm64-v8a/build/other_builds/python3/arm64-v8a__ndk_target_21/python3/Lib/test/test_concurrent_futures/__init__.py'...
Compiling '/app/.buildozer/android/platform/build-arm64-v8a/build/other_builds/python3/arm64-v8a__ndk_target_21/python3/Lib/test/test_concurrent_futures/executor.py'...
Compiling '/app/.buildozer/android/platform/build-arm64-v8a/build/other_builds/python3/arm64-v8a__ndk_target_21/python3/Lib/test/test_concurrent_futures/test_as_completed.py'...
Compiling '/app/.buildozer/android/platform/build-arm64-v8a/build/other_builds/python3/arm64-v8a__ndk_target_21/python3/Lib/test/test_concurrent_futures/test_deadlock.py'...
Compiling '/app/.buildozer/android/platform/build-arm64-v8a/build/other_builds/python3/arm64-v8a__ndk_target_21/python3/Lib/test/test_concurrent_futures/test_future.py'...
Compiling '/app/.buildozer/android/platform/build-arm64-v8a/build/other_builds/python3/arm64-v8a__ndk_target_21/python3/Lib/test/test_concurrent_futures/test_init.py'...
Compiling '/app/.buildozer/android/platform/build-arm64-v8a/build/other_builds/python3/arm64-v8a__ndk_target_21/python3/Lib/test/test_concurrent_futures/test_interpreter_pool.py'...
Compiling '/app/.buildozer/android/platform/build-arm64-v8a/build/other_builds/python3/arm64-v8a__ndk_target_21/python3/Lib/test/test_concurrent_futures/test_process_pool.py'...
Compiling '/app/.buildozer/android/platform/build-arm64-v8a/build/other_builds/python3/arm64-v8a__ndk_target_21/python3/Lib/test/test_concurrent_futures/test_shutdown.py'...
Compiling '/app/.buildozer/android/platform/build-arm64-v8a/build/other_builds/python3/arm64-v8a__ndk_target_21/python3/Lib/test/test_concurrent_futures/test_thread_pool.py'...
Compiling '/app/.buildozer/android/platform/build-arm64-v8a/build/other_builds/python3/arm64-v8a__ndk_target_21/python3/Lib/test/test_concurrent_futures/test_wait.py'...
Compiling '/app/.buildozer/android/platform/build-arm64-v8a/build/other_builds/python3/arm64-v8a__ndk_target_21/python3/Lib/test/test_concurrent_futures/util.py'...
Compiling '/app/.buildozer/android/platform/build-arm64-v8a/build/other_builds/python3/arm64-v8a__ndk_target_21/python3/Lib/test/test_configparser.py'...
Compiling '/app/.buildozer/android/platform/build-arm64-v8a/build/other_builds/python3/arm64-v8a__ndk_target_21/python3/Lib/test/test_contains.py'...
Compiling '/app/.buildozer/android/platform/build-arm64-v8a/build/other_builds/python3/arm64-v8a__ndk_target_21/python3/Lib/test/test_context.py'...
Compiling '/app/.buildozer/android/platform/build-arm64-v8a/build/other_builds/python3/arm64-v8a__ndk_target_21/python3/Lib/test/test_contextlib.py'...
Compiling '/app/.buildozer/android/platform/build-arm64-v8a/build/other_builds/python3/arm64-v8a__ndk_target_21/python3/Lib/test/test_contextlib_async.py'...
Compiling '/app/.buildozer/android/platform/build-arm64-v8a/build/other_builds/python3/arm64-v8a__ndk_target_21/python3/Lib/test/test_copy.py'...
Compiling '/app/.buildozer/android/platform/build-arm64-v8a/build/other_builds/python3/arm64-v8a__ndk_target_21/python3/Lib/test/test_copyreg.py'...
Compiling '/app/.buildozer/android/platform/build-arm64-v8a/build/other_builds/python3/arm64-v8a__ndk_target_21/python3/Lib/test/test_coroutines.py'...
Listing '/app/.buildozer/android/platform/build-arm64-v8a/build/other_builds/python3/arm64-v8a__ndk_target_21/python3/Lib/test/test_cppext'...
Compiling '/app/.buildozer/android/platform/build-arm64-v8a/build/other_builds/python3/arm64-v8a__ndk_target_21/python3/Lib/test/test_cppext/__init__.py'...
Compiling '/app/.buildozer/android/platform/build-arm64-v8a/build/other_builds/python3/arm64-v8a__ndk_target_21/python3/Lib/test/test_cppext/setup.py'...
Compiling '/app/.buildozer/android/platform/build-arm64-v8a/build/other_builds/python3/arm64-v8a__ndk_target_21/python3/Lib/test/test_cprofile.py'...
Compiling '/app/.buildozer/android/platform/build-arm64-v8a/build/other_builds/python3/arm64-v8a__ndk_target_21/python3/Lib/test/test_crossinterp.py'...
Compiling '/app/.buildozer/android/platform/build-arm64-v8a/build/other_builds/python3/arm64-v8a__ndk_target_21/python3/Lib/test/test_csv.py'...
Listing '/app/.buildozer/android/platform/build-arm64-v8a/build/other_builds/python3/arm64-v8a__ndk_target_21/python3/Lib/test/test_ctypes'...
Compiling '/app/.buildozer/android/platform/build-arm64-v8a/build/other_builds/python3/arm64-v8a__ndk_target_21/python3/Lib/test/test_ctypes/__init__.py'...
Compiling '/app/.buildozer/android/platform/build-arm64-v8a/build/other_builds/python3/arm64-v8a__ndk_target_21/python3/Lib/test/test_ctypes/__main__.py'...
Compiling '/app/.buildozer/android/platform/build-arm64-v8a/build/other_builds/python3/arm64-v8a__ndk_target_21/python3/Lib/test/test_ctypes/_support.py'...
Compiling '/app/.buildozer/android/platform/build-arm64-v8a/build/other_builds/python3/arm64-v8a__ndk_target_21/python3/Lib/test/test_ctypes/test_aligned_structures.py'...
Compiling '/app/.buildozer/android/platform/build-arm64-v8a/build/other_builds/python3/arm64-v8a__ndk_target_21/python3/Lib/test/test_ctypes/test_anon.py'...
Compiling '/app/.buildozer/android/platform/build-arm64-v8a/build/other_builds/python3/arm64-v8a__ndk_target_21/python3/Lib/test/test_ctypes/test_array_in_pointer.py'...
Compiling '/app/.buildozer/android/platform/build-arm64-v8a/build/other_builds/python3/arm64-v8a__ndk_target_21/python3/Lib/test/test_ctypes/test_arrays.py'...
Compiling '/app/.buildozer/android/platform/build-arm64-v8a/build/other_builds/python3/arm64-v8a__ndk_target_21/python3/Lib/test/test_ctypes/test_as_parameter.py'...
Compiling '/app/.buildozer/android/platform/build-arm64-v8a/build/other_builds/python3/arm64-v8a__ndk_target_21/python3/Lib/test/test_ctypes/test_bitfields.py'...
Compiling '/app/.buildozer/android/platform/build-arm64-v8a/build/other_builds/python3/arm64-v8a__ndk_target_21/python3/Lib/test/test_ctypes/test_buffers.py'...
Compiling '/app/.buildozer/android/platform/build-arm64-v8a/build/other_builds/python3/arm64-v8a__ndk_target_21/python3/Lib/test/test_ctypes/test_bytes.py'...
Compiling '/app/.buildozer/android/platform/build-arm64-v8a/build/other_builds/python3/arm64-v8a__ndk_target_21/python3/Lib/test/test_ctypes/test_byteswap.py'...
Compiling '/app/.buildozer/android/platform/build-arm64-v8a/build/other_builds/python3/arm64-v8a__ndk_target_21/python3/Lib/test/test_ctypes/test_c_simple_type_meta.py'...
Compiling '/app/.buildozer/android/platform/build-arm64-v8a/build/other_builds/python3/arm64-v8a__ndk_target_21/python3/Lib/test/test_ctypes/test_callbacks.py'...
Compiling '/app/.buildozer/android/platform/build-arm64-v8a/build/other_builds/python3/arm64-v8a__ndk_target_21/python3/Lib/test/test_ctypes/test_cast.py'...
Compiling '/app/.buildozer/android/platform/build-arm64-v8a/build/other_builds/python3/arm64-v8a__ndk_target_21/python3/Lib/test/test_ctypes/test_cfuncs.py'...
Compiling '/app/.buildozer/android/platform/build-arm64-v8a/build/other_builds/python3/arm64-v8a__ndk_target_21/python3/Lib/test/test_ctypes/test_checkretval.py'...
Compiling '/app/.buildozer/android/platform/build-arm64-v8a/build/other_builds/python3/arm64-v8a__ndk_target_21/python3/Lib/test/test_ctypes/test_delattr.py'...
Compiling '/app/.buildozer/android/platform/build-arm64-v8a/build/other_builds/python3/arm64-v8a__ndk_target_21/python3/Lib/test/test_ctypes/test_dlerror.py'...
Compiling '/app/.buildozer/android/platform/build-arm64-v8a/build/other_builds/python3/arm64-v8a__ndk_target_21/python3/Lib/test/test_ctypes/test_dllist.py'...
Compiling '/app/.buildozer/android/platform/build-arm64-v8a/build/other_builds/python3/arm64-v8a__ndk_target_21/python3/Lib/test/test_ctypes/test_errno.py'...
Compiling '/app/.buildozer/android/platform/build-arm64-v8a/build/other_builds/python3/arm64-v8a__ndk_target_21/python3/Lib/test/test_ctypes/test_find.py'...
Compiling '/app/.buildozer/android/platform/build-arm64-v8a/build/other_builds/python3/arm64-v8a__ndk_target_21/python3/Lib/test/test_ctypes/test_frombuffer.py'...
Compiling '/app/.buildozer/android/platform/build-arm64-v8a/build/other_builds/python3/arm64-v8a__ndk_target_21/python3/Lib/test/test_ctypes/test_funcptr.py'...
Compiling '/app/.buildozer/android/platform/build-arm64-v8a/build/other_builds/python3/arm64-v8a__ndk_target_21/python3/Lib/test/test_ctypes/test_functions.py'...
Compiling '/app/.buildozer/android/platform/build-arm64-v8a/build/other_builds/python3/arm64-v8a__ndk_target_21/python3/Lib/test/test_ctypes/test_generated_structs.py'...
Compiling '/app/.buildozer/android/platform/build-arm64-v8a/build/other_builds/python3/arm64-v8a__ndk_target_21/python3/Lib/test/test_ctypes/test_incomplete.py'...
Compiling '/app/.buildozer/android/platform/build-arm64-v8a/build/other_builds/python3/arm64-v8a__ndk_target_21/python3/Lib/test/test_ctypes/test_init.py'...
Compiling '/app/.buildozer/android/platform/build-arm64-v8a/build/other_builds/python3/arm64-v8a__ndk_target_21/python3/Lib/test/test_ctypes/test_internals.py'...
Compiling '/app/.buildozer/android/platform/build-arm64-v8a/build/other_builds/python3/arm64-v8a__ndk_target_21/python3/Lib/test/test_ctypes/test_keeprefs.py'...
Compiling '/app/.buildozer/android/platform/build-arm64-v8a/build/other_builds/python3/arm64-v8a__ndk_target_21/python3/Lib/test/test_ctypes/test_libc.py'...
Compiling '/app/.buildozer/android/platform/build-arm64-v8a/build/other_builds/python3/arm64-v8a__ndk_target_21/python3/Lib/test/test_ctypes/test_loading.py'...
Compiling '/app/.buildozer/android/platform/build-arm64-v8a/build/other_builds/python3/arm64-v8a__ndk_target_21/python3/Lib/test/test_ctypes/test_macholib.py'...
Compiling '/app/.buildozer/android/platform/build-arm64-v8a/build/other_builds/python3/arm64-v8a__ndk_target_21/python3/Lib/test/test_ctypes/test_memfunctions.py'...
Compiling '/app/.buildozer/android/platform/build-arm64-v8a/build/other_builds/python3/arm64-v8a__ndk_target_21/python3/Lib/test/test_ctypes/test_numbers.py'...
Compiling '/app/.buildozer/android/platform/build-arm64-v8a/build/other_builds/python3/arm64-v8a__ndk_target_21/python3/Lib/test/test_ctypes/test_objects.py'...
Compiling '/app/.buildozer/android/platform/build-arm64-v8a/build/other_builds/python3/arm64-v8a__ndk_target_21/python3/Lib/test/test_ctypes/test_parameters.py'...
Compiling '/app/.buildozer/android/platform/build-arm64-v8a/build/other_builds/python3/arm64-v8a__ndk_target_21/python3/Lib/test/test_ctypes/test_pep3118.py'...
Compiling '/app/.buildozer/android/platform/build-arm64-v8a/build/other_builds/python3/arm64-v8a__ndk_target_21/python3/Lib/test/test_ctypes/test_pickling.py'...
Compiling '/app/.buildozer/android/platform/build-arm64-v8a/build/other_builds/python3/arm64-v8a__ndk_target_21/python3/Lib/test/test_ctypes/test_pointers.py'...
Compiling '/app/.buildozer/android/platform/build-arm64-v8a/build/other_builds/python3/arm64-v8a__ndk_target_21/python3/Lib/test/test_ctypes/test_prototypes.py'...
Compiling '/app/.buildozer/android/platform/build-arm64-v8a/build/other_builds/python3/arm64-v8a__ndk_target_21/python3/Lib/test/test_ctypes/test_python_api.py'...
Compiling '/app/.buildozer/android/platform/build-arm64-v8a/build/other_builds/python3/arm64-v8a__ndk_target_21/python3/Lib/test/test_ctypes/test_random_things.py'...
Compiling '/app/.buildozer/android/platform/build-arm64-v8a/build/other_builds/python3/arm64-v8a__ndk_target_21/python3/Lib/test/test_ctypes/test_refcounts.py'...
Compiling '/app/.buildozer/android/platform/build-arm64-v8a/build/other_builds/python3/arm64-v8a__ndk_target_21/python3/Lib/test/test_ctypes/test_repr.py'...
Compiling '/app/.buildozer/android/platform/build-arm64-v8a/build/other_builds/python3/arm64-v8a__ndk_target_21/python3/Lib/test/test_ctypes/test_returnfuncptrs.py'...
Compiling '/app/.buildozer/android/platform/build-arm64-v8a/build/other_builds/python3/arm64-v8a__ndk_target_21/python3/Lib/test/test_ctypes/test_simplesubclasses.py'...
Compiling '/app/.buildozer/android/platform/build-arm64-v8a/build/other_builds/python3/arm64-v8a__ndk_target_21/python3/Lib/test/test_ctypes/test_sizes.py'...
Compiling '/app/.buildozer/android/platform/build-arm64-v8a/build/other_builds/python3/arm64-v8a__ndk_target_21/python3/Lib/test/test_ctypes/test_slicing.py'...
Compiling '/app/.buildozer/android/platform/build-arm64-v8a/build/other_builds/python3/arm64-v8a__ndk_target_21/python3/Lib/test/test_ctypes/test_stringptr.py'...
Compiling '/app/.buildozer/android/platform/build-arm64-v8a/build/other_builds/python3/arm64-v8a__ndk_target_21/python3/Lib/test/test_ctypes/test_strings.py'...
Compiling '/app/.buildozer/android/platform/build-arm64-v8a/build/other_builds/python3/arm64-v8a__ndk_target_21/python3/Lib/test/test_ctypes/test_struct_fields.py'...
Compiling '/app/.buildozer/android/platform/build-arm64-v8a/build/other_builds/python3/arm64-v8a__ndk_target_21/python3/Lib/test/test_ctypes/test_structunion.py'...
Compiling '/app/.buildozer/android/platform/build-arm64-v8a/build/other_builds/python3/arm64-v8a__ndk_target_21/python3/Lib/test/test_ctypes/test_structures.py'...
Compiling '/app/.buildozer/android/platform/build-arm64-v8a/build/other_builds/python3/arm64-v8a__ndk_target_21/python3/Lib/test/test_ctypes/test_unaligned_structures.py'...
Compiling '/app/.buildozer/android/platform/build-arm64-v8a/build/other_builds/python3/arm64-v8a__ndk_target_21/python3/Lib/test/test_ctypes/test_unicode.py'...
Compiling '/app/.buildozer/android/platform/build-arm64-v8a/build/other_builds/python3/arm64-v8a__ndk_target_21/python3/Lib/test/test_ctypes/test_values.py'...
Compiling '/app/.buildozer/android/platform/build-arm64-v8a/build/other_builds/python3/arm64-v8a__ndk_target_21/python3/Lib/test/test_ctypes/test_varsize_struct.py'...
Compiling '/app/.buildozer/android/platform/build-arm64-v8a/build/other_builds/python3/arm64-v8a__ndk_target_21/python3/Lib/test/test_ctypes/test_win32.py'...
Compiling '/app/.buildozer/android/platform/build-arm64-v8a/build/other_builds/python3/arm64-v8a__ndk_target_21/python3/Lib/test/test_ctypes/test_win32_com_foreign_func.py'...
Compiling '/app/.buildozer/android/platform/build-arm64-v8a/build/other_builds/python3/arm64-v8a__ndk_target_21/python3/Lib/test/test_ctypes/test_wintypes.py'...
Compiling '/app/.buildozer/android/platform/build-arm64-v8a/build/other_builds/python3/arm64-v8a__ndk_target_21/python3/Lib/test/test_curses.py'...
Listing '/app/.buildozer/android/platform/build-arm64-v8a/build/other_builds/python3/arm64-v8a__ndk_target_21/python3/Lib/test/test_dataclasses'...
Compiling '/app/.buildozer/android/platform/build-arm64-v8a/build/other_builds/python3/arm64-v8a__ndk_target_21/python3/Lib/test/test_dataclasses/__init__.py'...
Compiling '/app/.buildozer/android/platform/build-arm64-v8a/build/other_builds/python3/arm64-v8a__ndk_target_21/python3/Lib/test/test_dataclasses/dataclass_module_1.py'...
Compiling '/app/.buildozer/android/platform/build-arm64-v8a/build/other_builds/python3/arm64-v8a__ndk_target_21/python3/Lib/test/test_dataclasses/dataclass_module_1_str.py'...
Compiling '/app/.buildozer/android/platform/build-arm64-v8a/build/other_builds/python3/arm64-v8a__ndk_target_21/python3/Lib/test/test_dataclasses/dataclass_module_2.py'...
Compiling '/app/.buildozer/android/platform/build-arm64-v8a/build/other_builds/python3/arm64-v8a__ndk_target_21/python3/Lib/test/test_dataclasses/dataclass_module_2_str.py'...
Compiling '/app/.buildozer/android/platform/build-arm64-v8a/build/other_builds/python3/arm64-v8a__ndk_target_21/python3/Lib/test/test_dataclasses/dataclass_textanno.py'...
Compiling '/app/.buildozer/android/platform/build-arm64-v8a/build/other_builds/python3/arm64-v8a__ndk_target_21/python3/Lib/test/test_datetime.py'...
Compiling '/app/.buildozer/android/platform/build-arm64-v8a/build/other_builds/python3/arm64-v8a__ndk_target_21/python3/Lib/test/test_dbm.py'...
Compiling '/app/.buildozer/android/platform/build-arm64-v8a/build/other_builds/python3/arm64-v8a__ndk_target_21/python3/Lib/test/test_dbm_dumb.py'...
Compiling '/app/.buildozer/android/platform/build-arm64-v8a/build/other_builds/python3/arm64-v8a__ndk_target_21/python3/Lib/test/test_dbm_gnu.py'...
Compiling '/app/.buildozer/android/platform/build-arm64-v8a/build/other_builds/python3/arm64-v8a__ndk_target_21/python3/Lib/test/test_dbm_ndbm.py'...
Compiling '/app/.buildozer/android/platform/build-arm64-v8a/build/other_builds/python3/arm64-v8a__ndk_target_21/python3/Lib/test/test_dbm_sqlite3.py'...
Compiling '/app/.buildozer/android/platform/build-arm64-v8a/build/other_builds/python3/arm64-v8a__ndk_target_21/python3/Lib/test/test_decimal.py'...
Compiling '/app/.buildozer/android/platform/build-arm64-v8a/build/other_builds/python3/arm64-v8a__ndk_target_21/python3/Lib/test/test_decorators.py'...
Compiling '/app/.buildozer/android/platform/build-arm64-v8a/build/other_builds/python3/arm64-v8a__ndk_target_21/python3/Lib/test/test_defaultdict.py'...
Compiling '/app/.buildozer/android/platform/build-arm64-v8a/build/other_builds/python3/arm64-v8a__ndk_target_21/python3/Lib/test/test_deque.py'...
Compiling '/app/.buildozer/android/platform/build-arm64-v8a/build/other_builds/python3/arm64-v8a__ndk_target_21/python3/Lib/test/test_descr.py'...
Compiling '/app/.buildozer/android/platform/build-arm64-v8a/build/other_builds/python3/arm64-v8a__ndk_target_21/python3/Lib/test/test_descrtut.py'...
Compiling '/app/.buildozer/android/platform/build-arm64-v8a/build/other_builds/python3/arm64-v8a__ndk_target_21/python3/Lib/test/test_devpoll.py'...
Compiling '/app/.buildozer/android/platform/build-arm64-v8a/build/other_builds/python3/arm64-v8a__ndk_target_21/python3/Lib/test/test_dict.py'...
Compiling '/app/.buildozer/android/platform/build-arm64-v8a/build/other_builds/python3/arm64-v8a__ndk_target_21/python3/Lib/test/test_dictcomps.py'...
Compiling '/app/.buildozer/android/platform/build-arm64-v8a/build/other_builds/python3/arm64-v8a__ndk_target_21/python3/Lib/test/test_dictviews.py'...
Compiling '/app/.buildozer/android/platform/build-arm64-v8a/build/other_builds/python3/arm64-v8a__ndk_target_21/python3/Lib/test/test_difflib.py'...
Compiling '/app/.buildozer/android/platform/build-arm64-v8a/build/other_builds/python3/arm64-v8a__ndk_target_21/python3/Lib/test/test_dis.py'...
Listing '/app/.buildozer/android/platform/build-arm64-v8a/build/other_builds/python3/arm64-v8a__ndk_target_21/python3/Lib/test/test_doctest'...
Compiling '/app/.buildozer/android/platform/build-arm64-v8a/build/other_builds/python3/arm64-v8a__ndk_target_21/python3/Lib/test/test_doctest/__init__.py'...
Compiling '/app/.buildozer/android/platform/build-arm64-v8a/build/other_builds/python3/arm64-v8a__ndk_target_21/python3/Lib/test/test_doctest/decorator_mod.py'...
Compiling '/app/.buildozer/android/platform/build-arm64-v8a/build/other_builds/python3/arm64-v8a__ndk_target_21/python3/Lib/test/test_doctest/doctest_aliases.py'...
Compiling '/app/.buildozer/android/platform/build-arm64-v8a/build/other_builds/python3/arm64-v8a__ndk_target_21/python3/Lib/test/test_doctest/doctest_lineno.py'...
Compiling '/app/.buildozer/android/platform/build-arm64-v8a/build/other_builds/python3/arm64-v8a__ndk_target_21/python3/Lib/test/test_doctest/sample_doctest.py'...
Compiling '/app/.buildozer/android/platform/build-arm64-v8a/build/other_builds/python3/arm64-v8a__ndk_target_21/python3/Lib/test/test_doctest/sample_doctest_errors.py'...
Compiling '/app/.buildozer/android/platform/build-arm64-v8a/build/other_builds/python3/arm64-v8a__ndk_target_21/python3/Lib/test/test_doctest/sample_doctest_no_docstrings.py'...
Compiling '/app/.buildozer/android/platform/build-arm64-v8a/build/other_builds/python3/arm64-v8a__ndk_target_21/python3/Lib/test/test_doctest/sample_doctest_no_doctests.py'...
Compiling '/app/.buildozer/android/platform/build-arm64-v8a/build/other_builds/python3/arm64-v8a__ndk_target_21/python3/Lib/test/test_doctest/sample_doctest_skip.py'...
Compiling '/app/.buildozer/android/platform/build-arm64-v8a/build/other_builds/python3/arm64-v8a__ndk_target_21/python3/Lib/test/test_doctest/test_doctest.py'...
Compiling '/app/.buildozer/android/platform/build-arm64-v8a/build/other_builds/python3/arm64-v8a__ndk_target_21/python3/Lib/test/test_doctest/test_doctest2.py'...
Compiling '/app/.buildozer/android/platform/build-arm64-v8a/build/other_builds/python3/arm64-v8a__ndk_target_21/python3/Lib/test/test_docxmlrpc.py'...
Compiling '/app/.buildozer/android/platform/build-arm64-v8a/build/other_builds/python3/arm64-v8a__ndk_target_21/python3/Lib/test/test_dtrace.py'...
Compiling '/app/.buildozer/android/platform/build-arm64-v8a/build/other_builds/python3/arm64-v8a__ndk_target_21/python3/Lib/test/test_dynamic.py'...
Compiling '/app/.buildozer/android/platform/build-arm64-v8a/build/other_builds/python3/arm64-v8a__ndk_target_21/python3/Lib/test/test_dynamicclassattribute.py'...
Compiling '/app/.buildozer/android/platform/build-arm64-v8a/build/other_builds/python3/arm64-v8a__ndk_target_21/python3/Lib/test/test_eintr.py'...
Listing '/app/.buildozer/android/platform/build-arm64-v8a/build/other_builds/python3/arm64-v8a__ndk_target_21/python3/Lib/test/test_email'...
Compiling '/app/.buildozer/android/platform/build-arm64-v8a/build/other_builds/python3/arm64-v8a__ndk_target_21/python3/Lib/test/test_email/__init__.py'...
Compiling '/app/.buildozer/android/platform/build-arm64-v8a/build/other_builds/python3/arm64-v8a__ndk_target_21/python3/Lib/test/test_email/__main__.py'...
Listing '/app/.buildozer/android/platform/build-arm64-v8a/build/other_builds/python3/arm64-v8a__ndk_target_21/python3/Lib/test/test_email/data'...
Compiling '/app/.buildozer/android/platform/build-arm64-v8a/build/other_builds/python3/arm64-v8a__ndk_target_21/python3/Lib/test/test_email/test__encoded_words.py'...
Compiling '/app/.buildozer/android/platform/build-arm64-v8a/build/other_builds/python3/arm64-v8a__ndk_target_21/python3/Lib/test/test_email/test__header_value_parser.py'...
Compiling '/app/.buildozer/android/platform/build-arm64-v8a/build/other_builds/python3/arm64-v8a__ndk_target_21/python3/Lib/test/test_email/test_asian_codecs.py'...
Compiling '/app/.buildozer/android/platform/build-arm64-v8a/build/other_builds/python3/arm64-v8a__ndk_target_21/python3/Lib/test/test_email/test_contentmanager.py'...
Compiling '/app/.buildozer/android/platform/build-arm64-v8a/build/other_builds/python3/arm64-v8a__ndk_target_21/python3/Lib/test/test_email/test_defect_handling.py'...
Compiling '/app/.buildozer/android/platform/build-arm64-v8a/build/other_builds/python3/arm64-v8a__ndk_target_21/python3/Lib/test/test_email/test_email.py'...
Compiling '/app/.buildozer/android/platform/build-arm64-v8a/build/other_builds/python3/arm64-v8a__ndk_target_21/python3/Lib/test/test_email/test_generator.py'...
Compiling '/app/.buildozer/android/platform/build-arm64-v8a/build/other_builds/python3/arm64-v8a__ndk_target_21/python3/Lib/test/test_email/test_headerregistry.py'...
Compiling '/app/.buildozer/android/platform/build-arm64-v8a/build/other_builds/python3/arm64-v8a__ndk_target_21/python3/Lib/test/test_email/test_inversion.py'...
Compiling '/app/.buildozer/android/platform/build-arm64-v8a/build/other_builds/python3/arm64-v8a__ndk_target_21/python3/Lib/test/test_email/test_message.py'...
Compiling '/app/.buildozer/android/platform/build-arm64-v8a/build/other_builds/python3/arm64-v8a__ndk_target_21/python3/Lib/test/test_email/test_parser.py'...
Compiling '/app/.buildozer/android/platform/build-arm64-v8a/build/other_builds/python3/arm64-v8a__ndk_target_21/python3/Lib/test/test_email/test_pickleable.py'...
Compiling '/app/.buildozer/android/platform/build-arm64-v8a/build/other_builds/python3/arm64-v8a__ndk_target_21/python3/Lib/test/test_email/test_policy.py'...
Compiling '/app/.buildozer/android/platform/build-arm64-v8a/build/other_builds/python3/arm64-v8a__ndk_target_21/python3/Lib/test/test_email/test_utils.py'...
Compiling '/app/.buildozer/android/platform/build-arm64-v8a/build/other_builds/python3/arm64-v8a__ndk_target_21/python3/Lib/test/test_email/torture_test.py'...
Compiling '/app/.buildozer/android/platform/build-arm64-v8a/build/other_builds/python3/arm64-v8a__ndk_target_21/python3/Lib/test/test_embed.py'...
Compiling '/app/.buildozer/android/platform/build-arm64-v8a/build/other_builds/python3/arm64-v8a__ndk_target_21/python3/Lib/test/test_ensurepip.py'...
Compiling '/app/.buildozer/android/platform/build-arm64-v8a/build/other_builds/python3/arm64-v8a__ndk_target_21/python3/Lib/test/test_enum.py'...
Compiling '/app/.buildozer/android/platform/build-arm64-v8a/build/other_builds/python3/arm64-v8a__ndk_target_21/python3/Lib/test/test_enumerate.py'...
Compiling '/app/.buildozer/android/platform/build-arm64-v8a/build/other_builds/python3/arm64-v8a__ndk_target_21/python3/Lib/test/test_eof.py'...
Compiling '/app/.buildozer/android/platform/build-arm64-v8a/build/other_builds/python3/arm64-v8a__ndk_target_21/python3/Lib/test/test_epoll.py'...
Compiling '/app/.buildozer/android/platform/build-arm64-v8a/build/other_builds/python3/arm64-v8a__ndk_target_21/python3/Lib/test/test_errno.py'...
Compiling '/app/.buildozer/android/platform/build-arm64-v8a/build/other_builds/python3/arm64-v8a__ndk_target_21/python3/Lib/test/test_except_star.py'...
Compiling '/app/.buildozer/android/platform/build-arm64-v8a/build/other_builds/python3/arm64-v8a__ndk_target_21/python3/Lib/test/test_exception_group.py'...
Compiling '/app/.buildozer/android/platform/build-arm64-v8a/build/other_builds/python3/arm64-v8a__ndk_target_21/python3/Lib/test/test_exception_hierarchy.py'...
Compiling '/app/.buildozer/android/platform/build-arm64-v8a/build/other_builds/python3/arm64-v8a__ndk_target_21/python3/Lib/test/test_exception_variations.py'...
Compiling '/app/.buildozer/android/platform/build-arm64-v8a/build/other_builds/python3/arm64-v8a__ndk_target_21/python3/Lib/test/test_exceptions.py'...
Compiling '/app/.buildozer/android/platform/build-arm64-v8a/build/other_builds/python3/arm64-v8a__ndk_target_21/python3/Lib/test/test_extcall.py'...
Compiling '/app/.buildozer/android/platform/build-arm64-v8a/build/other_builds/python3/arm64-v8a__ndk_target_21/python3/Lib/test/test_external_inspection.py'...
Compiling '/app/.buildozer/android/platform/build-arm64-v8a/build/other_builds/python3/arm64-v8a__ndk_target_21/python3/Lib/test/test_faulthandler.py'...
Compiling '/app/.buildozer/android/platform/build-arm64-v8a/build/other_builds/python3/arm64-v8a__ndk_target_21/python3/Lib/test/test_fcntl.py'...
Compiling '/app/.buildozer/android/platform/build-arm64-v8a/build/other_builds/python3/arm64-v8a__ndk_target_21/python3/Lib/test/test_file.py'...
Compiling '/app/.buildozer/android/platform/build-arm64-v8a/build/other_builds/python3/arm64-v8a__ndk_target_21/python3/Lib/test/test_file_eintr.py'...
Compiling '/app/.buildozer/android/platform/build-arm64-v8a/build/other_builds/python3/arm64-v8a__ndk_target_21/python3/Lib/test/test_filecmp.py'...
Compiling '/app/.buildozer/android/platform/build-arm64-v8a/build/other_builds/python3/arm64-v8a__ndk_target_21/python3/Lib/test/test_fileinput.py'...
Compiling '/app/.buildozer/android/platform/build-arm64-v8a/build/other_builds/python3/arm64-v8a__ndk_target_21/python3/Lib/test/test_fileio.py'...
Compiling '/app/.buildozer/android/platform/build-arm64-v8a/build/other_builds/python3/arm64-v8a__ndk_target_21/python3/Lib/test/test_fileutils.py'...
Compiling '/app/.buildozer/android/platform/build-arm64-v8a/build/other_builds/python3/arm64-v8a__ndk_target_21/python3/Lib/test/test_finalization.py'...
Compiling '/app/.buildozer/android/platform/build-arm64-v8a/build/other_builds/python3/arm64-v8a__ndk_target_21/python3/Lib/test/test_float.py'...
Compiling '/app/.buildozer/android/platform/build-arm64-v8a/build/other_builds/python3/arm64-v8a__ndk_target_21/python3/Lib/test/test_flufl.py'...
Compiling '/app/.buildozer/android/platform/build-arm64-v8a/build/other_builds/python3/arm64-v8a__ndk_target_21/python3/Lib/test/test_fnmatch.py'...
Compiling '/app/.buildozer/android/platform/build-arm64-v8a/build/other_builds/python3/arm64-v8a__ndk_target_21/python3/Lib/test/test_fork1.py'...
Compiling '/app/.buildozer/android/platform/build-arm64-v8a/build/other_builds/python3/arm64-v8a__ndk_target_21/python3/Lib/test/test_format.py'...
Compiling '/app/.buildozer/android/platform/build-arm64-v8a/build/other_builds/python3/arm64-v8a__ndk_target_21/python3/Lib/test/test_fractions.py'...
Compiling '/app/.buildozer/android/platform/build-arm64-v8a/build/other_builds/python3/arm64-v8a__ndk_target_21/python3/Lib/test/test_frame.py'...
Listing '/app/.buildozer/android/platform/build-arm64-v8a/build/other_builds/python3/arm64-v8a__ndk_target_21/python3/Lib/test/test_free_threading'...
Compiling '/app/.buildozer/android/platform/build-arm64-v8a/build/other_builds/python3/arm64-v8a__ndk_target_21/python3/Lib/test/test_free_threading/__init__.py'...
Compiling '/app/.buildozer/android/platform/build-arm64-v8a/build/other_builds/python3/arm64-v8a__ndk_target_21/python3/Lib/test/test_free_threading/test_bisect.py'...
Compiling '/app/.buildozer/android/platform/build-arm64-v8a/build/other_builds/python3/arm64-v8a__ndk_target_21/python3/Lib/test/test_free_threading/test_capi.py'...
Compiling '/app/.buildozer/android/platform/build-arm64-v8a/build/other_builds/python3/arm64-v8a__ndk_target_21/python3/Lib/test/test_free_threading/test_code.py'...
Compiling '/app/.buildozer/android/platform/build-arm64-v8a/build/other_builds/python3/arm64-v8a__ndk_target_21/python3/Lib/test/test_free_threading/test_cprofile.py'...
Compiling '/app/.buildozer/android/platform/build-arm64-v8a/build/other_builds/python3/arm64-v8a__ndk_target_21/python3/Lib/test/test_free_threading/test_csv.py'...
Compiling '/app/.buildozer/android/platform/build-arm64-v8a/build/other_builds/python3/arm64-v8a__ndk_target_21/python3/Lib/test/test_free_threading/test_dbm_gnu.py'...
Compiling '/app/.buildozer/android/platform/build-arm64-v8a/build/other_builds/python3/arm64-v8a__ndk_target_21/python3/Lib/test/test_free_threading/test_dict.py'...
Compiling '/app/.buildozer/android/platform/build-arm64-v8a/build/other_builds/python3/arm64-v8a__ndk_target_21/python3/Lib/test/test_free_threading/test_enumerate.py'...
Compiling '/app/.buildozer/android/platform/build-arm64-v8a/build/other_builds/python3/arm64-v8a__ndk_target_21/python3/Lib/test/test_free_threading/test_func_annotations.py'...
Compiling '/app/.buildozer/android/platform/build-arm64-v8a/build/other_builds/python3/arm64-v8a__ndk_target_21/python3/Lib/test/test_free_threading/test_functools.py'...
Compiling '/app/.buildozer/android/platform/build-arm64-v8a/build/other_builds/python3/arm64-v8a__ndk_target_21/python3/Lib/test/test_free_threading/test_gc.py'...
Compiling '/app/.buildozer/android/platform/build-arm64-v8a/build/other_builds/python3/arm64-v8a__ndk_target_21/python3/Lib/test/test_free_threading/test_grp.py'...
Compiling '/app/.buildozer/android/platform/build-arm64-v8a/build/other_builds/python3/arm64-v8a__ndk_target_21/python3/Lib/test/test_free_threading/test_heapq.py'...
Compiling '/app/.buildozer/android/platform/build-arm64-v8a/build/other_builds/python3/arm64-v8a__ndk_target_21/python3/Lib/test/test_free_threading/test_io.py'...
Compiling '/app/.buildozer/android/platform/build-arm64-v8a/build/other_builds/python3/arm64-v8a__ndk_target_21/python3/Lib/test/test_free_threading/test_iteration.py'...
Compiling '/app/.buildozer/android/platform/build-arm64-v8a/build/other_builds/python3/arm64-v8a__ndk_target_21/python3/Lib/test/test_free_threading/test_itertools_batched.py'...
Compiling '/app/.buildozer/android/platform/build-arm64-v8a/build/other_builds/python3/arm64-v8a__ndk_target_21/python3/Lib/test/test_free_threading/test_list.py'...
Compiling '/app/.buildozer/android/platform/build-arm64-v8a/build/other_builds/python3/arm64-v8a__ndk_target_21/python3/Lib/test/test_free_threading/test_methodcaller.py'...
Compiling '/app/.buildozer/android/platform/build-arm64-v8a/build/other_builds/python3/arm64-v8a__ndk_target_21/python3/Lib/test/test_free_threading/test_mmap.py'...
Compiling '/app/.buildozer/android/platform/build-arm64-v8a/build/other_builds/python3/arm64-v8a__ndk_target_21/python3/Lib/test/test_free_threading/test_monitoring.py'...
Compiling '/app/.buildozer/android/platform/build-arm64-v8a/build/other_builds/python3/arm64-v8a__ndk_target_21/python3/Lib/test/test_free_threading/test_races.py'...
Compiling '/app/.buildozer/android/platform/build-arm64-v8a/build/other_builds/python3/arm64-v8a__ndk_target_21/python3/Lib/test/test_free_threading/test_re.py'...
Compiling '/app/.buildozer/android/platform/build-arm64-v8a/build/other_builds/python3/arm64-v8a__ndk_target_21/python3/Lib/test/test_free_threading/test_resource.py'...
Compiling '/app/.buildozer/android/platform/build-arm64-v8a/build/other_builds/python3/arm64-v8a__ndk_target_21/python3/Lib/test/test_free_threading/test_reversed.py'...
Compiling '/app/.buildozer/android/platform/build-arm64-v8a/build/other_builds/python3/arm64-v8a__ndk_target_21/python3/Lib/test/test_free_threading/test_set.py'...
Compiling '/app/.buildozer/android/platform/build-arm64-v8a/build/other_builds/python3/arm64-v8a__ndk_target_21/python3/Lib/test/test_free_threading/test_slots.py'...
Compiling '/app/.buildozer/android/platform/build-arm64-v8a/build/other_builds/python3/arm64-v8a__ndk_target_21/python3/Lib/test/test_free_threading/test_str.py'...
Compiling '/app/.buildozer/android/platform/build-arm64-v8a/build/other_builds/python3/arm64-v8a__ndk_target_21/python3/Lib/test/test_free_threading/test_tokenize.py'...
Compiling '/app/.buildozer/android/platform/build-arm64-v8a/build/other_builds/python3/arm64-v8a__ndk_target_21/python3/Lib/test/test_free_threading/test_type.py'...
Compiling '/app/.buildozer/android/platform/build-arm64-v8a/build/other_builds/python3/arm64-v8a__ndk_target_21/python3/Lib/test/test_free_threading/test_uuid.py'...
Compiling '/app/.buildozer/android/platform/build-arm64-v8a/build/other_builds/python3/arm64-v8a__ndk_target_21/python3/Lib/test/test_free_threading/test_zip.py'...
Compiling '/app/.buildozer/android/platform/build-arm64-v8a/build/other_builds/python3/arm64-v8a__ndk_target_21/python3/Lib/test/test_frozen.py'...
Compiling '/app/.buildozer/android/platform/build-arm64-v8a/build/other_builds/python3/arm64-v8a__ndk_target_21/python3/Lib/test/test_fstring.py'...
Compiling '/app/.buildozer/android/platform/build-arm64-v8a/build/other_builds/python3/arm64-v8a__ndk_target_21/python3/Lib/test/test_ftplib.py'...
Compiling '/app/.buildozer/android/platform/build-arm64-v8a/build/other_builds/python3/arm64-v8a__ndk_target_21/python3/Lib/test/test_funcattrs.py'...
Compiling '/app/.buildozer/android/platform/build-arm64-v8a/build/other_builds/python3/arm64-v8a__ndk_target_21/python3/Lib/test/test_functools.py'...
Listing '/app/.buildozer/android/platform/build-arm64-v8a/build/other_builds/python3/arm64-v8a__ndk_target_21/python3/Lib/test/test_future_stmt'...
Compiling '/app/.buildozer/android/platform/build-arm64-v8a/build/other_builds/python3/arm64-v8a__ndk_target_21/python3/Lib/test/test_future_stmt/__init__.py'...
Compiling '/app/.buildozer/android/platform/build-arm64-v8a/build/other_builds/python3/arm64-v8a__ndk_target_21/python3/Lib/test/test_future_stmt/badsyntax_future.py'...
***   File "/app/.buildozer/android/platform/build-arm64-v8a/build/other_builds/python3/arm64-v8a__ndk_target_21/python3/Lib/test/test_future_stmt/badsyntax_future.py", line 3
    from __future__ import print_function
    ^^^^^^^^^^^^^^^^^^^^^^^^^^^^^^^^^^^^^
SyntaxError: from __future__ imports must occur at the beginning of the file

Compiling '/app/.buildozer/android/platform/build-arm64-v8a/build/other_builds/python3/arm64-v8a__ndk_target_21/python3/Lib/test/test_future_stmt/import_nested_scope_twice.py'...
Compiling '/app/.buildozer/android/platform/build-arm64-v8a/build/other_builds/python3/arm64-v8a__ndk_target_21/python3/Lib/test/test_future_stmt/nested_scope.py'...
Compiling '/app/.buildozer/android/platform/build-arm64-v8a/build/other_builds/python3/arm64-v8a__ndk_target_21/python3/Lib/test/test_future_stmt/test_future.py'...
Compiling '/app/.buildozer/android/platform/build-arm64-v8a/build/other_builds/python3/arm64-v8a__ndk_target_21/python3/Lib/test/test_future_stmt/test_future_flags.py'...
Compiling '/app/.buildozer/android/platform/build-arm64-v8a/build/other_builds/python3/arm64-v8a__ndk_target_21/python3/Lib/test/test_future_stmt/test_future_multiple_features.py'...
Compiling '/app/.buildozer/android/platform/build-arm64-v8a/build/other_builds/python3/arm64-v8a__ndk_target_21/python3/Lib/test/test_future_stmt/test_future_multiple_imports.py'...
Compiling '/app/.buildozer/android/platform/build-arm64-v8a/build/other_builds/python3/arm64-v8a__ndk_target_21/python3/Lib/test/test_future_stmt/test_future_single_import.py'...
Compiling '/app/.buildozer/android/platform/build-arm64-v8a/build/other_builds/python3/arm64-v8a__ndk_target_21/python3/Lib/test/test_gc.py'...
Listing '/app/.buildozer/android/platform/build-arm64-v8a/build/other_builds/python3/arm64-v8a__ndk_target_21/python3/Lib/test/test_gdb'...
Compiling '/app/.buildozer/android/platform/build-arm64-v8a/build/other_builds/python3/arm64-v8a__ndk_target_21/python3/Lib/test/test_gdb/__init__.py'...
Compiling '/app/.buildozer/android/platform/build-arm64-v8a/build/other_builds/python3/arm64-v8a__ndk_target_21/python3/Lib/test/test_gdb/gdb_sample.py'...
Compiling '/app/.buildozer/android/platform/build-arm64-v8a/build/other_builds/python3/arm64-v8a__ndk_target_21/python3/Lib/test/test_gdb/test_backtrace.py'...
Compiling '/app/.buildozer/android/platform/build-arm64-v8a/build/other_builds/python3/arm64-v8a__ndk_target_21/python3/Lib/test/test_gdb/test_cfunction.py'...
Compiling '/app/.buildozer/android/platform/build-arm64-v8a/build/other_builds/python3/arm64-v8a__ndk_target_21/python3/Lib/test/test_gdb/test_cfunction_full.py'...
Compiling '/app/.buildozer/android/platform/build-arm64-v8a/build/other_builds/python3/arm64-v8a__ndk_target_21/python3/Lib/test/test_gdb/test_misc.py'...
Compiling '/app/.buildozer/android/platform/build-arm64-v8a/build/other_builds/python3/arm64-v8a__ndk_target_21/python3/Lib/test/test_gdb/test_pretty_print.py'...
Compiling '/app/.buildozer/android/platform/build-arm64-v8a/build/other_builds/python3/arm64-v8a__ndk_target_21/python3/Lib/test/test_gdb/util.py'...
Compiling '/app/.buildozer/android/platform/build-arm64-v8a/build/other_builds/python3/arm64-v8a__ndk_target_21/python3/Lib/test/test_generated_cases.py'...
Compiling '/app/.buildozer/android/platform/build-arm64-v8a/build/other_builds/python3/arm64-v8a__ndk_target_21/python3/Lib/test/test_generator_stop.py'...
Compiling '/app/.buildozer/android/platform/build-arm64-v8a/build/other_builds/python3/arm64-v8a__ndk_target_21/python3/Lib/test/test_generators.py'...
Compiling '/app/.buildozer/android/platform/build-arm64-v8a/build/other_builds/python3/arm64-v8a__ndk_target_21/python3/Lib/test/test_genericalias.py'...
Compiling '/app/.buildozer/android/platform/build-arm64-v8a/build/other_builds/python3/arm64-v8a__ndk_target_21/python3/Lib/test/test_genericclass.py'...
Compiling '/app/.buildozer/android/platform/build-arm64-v8a/build/other_builds/python3/arm64-v8a__ndk_target_21/python3/Lib/test/test_genericpath.py'...
Compiling '/app/.buildozer/android/platform/build-arm64-v8a/build/other_builds/python3/arm64-v8a__ndk_target_21/python3/Lib/test/test_genexps.py'...
Compiling '/app/.buildozer/android/platform/build-arm64-v8a/build/other_builds/python3/arm64-v8a__ndk_target_21/python3/Lib/test/test_getopt.py'...
Compiling '/app/.buildozer/android/platform/build-arm64-v8a/build/other_builds/python3/arm64-v8a__ndk_target_21/python3/Lib/test/test_getpass.py'...
Compiling '/app/.buildozer/android/platform/build-arm64-v8a/build/other_builds/python3/arm64-v8a__ndk_target_21/python3/Lib/test/test_getpath.py'...
Compiling '/app/.buildozer/android/platform/build-arm64-v8a/build/other_builds/python3/arm64-v8a__ndk_target_21/python3/Lib/test/test_gettext.py'...
Compiling '/app/.buildozer/android/platform/build-arm64-v8a/build/other_builds/python3/arm64-v8a__ndk_target_21/python3/Lib/test/test_glob.py'...
Compiling '/app/.buildozer/android/platform/build-arm64-v8a/build/other_builds/python3/arm64-v8a__ndk_target_21/python3/Lib/test/test_global.py'...
Compiling '/app/.buildozer/android/platform/build-arm64-v8a/build/other_builds/python3/arm64-v8a__ndk_target_21/python3/Lib/test/test_grammar.py'...
Compiling '/app/.buildozer/android/platform/build-arm64-v8a/build/other_builds/python3/arm64-v8a__ndk_target_21/python3/Lib/test/test_graphlib.py'...
Compiling '/app/.buildozer/android/platform/build-arm64-v8a/build/other_builds/python3/arm64-v8a__ndk_target_21/python3/Lib/test/test_grp.py'...
Compiling '/app/.buildozer/android/platform/build-arm64-v8a/build/other_builds/python3/arm64-v8a__ndk_target_21/python3/Lib/test/test_gzip.py'...
Compiling '/app/.buildozer/android/platform/build-arm64-v8a/build/other_builds/python3/arm64-v8a__ndk_target_21/python3/Lib/test/test_hash.py'...
Compiling '/app/.buildozer/android/platform/build-arm64-v8a/build/other_builds/python3/arm64-v8a__ndk_target_21/python3/Lib/test/test_hashlib.py'...
Compiling '/app/.buildozer/android/platform/build-arm64-v8a/build/other_builds/python3/arm64-v8a__ndk_target_21/python3/Lib/test/test_heapq.py'...
Compiling '/app/.buildozer/android/platform/build-arm64-v8a/build/other_builds/python3/arm64-v8a__ndk_target_21/python3/Lib/test/test_hmac.py'...
Compiling '/app/.buildozer/android/platform/build-arm64-v8a/build/other_builds/python3/arm64-v8a__ndk_target_21/python3/Lib/test/test_html.py'...
Compiling '/app/.buildozer/android/platform/build-arm64-v8a/build/other_builds/python3/arm64-v8a__ndk_target_21/python3/Lib/test/test_htmlparser.py'...
Compiling '/app/.buildozer/android/platform/build-arm64-v8a/build/other_builds/python3/arm64-v8a__ndk_target_21/python3/Lib/test/test_http_cookiejar.py'...
Compiling '/app/.buildozer/android/platform/build-arm64-v8a/build/other_builds/python3/arm64-v8a__ndk_target_21/python3/Lib/test/test_http_cookies.py'...
Compiling '/app/.buildozer/android/platform/build-arm64-v8a/build/other_builds/python3/arm64-v8a__ndk_target_21/python3/Lib/test/test_httplib.py'...
Compiling '/app/.buildozer/android/platform/build-arm64-v8a/build/other_builds/python3/arm64-v8a__ndk_target_21/python3/Lib/test/test_httpservers.py'...
Compiling '/app/.buildozer/android/platform/build-arm64-v8a/build/other_builds/python3/arm64-v8a__ndk_target_21/python3/Lib/test/test_idle.py'...
Compiling '/app/.buildozer/android/platform/build-arm64-v8a/build/other_builds/python3/arm64-v8a__ndk_target_21/python3/Lib/test/test_imaplib.py'...
Listing '/app/.buildozer/android/platform/build-arm64-v8a/build/other_builds/python3/arm64-v8a__ndk_target_21/python3/Lib/test/test_import'...
Compiling '/app/.buildozer/android/platform/build-arm64-v8a/build/other_builds/python3/arm64-v8a__ndk_target_21/python3/Lib/test/test_import/__init__.py'...
Compiling '/app/.buildozer/android/platform/build-arm64-v8a/build/other_builds/python3/arm64-v8a__ndk_target_21/python3/Lib/test/test_import/__main__.py'...
Listing '/app/.buildozer/android/platform/build-arm64-v8a/build/other_builds/python3/arm64-v8a__ndk_target_21/python3/Lib/test/test_import/data'...
Listing '/app/.buildozer/android/platform/build-arm64-v8a/build/other_builds/python3/arm64-v8a__ndk_target_21/python3/Lib/test/test_import/data/circular_imports'...
Compiling '/app/.buildozer/android/platform/build-arm64-v8a/build/other_builds/python3/arm64-v8a__ndk_target_21/python3/Lib/test/test_import/data/circular_imports/basic.py'...
Compiling '/app/.buildozer/android/platform/build-arm64-v8a/build/other_builds/python3/arm64-v8a__ndk_target_21/python3/Lib/test/test_import/data/circular_imports/basic2.py'...
Compiling '/app/.buildozer/android/platform/build-arm64-v8a/build/other_builds/python3/arm64-v8a__ndk_target_21/python3/Lib/test/test_import/data/circular_imports/binding.py'...
Compiling '/app/.buildozer/android/platform/build-arm64-v8a/build/other_builds/python3/arm64-v8a__ndk_target_21/python3/Lib/test/test_import/data/circular_imports/binding2.py'...
Compiling '/app/.buildozer/android/platform/build-arm64-v8a/build/other_builds/python3/arm64-v8a__ndk_target_21/python3/Lib/test/test_import/data/circular_imports/from_cycle1.py'...
Compiling '/app/.buildozer/android/platform/build-arm64-v8a/build/other_builds/python3/arm64-v8a__ndk_target_21/python3/Lib/test/test_import/data/circular_imports/from_cycle2.py'...
Compiling '/app/.buildozer/android/platform/build-arm64-v8a/build/other_builds/python3/arm64-v8a__ndk_target_21/python3/Lib/test/test_import/data/circular_imports/import_cycle.py'...
Compiling '/app/.buildozer/android/platform/build-arm64-v8a/build/other_builds/python3/arm64-v8a__ndk_target_21/python3/Lib/test/test_import/data/circular_imports/indirect.py'...
Compiling '/app/.buildozer/android/platform/build-arm64-v8a/build/other_builds/python3/arm64-v8a__ndk_target_21/python3/Lib/test/test_import/data/circular_imports/rebinding.py'...
Compiling '/app/.buildozer/android/platform/build-arm64-v8a/build/other_builds/python3/arm64-v8a__ndk_target_21/python3/Lib/test/test_import/data/circular_imports/rebinding2.py'...
Compiling '/app/.buildozer/android/platform/build-arm64-v8a/build/other_builds/python3/arm64-v8a__ndk_target_21/python3/Lib/test/test_import/data/circular_imports/singlephase.py'...
Compiling '/app/.buildozer/android/platform/build-arm64-v8a/build/other_builds/python3/arm64-v8a__ndk_target_21/python3/Lib/test/test_import/data/circular_imports/source.py'...
Compiling '/app/.buildozer/android/platform/build-arm64-v8a/build/other_builds/python3/arm64-v8a__ndk_target_21/python3/Lib/test/test_import/data/circular_imports/subpackage.py'...
Listing '/app/.buildozer/android/platform/build-arm64-v8a/build/other_builds/python3/arm64-v8a__ndk_target_21/python3/Lib/test/test_import/data/circular_imports/subpkg'...
Compiling '/app/.buildozer/android/platform/build-arm64-v8a/build/other_builds/python3/arm64-v8a__ndk_target_21/python3/Lib/test/test_import/data/circular_imports/subpkg/subpackage2.py'...
Compiling '/app/.buildozer/android/platform/build-arm64-v8a/build/other_builds/python3/arm64-v8a__ndk_target_21/python3/Lib/test/test_import/data/circular_imports/subpkg/util.py'...
Listing '/app/.buildozer/android/platform/build-arm64-v8a/build/other_builds/python3/arm64-v8a__ndk_target_21/python3/Lib/test/test_import/data/circular_imports/subpkg2'...
Compiling '/app/.buildozer/android/platform/build-arm64-v8a/build/other_builds/python3/arm64-v8a__ndk_target_21/python3/Lib/test/test_import/data/circular_imports/subpkg2/__init__.py'...
Listing '/app/.buildozer/android/platform/build-arm64-v8a/build/other_builds/python3/arm64-v8a__ndk_target_21/python3/Lib/test/test_import/data/circular_imports/subpkg2/parent'...
Compiling '/app/.buildozer/android/platform/build-arm64-v8a/build/other_builds/python3/arm64-v8a__ndk_target_21/python3/Lib/test/test_import/data/circular_imports/subpkg2/parent/__init__.py'...
Compiling '/app/.buildozer/android/platform/build-arm64-v8a/build/other_builds/python3/arm64-v8a__ndk_target_21/python3/Lib/test/test_import/data/circular_imports/subpkg2/parent/child.py'...
Compiling '/app/.buildozer/android/platform/build-arm64-v8a/build/other_builds/python3/arm64-v8a__ndk_target_21/python3/Lib/test/test_import/data/circular_imports/use.py'...
Compiling '/app/.buildozer/android/platform/build-arm64-v8a/build/other_builds/python3/arm64-v8a__ndk_target_21/python3/Lib/test/test_import/data/circular_imports/util.py'...
Compiling '/app/.buildozer/android/platform/build-arm64-v8a/build/other_builds/python3/arm64-v8a__ndk_target_21/python3/Lib/test/test_import/data/double_const.py'...
Listing '/app/.buildozer/android/platform/build-arm64-v8a/build/other_builds/python3/arm64-v8a__ndk_target_21/python3/Lib/test/test_import/data/package'...
Compiling '/app/.buildozer/android/platform/build-arm64-v8a/build/other_builds/python3/arm64-v8a__ndk_target_21/python3/Lib/test/test_import/data/package/__init__.py'...
Compiling '/app/.buildozer/android/platform/build-arm64-v8a/build/other_builds/python3/arm64-v8a__ndk_target_21/python3/Lib/test/test_import/data/package/submodule.py'...
Listing '/app/.buildozer/android/platform/build-arm64-v8a/build/other_builds/python3/arm64-v8a__ndk_target_21/python3/Lib/test/test_import/data/package2'...
Compiling '/app/.buildozer/android/platform/build-arm64-v8a/build/other_builds/python3/arm64-v8a__ndk_target_21/python3/Lib/test/test_import/data/package2/submodule1.py'...
Compiling '/app/.buildozer/android/platform/build-arm64-v8a/build/other_builds/python3/arm64-v8a__ndk_target_21/python3/Lib/test/test_import/data/package2/submodule2.py'...
Listing '/app/.buildozer/android/platform/build-arm64-v8a/build/other_builds/python3/arm64-v8a__ndk_target_21/python3/Lib/test/test_import/data/package3'...
Compiling '/app/.buildozer/android/platform/build-arm64-v8a/build/other_builds/python3/arm64-v8a__ndk_target_21/python3/Lib/test/test_import/data/package3/__init__.py'...
Compiling '/app/.buildozer/android/platform/build-arm64-v8a/build/other_builds/python3/arm64-v8a__ndk_target_21/python3/Lib/test/test_import/data/package3/submodule.py'...
Listing '/app/.buildozer/android/platform/build-arm64-v8a/build/other_builds/python3/arm64-v8a__ndk_target_21/python3/Lib/test/test_import/data/package4'...
Compiling '/app/.buildozer/android/platform/build-arm64-v8a/build/other_builds/python3/arm64-v8a__ndk_target_21/python3/Lib/test/test_import/data/package4/__init__.py'...
Compiling '/app/.buildozer/android/platform/build-arm64-v8a/build/other_builds/python3/arm64-v8a__ndk_target_21/python3/Lib/test/test_import/data/package4/submodule.py'...
Listing '/app/.buildozer/android/platform/build-arm64-v8a/build/other_builds/python3/arm64-v8a__ndk_target_21/python3/Lib/test/test_import/data/unwritable'...
Compiling '/app/.buildozer/android/platform/build-arm64-v8a/build/other_builds/python3/arm64-v8a__ndk_target_21/python3/Lib/test/test_import/data/unwritable/__init__.py'...
Compiling '/app/.buildozer/android/platform/build-arm64-v8a/build/other_builds/python3/arm64-v8a__ndk_target_21/python3/Lib/test/test_import/data/unwritable/x.py'...
Listing '/app/.buildozer/android/platform/build-arm64-v8a/build/other_builds/python3/arm64-v8a__ndk_target_21/python3/Lib/test/test_importlib'...
Compiling '/app/.buildozer/android/platform/build-arm64-v8a/build/other_builds/python3/arm64-v8a__ndk_target_21/python3/Lib/test/test_importlib/__init__.py'...
Compiling '/app/.buildozer/android/platform/build-arm64-v8a/build/other_builds/python3/arm64-v8a__ndk_target_21/python3/Lib/test/test_importlib/__main__.py'...
Compiling '/app/.buildozer/android/platform/build-arm64-v8a/build/other_builds/python3/arm64-v8a__ndk_target_21/python3/Lib/test/test_importlib/abc.py'...
Listing '/app/.buildozer/android/platform/build-arm64-v8a/build/other_builds/python3/arm64-v8a__ndk_target_21/python3/Lib/test/test_importlib/builtin'...
Compiling '/app/.buildozer/android/platform/build-arm64-v8a/build/other_builds/python3/arm64-v8a__ndk_target_21/python3/Lib/test/test_importlib/builtin/__init__.py'...
Compiling '/app/.buildozer/android/platform/build-arm64-v8a/build/other_builds/python3/arm64-v8a__ndk_target_21/python3/Lib/test/test_importlib/builtin/__main__.py'...
Compiling '/app/.buildozer/android/platform/build-arm64-v8a/build/other_builds/python3/arm64-v8a__ndk_target_21/python3/Lib/test/test_importlib/builtin/test_finder.py'...
Compiling '/app/.buildozer/android/platform/build-arm64-v8a/build/other_builds/python3/arm64-v8a__ndk_target_21/python3/Lib/test/test_importlib/builtin/test_loader.py'...
Listing '/app/.buildozer/android/platform/build-arm64-v8a/build/other_builds/python3/arm64-v8a__ndk_target_21/python3/Lib/test/test_importlib/extension'...
Compiling '/app/.buildozer/android/platform/build-arm64-v8a/build/other_builds/python3/arm64-v8a__ndk_target_21/python3/Lib/test/test_importlib/extension/__init__.py'...
Compiling '/app/.buildozer/android/platform/build-arm64-v8a/build/other_builds/python3/arm64-v8a__ndk_target_21/python3/Lib/test/test_importlib/extension/__main__.py'...
Compiling '/app/.buildozer/android/platform/build-arm64-v8a/build/other_builds/python3/arm64-v8a__ndk_target_21/python3/Lib/test/test_importlib/extension/_test_nonmodule_cases.py'...
Compiling '/app/.buildozer/android/platform/build-arm64-v8a/build/other_builds/python3/arm64-v8a__ndk_target_21/python3/Lib/test/test_importlib/extension/test_case_sensitivity.py'...
Compiling '/app/.buildozer/android/platform/build-arm64-v8a/build/other_builds/python3/arm64-v8a__ndk_target_21/python3/Lib/test/test_importlib/extension/test_finder.py'...
Compiling '/app/.buildozer/android/platform/build-arm64-v8a/build/other_builds/python3/arm64-v8a__ndk_target_21/python3/Lib/test/test_importlib/extension/test_loader.py'...
Compiling '/app/.buildozer/android/platform/build-arm64-v8a/build/other_builds/python3/arm64-v8a__ndk_target_21/python3/Lib/test/test_importlib/extension/test_path_hook.py'...
Listing '/app/.buildozer/android/platform/build-arm64-v8a/build/other_builds/python3/arm64-v8a__ndk_target_21/python3/Lib/test/test_importlib/frozen'...
Compiling '/app/.buildozer/android/platform/build-arm64-v8a/build/other_builds/python3/arm64-v8a__ndk_target_21/python3/Lib/test/test_importlib/frozen/__init__.py'...
Compiling '/app/.buildozer/android/platform/build-arm64-v8a/build/other_builds/python3/arm64-v8a__ndk_target_21/python3/Lib/test/test_importlib/frozen/__main__.py'...
Compiling '/app/.buildozer/android/platform/build-arm64-v8a/build/other_builds/python3/arm64-v8a__ndk_target_21/python3/Lib/test/test_importlib/frozen/test_finder.py'...
Compiling '/app/.buildozer/android/platform/build-arm64-v8a/build/other_builds/python3/arm64-v8a__ndk_target_21/python3/Lib/test/test_importlib/frozen/test_loader.py'...
Listing '/app/.buildozer/android/platform/build-arm64-v8a/build/other_builds/python3/arm64-v8a__ndk_target_21/python3/Lib/test/test_importlib/import_'...
Compiling '/app/.buildozer/android/platform/build-arm64-v8a/build/other_builds/python3/arm64-v8a__ndk_target_21/python3/Lib/test/test_importlib/import_/__init__.py'...
Compiling '/app/.buildozer/android/platform/build-arm64-v8a/build/other_builds/python3/arm64-v8a__ndk_target_21/python3/Lib/test/test_importlib/import_/__main__.py'...
Compiling '/app/.buildozer/android/platform/build-arm64-v8a/build/other_builds/python3/arm64-v8a__ndk_target_21/python3/Lib/test/test_importlib/import_/test___loader__.py'...
Compiling '/app/.buildozer/android/platform/build-arm64-v8a/build/other_builds/python3/arm64-v8a__ndk_target_21/python3/Lib/test/test_importlib/import_/test___package__.py'...
Compiling '/app/.buildozer/android/platform/build-arm64-v8a/build/other_builds/python3/arm64-v8a__ndk_target_21/python3/Lib/test/test_importlib/import_/test_api.py'...
Compiling '/app/.buildozer/android/platform/build-arm64-v8a/build/other_builds/python3/arm64-v8a__ndk_target_21/python3/Lib/test/test_importlib/import_/test_caching.py'...
Compiling '/app/.buildozer/android/platform/build-arm64-v8a/build/other_builds/python3/arm64-v8a__ndk_target_21/python3/Lib/test/test_importlib/import_/test_fromlist.py'...
Compiling '/app/.buildozer/android/platform/build-arm64-v8a/build/other_builds/python3/arm64-v8a__ndk_target_21/python3/Lib/test/test_importlib/import_/test_helpers.py'...
Compiling '/app/.buildozer/android/platform/build-arm64-v8a/build/other_builds/python3/arm64-v8a__ndk_target_21/python3/Lib/test/test_importlib/import_/test_meta_path.py'...
Compiling '/app/.buildozer/android/platform/build-arm64-v8a/build/other_builds/python3/arm64-v8a__ndk_target_21/python3/Lib/test/test_importlib/import_/test_packages.py'...
Compiling '/app/.buildozer/android/platform/build-arm64-v8a/build/other_builds/python3/arm64-v8a__ndk_target_21/python3/Lib/test/test_importlib/import_/test_path.py'...
Compiling '/app/.buildozer/android/platform/build-arm64-v8a/build/other_builds/python3/arm64-v8a__ndk_target_21/python3/Lib/test/test_importlib/import_/test_relative_imports.py'...
Listing '/app/.buildozer/android/platform/build-arm64-v8a/build/other_builds/python3/arm64-v8a__ndk_target_21/python3/Lib/test/test_importlib/metadata'...
Compiling '/app/.buildozer/android/platform/build-arm64-v8a/build/other_builds/python3/arm64-v8a__ndk_target_21/python3/Lib/test/test_importlib/metadata/__init__.py'...
Compiling '/app/.buildozer/android/platform/build-arm64-v8a/build/other_builds/python3/arm64-v8a__ndk_target_21/python3/Lib/test/test_importlib/metadata/_context.py'...
Compiling '/app/.buildozer/android/platform/build-arm64-v8a/build/other_builds/python3/arm64-v8a__ndk_target_21/python3/Lib/test/test_importlib/metadata/_path.py'...
Listing '/app/.buildozer/android/platform/build-arm64-v8a/build/other_builds/python3/arm64-v8a__ndk_target_21/python3/Lib/test/test_importlib/metadata/data'...
Compiling '/app/.buildozer/android/platform/build-arm64-v8a/build/other_builds/python3/arm64-v8a__ndk_target_21/python3/Lib/test/test_importlib/metadata/data/__init__.py'...
Listing '/app/.buildozer/android/platform/build-arm64-v8a/build/other_builds/python3/arm64-v8a__ndk_target_21/python3/Lib/test/test_importlib/metadata/data/sources'...
Listing '/app/.buildozer/android/platform/build-arm64-v8a/build/other_builds/python3/arm64-v8a__ndk_target_21/python3/Lib/test/test_importlib/metadata/data/sources/example'...
Listing '/app/.buildozer/android/platform/build-arm64-v8a/build/other_builds/python3/arm64-v8a__ndk_target_21/python3/Lib/test/test_importlib/metadata/data/sources/example/example'...
Compiling '/app/.buildozer/android/platform/build-arm64-v8a/build/other_builds/python3/arm64-v8a__ndk_target_21/python3/Lib/test/test_importlib/metadata/data/sources/example/example/__init__.py'...
Compiling '/app/.buildozer/android/platform/build-arm64-v8a/build/other_builds/python3/arm64-v8a__ndk_target_21/python3/Lib/test/test_importlib/metadata/data/sources/example/setup.py'...
Listing '/app/.buildozer/android/platform/build-arm64-v8a/build/other_builds/python3/arm64-v8a__ndk_target_21/python3/Lib/test/test_importlib/metadata/data/sources/example2'...
Listing '/app/.buildozer/android/platform/build-arm64-v8a/build/other_builds/python3/arm64-v8a__ndk_target_21/python3/Lib/test/test_importlib/metadata/data/sources/example2/example2'...
Compiling '/app/.buildozer/android/platform/build-arm64-v8a/build/other_builds/python3/arm64-v8a__ndk_target_21/python3/Lib/test/test_importlib/metadata/data/sources/example2/example2/__init__.py'...
Compiling '/app/.buildozer/android/platform/build-arm64-v8a/build/other_builds/python3/arm64-v8a__ndk_target_21/python3/Lib/test/test_importlib/metadata/fixtures.py'...
Compiling '/app/.buildozer/android/platform/build-arm64-v8a/build/other_builds/python3/arm64-v8a__ndk_target_21/python3/Lib/test/test_importlib/metadata/stubs.py'...
Compiling '/app/.buildozer/android/platform/build-arm64-v8a/build/other_builds/python3/arm64-v8a__ndk_target_21/python3/Lib/test/test_importlib/metadata/test_api.py'...
Compiling '/app/.buildozer/android/platform/build-arm64-v8a/build/other_builds/python3/arm64-v8a__ndk_target_21/python3/Lib/test/test_importlib/metadata/test_main.py'...
Compiling '/app/.buildozer/android/platform/build-arm64-v8a/build/other_builds/python3/arm64-v8a__ndk_target_21/python3/Lib/test/test_importlib/metadata/test_zip.py'...
Listing '/app/.buildozer/android/platform/build-arm64-v8a/build/other_builds/python3/arm64-v8a__ndk_target_21/python3/Lib/test/test_importlib/namespace_pkgs'...
Listing '/app/.buildozer/android/platform/build-arm64-v8a/build/other_builds/python3/arm64-v8a__ndk_target_21/python3/Lib/test/test_importlib/namespace_pkgs/both_portions'...
Listing '/app/.buildozer/android/platform/build-arm64-v8a/build/other_builds/python3/arm64-v8a__ndk_target_21/python3/Lib/test/test_importlib/namespace_pkgs/both_portions/foo'...
Compiling '/app/.buildozer/android/platform/build-arm64-v8a/build/other_builds/python3/arm64-v8a__ndk_target_21/python3/Lib/test/test_importlib/namespace_pkgs/both_portions/foo/one.py'...
Compiling '/app/.buildozer/android/platform/build-arm64-v8a/build/other_builds/python3/arm64-v8a__ndk_target_21/python3/Lib/test/test_importlib/namespace_pkgs/both_portions/foo/two.py'...
Listing '/app/.buildozer/android/platform/build-arm64-v8a/build/other_builds/python3/arm64-v8a__ndk_target_21/python3/Lib/test/test_importlib/namespace_pkgs/module_and_namespace_package'...
Listing '/app/.buildozer/android/platform/build-arm64-v8a/build/other_builds/python3/arm64-v8a__ndk_target_21/python3/Lib/test/test_importlib/namespace_pkgs/module_and_namespace_package/a_test'...
Compiling '/app/.buildozer/android/platform/build-arm64-v8a/build/other_builds/python3/arm64-v8a__ndk_target_21/python3/Lib/test/test_importlib/namespace_pkgs/module_and_namespace_package/a_test.py'...
Listing '/app/.buildozer/android/platform/build-arm64-v8a/build/other_builds/python3/arm64-v8a__ndk_target_21/python3/Lib/test/test_importlib/namespace_pkgs/not_a_namespace_pkg'...
Listing '/app/.buildozer/android/platform/build-arm64-v8a/build/other_builds/python3/arm64-v8a__ndk_target_21/python3/Lib/test/test_importlib/namespace_pkgs/not_a_namespace_pkg/foo'...
Compiling '/app/.buildozer/android/platform/build-arm64-v8a/build/other_builds/python3/arm64-v8a__ndk_target_21/python3/Lib/test/test_importlib/namespace_pkgs/not_a_namespace_pkg/foo/__init__.py'...
Compiling '/app/.buildozer/android/platform/build-arm64-v8a/build/other_builds/python3/arm64-v8a__ndk_target_21/python3/Lib/test/test_importlib/namespace_pkgs/not_a_namespace_pkg/foo/one.py'...
Listing '/app/.buildozer/android/platform/build-arm64-v8a/build/other_builds/python3/arm64-v8a__ndk_target_21/python3/Lib/test/test_importlib/namespace_pkgs/portion1'...
Listing '/app/.buildozer/android/platform/build-arm64-v8a/build/other_builds/python3/arm64-v8a__ndk_target_21/python3/Lib/test/test_importlib/namespace_pkgs/portion1/foo'...
Compiling '/app/.buildozer/android/platform/build-arm64-v8a/build/other_builds/python3/arm64-v8a__ndk_target_21/python3/Lib/test/test_importlib/namespace_pkgs/portion1/foo/one.py'...
Listing '/app/.buildozer/android/platform/build-arm64-v8a/build/other_builds/python3/arm64-v8a__ndk_target_21/python3/Lib/test/test_importlib/namespace_pkgs/portion2'...
Listing '/app/.buildozer/android/platform/build-arm64-v8a/build/other_builds/python3/arm64-v8a__ndk_target_21/python3/Lib/test/test_importlib/namespace_pkgs/portion2/foo'...
Compiling '/app/.buildozer/android/platform/build-arm64-v8a/build/other_builds/python3/arm64-v8a__ndk_target_21/python3/Lib/test/test_importlib/namespace_pkgs/portion2/foo/two.py'...
Listing '/app/.buildozer/android/platform/build-arm64-v8a/build/other_builds/python3/arm64-v8a__ndk_target_21/python3/Lib/test/test_importlib/namespace_pkgs/project1'...
Listing '/app/.buildozer/android/platform/build-arm64-v8a/build/other_builds/python3/arm64-v8a__ndk_target_21/python3/Lib/test/test_importlib/namespace_pkgs/project1/parent'...
Listing '/app/.buildozer/android/platform/build-arm64-v8a/build/other_builds/python3/arm64-v8a__ndk_target_21/python3/Lib/test/test_importlib/namespace_pkgs/project1/parent/child'...
Compiling '/app/.buildozer/android/platform/build-arm64-v8a/build/other_builds/python3/arm64-v8a__ndk_target_21/python3/Lib/test/test_importlib/namespace_pkgs/project1/parent/child/one.py'...
Listing '/app/.buildozer/android/platform/build-arm64-v8a/build/other_builds/python3/arm64-v8a__ndk_target_21/python3/Lib/test/test_importlib/namespace_pkgs/project2'...
Listing '/app/.buildozer/android/platform/build-arm64-v8a/build/other_builds/python3/arm64-v8a__ndk_target_21/python3/Lib/test/test_importlib/namespace_pkgs/project2/parent'...
Listing '/app/.buildozer/android/platform/build-arm64-v8a/build/other_builds/python3/arm64-v8a__ndk_target_21/python3/Lib/test/test_importlib/namespace_pkgs/project2/parent/child'...
Compiling '/app/.buildozer/android/platform/build-arm64-v8a/build/other_builds/python3/arm64-v8a__ndk_target_21/python3/Lib/test/test_importlib/namespace_pkgs/project2/parent/child/two.py'...
Listing '/app/.buildozer/android/platform/build-arm64-v8a/build/other_builds/python3/arm64-v8a__ndk_target_21/python3/Lib/test/test_importlib/namespace_pkgs/project3'...
Listing '/app/.buildozer/android/platform/build-arm64-v8a/build/other_builds/python3/arm64-v8a__ndk_target_21/python3/Lib/test/test_importlib/namespace_pkgs/project3/parent'...
Listing '/app/.buildozer/android/platform/build-arm64-v8a/build/other_builds/python3/arm64-v8a__ndk_target_21/python3/Lib/test/test_importlib/namespace_pkgs/project3/parent/child'...
Compiling '/app/.buildozer/android/platform/build-arm64-v8a/build/other_builds/python3/arm64-v8a__ndk_target_21/python3/Lib/test/test_importlib/namespace_pkgs/project3/parent/child/three.py'...
Listing '/app/.buildozer/android/platform/build-arm64-v8a/build/other_builds/python3/arm64-v8a__ndk_target_21/python3/Lib/test/test_importlib/partial'...
Compiling '/app/.buildozer/android/platform/build-arm64-v8a/build/other_builds/python3/arm64-v8a__ndk_target_21/python3/Lib/test/test_importlib/partial/cfimport.py'...
Compiling '/app/.buildozer/android/platform/build-arm64-v8a/build/other_builds/python3/arm64-v8a__ndk_target_21/python3/Lib/test/test_importlib/partial/pool_in_threads.py'...
Listing '/app/.buildozer/android/platform/build-arm64-v8a/build/other_builds/python3/arm64-v8a__ndk_target_21/python3/Lib/test/test_importlib/resources'...
Compiling '/app/.buildozer/android/platform/build-arm64-v8a/build/other_builds/python3/arm64-v8a__ndk_target_21/python3/Lib/test/test_importlib/resources/__init__.py'...
Compiling '/app/.buildozer/android/platform/build-arm64-v8a/build/other_builds/python3/arm64-v8a__ndk_target_21/python3/Lib/test/test_importlib/resources/_path.py'...
Compiling '/app/.buildozer/android/platform/build-arm64-v8a/build/other_builds/python3/arm64-v8a__ndk_target_21/python3/Lib/test/test_importlib/resources/test_compatibilty_files.py'...
Compiling '/app/.buildozer/android/platform/build-arm64-v8a/build/other_builds/python3/arm64-v8a__ndk_target_21/python3/Lib/test/test_importlib/resources/test_contents.py'...
Compiling '/app/.buildozer/android/platform/build-arm64-v8a/build/other_builds/python3/arm64-v8a__ndk_target_21/python3/Lib/test/test_importlib/resources/test_custom.py'...
Compiling '/app/.buildozer/android/platform/build-arm64-v8a/build/other_builds/python3/arm64-v8a__ndk_target_21/python3/Lib/test/test_importlib/resources/test_files.py'...
Compiling '/app/.buildozer/android/platform/build-arm64-v8a/build/other_builds/python3/arm64-v8a__ndk_target_21/python3/Lib/test/test_importlib/resources/test_functional.py'...
Compiling '/app/.buildozer/android/platform/build-arm64-v8a/build/other_builds/python3/arm64-v8a__ndk_target_21/python3/Lib/test/test_importlib/resources/test_open.py'...
Compiling '/app/.buildozer/android/platform/build-arm64-v8a/build/other_builds/python3/arm64-v8a__ndk_target_21/python3/Lib/test/test_importlib/resources/test_path.py'...
Compiling '/app/.buildozer/android/platform/build-arm64-v8a/build/other_builds/python3/arm64-v8a__ndk_target_21/python3/Lib/test/test_importlib/resources/test_read.py'...
Compiling '/app/.buildozer/android/platform/build-arm64-v8a/build/other_builds/python3/arm64-v8a__ndk_target_21/python3/Lib/test/test_importlib/resources/test_reader.py'...
Compiling '/app/.buildozer/android/platform/build-arm64-v8a/build/other_builds/python3/arm64-v8a__ndk_target_21/python3/Lib/test/test_importlib/resources/test_resource.py'...
Compiling '/app/.buildozer/android/platform/build-arm64-v8a/build/other_builds/python3/arm64-v8a__ndk_target_21/python3/Lib/test/test_importlib/resources/util.py'...
Compiling '/app/.buildozer/android/platform/build-arm64-v8a/build/other_builds/python3/arm64-v8a__ndk_target_21/python3/Lib/test/test_importlib/resources/zip.py'...
Listing '/app/.buildozer/android/platform/build-arm64-v8a/build/other_builds/python3/arm64-v8a__ndk_target_21/python3/Lib/test/test_importlib/source'...
Compiling '/app/.buildozer/android/platform/build-arm64-v8a/build/other_builds/python3/arm64-v8a__ndk_target_21/python3/Lib/test/test_importlib/source/__init__.py'...
Compiling '/app/.buildozer/android/platform/build-arm64-v8a/build/other_builds/python3/arm64-v8a__ndk_target_21/python3/Lib/test/test_importlib/source/__main__.py'...
Compiling '/app/.buildozer/android/platform/build-arm64-v8a/build/other_builds/python3/arm64-v8a__ndk_target_21/python3/Lib/test/test_importlib/source/test_case_sensitivity.py'...
Compiling '/app/.buildozer/android/platform/build-arm64-v8a/build/other_builds/python3/arm64-v8a__ndk_target_21/python3/Lib/test/test_importlib/source/test_file_loader.py'...
Compiling '/app/.buildozer/android/platform/build-arm64-v8a/build/other_builds/python3/arm64-v8a__ndk_target_21/python3/Lib/test/test_importlib/source/test_finder.py'...
Compiling '/app/.buildozer/android/platform/build-arm64-v8a/build/other_builds/python3/arm64-v8a__ndk_target_21/python3/Lib/test/test_importlib/source/test_path_hook.py'...
Compiling '/app/.buildozer/android/platform/build-arm64-v8a/build/other_builds/python3/arm64-v8a__ndk_target_21/python3/Lib/test/test_importlib/source/test_source_encoding.py'...
Compiling '/app/.buildozer/android/platform/build-arm64-v8a/build/other_builds/python3/arm64-v8a__ndk_target_21/python3/Lib/test/test_importlib/test_abc.py'...
Compiling '/app/.buildozer/android/platform/build-arm64-v8a/build/other_builds/python3/arm64-v8a__ndk_target_21/python3/Lib/test/test_importlib/test_api.py'...
Compiling '/app/.buildozer/android/platform/build-arm64-v8a/build/other_builds/python3/arm64-v8a__ndk_target_21/python3/Lib/test/test_importlib/test_lazy.py'...
Compiling '/app/.buildozer/android/platform/build-arm64-v8a/build/other_builds/python3/arm64-v8a__ndk_target_21/python3/Lib/test/test_importlib/test_locks.py'...
Compiling '/app/.buildozer/android/platform/build-arm64-v8a/build/other_builds/python3/arm64-v8a__ndk_target_21/python3/Lib/test/test_importlib/test_namespace_pkgs.py'...
Compiling '/app/.buildozer/android/platform/build-arm64-v8a/build/other_builds/python3/arm64-v8a__ndk_target_21/python3/Lib/test/test_importlib/test_pkg_import.py'...
Compiling '/app/.buildozer/android/platform/build-arm64-v8a/build/other_builds/python3/arm64-v8a__ndk_target_21/python3/Lib/test/test_importlib/test_spec.py'...
Compiling '/app/.buildozer/android/platform/build-arm64-v8a/build/other_builds/python3/arm64-v8a__ndk_target_21/python3/Lib/test/test_importlib/test_threaded_import.py'...
Compiling '/app/.buildozer/android/platform/build-arm64-v8a/build/other_builds/python3/arm64-v8a__ndk_target_21/python3/Lib/test/test_importlib/test_util.py'...
Compiling '/app/.buildozer/android/platform/build-arm64-v8a/build/other_builds/python3/arm64-v8a__ndk_target_21/python3/Lib/test/test_importlib/test_windows.py'...
Compiling '/app/.buildozer/android/platform/build-arm64-v8a/build/other_builds/python3/arm64-v8a__ndk_target_21/python3/Lib/test/test_importlib/threaded_import_hangers.py'...
Compiling '/app/.buildozer/android/platform/build-arm64-v8a/build/other_builds/python3/arm64-v8a__ndk_target_21/python3/Lib/test/test_importlib/util.py'...
Compiling '/app/.buildozer/android/platform/build-arm64-v8a/build/other_builds/python3/arm64-v8a__ndk_target_21/python3/Lib/test/test_index.py'...
Listing '/app/.buildozer/android/platform/build-arm64-v8a/build/other_builds/python3/arm64-v8a__ndk_target_21/python3/Lib/test/test_inspect'...
Compiling '/app/.buildozer/android/platform/build-arm64-v8a/build/other_builds/python3/arm64-v8a__ndk_target_21/python3/Lib/test/test_inspect/__init__.py'...
Compiling '/app/.buildozer/android/platform/build-arm64-v8a/build/other_builds/python3/arm64-v8a__ndk_target_21/python3/Lib/test/test_inspect/inspect_deferred_annotations.py'...
Compiling '/app/.buildozer/android/platform/build-arm64-v8a/build/other_builds/python3/arm64-v8a__ndk_target_21/python3/Lib/test/test_inspect/inspect_fodder.py'...
Compiling '/app/.buildozer/android/platform/build-arm64-v8a/build/other_builds/python3/arm64-v8a__ndk_target_21/python3/Lib/test/test_inspect/inspect_fodder2.py'...
Compiling '/app/.buildozer/android/platform/build-arm64-v8a/build/other_builds/python3/arm64-v8a__ndk_target_21/python3/Lib/test/test_inspect/inspect_stock_annotations.py'...
Compiling '/app/.buildozer/android/platform/build-arm64-v8a/build/other_builds/python3/arm64-v8a__ndk_target_21/python3/Lib/test/test_inspect/inspect_stringized_annotations.py'...
Compiling '/app/.buildozer/android/platform/build-arm64-v8a/build/other_builds/python3/arm64-v8a__ndk_target_21/python3/Lib/test/test_inspect/inspect_stringized_annotations_2.py'...
Compiling '/app/.buildozer/android/platform/build-arm64-v8a/build/other_builds/python3/arm64-v8a__ndk_target_21/python3/Lib/test/test_inspect/inspect_stringized_annotations_pep695.py'...
Compiling '/app/.buildozer/android/platform/build-arm64-v8a/build/other_builds/python3/arm64-v8a__ndk_target_21/python3/Lib/test/test_inspect/test_inspect.py'...
Compiling '/app/.buildozer/android/platform/build-arm64-v8a/build/other_builds/python3/arm64-v8a__ndk_target_21/python3/Lib/test/test_int.py'...
Compiling '/app/.buildozer/android/platform/build-arm64-v8a/build/other_builds/python3/arm64-v8a__ndk_target_21/python3/Lib/test/test_int_literal.py'...
Listing '/app/.buildozer/android/platform/build-arm64-v8a/build/other_builds/python3/arm64-v8a__ndk_target_21/python3/Lib/test/test_interpreters'...
Compiling '/app/.buildozer/android/platform/build-arm64-v8a/build/other_builds/python3/arm64-v8a__ndk_target_21/python3/Lib/test/test_interpreters/__init__.py'...
Compiling '/app/.buildozer/android/platform/build-arm64-v8a/build/other_builds/python3/arm64-v8a__ndk_target_21/python3/Lib/test/test_interpreters/__main__.py'...
Compiling '/app/.buildozer/android/platform/build-arm64-v8a/build/other_builds/python3/arm64-v8a__ndk_target_21/python3/Lib/test/test_interpreters/test_api.py'...
Compiling '/app/.buildozer/android/platform/build-arm64-v8a/build/other_builds/python3/arm64-v8a__ndk_target_21/python3/Lib/test/test_interpreters/test_channels.py'...
Compiling '/app/.buildozer/android/platform/build-arm64-v8a/build/other_builds/python3/arm64-v8a__ndk_target_21/python3/Lib/test/test_interpreters/test_lifecycle.py'...
Compiling '/app/.buildozer/android/platform/build-arm64-v8a/build/other_builds/python3/arm64-v8a__ndk_target_21/python3/Lib/test/test_interpreters/test_queues.py'...
Compiling '/app/.buildozer/android/platform/build-arm64-v8a/build/other_builds/python3/arm64-v8a__ndk_target_21/python3/Lib/test/test_interpreters/test_stress.py'...
Compiling '/app/.buildozer/android/platform/build-arm64-v8a/build/other_builds/python3/arm64-v8a__ndk_target_21/python3/Lib/test/test_interpreters/utils.py'...
Compiling '/app/.buildozer/android/platform/build-arm64-v8a/build/other_builds/python3/arm64-v8a__ndk_target_21/python3/Lib/test/test_io.py'...
Compiling '/app/.buildozer/android/platform/build-arm64-v8a/build/other_builds/python3/arm64-v8a__ndk_target_21/python3/Lib/test/test_ioctl.py'...
Compiling '/app/.buildozer/android/platform/build-arm64-v8a/build/other_builds/python3/arm64-v8a__ndk_target_21/python3/Lib/test/test_ipaddress.py'...
Compiling '/app/.buildozer/android/platform/build-arm64-v8a/build/other_builds/python3/arm64-v8a__ndk_target_21/python3/Lib/test/test_isinstance.py'...
Compiling '/app/.buildozer/android/platform/build-arm64-v8a/build/other_builds/python3/arm64-v8a__ndk_target_21/python3/Lib/test/test_iter.py'...
Compiling '/app/.buildozer/android/platform/build-arm64-v8a/build/other_builds/python3/arm64-v8a__ndk_target_21/python3/Lib/test/test_iterlen.py'...
Compiling '/app/.buildozer/android/platform/build-arm64-v8a/build/other_builds/python3/arm64-v8a__ndk_target_21/python3/Lib/test/test_itertools.py'...
Listing '/app/.buildozer/android/platform/build-arm64-v8a/build/other_builds/python3/arm64-v8a__ndk_target_21/python3/Lib/test/test_json'...
Compiling '/app/.buildozer/android/platform/build-arm64-v8a/build/other_builds/python3/arm64-v8a__ndk_target_21/python3/Lib/test/test_json/__init__.py'...
Compiling '/app/.buildozer/android/platform/build-arm64-v8a/build/other_builds/python3/arm64-v8a__ndk_target_21/python3/Lib/test/test_json/__main__.py'...
Compiling '/app/.buildozer/android/platform/build-arm64-v8a/build/other_builds/python3/arm64-v8a__ndk_target_21/python3/Lib/test/test_json/test_decode.py'...
Compiling '/app/.buildozer/android/platform/build-arm64-v8a/build/other_builds/python3/arm64-v8a__ndk_target_21/python3/Lib/test/test_json/test_default.py'...
Compiling '/app/.buildozer/android/platform/build-arm64-v8a/build/other_builds/python3/arm64-v8a__ndk_target_21/python3/Lib/test/test_json/test_dump.py'...
Compiling '/app/.buildozer/android/platform/build-arm64-v8a/build/other_builds/python3/arm64-v8a__ndk_target_21/python3/Lib/test/test_json/test_encode_basestring_ascii.py'...
Compiling '/app/.buildozer/android/platform/build-arm64-v8a/build/other_builds/python3/arm64-v8a__ndk_target_21/python3/Lib/test/test_json/test_enum.py'...
Compiling '/app/.buildozer/android/platform/build-arm64-v8a/build/other_builds/python3/arm64-v8a__ndk_target_21/python3/Lib/test/test_json/test_fail.py'...
Compiling '/app/.buildozer/android/platform/build-arm64-v8a/build/other_builds/python3/arm64-v8a__ndk_target_21/python3/Lib/test/test_json/test_float.py'...
Compiling '/app/.buildozer/android/platform/build-arm64-v8a/build/other_builds/python3/arm64-v8a__ndk_target_21/python3/Lib/test/test_json/test_indent.py'...
Compiling '/app/.buildozer/android/platform/build-arm64-v8a/build/other_builds/python3/arm64-v8a__ndk_target_21/python3/Lib/test/test_json/test_pass1.py'...
Compiling '/app/.buildozer/android/platform/build-arm64-v8a/build/other_builds/python3/arm64-v8a__ndk_target_21/python3/Lib/test/test_json/test_pass2.py'...
Compiling '/app/.buildozer/android/platform/build-arm64-v8a/build/other_builds/python3/arm64-v8a__ndk_target_21/python3/Lib/test/test_json/test_pass3.py'...
Compiling '/app/.buildozer/android/platform/build-arm64-v8a/build/other_builds/python3/arm64-v8a__ndk_target_21/python3/Lib/test/test_json/test_recursion.py'...
Compiling '/app/.buildozer/android/platform/build-arm64-v8a/build/other_builds/python3/arm64-v8a__ndk_target_21/python3/Lib/test/test_json/test_scanstring.py'...
Compiling '/app/.buildozer/android/platform/build-arm64-v8a/build/other_builds/python3/arm64-v8a__ndk_target_21/python3/Lib/test/test_json/test_separators.py'...
Compiling '/app/.buildozer/android/platform/build-arm64-v8a/build/other_builds/python3/arm64-v8a__ndk_target_21/python3/Lib/test/test_json/test_speedups.py'...
Compiling '/app/.buildozer/android/platform/build-arm64-v8a/build/other_builds/python3/arm64-v8a__ndk_target_21/python3/Lib/test/test_json/test_tool.py'...
Compiling '/app/.buildozer/android/platform/build-arm64-v8a/build/other_builds/python3/arm64-v8a__ndk_target_21/python3/Lib/test/test_json/test_unicode.py'...
Compiling '/app/.buildozer/android/platform/build-arm64-v8a/build/other_builds/python3/arm64-v8a__ndk_target_21/python3/Lib/test/test_keyword.py'...
Compiling '/app/.buildozer/android/platform/build-arm64-v8a/build/other_builds/python3/arm64-v8a__ndk_target_21/python3/Lib/test/test_keywordonlyarg.py'...
Compiling '/app/.buildozer/android/platform/build-arm64-v8a/build/other_builds/python3/arm64-v8a__ndk_target_21/python3/Lib/test/test_kqueue.py'...
Compiling '/app/.buildozer/android/platform/build-arm64-v8a/build/other_builds/python3/arm64-v8a__ndk_target_21/python3/Lib/test/test_largefile.py'...
Compiling '/app/.buildozer/android/platform/build-arm64-v8a/build/other_builds/python3/arm64-v8a__ndk_target_21/python3/Lib/test/test_launcher.py'...
Compiling '/app/.buildozer/android/platform/build-arm64-v8a/build/other_builds/python3/arm64-v8a__ndk_target_21/python3/Lib/test/test_linecache.py'...
Compiling '/app/.buildozer/android/platform/build-arm64-v8a/build/other_builds/python3/arm64-v8a__ndk_target_21/python3/Lib/test/test_list.py'...
Compiling '/app/.buildozer/android/platform/build-arm64-v8a/build/other_builds/python3/arm64-v8a__ndk_target_21/python3/Lib/test/test_listcomps.py'...
Compiling '/app/.buildozer/android/platform/build-arm64-v8a/build/other_builds/python3/arm64-v8a__ndk_target_21/python3/Lib/test/test_lltrace.py'...
Compiling '/app/.buildozer/android/platform/build-arm64-v8a/build/other_builds/python3/arm64-v8a__ndk_target_21/python3/Lib/test/test_locale.py'...
Compiling '/app/.buildozer/android/platform/build-arm64-v8a/build/other_builds/python3/arm64-v8a__ndk_target_21/python3/Lib/test/test_logging.py'...
Compiling '/app/.buildozer/android/platform/build-arm64-v8a/build/other_builds/python3/arm64-v8a__ndk_target_21/python3/Lib/test/test_long.py'...
Compiling '/app/.buildozer/android/platform/build-arm64-v8a/build/other_builds/python3/arm64-v8a__ndk_target_21/python3/Lib/test/test_longexp.py'...
Compiling '/app/.buildozer/android/platform/build-arm64-v8a/build/other_builds/python3/arm64-v8a__ndk_target_21/python3/Lib/test/test_lzma.py'...
Compiling '/app/.buildozer/android/platform/build-arm64-v8a/build/other_builds/python3/arm64-v8a__ndk_target_21/python3/Lib/test/test_mailbox.py'...
Compiling '/app/.buildozer/android/platform/build-arm64-v8a/build/other_builds/python3/arm64-v8a__ndk_target_21/python3/Lib/test/test_marshal.py'...
Compiling '/app/.buildozer/android/platform/build-arm64-v8a/build/other_builds/python3/arm64-v8a__ndk_target_21/python3/Lib/test/test_math.py'...
Compiling '/app/.buildozer/android/platform/build-arm64-v8a/build/other_builds/python3/arm64-v8a__ndk_target_21/python3/Lib/test/test_math_property.py'...
Compiling '/app/.buildozer/android/platform/build-arm64-v8a/build/other_builds/python3/arm64-v8a__ndk_target_21/python3/Lib/test/test_memoryio.py'...
Compiling '/app/.buildozer/android/platform/build-arm64-v8a/build/other_builds/python3/arm64-v8a__ndk_target_21/python3/Lib/test/test_memoryview.py'...
Compiling '/app/.buildozer/android/platform/build-arm64-v8a/build/other_builds/python3/arm64-v8a__ndk_target_21/python3/Lib/test/test_metaclass.py'...
Compiling '/app/.buildozer/android/platform/build-arm64-v8a/build/other_builds/python3/arm64-v8a__ndk_target_21/python3/Lib/test/test_mimetypes.py'...
Compiling '/app/.buildozer/android/platform/build-arm64-v8a/build/other_builds/python3/arm64-v8a__ndk_target_21/python3/Lib/test/test_minidom.py'...
Compiling '/app/.buildozer/android/platform/build-arm64-v8a/build/other_builds/python3/arm64-v8a__ndk_target_21/python3/Lib/test/test_mmap.py'...
Listing '/app/.buildozer/android/platform/build-arm64-v8a/build/other_builds/python3/arm64-v8a__ndk_target_21/python3/Lib/test/test_module'...
Compiling '/app/.buildozer/android/platform/build-arm64-v8a/build/other_builds/python3/arm64-v8a__ndk_target_21/python3/Lib/test/test_module/__init__.py'...
Compiling '/app/.buildozer/android/platform/build-arm64-v8a/build/other_builds/python3/arm64-v8a__ndk_target_21/python3/Lib/test/test_module/bad_getattr.py'...
Compiling '/app/.buildozer/android/platform/build-arm64-v8a/build/other_builds/python3/arm64-v8a__ndk_target_21/python3/Lib/test/test_module/bad_getattr2.py'...
Compiling '/app/.buildozer/android/platform/build-arm64-v8a/build/other_builds/python3/arm64-v8a__ndk_target_21/python3/Lib/test/test_module/bad_getattr3.py'...
Compiling '/app/.buildozer/android/platform/build-arm64-v8a/build/other_builds/python3/arm64-v8a__ndk_target_21/python3/Lib/test/test_module/final_a.py'...
Compiling '/app/.buildozer/android/platform/build-arm64-v8a/build/other_builds/python3/arm64-v8a__ndk_target_21/python3/Lib/test/test_module/final_b.py'...
Compiling '/app/.buildozer/android/platform/build-arm64-v8a/build/other_builds/python3/arm64-v8a__ndk_target_21/python3/Lib/test/test_module/good_getattr.py'...
Compiling '/app/.buildozer/android/platform/build-arm64-v8a/build/other_builds/python3/arm64-v8a__ndk_target_21/python3/Lib/test/test_modulefinder.py'...
Compiling '/app/.buildozer/android/platform/build-arm64-v8a/build/other_builds/python3/arm64-v8a__ndk_target_21/python3/Lib/test/test_monitoring.py'...
Compiling '/app/.buildozer/android/platform/build-arm64-v8a/build/other_builds/python3/arm64-v8a__ndk_target_21/python3/Lib/test/test_msvcrt.py'...
Compiling '/app/.buildozer/android/platform/build-arm64-v8a/build/other_builds/python3/arm64-v8a__ndk_target_21/python3/Lib/test/test_multibytecodec.py'...
Listing '/app/.buildozer/android/platform/build-arm64-v8a/build/other_builds/python3/arm64-v8a__ndk_target_21/python3/Lib/test/test_multiprocessing_fork'...
Compiling '/app/.buildozer/android/platform/build-arm64-v8a/build/other_builds/python3/arm64-v8a__ndk_target_21/python3/Lib/test/test_multiprocessing_fork/__init__.py'...
Compiling '/app/.buildozer/android/platform/build-arm64-v8a/build/other_builds/python3/arm64-v8a__ndk_target_21/python3/Lib/test/test_multiprocessing_fork/test_manager.py'...
Compiling '/app/.buildozer/android/platform/build-arm64-v8a/build/other_builds/python3/arm64-v8a__ndk_target_21/python3/Lib/test/test_multiprocessing_fork/test_misc.py'...
Compiling '/app/.buildozer/android/platform/build-arm64-v8a/build/other_builds/python3/arm64-v8a__ndk_target_21/python3/Lib/test/test_multiprocessing_fork/test_processes.py'...
Compiling '/app/.buildozer/android/platform/build-arm64-v8a/build/other_builds/python3/arm64-v8a__ndk_target_21/python3/Lib/test/test_multiprocessing_fork/test_threads.py'...
Listing '/app/.buildozer/android/platform/build-arm64-v8a/build/other_builds/python3/arm64-v8a__ndk_target_21/python3/Lib/test/test_multiprocessing_forkserver'...
Compiling '/app/.buildozer/android/platform/build-arm64-v8a/build/other_builds/python3/arm64-v8a__ndk_target_21/python3/Lib/test/test_multiprocessing_forkserver/__init__.py'...
Compiling '/app/.buildozer/android/platform/build-arm64-v8a/build/other_builds/python3/arm64-v8a__ndk_target_21/python3/Lib/test/test_multiprocessing_forkserver/test_manager.py'...
Compiling '/app/.buildozer/android/platform/build-arm64-v8a/build/other_builds/python3/arm64-v8a__ndk_target_21/python3/Lib/test/test_multiprocessing_forkserver/test_misc.py'...
Compiling '/app/.buildozer/android/platform/build-arm64-v8a/build/other_builds/python3/arm64-v8a__ndk_target_21/python3/Lib/test/test_multiprocessing_forkserver/test_processes.py'...
Compiling '/app/.buildozer/android/platform/build-arm64-v8a/build/other_builds/python3/arm64-v8a__ndk_target_21/python3/Lib/test/test_multiprocessing_forkserver/test_threads.py'...
Compiling '/app/.buildozer/android/platform/build-arm64-v8a/build/other_builds/python3/arm64-v8a__ndk_target_21/python3/Lib/test/test_multiprocessing_main_handling.py'...
Listing '/app/.buildozer/android/platform/build-arm64-v8a/build/other_builds/python3/arm64-v8a__ndk_target_21/python3/Lib/test/test_multiprocessing_spawn'...
Compiling '/app/.buildozer/android/platform/build-arm64-v8a/build/other_builds/python3/arm64-v8a__ndk_target_21/python3/Lib/test/test_multiprocessing_spawn/__init__.py'...
Compiling '/app/.buildozer/android/platform/build-arm64-v8a/build/other_builds/python3/arm64-v8a__ndk_target_21/python3/Lib/test/test_multiprocessing_spawn/test_manager.py'...
Compiling '/app/.buildozer/android/platform/build-arm64-v8a/build/other_builds/python3/arm64-v8a__ndk_target_21/python3/Lib/test/test_multiprocessing_spawn/test_misc.py'...
Compiling '/app/.buildozer/android/platform/build-arm64-v8a/build/other_builds/python3/arm64-v8a__ndk_target_21/python3/Lib/test/test_multiprocessing_spawn/test_processes.py'...
Compiling '/app/.buildozer/android/platform/build-arm64-v8a/build/other_builds/python3/arm64-v8a__ndk_target_21/python3/Lib/test/test_multiprocessing_spawn/test_threads.py'...
Compiling '/app/.buildozer/android/platform/build-arm64-v8a/build/other_builds/python3/arm64-v8a__ndk_target_21/python3/Lib/test/test_named_expressions.py'...
Compiling '/app/.buildozer/android/platform/build-arm64-v8a/build/other_builds/python3/arm64-v8a__ndk_target_21/python3/Lib/test/test_netrc.py'...
Compiling '/app/.buildozer/android/platform/build-arm64-v8a/build/other_builds/python3/arm64-v8a__ndk_target_21/python3/Lib/test/test_ntpath.py'...
Compiling '/app/.buildozer/android/platform/build-arm64-v8a/build/other_builds/python3/arm64-v8a__ndk_target_21/python3/Lib/test/test_nturl2path.py'...
Compiling '/app/.buildozer/android/platform/build-arm64-v8a/build/other_builds/python3/arm64-v8a__ndk_target_21/python3/Lib/test/test_numeric_tower.py'...
Compiling '/app/.buildozer/android/platform/build-arm64-v8a/build/other_builds/python3/arm64-v8a__ndk_target_21/python3/Lib/test/test_opcache.py'...
Compiling '/app/.buildozer/android/platform/build-arm64-v8a/build/other_builds/python3/arm64-v8a__ndk_target_21/python3/Lib/test/test_opcodes.py'...
Compiling '/app/.buildozer/android/platform/build-arm64-v8a/build/other_builds/python3/arm64-v8a__ndk_target_21/python3/Lib/test/test_openpty.py'...
Compiling '/app/.buildozer/android/platform/build-arm64-v8a/build/other_builds/python3/arm64-v8a__ndk_target_21/python3/Lib/test/test_operator.py'...
Compiling '/app/.buildozer/android/platform/build-arm64-v8a/build/other_builds/python3/arm64-v8a__ndk_target_21/python3/Lib/test/test_optimizer.py'...
Compiling '/app/.buildozer/android/platform/build-arm64-v8a/build/other_builds/python3/arm64-v8a__ndk_target_21/python3/Lib/test/test_optparse.py'...
Compiling '/app/.buildozer/android/platform/build-arm64-v8a/build/other_builds/python3/arm64-v8a__ndk_target_21/python3/Lib/test/test_ordered_dict.py'...
Compiling '/app/.buildozer/android/platform/build-arm64-v8a/build/other_builds/python3/arm64-v8a__ndk_target_21/python3/Lib/test/test_os.py'...
Compiling '/app/.buildozer/android/platform/build-arm64-v8a/build/other_builds/python3/arm64-v8a__ndk_target_21/python3/Lib/test/test_osx_env.py'...
Listing '/app/.buildozer/android/platform/build-arm64-v8a/build/other_builds/python3/arm64-v8a__ndk_target_21/python3/Lib/test/test_pathlib'...
Compiling '/app/.buildozer/android/platform/build-arm64-v8a/build/other_builds/python3/arm64-v8a__ndk_target_21/python3/Lib/test/test_pathlib/__init__.py'...
Listing '/app/.buildozer/android/platform/build-arm64-v8a/build/other_builds/python3/arm64-v8a__ndk_target_21/python3/Lib/test/test_pathlib/support'...
Compiling '/app/.buildozer/android/platform/build-arm64-v8a/build/other_builds/python3/arm64-v8a__ndk_target_21/python3/Lib/test/test_pathlib/support/__init__.py'...
Compiling '/app/.buildozer/android/platform/build-arm64-v8a/build/other_builds/python3/arm64-v8a__ndk_target_21/python3/Lib/test/test_pathlib/support/lexical_path.py'...
Compiling '/app/.buildozer/android/platform/build-arm64-v8a/build/other_builds/python3/arm64-v8a__ndk_target_21/python3/Lib/test/test_pathlib/support/local_path.py'...
Compiling '/app/.buildozer/android/platform/build-arm64-v8a/build/other_builds/python3/arm64-v8a__ndk_target_21/python3/Lib/test/test_pathlib/support/zip_path.py'...
Compiling '/app/.buildozer/android/platform/build-arm64-v8a/build/other_builds/python3/arm64-v8a__ndk_target_21/python3/Lib/test/test_pathlib/test_copy.py'...
Compiling '/app/.buildozer/android/platform/build-arm64-v8a/build/other_builds/python3/arm64-v8a__ndk_target_21/python3/Lib/test/test_pathlib/test_join.py'...
Compiling '/app/.buildozer/android/platform/build-arm64-v8a/build/other_builds/python3/arm64-v8a__ndk_target_21/python3/Lib/test/test_pathlib/test_join_posix.py'...
Compiling '/app/.buildozer/android/platform/build-arm64-v8a/build/other_builds/python3/arm64-v8a__ndk_target_21/python3/Lib/test/test_pathlib/test_join_windows.py'...
Compiling '/app/.buildozer/android/platform/build-arm64-v8a/build/other_builds/python3/arm64-v8a__ndk_target_21/python3/Lib/test/test_pathlib/test_pathlib.py'...
Compiling '/app/.buildozer/android/platform/build-arm64-v8a/build/other_builds/python3/arm64-v8a__ndk_target_21/python3/Lib/test/test_pathlib/test_read.py'...
Compiling '/app/.buildozer/android/platform/build-arm64-v8a/build/other_builds/python3/arm64-v8a__ndk_target_21/python3/Lib/test/test_pathlib/test_write.py'...
Compiling '/app/.buildozer/android/platform/build-arm64-v8a/build/other_builds/python3/arm64-v8a__ndk_target_21/python3/Lib/test/test_patma.py'...
Compiling '/app/.buildozer/android/platform/build-arm64-v8a/build/other_builds/python3/arm64-v8a__ndk_target_21/python3/Lib/test/test_pdb.py'...
Compiling '/app/.buildozer/android/platform/build-arm64-v8a/build/other_builds/python3/arm64-v8a__ndk_target_21/python3/Lib/test/test_peepholer.py'...
Listing '/app/.buildozer/android/platform/build-arm64-v8a/build/other_builds/python3/arm64-v8a__ndk_target_21/python3/Lib/test/test_peg_generator'...
Compiling '/app/.buildozer/android/platform/build-arm64-v8a/build/other_builds/python3/arm64-v8a__ndk_target_21/python3/Lib/test/test_peg_generator/__init__.py'...
Compiling '/app/.buildozer/android/platform/build-arm64-v8a/build/other_builds/python3/arm64-v8a__ndk_target_21/python3/Lib/test/test_peg_generator/__main__.py'...
Compiling '/app/.buildozer/android/platform/build-arm64-v8a/build/other_builds/python3/arm64-v8a__ndk_target_21/python3/Lib/test/test_peg_generator/test_c_parser.py'...
Compiling '/app/.buildozer/android/platform/build-arm64-v8a/build/other_builds/python3/arm64-v8a__ndk_target_21/python3/Lib/test/test_peg_generator/test_first_sets.py'...
Compiling '/app/.buildozer/android/platform/build-arm64-v8a/build/other_builds/python3/arm64-v8a__ndk_target_21/python3/Lib/test/test_peg_generator/test_grammar_validator.py'...
Compiling '/app/.buildozer/android/platform/build-arm64-v8a/build/other_builds/python3/arm64-v8a__ndk_target_21/python3/Lib/test/test_peg_generator/test_pegen.py'...
Compiling '/app/.buildozer/android/platform/build-arm64-v8a/build/other_builds/python3/arm64-v8a__ndk_target_21/python3/Lib/test/test_pep646_syntax.py'...
Compiling '/app/.buildozer/android/platform/build-arm64-v8a/build/other_builds/python3/arm64-v8a__ndk_target_21/python3/Lib/test/test_perf_profiler.py'...
Compiling '/app/.buildozer/android/platform/build-arm64-v8a/build/other_builds/python3/arm64-v8a__ndk_target_21/python3/Lib/test/test_perfmaps.py'...
Compiling '/app/.buildozer/android/platform/build-arm64-v8a/build/other_builds/python3/arm64-v8a__ndk_target_21/python3/Lib/test/test_pickle.py'...
Compiling '/app/.buildozer/android/platform/build-arm64-v8a/build/other_builds/python3/arm64-v8a__ndk_target_21/python3/Lib/test/test_picklebuffer.py'...
Compiling '/app/.buildozer/android/platform/build-arm64-v8a/build/other_builds/python3/arm64-v8a__ndk_target_21/python3/Lib/test/test_pickletools.py'...
Compiling '/app/.buildozer/android/platform/build-arm64-v8a/build/other_builds/python3/arm64-v8a__ndk_target_21/python3/Lib/test/test_pkg.py'...
Compiling '/app/.buildozer/android/platform/build-arm64-v8a/build/other_builds/python3/arm64-v8a__ndk_target_21/python3/Lib/test/test_pkgutil.py'...
Compiling '/app/.buildozer/android/platform/build-arm64-v8a/build/other_builds/python3/arm64-v8a__ndk_target_21/python3/Lib/test/test_platform.py'...
Compiling '/app/.buildozer/android/platform/build-arm64-v8a/build/other_builds/python3/arm64-v8a__ndk_target_21/python3/Lib/test/test_plistlib.py'...
Compiling '/app/.buildozer/android/platform/build-arm64-v8a/build/other_builds/python3/arm64-v8a__ndk_target_21/python3/Lib/test/test_poll.py'...
Compiling '/app/.buildozer/android/platform/build-arm64-v8a/build/other_builds/python3/arm64-v8a__ndk_target_21/python3/Lib/test/test_popen.py'...
Compiling '/app/.buildozer/android/platform/build-arm64-v8a/build/other_builds/python3/arm64-v8a__ndk_target_21/python3/Lib/test/test_poplib.py'...
Compiling '/app/.buildozer/android/platform/build-arm64-v8a/build/other_builds/python3/arm64-v8a__ndk_target_21/python3/Lib/test/test_positional_only_arg.py'...
Compiling '/app/.buildozer/android/platform/build-arm64-v8a/build/other_builds/python3/arm64-v8a__ndk_target_21/python3/Lib/test/test_posix.py'...
Compiling '/app/.buildozer/android/platform/build-arm64-v8a/build/other_builds/python3/arm64-v8a__ndk_target_21/python3/Lib/test/test_posixpath.py'...
Compiling '/app/.buildozer/android/platform/build-arm64-v8a/build/other_builds/python3/arm64-v8a__ndk_target_21/python3/Lib/test/test_pow.py'...
Compiling '/app/.buildozer/android/platform/build-arm64-v8a/build/other_builds/python3/arm64-v8a__ndk_target_21/python3/Lib/test/test_pprint.py'...
Compiling '/app/.buildozer/android/platform/build-arm64-v8a/build/other_builds/python3/arm64-v8a__ndk_target_21/python3/Lib/test/test_print.py'...
Compiling '/app/.buildozer/android/platform/build-arm64-v8a/build/other_builds/python3/arm64-v8a__ndk_target_21/python3/Lib/test/test_profile.py'...
Compiling '/app/.buildozer/android/platform/build-arm64-v8a/build/other_builds/python3/arm64-v8a__ndk_target_21/python3/Lib/test/test_property.py'...
Compiling '/app/.buildozer/android/platform/build-arm64-v8a/build/other_builds/python3/arm64-v8a__ndk_target_21/python3/Lib/test/test_pstats.py'...
Compiling '/app/.buildozer/android/platform/build-arm64-v8a/build/other_builds/python3/arm64-v8a__ndk_target_21/python3/Lib/test/test_pty.py'...
Compiling '/app/.buildozer/android/platform/build-arm64-v8a/build/other_builds/python3/arm64-v8a__ndk_target_21/python3/Lib/test/test_pulldom.py'...
Compiling '/app/.buildozer/android/platform/build-arm64-v8a/build/other_builds/python3/arm64-v8a__ndk_target_21/python3/Lib/test/test_pwd.py'...
Compiling '/app/.buildozer/android/platform/build-arm64-v8a/build/other_builds/python3/arm64-v8a__ndk_target_21/python3/Lib/test/test_py_compile.py'...
Compiling '/app/.buildozer/android/platform/build-arm64-v8a/build/other_builds/python3/arm64-v8a__ndk_target_21/python3/Lib/test/test_pyclbr.py'...
Listing '/app/.buildozer/android/platform/build-arm64-v8a/build/other_builds/python3/arm64-v8a__ndk_target_21/python3/Lib/test/test_pydoc'...
Compiling '/app/.buildozer/android/platform/build-arm64-v8a/build/other_builds/python3/arm64-v8a__ndk_target_21/python3/Lib/test/test_pydoc/__init__.py'...
Compiling '/app/.buildozer/android/platform/build-arm64-v8a/build/other_builds/python3/arm64-v8a__ndk_target_21/python3/Lib/test/test_pydoc/module_none.py'...
Compiling '/app/.buildozer/android/platform/build-arm64-v8a/build/other_builds/python3/arm64-v8a__ndk_target_21/python3/Lib/test/test_pydoc/pydoc_mod.py'...
Compiling '/app/.buildozer/android/platform/build-arm64-v8a/build/other_builds/python3/arm64-v8a__ndk_target_21/python3/Lib/test/test_pydoc/pydocfodder.py'...
Compiling '/app/.buildozer/android/platform/build-arm64-v8a/build/other_builds/python3/arm64-v8a__ndk_target_21/python3/Lib/test/test_pydoc/test_pydoc.py'...
Compiling '/app/.buildozer/android/platform/build-arm64-v8a/build/other_builds/python3/arm64-v8a__ndk_target_21/python3/Lib/test/test_pyexpat.py'...
Listing '/app/.buildozer/android/platform/build-arm64-v8a/build/other_builds/python3/arm64-v8a__ndk_target_21/python3/Lib/test/test_pyrepl'...
Compiling '/app/.buildozer/android/platform/build-arm64-v8a/build/other_builds/python3/arm64-v8a__ndk_target_21/python3/Lib/test/test_pyrepl/__init__.py'...
Compiling '/app/.buildozer/android/platform/build-arm64-v8a/build/other_builds/python3/arm64-v8a__ndk_target_21/python3/Lib/test/test_pyrepl/__main__.py'...
Compiling '/app/.buildozer/android/platform/build-arm64-v8a/build/other_builds/python3/arm64-v8a__ndk_target_21/python3/Lib/test/test_pyrepl/eio_test_script.py'...
Compiling '/app/.buildozer/android/platform/build-arm64-v8a/build/other_builds/python3/arm64-v8a__ndk_target_21/python3/Lib/test/test_pyrepl/support.py'...
Compiling '/app/.buildozer/android/platform/build-arm64-v8a/build/other_builds/python3/arm64-v8a__ndk_target_21/python3/Lib/test/test_pyrepl/test_eventqueue.py'...
Compiling '/app/.buildozer/android/platform/build-arm64-v8a/build/other_builds/python3/arm64-v8a__ndk_target_21/python3/Lib/test/test_pyrepl/test_input.py'...
Compiling '/app/.buildozer/android/platform/build-arm64-v8a/build/other_builds/python3/arm64-v8a__ndk_target_21/python3/Lib/test/test_pyrepl/test_interact.py'...
Compiling '/app/.buildozer/android/platform/build-arm64-v8a/build/other_builds/python3/arm64-v8a__ndk_target_21/python3/Lib/test/test_pyrepl/test_keymap.py'...
Compiling '/app/.buildozer/android/platform/build-arm64-v8a/build/other_builds/python3/arm64-v8a__ndk_target_21/python3/Lib/test/test_pyrepl/test_pyrepl.py'...
Compiling '/app/.buildozer/android/platform/build-arm64-v8a/build/other_builds/python3/arm64-v8a__ndk_target_21/python3/Lib/test/test_pyrepl/test_reader.py'...
Compiling '/app/.buildozer/android/platform/build-arm64-v8a/build/other_builds/python3/arm64-v8a__ndk_target_21/python3/Lib/test/test_pyrepl/test_terminfo.py'...
Compiling '/app/.buildozer/android/platform/build-arm64-v8a/build/other_builds/python3/arm64-v8a__ndk_target_21/python3/Lib/test/test_pyrepl/test_unix_console.py'...
Compiling '/app/.buildozer/android/platform/build-arm64-v8a/build/other_builds/python3/arm64-v8a__ndk_target_21/python3/Lib/test/test_pyrepl/test_utils.py'...
Compiling '/app/.buildozer/android/platform/build-arm64-v8a/build/other_builds/python3/arm64-v8a__ndk_target_21/python3/Lib/test/test_pyrepl/test_windows_console.py'...
Compiling '/app/.buildozer/android/platform/build-arm64-v8a/build/other_builds/python3/arm64-v8a__ndk_target_21/python3/Lib/test/test_queue.py'...
Compiling '/app/.buildozer/android/platform/build-arm64-v8a/build/other_builds/python3/arm64-v8a__ndk_target_21/python3/Lib/test/test_quopri.py'...
Compiling '/app/.buildozer/android/platform/build-arm64-v8a/build/other_builds/python3/arm64-v8a__ndk_target_21/python3/Lib/test/test_raise.py'...
Compiling '/app/.buildozer/android/platform/build-arm64-v8a/build/other_builds/python3/arm64-v8a__ndk_target_21/python3/Lib/test/test_random.py'...
Compiling '/app/.buildozer/android/platform/build-arm64-v8a/build/other_builds/python3/arm64-v8a__ndk_target_21/python3/Lib/test/test_range.py'...
Compiling '/app/.buildozer/android/platform/build-arm64-v8a/build/other_builds/python3/arm64-v8a__ndk_target_21/python3/Lib/test/test_re.py'...
Compiling '/app/.buildozer/android/platform/build-arm64-v8a/build/other_builds/python3/arm64-v8a__ndk_target_21/python3/Lib/test/test_readline.py'...
Compiling '/app/.buildozer/android/platform/build-arm64-v8a/build/other_builds/python3/arm64-v8a__ndk_target_21/python3/Lib/test/test_regrtest.py'...
Compiling '/app/.buildozer/android/platform/build-arm64-v8a/build/other_builds/python3/arm64-v8a__ndk_target_21/python3/Lib/test/test_remote_pdb.py'...
Compiling '/app/.buildozer/android/platform/build-arm64-v8a/build/other_builds/python3/arm64-v8a__ndk_target_21/python3/Lib/test/test_repl.py'...
Compiling '/app/.buildozer/android/platform/build-arm64-v8a/build/other_builds/python3/arm64-v8a__ndk_target_21/python3/Lib/test/test_reprlib.py'...
Compiling '/app/.buildozer/android/platform/build-arm64-v8a/build/other_builds/python3/arm64-v8a__ndk_target_21/python3/Lib/test/test_resource.py'...
Compiling '/app/.buildozer/android/platform/build-arm64-v8a/build/other_builds/python3/arm64-v8a__ndk_target_21/python3/Lib/test/test_richcmp.py'...
Compiling '/app/.buildozer/android/platform/build-arm64-v8a/build/other_builds/python3/arm64-v8a__ndk_target_21/python3/Lib/test/test_rlcompleter.py'...
Compiling '/app/.buildozer/android/platform/build-arm64-v8a/build/other_builds/python3/arm64-v8a__ndk_target_21/python3/Lib/test/test_robotparser.py'...
Compiling '/app/.buildozer/android/platform/build-arm64-v8a/build/other_builds/python3/arm64-v8a__ndk_target_21/python3/Lib/test/test_runpy.py'...
Compiling '/app/.buildozer/android/platform/build-arm64-v8a/build/other_builds/python3/arm64-v8a__ndk_target_21/python3/Lib/test/test_sax.py'...
Compiling '/app/.buildozer/android/platform/build-arm64-v8a/build/other_builds/python3/arm64-v8a__ndk_target_21/python3/Lib/test/test_sched.py'...
Compiling '/app/.buildozer/android/platform/build-arm64-v8a/build/other_builds/python3/arm64-v8a__ndk_target_21/python3/Lib/test/test_scope.py'...
Compiling '/app/.buildozer/android/platform/build-arm64-v8a/build/other_builds/python3/arm64-v8a__ndk_target_21/python3/Lib/test/test_script_helper.py'...
Compiling '/app/.buildozer/android/platform/build-arm64-v8a/build/other_builds/python3/arm64-v8a__ndk_target_21/python3/Lib/test/test_secrets.py'...
Compiling '/app/.buildozer/android/platform/build-arm64-v8a/build/other_builds/python3/arm64-v8a__ndk_target_21/python3/Lib/test/test_select.py'...
Compiling '/app/.buildozer/android/platform/build-arm64-v8a/build/other_builds/python3/arm64-v8a__ndk_target_21/python3/Lib/test/test_selectors.py'...
Compiling '/app/.buildozer/android/platform/build-arm64-v8a/build/other_builds/python3/arm64-v8a__ndk_target_21/python3/Lib/test/test_set.py'...
Compiling '/app/.buildozer/android/platform/build-arm64-v8a/build/other_builds/python3/arm64-v8a__ndk_target_21/python3/Lib/test/test_setcomps.py'...
Compiling '/app/.buildozer/android/platform/build-arm64-v8a/build/other_builds/python3/arm64-v8a__ndk_target_21/python3/Lib/test/test_shelve.py'...
Compiling '/app/.buildozer/android/platform/build-arm64-v8a/build/other_builds/python3/arm64-v8a__ndk_target_21/python3/Lib/test/test_shlex.py'...
Compiling '/app/.buildozer/android/platform/build-arm64-v8a/build/other_builds/python3/arm64-v8a__ndk_target_21/python3/Lib/test/test_shutil.py'...
Compiling '/app/.buildozer/android/platform/build-arm64-v8a/build/other_builds/python3/arm64-v8a__ndk_target_21/python3/Lib/test/test_signal.py'...
Compiling '/app/.buildozer/android/platform/build-arm64-v8a/build/other_builds/python3/arm64-v8a__ndk_target_21/python3/Lib/test/test_site.py'...
Compiling '/app/.buildozer/android/platform/build-arm64-v8a/build/other_builds/python3/arm64-v8a__ndk_target_21/python3/Lib/test/test_slice.py'...
Compiling '/app/.buildozer/android/platform/build-arm64-v8a/build/other_builds/python3/arm64-v8a__ndk_target_21/python3/Lib/test/test_smtplib.py'...
Compiling '/app/.buildozer/android/platform/build-arm64-v8a/build/other_builds/python3/arm64-v8a__ndk_target_21/python3/Lib/test/test_smtpnet.py'...
Compiling '/app/.buildozer/android/platform/build-arm64-v8a/build/other_builds/python3/arm64-v8a__ndk_target_21/python3/Lib/test/test_socket.py'...
Compiling '/app/.buildozer/android/platform/build-arm64-v8a/build/other_builds/python3/arm64-v8a__ndk_target_21/python3/Lib/test/test_socketserver.py'...
Compiling '/app/.buildozer/android/platform/build-arm64-v8a/build/other_builds/python3/arm64-v8a__ndk_target_21/python3/Lib/test/test_sort.py'...
Compiling '/app/.buildozer/android/platform/build-arm64-v8a/build/other_builds/python3/arm64-v8a__ndk_target_21/python3/Lib/test/test_source_encoding.py'...
Listing '/app/.buildozer/android/platform/build-arm64-v8a/build/other_builds/python3/arm64-v8a__ndk_target_21/python3/Lib/test/test_sqlite3'...
Compiling '/app/.buildozer/android/platform/build-arm64-v8a/build/other_builds/python3/arm64-v8a__ndk_target_21/python3/Lib/test/test_sqlite3/__init__.py'...
Compiling '/app/.buildozer/android/platform/build-arm64-v8a/build/other_builds/python3/arm64-v8a__ndk_target_21/python3/Lib/test/test_sqlite3/__main__.py'...
Compiling '/app/.buildozer/android/platform/build-arm64-v8a/build/other_builds/python3/arm64-v8a__ndk_target_21/python3/Lib/test/test_sqlite3/test_backup.py'...
Compiling '/app/.buildozer/android/platform/build-arm64-v8a/build/other_builds/python3/arm64-v8a__ndk_target_21/python3/Lib/test/test_sqlite3/test_cli.py'...
Compiling '/app/.buildozer/android/platform/build-arm64-v8a/build/other_builds/python3/arm64-v8a__ndk_target_21/python3/Lib/test/test_sqlite3/test_dbapi.py'...
Compiling '/app/.buildozer/android/platform/build-arm64-v8a/build/other_builds/python3/arm64-v8a__ndk_target_21/python3/Lib/test/test_sqlite3/test_dump.py'...
Compiling '/app/.buildozer/android/platform/build-arm64-v8a/build/other_builds/python3/arm64-v8a__ndk_target_21/python3/Lib/test/test_sqlite3/test_factory.py'...
Compiling '/app/.buildozer/android/platform/build-arm64-v8a/build/other_builds/python3/arm64-v8a__ndk_target_21/python3/Lib/test/test_sqlite3/test_hooks.py'...
Compiling '/app/.buildozer/android/platform/build-arm64-v8a/build/other_builds/python3/arm64-v8a__ndk_target_21/python3/Lib/test/test_sqlite3/test_regression.py'...
Compiling '/app/.buildozer/android/platform/build-arm64-v8a/build/other_builds/python3/arm64-v8a__ndk_target_21/python3/Lib/test/test_sqlite3/test_transactions.py'...
Compiling '/app/.buildozer/android/platform/build-arm64-v8a/build/other_builds/python3/arm64-v8a__ndk_target_21/python3/Lib/test/test_sqlite3/test_types.py'...
Compiling '/app/.buildozer/android/platform/build-arm64-v8a/build/other_builds/python3/arm64-v8a__ndk_target_21/python3/Lib/test/test_sqlite3/test_userfunctions.py'...
Compiling '/app/.buildozer/android/platform/build-arm64-v8a/build/other_builds/python3/arm64-v8a__ndk_target_21/python3/Lib/test/test_sqlite3/util.py'...
Compiling '/app/.buildozer/android/platform/build-arm64-v8a/build/other_builds/python3/arm64-v8a__ndk_target_21/python3/Lib/test/test_ssl.py'...
Compiling '/app/.buildozer/android/platform/build-arm64-v8a/build/other_builds/python3/arm64-v8a__ndk_target_21/python3/Lib/test/test_stable_abi_ctypes.py'...
Compiling '/app/.buildozer/android/platform/build-arm64-v8a/build/other_builds/python3/arm64-v8a__ndk_target_21/python3/Lib/test/test_startfile.py'...
Compiling '/app/.buildozer/android/platform/build-arm64-v8a/build/other_builds/python3/arm64-v8a__ndk_target_21/python3/Lib/test/test_stat.py'...
Compiling '/app/.buildozer/android/platform/build-arm64-v8a/build/other_builds/python3/arm64-v8a__ndk_target_21/python3/Lib/test/test_statistics.py'...
Compiling '/app/.buildozer/android/platform/build-arm64-v8a/build/other_builds/python3/arm64-v8a__ndk_target_21/python3/Lib/test/test_str.py'...
Compiling '/app/.buildozer/android/platform/build-arm64-v8a/build/other_builds/python3/arm64-v8a__ndk_target_21/python3/Lib/test/test_strftime.py'...
Listing '/app/.buildozer/android/platform/build-arm64-v8a/build/other_builds/python3/arm64-v8a__ndk_target_21/python3/Lib/test/test_string'...
Compiling '/app/.buildozer/android/platform/build-arm64-v8a/build/other_builds/python3/arm64-v8a__ndk_target_21/python3/Lib/test/test_string/__init__.py'...
Compiling '/app/.buildozer/android/platform/build-arm64-v8a/build/other_builds/python3/arm64-v8a__ndk_target_21/python3/Lib/test/test_string/_support.py'...
Compiling '/app/.buildozer/android/platform/build-arm64-v8a/build/other_builds/python3/arm64-v8a__ndk_target_21/python3/Lib/test/test_string/test_string.py'...
Compiling '/app/.buildozer/android/platform/build-arm64-v8a/build/other_builds/python3/arm64-v8a__ndk_target_21/python3/Lib/test/test_string/test_templatelib.py'...
Compiling '/app/.buildozer/android/platform/build-arm64-v8a/build/other_builds/python3/arm64-v8a__ndk_target_21/python3/Lib/test/test_string_literals.py'...
Compiling '/app/.buildozer/android/platform/build-arm64-v8a/build/other_builds/python3/arm64-v8a__ndk_target_21/python3/Lib/test/test_stringprep.py'...
Compiling '/app/.buildozer/android/platform/build-arm64-v8a/build/other_builds/python3/arm64-v8a__ndk_target_21/python3/Lib/test/test_strptime.py'...
Compiling '/app/.buildozer/android/platform/build-arm64-v8a/build/other_builds/python3/arm64-v8a__ndk_target_21/python3/Lib/test/test_strtod.py'...
Compiling '/app/.buildozer/android/platform/build-arm64-v8a/build/other_builds/python3/arm64-v8a__ndk_target_21/python3/Lib/test/test_struct.py'...
Compiling '/app/.buildozer/android/platform/build-arm64-v8a/build/other_builds/python3/arm64-v8a__ndk_target_21/python3/Lib/test/test_structseq.py'...
Compiling '/app/.buildozer/android/platform/build-arm64-v8a/build/other_builds/python3/arm64-v8a__ndk_target_21/python3/Lib/test/test_subclassinit.py'...
Compiling '/app/.buildozer/android/platform/build-arm64-v8a/build/other_builds/python3/arm64-v8a__ndk_target_21/python3/Lib/test/test_subprocess.py'...
Compiling '/app/.buildozer/android/platform/build-arm64-v8a/build/other_builds/python3/arm64-v8a__ndk_target_21/python3/Lib/test/test_sundry.py'...
Compiling '/app/.buildozer/android/platform/build-arm64-v8a/build/other_builds/python3/arm64-v8a__ndk_target_21/python3/Lib/test/test_super.py'...
Compiling '/app/.buildozer/android/platform/build-arm64-v8a/build/other_builds/python3/arm64-v8a__ndk_target_21/python3/Lib/test/test_support.py'...
Compiling '/app/.buildozer/android/platform/build-arm64-v8a/build/other_builds/python3/arm64-v8a__ndk_target_21/python3/Lib/test/test_symtable.py'...
Compiling '/app/.buildozer/android/platform/build-arm64-v8a/build/other_builds/python3/arm64-v8a__ndk_target_21/python3/Lib/test/test_syntax.py'...
Compiling '/app/.buildozer/android/platform/build-arm64-v8a/build/other_builds/python3/arm64-v8a__ndk_target_21/python3/Lib/test/test_sys.py'...
Compiling '/app/.buildozer/android/platform/build-arm64-v8a/build/other_builds/python3/arm64-v8a__ndk_target_21/python3/Lib/test/test_sys_setprofile.py'...
Compiling '/app/.buildozer/android/platform/build-arm64-v8a/build/other_builds/python3/arm64-v8a__ndk_target_21/python3/Lib/test/test_sys_settrace.py'...
Compiling '/app/.buildozer/android/platform/build-arm64-v8a/build/other_builds/python3/arm64-v8a__ndk_target_21/python3/Lib/test/test_sysconfig.py'...
Compiling '/app/.buildozer/android/platform/build-arm64-v8a/build/other_builds/python3/arm64-v8a__ndk_target_21/python3/Lib/test/test_syslog.py'...
Compiling '/app/.buildozer/android/platform/build-arm64-v8a/build/other_builds/python3/arm64-v8a__ndk_target_21/python3/Lib/test/test_tabnanny.py'...
Compiling '/app/.buildozer/android/platform/build-arm64-v8a/build/other_builds/python3/arm64-v8a__ndk_target_21/python3/Lib/test/test_tarfile.py'...
Compiling '/app/.buildozer/android/platform/build-arm64-v8a/build/other_builds/python3/arm64-v8a__ndk_target_21/python3/Lib/test/test_tcl.py'...
Compiling '/app/.buildozer/android/platform/build-arm64-v8a/build/other_builds/python3/arm64-v8a__ndk_target_21/python3/Lib/test/test_tempfile.py'...
Compiling '/app/.buildozer/android/platform/build-arm64-v8a/build/other_builds/python3/arm64-v8a__ndk_target_21/python3/Lib/test/test_termios.py'...
Compiling '/app/.buildozer/android/platform/build-arm64-v8a/build/other_builds/python3/arm64-v8a__ndk_target_21/python3/Lib/test/test_textwrap.py'...
Compiling '/app/.buildozer/android/platform/build-arm64-v8a/build/other_builds/python3/arm64-v8a__ndk_target_21/python3/Lib/test/test_thread.py'...
Compiling '/app/.buildozer/android/platform/build-arm64-v8a/build/other_builds/python3/arm64-v8a__ndk_target_21/python3/Lib/test/test_thread_local_bytecode.py'...
Compiling '/app/.buildozer/android/platform/build-arm64-v8a/build/other_builds/python3/arm64-v8a__ndk_target_21/python3/Lib/test/test_threadedtempfile.py'...
Compiling '/app/.buildozer/android/platform/build-arm64-v8a/build/other_builds/python3/arm64-v8a__ndk_target_21/python3/Lib/test/test_threading.py'...
Compiling '/app/.buildozer/android/platform/build-arm64-v8a/build/other_builds/python3/arm64-v8a__ndk_target_21/python3/Lib/test/test_threading_local.py'...
Compiling '/app/.buildozer/android/platform/build-arm64-v8a/build/other_builds/python3/arm64-v8a__ndk_target_21/python3/Lib/test/test_threadsignals.py'...
Compiling '/app/.buildozer/android/platform/build-arm64-v8a/build/other_builds/python3/arm64-v8a__ndk_target_21/python3/Lib/test/test_time.py'...
Compiling '/app/.buildozer/android/platform/build-arm64-v8a/build/other_builds/python3/arm64-v8a__ndk_target_21/python3/Lib/test/test_timeit.py'...
Compiling '/app/.buildozer/android/platform/build-arm64-v8a/build/other_builds/python3/arm64-v8a__ndk_target_21/python3/Lib/test/test_timeout.py'...
Listing '/app/.buildozer/android/platform/build-arm64-v8a/build/other_builds/python3/arm64-v8a__ndk_target_21/python3/Lib/test/test_tkinter'...
Compiling '/app/.buildozer/android/platform/build-arm64-v8a/build/other_builds/python3/arm64-v8a__ndk_target_21/python3/Lib/test/test_tkinter/__init__.py'...
Compiling '/app/.buildozer/android/platform/build-arm64-v8a/build/other_builds/python3/arm64-v8a__ndk_target_21/python3/Lib/test/test_tkinter/__main__.py'...
Compiling '/app/.buildozer/android/platform/build-arm64-v8a/build/other_builds/python3/arm64-v8a__ndk_target_21/python3/Lib/test/test_tkinter/support.py'...
Compiling '/app/.buildozer/android/platform/build-arm64-v8a/build/other_builds/python3/arm64-v8a__ndk_target_21/python3/Lib/test/test_tkinter/test_colorchooser.py'...
Compiling '/app/.buildozer/android/platform/build-arm64-v8a/build/other_builds/python3/arm64-v8a__ndk_target_21/python3/Lib/test/test_tkinter/test_font.py'...
Compiling '/app/.buildozer/android/platform/build-arm64-v8a/build/other_builds/python3/arm64-v8a__ndk_target_21/python3/Lib/test/test_tkinter/test_geometry_managers.py'...
Compiling '/app/.buildozer/android/platform/build-arm64-v8a/build/other_builds/python3/arm64-v8a__ndk_target_21/python3/Lib/test/test_tkinter/test_images.py'...
Compiling '/app/.buildozer/android/platform/build-arm64-v8a/build/other_builds/python3/arm64-v8a__ndk_target_21/python3/Lib/test/test_tkinter/test_loadtk.py'...
Compiling '/app/.buildozer/android/platform/build-arm64-v8a/build/other_builds/python3/arm64-v8a__ndk_target_21/python3/Lib/test/test_tkinter/test_messagebox.py'...
Compiling '/app/.buildozer/android/platform/build-arm64-v8a/build/other_builds/python3/arm64-v8a__ndk_target_21/python3/Lib/test/test_tkinter/test_misc.py'...
Compiling '/app/.buildozer/android/platform/build-arm64-v8a/build/other_builds/python3/arm64-v8a__ndk_target_21/python3/Lib/test/test_tkinter/test_simpledialog.py'...
Compiling '/app/.buildozer/android/platform/build-arm64-v8a/build/other_builds/python3/arm64-v8a__ndk_target_21/python3/Lib/test/test_tkinter/test_text.py'...
Compiling '/app/.buildozer/android/platform/build-arm64-v8a/build/other_builds/python3/arm64-v8a__ndk_target_21/python3/Lib/test/test_tkinter/test_variables.py'...
Compiling '/app/.buildozer/android/platform/build-arm64-v8a/build/other_builds/python3/arm64-v8a__ndk_target_21/python3/Lib/test/test_tkinter/test_widgets.py'...
Compiling '/app/.buildozer/android/platform/build-arm64-v8a/build/other_builds/python3/arm64-v8a__ndk_target_21/python3/Lib/test/test_tkinter/widget_tests.py'...
Compiling '/app/.buildozer/android/platform/build-arm64-v8a/build/other_builds/python3/arm64-v8a__ndk_target_21/python3/Lib/test/test_tokenize.py'...
Listing '/app/.buildozer/android/platform/build-arm64-v8a/build/other_builds/python3/arm64-v8a__ndk_target_21/python3/Lib/test/test_tomllib'...
Compiling '/app/.buildozer/android/platform/build-arm64-v8a/build/other_builds/python3/arm64-v8a__ndk_target_21/python3/Lib/test/test_tomllib/__init__.py'...
Compiling '/app/.buildozer/android/platform/build-arm64-v8a/build/other_builds/python3/arm64-v8a__ndk_target_21/python3/Lib/test/test_tomllib/__main__.py'...
Compiling '/app/.buildozer/android/platform/build-arm64-v8a/build/other_builds/python3/arm64-v8a__ndk_target_21/python3/Lib/test/test_tomllib/burntsushi.py'...
Listing '/app/.buildozer/android/platform/build-arm64-v8a/build/other_builds/python3/arm64-v8a__ndk_target_21/python3/Lib/test/test_tomllib/data'...
Listing '/app/.buildozer/android/platform/build-arm64-v8a/build/other_builds/python3/arm64-v8a__ndk_target_21/python3/Lib/test/test_tomllib/data/invalid'...
Listing '/app/.buildozer/android/platform/build-arm64-v8a/build/other_builds/python3/arm64-v8a__ndk_target_21/python3/Lib/test/test_tomllib/data/invalid/array'...
Listing '/app/.buildozer/android/platform/build-arm64-v8a/build/other_builds/python3/arm64-v8a__ndk_target_21/python3/Lib/test/test_tomllib/data/invalid/array-of-tables'...
Listing '/app/.buildozer/android/platform/build-arm64-v8a/build/other_builds/python3/arm64-v8a__ndk_target_21/python3/Lib/test/test_tomllib/data/invalid/boolean'...
Listing '/app/.buildozer/android/platform/build-arm64-v8a/build/other_builds/python3/arm64-v8a__ndk_target_21/python3/Lib/test/test_tomllib/data/invalid/dates-and-times'...
Listing '/app/.buildozer/android/platform/build-arm64-v8a/build/other_builds/python3/arm64-v8a__ndk_target_21/python3/Lib/test/test_tomllib/data/invalid/dotted-keys'...
Listing '/app/.buildozer/android/platform/build-arm64-v8a/build/other_builds/python3/arm64-v8a__ndk_target_21/python3/Lib/test/test_tomllib/data/invalid/inline-table'...
Listing '/app/.buildozer/android/platform/build-arm64-v8a/build/other_builds/python3/arm64-v8a__ndk_target_21/python3/Lib/test/test_tomllib/data/invalid/keys-and-vals'...
Listing '/app/.buildozer/android/platform/build-arm64-v8a/build/other_builds/python3/arm64-v8a__ndk_target_21/python3/Lib/test/test_tomllib/data/invalid/literal-str'...
Listing '/app/.buildozer/android/platform/build-arm64-v8a/build/other_builds/python3/arm64-v8a__ndk_target_21/python3/Lib/test/test_tomllib/data/invalid/multiline-basic-str'...
Listing '/app/.buildozer/android/platform/build-arm64-v8a/build/other_builds/python3/arm64-v8a__ndk_target_21/python3/Lib/test/test_tomllib/data/invalid/multiline-literal-str'...
Listing '/app/.buildozer/android/platform/build-arm64-v8a/build/other_builds/python3/arm64-v8a__ndk_target_21/python3/Lib/test/test_tomllib/data/invalid/table'...
Listing '/app/.buildozer/android/platform/build-arm64-v8a/build/other_builds/python3/arm64-v8a__ndk_target_21/python3/Lib/test/test_tomllib/data/valid'...
Listing '/app/.buildozer/android/platform/build-arm64-v8a/build/other_builds/python3/arm64-v8a__ndk_target_21/python3/Lib/test/test_tomllib/data/valid/array'...
Listing '/app/.buildozer/android/platform/build-arm64-v8a/build/other_builds/python3/arm64-v8a__ndk_target_21/python3/Lib/test/test_tomllib/data/valid/dates-and-times'...
Listing '/app/.buildozer/android/platform/build-arm64-v8a/build/other_builds/python3/arm64-v8a__ndk_target_21/python3/Lib/test/test_tomllib/data/valid/multiline-basic-str'...
Compiling '/app/.buildozer/android/platform/build-arm64-v8a/build/other_builds/python3/arm64-v8a__ndk_target_21/python3/Lib/test/test_tomllib/test_data.py'...
Compiling '/app/.buildozer/android/platform/build-arm64-v8a/build/other_builds/python3/arm64-v8a__ndk_target_21/python3/Lib/test/test_tomllib/test_error.py'...
Compiling '/app/.buildozer/android/platform/build-arm64-v8a/build/other_builds/python3/arm64-v8a__ndk_target_21/python3/Lib/test/test_tomllib/test_misc.py'...
Listing '/app/.buildozer/android/platform/build-arm64-v8a/build/other_builds/python3/arm64-v8a__ndk_target_21/python3/Lib/test/test_tools'...
Compiling '/app/.buildozer/android/platform/build-arm64-v8a/build/other_builds/python3/arm64-v8a__ndk_target_21/python3/Lib/test/test_tools/__init__.py'...
Compiling '/app/.buildozer/android/platform/build-arm64-v8a/build/other_builds/python3/arm64-v8a__ndk_target_21/python3/Lib/test/test_tools/__main__.py'...
Listing '/app/.buildozer/android/platform/build-arm64-v8a/build/other_builds/python3/arm64-v8a__ndk_target_21/python3/Lib/test/test_tools/i18n_data'...
Compiling '/app/.buildozer/android/platform/build-arm64-v8a/build/other_builds/python3/arm64-v8a__ndk_target_21/python3/Lib/test/test_tools/i18n_data/comments.py'...
Compiling '/app/.buildozer/android/platform/build-arm64-v8a/build/other_builds/python3/arm64-v8a__ndk_target_21/python3/Lib/test/test_tools/i18n_data/custom_keywords.py'...
Compiling '/app/.buildozer/android/platform/build-arm64-v8a/build/other_builds/python3/arm64-v8a__ndk_target_21/python3/Lib/test/test_tools/i18n_data/docstrings.py'...
Compiling '/app/.buildozer/android/platform/build-arm64-v8a/build/other_builds/python3/arm64-v8a__ndk_target_21/python3/Lib/test/test_tools/i18n_data/escapes.py'...
Compiling '/app/.buildozer/android/platform/build-arm64-v8a/build/other_builds/python3/arm64-v8a__ndk_target_21/python3/Lib/test/test_tools/i18n_data/fileloc.py'...
Compiling '/app/.buildozer/android/platform/build-arm64-v8a/build/other_builds/python3/arm64-v8a__ndk_target_21/python3/Lib/test/test_tools/i18n_data/messages.py'...
Compiling '/app/.buildozer/android/platform/build-arm64-v8a/build/other_builds/python3/arm64-v8a__ndk_target_21/python3/Lib/test/test_tools/i18n_data/multiple_keywords.py'...
Listing '/app/.buildozer/android/platform/build-arm64-v8a/build/other_builds/python3/arm64-v8a__ndk_target_21/python3/Lib/test/test_tools/msgfmt_data'...
Compiling '/app/.buildozer/android/platform/build-arm64-v8a/build/other_builds/python3/arm64-v8a__ndk_target_21/python3/Lib/test/test_tools/test_freeze.py'...
Compiling '/app/.buildozer/android/platform/build-arm64-v8a/build/other_builds/python3/arm64-v8a__ndk_target_21/python3/Lib/test/test_tools/test_i18n.py'...
Compiling '/app/.buildozer/android/platform/build-arm64-v8a/build/other_builds/python3/arm64-v8a__ndk_target_21/python3/Lib/test/test_tools/test_makefile.py'...
Compiling '/app/.buildozer/android/platform/build-arm64-v8a/build/other_builds/python3/arm64-v8a__ndk_target_21/python3/Lib/test/test_tools/test_makeunicodedata.py'...
Compiling '/app/.buildozer/android/platform/build-arm64-v8a/build/other_builds/python3/arm64-v8a__ndk_target_21/python3/Lib/test/test_tools/test_msgfmt.py'...
Compiling '/app/.buildozer/android/platform/build-arm64-v8a/build/other_builds/python3/arm64-v8a__ndk_target_21/python3/Lib/test/test_tools/test_reindent.py'...
Compiling '/app/.buildozer/android/platform/build-arm64-v8a/build/other_builds/python3/arm64-v8a__ndk_target_21/python3/Lib/test/test_tools/test_sundry.py'...
Compiling '/app/.buildozer/android/platform/build-arm64-v8a/build/other_builds/python3/arm64-v8a__ndk_target_21/python3/Lib/test/test_trace.py'...
Compiling '/app/.buildozer/android/platform/build-arm64-v8a/build/other_builds/python3/arm64-v8a__ndk_target_21/python3/Lib/test/test_traceback.py'...
Compiling '/app/.buildozer/android/platform/build-arm64-v8a/build/other_builds/python3/arm64-v8a__ndk_target_21/python3/Lib/test/test_tracemalloc.py'...
Compiling '/app/.buildozer/android/platform/build-arm64-v8a/build/other_builds/python3/arm64-v8a__ndk_target_21/python3/Lib/test/test_tstring.py'...
Listing '/app/.buildozer/android/platform/build-arm64-v8a/build/other_builds/python3/arm64-v8a__ndk_target_21/python3/Lib/test/test_ttk'...
Compiling '/app/.buildozer/android/platform/build-arm64-v8a/build/other_builds/python3/arm64-v8a__ndk_target_21/python3/Lib/test/test_ttk/__init__.py'...
Compiling '/app/.buildozer/android/platform/build-arm64-v8a/build/other_builds/python3/arm64-v8a__ndk_target_21/python3/Lib/test/test_ttk/__main__.py'...
Compiling '/app/.buildozer/android/platform/build-arm64-v8a/build/other_builds/python3/arm64-v8a__ndk_target_21/python3/Lib/test/test_ttk/test_extensions.py'...
Compiling '/app/.buildozer/android/platform/build-arm64-v8a/build/other_builds/python3/arm64-v8a__ndk_target_21/python3/Lib/test/test_ttk/test_style.py'...
Compiling '/app/.buildozer/android/platform/build-arm64-v8a/build/other_builds/python3/arm64-v8a__ndk_target_21/python3/Lib/test/test_ttk/test_widgets.py'...
Compiling '/app/.buildozer/android/platform/build-arm64-v8a/build/other_builds/python3/arm64-v8a__ndk_target_21/python3/Lib/test/test_ttk_textonly.py'...
Compiling '/app/.buildozer/android/platform/build-arm64-v8a/build/other_builds/python3/arm64-v8a__ndk_target_21/python3/Lib/test/test_tty.py'...
Compiling '/app/.buildozer/android/platform/build-arm64-v8a/build/other_builds/python3/arm64-v8a__ndk_target_21/python3/Lib/test/test_tuple.py'...
Compiling '/app/.buildozer/android/platform/build-arm64-v8a/build/other_builds/python3/arm64-v8a__ndk_target_21/python3/Lib/test/test_turtle.py'...
Compiling '/app/.buildozer/android/platform/build-arm64-v8a/build/other_builds/python3/arm64-v8a__ndk_target_21/python3/Lib/test/test_type_aliases.py'...
Compiling '/app/.buildozer/android/platform/build-arm64-v8a/build/other_builds/python3/arm64-v8a__ndk_target_21/python3/Lib/test/test_type_annotations.py'...
Compiling '/app/.buildozer/android/platform/build-arm64-v8a/build/other_builds/python3/arm64-v8a__ndk_target_21/python3/Lib/test/test_type_cache.py'...
Compiling '/app/.buildozer/android/platform/build-arm64-v8a/build/other_builds/python3/arm64-v8a__ndk_target_21/python3/Lib/test/test_type_comments.py'...
Compiling '/app/.buildozer/android/platform/build-arm64-v8a/build/other_builds/python3/arm64-v8a__ndk_target_21/python3/Lib/test/test_type_params.py'...
Compiling '/app/.buildozer/android/platform/build-arm64-v8a/build/other_builds/python3/arm64-v8a__ndk_target_21/python3/Lib/test/test_typechecks.py'...
Compiling '/app/.buildozer/android/platform/build-arm64-v8a/build/other_builds/python3/arm64-v8a__ndk_target_21/python3/Lib/test/test_types.py'...
Compiling '/app/.buildozer/android/platform/build-arm64-v8a/build/other_builds/python3/arm64-v8a__ndk_target_21/python3/Lib/test/test_typing.py'...
Compiling '/app/.buildozer/android/platform/build-arm64-v8a/build/other_builds/python3/arm64-v8a__ndk_target_21/python3/Lib/test/test_ucn.py'...
Compiling '/app/.buildozer/android/platform/build-arm64-v8a/build/other_builds/python3/arm64-v8a__ndk_target_21/python3/Lib/test/test_unary.py'...
Compiling '/app/.buildozer/android/platform/build-arm64-v8a/build/other_builds/python3/arm64-v8a__ndk_target_21/python3/Lib/test/test_unicode_file.py'...
Compiling '/app/.buildozer/android/platform/build-arm64-v8a/build/other_builds/python3/arm64-v8a__ndk_target_21/python3/Lib/test/test_unicode_file_functions.py'...
Compiling '/app/.buildozer/android/platform/build-arm64-v8a/build/other_builds/python3/arm64-v8a__ndk_target_21/python3/Lib/test/test_unicode_identifiers.py'...
Compiling '/app/.buildozer/android/platform/build-arm64-v8a/build/other_builds/python3/arm64-v8a__ndk_target_21/python3/Lib/test/test_unicodedata.py'...
Listing '/app/.buildozer/android/platform/build-arm64-v8a/build/other_builds/python3/arm64-v8a__ndk_target_21/python3/Lib/test/test_unittest'...
Compiling '/app/.buildozer/android/platform/build-arm64-v8a/build/other_builds/python3/arm64-v8a__ndk_target_21/python3/Lib/test/test_unittest/__init__.py'...
Compiling '/app/.buildozer/android/platform/build-arm64-v8a/build/other_builds/python3/arm64-v8a__ndk_target_21/python3/Lib/test/test_unittest/__main__.py'...
Compiling '/app/.buildozer/android/platform/build-arm64-v8a/build/other_builds/python3/arm64-v8a__ndk_target_21/python3/Lib/test/test_unittest/_test_warnings.py'...
Compiling '/app/.buildozer/android/platform/build-arm64-v8a/build/other_builds/python3/arm64-v8a__ndk_target_21/python3/Lib/test/test_unittest/dummy.py'...
Listing '/app/.buildozer/android/platform/build-arm64-v8a/build/other_builds/python3/arm64-v8a__ndk_target_21/python3/Lib/test/test_unittest/namespace_test_pkg'...
Listing '/app/.buildozer/android/platform/build-arm64-v8a/build/other_builds/python3/arm64-v8a__ndk_target_21/python3/Lib/test/test_unittest/namespace_test_pkg/bar'...
Compiling '/app/.buildozer/android/platform/build-arm64-v8a/build/other_builds/python3/arm64-v8a__ndk_target_21/python3/Lib/test/test_unittest/namespace_test_pkg/bar/__init__.py'...
Compiling '/app/.buildozer/android/platform/build-arm64-v8a/build/other_builds/python3/arm64-v8a__ndk_target_21/python3/Lib/test/test_unittest/namespace_test_pkg/bar/test_bar.py'...
Listing '/app/.buildozer/android/platform/build-arm64-v8a/build/other_builds/python3/arm64-v8a__ndk_target_21/python3/Lib/test/test_unittest/namespace_test_pkg/noop'...
Listing '/app/.buildozer/android/platform/build-arm64-v8a/build/other_builds/python3/arm64-v8a__ndk_target_21/python3/Lib/test/test_unittest/namespace_test_pkg/noop/no2'...
Compiling '/app/.buildozer/android/platform/build-arm64-v8a/build/other_builds/python3/arm64-v8a__ndk_target_21/python3/Lib/test/test_unittest/namespace_test_pkg/noop/no2/__init__.py'...
Compiling '/app/.buildozer/android/platform/build-arm64-v8a/build/other_builds/python3/arm64-v8a__ndk_target_21/python3/Lib/test/test_unittest/namespace_test_pkg/noop/no2/test_no2.py'...
Compiling '/app/.buildozer/android/platform/build-arm64-v8a/build/other_builds/python3/arm64-v8a__ndk_target_21/python3/Lib/test/test_unittest/namespace_test_pkg/noop/test_noop.py'...
Compiling '/app/.buildozer/android/platform/build-arm64-v8a/build/other_builds/python3/arm64-v8a__ndk_target_21/python3/Lib/test/test_unittest/namespace_test_pkg/test_foo.py'...
Compiling '/app/.buildozer/android/platform/build-arm64-v8a/build/other_builds/python3/arm64-v8a__ndk_target_21/python3/Lib/test/test_unittest/support.py'...
Compiling '/app/.buildozer/android/platform/build-arm64-v8a/build/other_builds/python3/arm64-v8a__ndk_target_21/python3/Lib/test/test_unittest/test_assertions.py'...
Compiling '/app/.buildozer/android/platform/build-arm64-v8a/build/other_builds/python3/arm64-v8a__ndk_target_21/python3/Lib/test/test_unittest/test_async_case.py'...
Compiling '/app/.buildozer/android/platform/build-arm64-v8a/build/other_builds/python3/arm64-v8a__ndk_target_21/python3/Lib/test/test_unittest/test_break.py'...
Compiling '/app/.buildozer/android/platform/build-arm64-v8a/build/other_builds/python3/arm64-v8a__ndk_target_21/python3/Lib/test/test_unittest/test_case.py'...
Compiling '/app/.buildozer/android/platform/build-arm64-v8a/build/other_builds/python3/arm64-v8a__ndk_target_21/python3/Lib/test/test_unittest/test_discovery.py'...
Compiling '/app/.buildozer/android/platform/build-arm64-v8a/build/other_builds/python3/arm64-v8a__ndk_target_21/python3/Lib/test/test_unittest/test_functiontestcase.py'...
Compiling '/app/.buildozer/android/platform/build-arm64-v8a/build/other_builds/python3/arm64-v8a__ndk_target_21/python3/Lib/test/test_unittest/test_loader.py'...
Compiling '/app/.buildozer/android/platform/build-arm64-v8a/build/other_builds/python3/arm64-v8a__ndk_target_21/python3/Lib/test/test_unittest/test_program.py'...
Compiling '/app/.buildozer/android/platform/build-arm64-v8a/build/other_builds/python3/arm64-v8a__ndk_target_21/python3/Lib/test/test_unittest/test_result.py'...
Compiling '/app/.buildozer/android/platform/build-arm64-v8a/build/other_builds/python3/arm64-v8a__ndk_target_21/python3/Lib/test/test_unittest/test_runner.py'...
Compiling '/app/.buildozer/android/platform/build-arm64-v8a/build/other_builds/python3/arm64-v8a__ndk_target_21/python3/Lib/test/test_unittest/test_setups.py'...
Compiling '/app/.buildozer/android/platform/build-arm64-v8a/build/other_builds/python3/arm64-v8a__ndk_target_21/python3/Lib/test/test_unittest/test_skipping.py'...
Compiling '/app/.buildozer/android/platform/build-arm64-v8a/build/other_builds/python3/arm64-v8a__ndk_target_21/python3/Lib/test/test_unittest/test_suite.py'...
Compiling '/app/.buildozer/android/platform/build-arm64-v8a/build/other_builds/python3/arm64-v8a__ndk_target_21/python3/Lib/test/test_unittest/test_util.py'...
Listing '/app/.buildozer/android/platform/build-arm64-v8a/build/other_builds/python3/arm64-v8a__ndk_target_21/python3/Lib/test/test_unittest/testmock'...
Compiling '/app/.buildozer/android/platform/build-arm64-v8a/build/other_builds/python3/arm64-v8a__ndk_target_21/python3/Lib/test/test_unittest/testmock/__init__.py'...
Compiling '/app/.buildozer/android/platform/build-arm64-v8a/build/other_builds/python3/arm64-v8a__ndk_target_21/python3/Lib/test/test_unittest/testmock/__main__.py'...
Compiling '/app/.buildozer/android/platform/build-arm64-v8a/build/other_builds/python3/arm64-v8a__ndk_target_21/python3/Lib/test/test_unittest/testmock/support.py'...
Compiling '/app/.buildozer/android/platform/build-arm64-v8a/build/other_builds/python3/arm64-v8a__ndk_target_21/python3/Lib/test/test_unittest/testmock/testasync.py'...
Compiling '/app/.buildozer/android/platform/build-arm64-v8a/build/other_builds/python3/arm64-v8a__ndk_target_21/python3/Lib/test/test_unittest/testmock/testcallable.py'...
Compiling '/app/.buildozer/android/platform/build-arm64-v8a/build/other_builds/python3/arm64-v8a__ndk_target_21/python3/Lib/test/test_unittest/testmock/testhelpers.py'...
Compiling '/app/.buildozer/android/platform/build-arm64-v8a/build/other_builds/python3/arm64-v8a__ndk_target_21/python3/Lib/test/test_unittest/testmock/testmagicmethods.py'...
Compiling '/app/.buildozer/android/platform/build-arm64-v8a/build/other_builds/python3/arm64-v8a__ndk_target_21/python3/Lib/test/test_unittest/testmock/testmock.py'...
Compiling '/app/.buildozer/android/platform/build-arm64-v8a/build/other_builds/python3/arm64-v8a__ndk_target_21/python3/Lib/test/test_unittest/testmock/testpatch.py'...
Compiling '/app/.buildozer/android/platform/build-arm64-v8a/build/other_builds/python3/arm64-v8a__ndk_target_21/python3/Lib/test/test_unittest/testmock/testsealable.py'...
Compiling '/app/.buildozer/android/platform/build-arm64-v8a/build/other_builds/python3/arm64-v8a__ndk_target_21/python3/Lib/test/test_unittest/testmock/testsentinel.py'...
Compiling '/app/.buildozer/android/platform/build-arm64-v8a/build/other_builds/python3/arm64-v8a__ndk_target_21/python3/Lib/test/test_unittest/testmock/testthreadingmock.py'...
Compiling '/app/.buildozer/android/platform/build-arm64-v8a/build/other_builds/python3/arm64-v8a__ndk_target_21/python3/Lib/test/test_unittest/testmock/testwith.py'...
Compiling '/app/.buildozer/android/platform/build-arm64-v8a/build/other_builds/python3/arm64-v8a__ndk_target_21/python3/Lib/test/test_univnewlines.py'...
Compiling '/app/.buildozer/android/platform/build-arm64-v8a/build/other_builds/python3/arm64-v8a__ndk_target_21/python3/Lib/test/test_unpack.py'...
Compiling '/app/.buildozer/android/platform/build-arm64-v8a/build/other_builds/python3/arm64-v8a__ndk_target_21/python3/Lib/test/test_unpack_ex.py'...
Compiling '/app/.buildozer/android/platform/build-arm64-v8a/build/other_builds/python3/arm64-v8a__ndk_target_21/python3/Lib/test/test_unparse.py'...
Compiling '/app/.buildozer/android/platform/build-arm64-v8a/build/other_builds/python3/arm64-v8a__ndk_target_21/python3/Lib/test/test_urllib.py'...
Compiling '/app/.buildozer/android/platform/build-arm64-v8a/build/other_builds/python3/arm64-v8a__ndk_target_21/python3/Lib/test/test_urllib2.py'...
Compiling '/app/.buildozer/android/platform/build-arm64-v8a/build/other_builds/python3/arm64-v8a__ndk_target_21/python3/Lib/test/test_urllib2_localnet.py'...
Compiling '/app/.buildozer/android/platform/build-arm64-v8a/build/other_builds/python3/arm64-v8a__ndk_target_21/python3/Lib/test/test_urllib2net.py'...
Compiling '/app/.buildozer/android/platform/build-arm64-v8a/build/other_builds/python3/arm64-v8a__ndk_target_21/python3/Lib/test/test_urllib_response.py'...
Compiling '/app/.buildozer/android/platform/build-arm64-v8a/build/other_builds/python3/arm64-v8a__ndk_target_21/python3/Lib/test/test_urllibnet.py'...
Compiling '/app/.buildozer/android/platform/build-arm64-v8a/build/other_builds/python3/arm64-v8a__ndk_target_21/python3/Lib/test/test_urlparse.py'...
Compiling '/app/.buildozer/android/platform/build-arm64-v8a/build/other_builds/python3/arm64-v8a__ndk_target_21/python3/Lib/test/test_userdict.py'...
Compiling '/app/.buildozer/android/platform/build-arm64-v8a/build/other_builds/python3/arm64-v8a__ndk_target_21/python3/Lib/test/test_userlist.py'...
Compiling '/app/.buildozer/android/platform/build-arm64-v8a/build/other_builds/python3/arm64-v8a__ndk_target_21/python3/Lib/test/test_userstring.py'...
Compiling '/app/.buildozer/android/platform/build-arm64-v8a/build/other_builds/python3/arm64-v8a__ndk_target_21/python3/Lib/test/test_utf8_mode.py'...
Compiling '/app/.buildozer/android/platform/build-arm64-v8a/build/other_builds/python3/arm64-v8a__ndk_target_21/python3/Lib/test/test_utf8source.py'...
Compiling '/app/.buildozer/android/platform/build-arm64-v8a/build/other_builds/python3/arm64-v8a__ndk_target_21/python3/Lib/test/test_uuid.py'...
Compiling '/app/.buildozer/android/platform/build-arm64-v8a/build/other_builds/python3/arm64-v8a__ndk_target_21/python3/Lib/test/test_venv.py'...
Compiling '/app/.buildozer/android/platform/build-arm64-v8a/build/other_builds/python3/arm64-v8a__ndk_target_21/python3/Lib/test/test_wait3.py'...
Compiling '/app/.buildozer/android/platform/build-arm64-v8a/build/other_builds/python3/arm64-v8a__ndk_target_21/python3/Lib/test/test_wait4.py'...
Listing '/app/.buildozer/android/platform/build-arm64-v8a/build/other_builds/python3/arm64-v8a__ndk_target_21/python3/Lib/test/test_warnings'...
Compiling '/app/.buildozer/android/platform/build-arm64-v8a/build/other_builds/python3/arm64-v8a__ndk_target_21/python3/Lib/test/test_warnings/__init__.py'...
Compiling '/app/.buildozer/android/platform/build-arm64-v8a/build/other_builds/python3/arm64-v8a__ndk_target_21/python3/Lib/test/test_warnings/__main__.py'...
Listing '/app/.buildozer/android/platform/build-arm64-v8a/build/other_builds/python3/arm64-v8a__ndk_target_21/python3/Lib/test/test_warnings/data'...
Compiling '/app/.buildozer/android/platform/build-arm64-v8a/build/other_builds/python3/arm64-v8a__ndk_target_21/python3/Lib/test/test_warnings/data/import_warning.py'...
Compiling '/app/.buildozer/android/platform/build-arm64-v8a/build/other_builds/python3/arm64-v8a__ndk_target_21/python3/Lib/test/test_warnings/data/package_helper.py'...
Compiling '/app/.buildozer/android/platform/build-arm64-v8a/build/other_builds/python3/arm64-v8a__ndk_target_21/python3/Lib/test/test_warnings/data/stacklevel.py'...
Compiling '/app/.buildozer/android/platform/build-arm64-v8a/build/other_builds/python3/arm64-v8a__ndk_target_21/python3/Lib/test/test_wave.py'...
Compiling '/app/.buildozer/android/platform/build-arm64-v8a/build/other_builds/python3/arm64-v8a__ndk_target_21/python3/Lib/test/test_weakref.py'...
Compiling '/app/.buildozer/android/platform/build-arm64-v8a/build/other_builds/python3/arm64-v8a__ndk_target_21/python3/Lib/test/test_weakset.py'...
Compiling '/app/.buildozer/android/platform/build-arm64-v8a/build/other_builds/python3/arm64-v8a__ndk_target_21/python3/Lib/test/test_webbrowser.py'...
Compiling '/app/.buildozer/android/platform/build-arm64-v8a/build/other_builds/python3/arm64-v8a__ndk_target_21/python3/Lib/test/test_winapi.py'...
Compiling '/app/.buildozer/android/platform/build-arm64-v8a/build/other_builds/python3/arm64-v8a__ndk_target_21/python3/Lib/test/test_winconsoleio.py'...
Compiling '/app/.buildozer/android/platform/build-arm64-v8a/build/other_builds/python3/arm64-v8a__ndk_target_21/python3/Lib/test/test_winreg.py'...
Compiling '/app/.buildozer/android/platform/build-arm64-v8a/build/other_builds/python3/arm64-v8a__ndk_target_21/python3/Lib/test/test_winsound.py'...
Compiling '/app/.buildozer/android/platform/build-arm64-v8a/build/other_builds/python3/arm64-v8a__ndk_target_21/python3/Lib/test/test_with.py'...
Compiling '/app/.buildozer/android/platform/build-arm64-v8a/build/other_builds/python3/arm64-v8a__ndk_target_21/python3/Lib/test/test_wmi.py'...
Compiling '/app/.buildozer/android/platform/build-arm64-v8a/build/other_builds/python3/arm64-v8a__ndk_target_21/python3/Lib/test/test_wsgiref.py'...
Compiling '/app/.buildozer/android/platform/build-arm64-v8a/build/other_builds/python3/arm64-v8a__ndk_target_21/python3/Lib/test/test_xml_dom_minicompat.py'...
Compiling '/app/.buildozer/android/platform/build-arm64-v8a/build/other_builds/python3/arm64-v8a__ndk_target_21/python3/Lib/test/test_xml_dom_xmlbuilder.py'...
Compiling '/app/.buildozer/android/platform/build-arm64-v8a/build/other_builds/python3/arm64-v8a__ndk_target_21/python3/Lib/test/test_xml_etree.py'...
Compiling '/app/.buildozer/android/platform/build-arm64-v8a/build/other_builds/python3/arm64-v8a__ndk_target_21/python3/Lib/test/test_xml_etree_c.py'...
Compiling '/app/.buildozer/android/platform/build-arm64-v8a/build/other_builds/python3/arm64-v8a__ndk_target_21/python3/Lib/test/test_xmlrpc.py'...
Compiling '/app/.buildozer/android/platform/build-arm64-v8a/build/other_builds/python3/arm64-v8a__ndk_target_21/python3/Lib/test/test_xxlimited.py'...
Compiling '/app/.buildozer/android/platform/build-arm64-v8a/build/other_builds/python3/arm64-v8a__ndk_target_21/python3/Lib/test/test_xxtestfuzz.py'...
Compiling '/app/.buildozer/android/platform/build-arm64-v8a/build/other_builds/python3/arm64-v8a__ndk_target_21/python3/Lib/test/test_yield_from.py'...
Compiling '/app/.buildozer/android/platform/build-arm64-v8a/build/other_builds/python3/arm64-v8a__ndk_target_21/python3/Lib/test/test_zipapp.py'...
Listing '/app/.buildozer/android/platform/build-arm64-v8a/build/other_builds/python3/arm64-v8a__ndk_target_21/python3/Lib/test/test_zipfile'...
Compiling '/app/.buildozer/android/platform/build-arm64-v8a/build/other_builds/python3/arm64-v8a__ndk_target_21/python3/Lib/test/test_zipfile/__init__.py'...
Compiling '/app/.buildozer/android/platform/build-arm64-v8a/build/other_builds/python3/arm64-v8a__ndk_target_21/python3/Lib/test/test_zipfile/__main__.py'...
Listing '/app/.buildozer/android/platform/build-arm64-v8a/build/other_builds/python3/arm64-v8a__ndk_target_21/python3/Lib/test/test_zipfile/_path'...
Compiling '/app/.buildozer/android/platform/build-arm64-v8a/build/other_builds/python3/arm64-v8a__ndk_target_21/python3/Lib/test/test_zipfile/_path/__init__.py'...
Compiling '/app/.buildozer/android/platform/build-arm64-v8a/build/other_builds/python3/arm64-v8a__ndk_target_21/python3/Lib/test/test_zipfile/_path/_functools.py'...
Compiling '/app/.buildozer/android/platform/build-arm64-v8a/build/other_builds/python3/arm64-v8a__ndk_target_21/python3/Lib/test/test_zipfile/_path/_itertools.py'...
Compiling '/app/.buildozer/android/platform/build-arm64-v8a/build/other_builds/python3/arm64-v8a__ndk_target_21/python3/Lib/test/test_zipfile/_path/_support.py'...
Compiling '/app/.buildozer/android/platform/build-arm64-v8a/build/other_builds/python3/arm64-v8a__ndk_target_21/python3/Lib/test/test_zipfile/_path/_test_params.py'...
Compiling '/app/.buildozer/android/platform/build-arm64-v8a/build/other_builds/python3/arm64-v8a__ndk_target_21/python3/Lib/test/test_zipfile/_path/test_complexity.py'...
Compiling '/app/.buildozer/android/platform/build-arm64-v8a/build/other_builds/python3/arm64-v8a__ndk_target_21/python3/Lib/test/test_zipfile/_path/test_path.py'...
Compiling '/app/.buildozer/android/platform/build-arm64-v8a/build/other_builds/python3/arm64-v8a__ndk_target_21/python3/Lib/test/test_zipfile/_path/write-alpharep.py'...
Compiling '/app/.buildozer/android/platform/build-arm64-v8a/build/other_builds/python3/arm64-v8a__ndk_target_21/python3/Lib/test/test_zipfile/test_core.py'...
Compiling '/app/.buildozer/android/platform/build-arm64-v8a/build/other_builds/python3/arm64-v8a__ndk_target_21/python3/Lib/test/test_zipfile64.py'...
Compiling '/app/.buildozer/android/platform/build-arm64-v8a/build/other_builds/python3/arm64-v8a__ndk_target_21/python3/Lib/test/test_zipimport.py'...
Compiling '/app/.buildozer/android/platform/build-arm64-v8a/build/other_builds/python3/arm64-v8a__ndk_target_21/python3/Lib/test/test_zipimport_support.py'...
Compiling '/app/.buildozer/android/platform/build-arm64-v8a/build/other_builds/python3/arm64-v8a__ndk_target_21/python3/Lib/test/test_zlib.py'...
Listing '/app/.buildozer/android/platform/build-arm64-v8a/build/other_builds/python3/arm64-v8a__ndk_target_21/python3/Lib/test/test_zoneinfo'...
Compiling '/app/.buildozer/android/platform/build-arm64-v8a/build/other_builds/python3/arm64-v8a__ndk_target_21/python3/Lib/test/test_zoneinfo/__init__.py'...
Compiling '/app/.buildozer/android/platform/build-arm64-v8a/build/other_builds/python3/arm64-v8a__ndk_target_21/python3/Lib/test/test_zoneinfo/__main__.py'...
Compiling '/app/.buildozer/android/platform/build-arm64-v8a/build/other_builds/python3/arm64-v8a__ndk_target_21/python3/Lib/test/test_zoneinfo/_support.py'...
Listing '/app/.buildozer/android/platform/build-arm64-v8a/build/other_builds/python3/arm64-v8a__ndk_target_21/python3/Lib/test/test_zoneinfo/data'...
Compiling '/app/.buildozer/android/platform/build-arm64-v8a/build/other_builds/python3/arm64-v8a__ndk_target_21/python3/Lib/test/test_zoneinfo/data/update_test_data.py'...
Compiling '/app/.buildozer/android/platform/build-arm64-v8a/build/other_builds/python3/arm64-v8a__ndk_target_21/python3/Lib/test/test_zoneinfo/test_zoneinfo.py'...
Compiling '/app/.buildozer/android/platform/build-arm64-v8a/build/other_builds/python3/arm64-v8a__ndk_target_21/python3/Lib/test/test_zoneinfo/test_zoneinfo_property.py'...
Compiling '/app/.buildozer/android/platform/build-arm64-v8a/build/other_builds/python3/arm64-v8a__ndk_target_21/python3/Lib/test/test_zstd.py'...
Compiling '/app/.buildozer/android/platform/build-arm64-v8a/build/other_builds/python3/arm64-v8a__ndk_target_21/python3/Lib/test/testcodec.py'...
Compiling '/app/.buildozer/android/platform/build-arm64-v8a/build/other_builds/python3/arm64-v8a__ndk_target_21/python3/Lib/test/tf_inherit_check.py'...
Listing '/app/.buildozer/android/platform/build-arm64-v8a/build/other_builds/python3/arm64-v8a__ndk_target_21/python3/Lib/test/tkinterdata'...
Listing '/app/.buildozer/android/platform/build-arm64-v8a/build/other_builds/python3/arm64-v8a__ndk_target_21/python3/Lib/test/tokenizedata'...
Compiling '/app/.buildozer/android/platform/build-arm64-v8a/build/other_builds/python3/arm64-v8a__ndk_target_21/python3/Lib/test/tokenizedata/__init__.py'...
Compiling '/app/.buildozer/android/platform/build-arm64-v8a/build/other_builds/python3/arm64-v8a__ndk_target_21/python3/Lib/test/tokenizedata/bad_coding.py'...
***   File "/app/.buildozer/android/platform/build-arm64-v8a/build/other_builds/python3/arm64-v8a__ndk_target_21/python3/Lib/test/tokenizedata/bad_coding.py", line 0
SyntaxError: unknown encoding: uft-8

Compiling '/app/.buildozer/android/platform/build-arm64-v8a/build/other_builds/python3/arm64-v8a__ndk_target_21/python3/Lib/test/tokenizedata/bad_coding2.py'...
***   File "/app/.buildozer/android/platform/build-arm64-v8a/build/other_builds/python3/arm64-v8a__ndk_target_21/python3/Lib/test/tokenizedata/bad_coding2.py", line 1
    #coding: utf8
SyntaxError: encoding problem: utf8 with BOM

Compiling '/app/.buildozer/android/platform/build-arm64-v8a/build/other_builds/python3/arm64-v8a__ndk_target_21/python3/Lib/test/tokenizedata/badsyntax_3131.py'...
***   File "/app/.buildozer/android/platform/build-arm64-v8a/build/other_builds/python3/arm64-v8a__ndk_target_21/python3/Lib/test/tokenizedata/badsyntax_3131.py", line 2
    € = 2
    ^
SyntaxError: invalid character '€' (U+20AC)

Compiling '/app/.buildozer/android/platform/build-arm64-v8a/build/other_builds/python3/arm64-v8a__ndk_target_21/python3/Lib/test/tokenizedata/badsyntax_pep3120.py'...
***   File "/app/.buildozer/android/platform/build-arm64-v8a/build/other_builds/python3/arm64-v8a__ndk_target_21/python3/Lib/test/tokenizedata/badsyntax_pep3120.py", line 1
    print("b�se")
            ^
SyntaxError: Non-UTF-8 code starting with '\xf6' on line 1, but no encoding declared; see https://peps.python.org/pep-0263/ for details

Compiling '/app/.buildozer/android/platform/build-arm64-v8a/build/other_builds/python3/arm64-v8a__ndk_target_21/python3/Lib/test/tokenizedata/coding20731.py'...
Listing '/app/.buildozer/android/platform/build-arm64-v8a/build/other_builds/python3/arm64-v8a__ndk_target_21/python3/Lib/test/tracedmodules'...
Compiling '/app/.buildozer/android/platform/build-arm64-v8a/build/other_builds/python3/arm64-v8a__ndk_target_21/python3/Lib/test/tracedmodules/__init__.py'...
Compiling '/app/.buildozer/android/platform/build-arm64-v8a/build/other_builds/python3/arm64-v8a__ndk_target_21/python3/Lib/test/tracedmodules/testmod.py'...
Listing '/app/.buildozer/android/platform/build-arm64-v8a/build/other_builds/python3/arm64-v8a__ndk_target_21/python3/Lib/test/translationdata'...
Listing '/app/.buildozer/android/platform/build-arm64-v8a/build/other_builds/python3/arm64-v8a__ndk_target_21/python3/Lib/test/translationdata/argparse'...
Listing '/app/.buildozer/android/platform/build-arm64-v8a/build/other_builds/python3/arm64-v8a__ndk_target_21/python3/Lib/test/translationdata/getopt'...
Listing '/app/.buildozer/android/platform/build-arm64-v8a/build/other_builds/python3/arm64-v8a__ndk_target_21/python3/Lib/test/translationdata/optparse'...
Listing '/app/.buildozer/android/platform/build-arm64-v8a/build/other_builds/python3/arm64-v8a__ndk_target_21/python3/Lib/test/typinganndata'...
Compiling '/app/.buildozer/android/platform/build-arm64-v8a/build/other_builds/python3/arm64-v8a__ndk_target_21/python3/Lib/test/typinganndata/__init__.py'...
Compiling '/app/.buildozer/android/platform/build-arm64-v8a/build/other_builds/python3/arm64-v8a__ndk_target_21/python3/Lib/test/typinganndata/_typed_dict_helper.py'...
Compiling '/app/.buildozer/android/platform/build-arm64-v8a/build/other_builds/python3/arm64-v8a__ndk_target_21/python3/Lib/test/typinganndata/ann_module.py'...
Compiling '/app/.buildozer/android/platform/build-arm64-v8a/build/other_builds/python3/arm64-v8a__ndk_target_21/python3/Lib/test/typinganndata/ann_module2.py'...
Compiling '/app/.buildozer/android/platform/build-arm64-v8a/build/other_builds/python3/arm64-v8a__ndk_target_21/python3/Lib/test/typinganndata/ann_module3.py'...
Compiling '/app/.buildozer/android/platform/build-arm64-v8a/build/other_builds/python3/arm64-v8a__ndk_target_21/python3/Lib/test/typinganndata/ann_module4.py'...
Compiling '/app/.buildozer/android/platform/build-arm64-v8a/build/other_builds/python3/arm64-v8a__ndk_target_21/python3/Lib/test/typinganndata/ann_module5.py'...
Compiling '/app/.buildozer/android/platform/build-arm64-v8a/build/other_builds/python3/arm64-v8a__ndk_target_21/python3/Lib/test/typinganndata/ann_module6.py'...
Compiling '/app/.buildozer/android/platform/build-arm64-v8a/build/other_builds/python3/arm64-v8a__ndk_target_21/python3/Lib/test/typinganndata/ann_module695.py'...
Compiling '/app/.buildozer/android/platform/build-arm64-v8a/build/other_builds/python3/arm64-v8a__ndk_target_21/python3/Lib/test/typinganndata/ann_module7.py'...
Compiling '/app/.buildozer/android/platform/build-arm64-v8a/build/other_builds/python3/arm64-v8a__ndk_target_21/python3/Lib/test/typinganndata/ann_module8.py'...
Compiling '/app/.buildozer/android/platform/build-arm64-v8a/build/other_builds/python3/arm64-v8a__ndk_target_21/python3/Lib/test/typinganndata/ann_module9.py'...
Compiling '/app/.buildozer/android/platform/build-arm64-v8a/build/other_builds/python3/arm64-v8a__ndk_target_21/python3/Lib/test/typinganndata/fwdref_module.py'...
Compiling '/app/.buildozer/android/platform/build-arm64-v8a/build/other_builds/python3/arm64-v8a__ndk_target_21/python3/Lib/test/typinganndata/mod_generics_cache.py'...
Listing '/app/.buildozer/android/platform/build-arm64-v8a/build/other_builds/python3/arm64-v8a__ndk_target_21/python3/Lib/test/typinganndata/partialexecution'...
Compiling '/app/.buildozer/android/platform/build-arm64-v8a/build/other_builds/python3/arm64-v8a__ndk_target_21/python3/Lib/test/typinganndata/partialexecution/__init__.py'...
Compiling '/app/.buildozer/android/platform/build-arm64-v8a/build/other_builds/python3/arm64-v8a__ndk_target_21/python3/Lib/test/typinganndata/partialexecution/a.py'...
Compiling '/app/.buildozer/android/platform/build-arm64-v8a/build/other_builds/python3/arm64-v8a__ndk_target_21/python3/Lib/test/typinganndata/partialexecution/b.py'...
Listing '/app/.buildozer/android/platform/build-arm64-v8a/build/other_builds/python3/arm64-v8a__ndk_target_21/python3/Lib/test/wheeldata'...
Compiling '/app/.buildozer/android/platform/build-arm64-v8a/build/other_builds/python3/arm64-v8a__ndk_target_21/python3/Lib/test/win_console_handler.py'...
Listing '/app/.buildozer/android/platform/build-arm64-v8a/build/other_builds/python3/arm64-v8a__ndk_target_21/python3/Lib/test/xmltestdata'...
Listing '/app/.buildozer/android/platform/build-arm64-v8a/build/other_builds/python3/arm64-v8a__ndk_target_21/python3/Lib/test/xmltestdata/c14n-20'...
Compiling '/app/.buildozer/android/platform/build-arm64-v8a/build/other_builds/python3/arm64-v8a__ndk_target_21/python3/Lib/test/xmltests.py'...
Listing '/app/.buildozer/android/platform/build-arm64-v8a/build/other_builds/python3/arm64-v8a__ndk_target_21/python3/Lib/test/zipimport_data'...
Compiling '/app/.buildozer/android/platform/build-arm64-v8a/build/other_builds/python3/arm64-v8a__ndk_target_21/python3/Lib/textwrap.py'...
Compiling '/app/.buildozer/android/platform/build-arm64-v8a/build/other_builds/python3/arm64-v8a__ndk_target_21/python3/Lib/this.py'...
Compiling '/app/.buildozer/android/platform/build-arm64-v8a/build/other_builds/python3/arm64-v8a__ndk_target_21/python3/Lib/threading.py'...
Compiling '/app/.buildozer/android/platform/build-arm64-v8a/build/other_builds/python3/arm64-v8a__ndk_target_21/python3/Lib/timeit.py'...
Listing '/app/.buildozer/android/platform/build-arm64-v8a/build/other_builds/python3/arm64-v8a__ndk_target_21/python3/Lib/tkinter'...
Compiling '/app/.buildozer/android/platform/build-arm64-v8a/build/other_builds/python3/arm64-v8a__ndk_target_21/python3/Lib/tkinter/__init__.py'...
Compiling '/app/.buildozer/android/platform/build-arm64-v8a/build/other_builds/python3/arm64-v8a__ndk_target_21/python3/Lib/tkinter/__main__.py'...
Compiling '/app/.buildozer/android/platform/build-arm64-v8a/build/other_builds/python3/arm64-v8a__ndk_target_21/python3/Lib/tkinter/colorchooser.py'...
Compiling '/app/.buildozer/android/platform/build-arm64-v8a/build/other_builds/python3/arm64-v8a__ndk_target_21/python3/Lib/tkinter/commondialog.py'...
Compiling '/app/.buildozer/android/platform/build-arm64-v8a/build/other_builds/python3/arm64-v8a__ndk_target_21/python3/Lib/tkinter/constants.py'...
Compiling '/app/.buildozer/android/platform/build-arm64-v8a/build/other_builds/python3/arm64-v8a__ndk_target_21/python3/Lib/tkinter/dialog.py'...
Compiling '/app/.buildozer/android/platform/build-arm64-v8a/build/other_builds/python3/arm64-v8a__ndk_target_21/python3/Lib/tkinter/dnd.py'...
Compiling '/app/.buildozer/android/platform/build-arm64-v8a/build/other_builds/python3/arm64-v8a__ndk_target_21/python3/Lib/tkinter/filedialog.py'...
Compiling '/app/.buildozer/android/platform/build-arm64-v8a/build/other_builds/python3/arm64-v8a__ndk_target_21/python3/Lib/tkinter/font.py'...
Compiling '/app/.buildozer/android/platform/build-arm64-v8a/build/other_builds/python3/arm64-v8a__ndk_target_21/python3/Lib/tkinter/messagebox.py'...
Compiling '/app/.buildozer/android/platform/build-arm64-v8a/build/other_builds/python3/arm64-v8a__ndk_target_21/python3/Lib/tkinter/scrolledtext.py'...
Compiling '/app/.buildozer/android/platform/build-arm64-v8a/build/other_builds/python3/arm64-v8a__ndk_target_21/python3/Lib/tkinter/simpledialog.py'...
Compiling '/app/.buildozer/android/platform/build-arm64-v8a/build/other_builds/python3/arm64-v8a__ndk_target_21/python3/Lib/tkinter/ttk.py'...
Compiling '/app/.buildozer/android/platform/build-arm64-v8a/build/other_builds/python3/arm64-v8a__ndk_target_21/python3/Lib/token.py'...
Compiling '/app/.buildozer/android/platform/build-arm64-v8a/build/other_builds/python3/arm64-v8a__ndk_target_21/python3/Lib/tokenize.py'...
Listing '/app/.buildozer/android/platform/build-arm64-v8a/build/other_builds/python3/arm64-v8a__ndk_target_21/python3/Lib/tomllib'...
Compiling '/app/.buildozer/android/platform/build-arm64-v8a/build/other_builds/python3/arm64-v8a__ndk_target_21/python3/Lib/tomllib/__init__.py'...
Compiling '/app/.buildozer/android/platform/build-arm64-v8a/build/other_builds/python3/arm64-v8a__ndk_target_21/python3/Lib/tomllib/_parser.py'...
Compiling '/app/.buildozer/android/platform/build-arm64-v8a/build/other_builds/python3/arm64-v8a__ndk_target_21/python3/Lib/tomllib/_re.py'...
Compiling '/app/.buildozer/android/platform/build-arm64-v8a/build/other_builds/python3/arm64-v8a__ndk_target_21/python3/Lib/tomllib/_types.py'...
Compiling '/app/.buildozer/android/platform/build-arm64-v8a/build/other_builds/python3/arm64-v8a__ndk_target_21/python3/Lib/trace.py'...
Compiling '/app/.buildozer/android/platform/build-arm64-v8a/build/other_builds/python3/arm64-v8a__ndk_target_21/python3/Lib/traceback.py'...
Compiling '/app/.buildozer/android/platform/build-arm64-v8a/build/other_builds/python3/arm64-v8a__ndk_target_21/python3/Lib/tracemalloc.py'...
Compiling '/app/.buildozer/android/platform/build-arm64-v8a/build/other_builds/python3/arm64-v8a__ndk_target_21/python3/Lib/tty.py'...
Compiling '/app/.buildozer/android/platform/build-arm64-v8a/build/other_builds/python3/arm64-v8a__ndk_target_21/python3/Lib/turtle.py'...
Listing '/app/.buildozer/android/platform/build-arm64-v8a/build/other_builds/python3/arm64-v8a__ndk_target_21/python3/Lib/turtledemo'...
Compiling '/app/.buildozer/android/platform/build-arm64-v8a/build/other_builds/python3/arm64-v8a__ndk_target_21/python3/Lib/turtledemo/__init__.py'...
Compiling '/app/.buildozer/android/platform/build-arm64-v8a/build/other_builds/python3/arm64-v8a__ndk_target_21/python3/Lib/turtledemo/__main__.py'...
Compiling '/app/.buildozer/android/platform/build-arm64-v8a/build/other_builds/python3/arm64-v8a__ndk_target_21/python3/Lib/turtledemo/bytedesign.py'...
Compiling '/app/.buildozer/android/platform/build-arm64-v8a/build/other_builds/python3/arm64-v8a__ndk_target_21/python3/Lib/turtledemo/chaos.py'...
Compiling '/app/.buildozer/android/platform/build-arm64-v8a/build/other_builds/python3/arm64-v8a__ndk_target_21/python3/Lib/turtledemo/clock.py'...
Compiling '/app/.buildozer/android/platform/build-arm64-v8a/build/other_builds/python3/arm64-v8a__ndk_target_21/python3/Lib/turtledemo/colormixer.py'...
Compiling '/app/.buildozer/android/platform/build-arm64-v8a/build/other_builds/python3/arm64-v8a__ndk_target_21/python3/Lib/turtledemo/forest.py'...
Compiling '/app/.buildozer/android/platform/build-arm64-v8a/build/other_builds/python3/arm64-v8a__ndk_target_21/python3/Lib/turtledemo/fractalcurves.py'...
Compiling '/app/.buildozer/android/platform/build-arm64-v8a/build/other_builds/python3/arm64-v8a__ndk_target_21/python3/Lib/turtledemo/lindenmayer.py'...
Compiling '/app/.buildozer/android/platform/build-arm64-v8a/build/other_builds/python3/arm64-v8a__ndk_target_21/python3/Lib/turtledemo/minimal_hanoi.py'...
Compiling '/app/.buildozer/android/platform/build-arm64-v8a/build/other_builds/python3/arm64-v8a__ndk_target_21/python3/Lib/turtledemo/nim.py'...
Compiling '/app/.buildozer/android/platform/build-arm64-v8a/build/other_builds/python3/arm64-v8a__ndk_target_21/python3/Lib/turtledemo/paint.py'...
Compiling '/app/.buildozer/android/platform/build-arm64-v8a/build/other_builds/python3/arm64-v8a__ndk_target_21/python3/Lib/turtledemo/peace.py'...
Compiling '/app/.buildozer/android/platform/build-arm64-v8a/build/other_builds/python3/arm64-v8a__ndk_target_21/python3/Lib/turtledemo/penrose.py'...
Compiling '/app/.buildozer/android/platform/build-arm64-v8a/build/other_builds/python3/arm64-v8a__ndk_target_21/python3/Lib/turtledemo/planet_and_moon.py'...
Compiling '/app/.buildozer/android/platform/build-arm64-v8a/build/other_builds/python3/arm64-v8a__ndk_target_21/python3/Lib/turtledemo/rosette.py'...
Compiling '/app/.buildozer/android/platform/build-arm64-v8a/build/other_builds/python3/arm64-v8a__ndk_target_21/python3/Lib/turtledemo/round_dance.py'...
Compiling '/app/.buildozer/android/platform/build-arm64-v8a/build/other_builds/python3/arm64-v8a__ndk_target_21/python3/Lib/turtledemo/sorting_animate.py'...
Compiling '/app/.buildozer/android/platform/build-arm64-v8a/build/other_builds/python3/arm64-v8a__ndk_target_21/python3/Lib/turtledemo/tree.py'...
Compiling '/app/.buildozer/android/platform/build-arm64-v8a/build/other_builds/python3/arm64-v8a__ndk_target_21/python3/Lib/turtledemo/two_canvases.py'...
Compiling '/app/.buildozer/android/platform/build-arm64-v8a/build/other_builds/python3/arm64-v8a__ndk_target_21/python3/Lib/turtledemo/yinyang.py'...
Compiling '/app/.buildozer/android/platform/build-arm64-v8a/build/other_builds/python3/arm64-v8a__ndk_target_21/python3/Lib/types.py'...
Compiling '/app/.buildozer/android/platform/build-arm64-v8a/build/other_builds/python3/arm64-v8a__ndk_target_21/python3/Lib/typing.py'...
Listing '/app/.buildozer/android/platform/build-arm64-v8a/build/other_builds/python3/arm64-v8a__ndk_target_21/python3/Lib/unittest'...
Compiling '/app/.buildozer/android/platform/build-arm64-v8a/build/other_builds/python3/arm64-v8a__ndk_target_21/python3/Lib/unittest/__init__.py'...
Compiling '/app/.buildozer/android/platform/build-arm64-v8a/build/other_builds/python3/arm64-v8a__ndk_target_21/python3/Lib/unittest/__main__.py'...
Compiling '/app/.buildozer/android/platform/build-arm64-v8a/build/other_builds/python3/arm64-v8a__ndk_target_21/python3/Lib/unittest/_log.py'...
Compiling '/app/.buildozer/android/platform/build-arm64-v8a/build/other_builds/python3/arm64-v8a__ndk_target_21/python3/Lib/unittest/async_case.py'...
Compiling '/app/.buildozer/android/platform/build-arm64-v8a/build/other_builds/python3/arm64-v8a__ndk_target_21/python3/Lib/unittest/case.py'...
Compiling '/app/.buildozer/android/platform/build-arm64-v8a/build/other_builds/python3/arm64-v8a__ndk_target_21/python3/Lib/unittest/loader.py'...
Compiling '/app/.buildozer/android/platform/build-arm64-v8a/build/other_builds/python3/arm64-v8a__ndk_target_21/python3/Lib/unittest/main.py'...
Compiling '/app/.buildozer/android/platform/build-arm64-v8a/build/other_builds/python3/arm64-v8a__ndk_target_21/python3/Lib/unittest/mock.py'...
Compiling '/app/.buildozer/android/platform/build-arm64-v8a/build/other_builds/python3/arm64-v8a__ndk_target_21/python3/Lib/unittest/result.py'...
Compiling '/app/.buildozer/android/platform/build-arm64-v8a/build/other_builds/python3/arm64-v8a__ndk_target_21/python3/Lib/unittest/runner.py'...
Compiling '/app/.buildozer/android/platform/build-arm64-v8a/build/other_builds/python3/arm64-v8a__ndk_target_21/python3/Lib/unittest/signals.py'...
Compiling '/app/.buildozer/android/platform/build-arm64-v8a/build/other_builds/python3/arm64-v8a__ndk_target_21/python3/Lib/unittest/suite.py'...
Compiling '/app/.buildozer/android/platform/build-arm64-v8a/build/other_builds/python3/arm64-v8a__ndk_target_21/python3/Lib/unittest/util.py'...
Listing '/app/.buildozer/android/platform/build-arm64-v8a/build/other_builds/python3/arm64-v8a__ndk_target_21/python3/Lib/urllib'...
Compiling '/app/.buildozer/android/platform/build-arm64-v8a/build/other_builds/python3/arm64-v8a__ndk_target_21/python3/Lib/urllib/__init__.py'...
Compiling '/app/.buildozer/android/platform/build-arm64-v8a/build/other_builds/python3/arm64-v8a__ndk_target_21/python3/Lib/urllib/error.py'...
Compiling '/app/.buildozer/android/platform/build-arm64-v8a/build/other_builds/python3/arm64-v8a__ndk_target_21/python3/Lib/urllib/parse.py'...
Compiling '/app/.buildozer/android/platform/build-arm64-v8a/build/other_builds/python3/arm64-v8a__ndk_target_21/python3/Lib/urllib/request.py'...
Compiling '/app/.buildozer/android/platform/build-arm64-v8a/build/other_builds/python3/arm64-v8a__ndk_target_21/python3/Lib/urllib/response.py'...
Compiling '/app/.buildozer/android/platform/build-arm64-v8a/build/other_builds/python3/arm64-v8a__ndk_target_21/python3/Lib/urllib/robotparser.py'...
Compiling '/app/.buildozer/android/platform/build-arm64-v8a/build/other_builds/python3/arm64-v8a__ndk_target_21/python3/Lib/uuid.py'...
Listing '/app/.buildozer/android/platform/build-arm64-v8a/build/other_builds/python3/arm64-v8a__ndk_target_21/python3/Lib/venv'...
Compiling '/app/.buildozer/android/platform/build-arm64-v8a/build/other_builds/python3/arm64-v8a__ndk_target_21/python3/Lib/venv/__init__.py'...
Compiling '/app/.buildozer/android/platform/build-arm64-v8a/build/other_builds/python3/arm64-v8a__ndk_target_21/python3/Lib/venv/__main__.py'...
Listing '/app/.buildozer/android/platform/build-arm64-v8a/build/other_builds/python3/arm64-v8a__ndk_target_21/python3/Lib/venv/scripts'...
Listing '/app/.buildozer/android/platform/build-arm64-v8a/build/other_builds/python3/arm64-v8a__ndk_target_21/python3/Lib/venv/scripts/common'...
Listing '/app/.buildozer/android/platform/build-arm64-v8a/build/other_builds/python3/arm64-v8a__ndk_target_21/python3/Lib/venv/scripts/nt'...
Listing '/app/.buildozer/android/platform/build-arm64-v8a/build/other_builds/python3/arm64-v8a__ndk_target_21/python3/Lib/venv/scripts/posix'...
Compiling '/app/.buildozer/android/platform/build-arm64-v8a/build/other_builds/python3/arm64-v8a__ndk_target_21/python3/Lib/warnings.py'...
Compiling '/app/.buildozer/android/platform/build-arm64-v8a/build/other_builds/python3/arm64-v8a__ndk_target_21/python3/Lib/wave.py'...
Compiling '/app/.buildozer/android/platform/build-arm64-v8a/build/other_builds/python3/arm64-v8a__ndk_target_21/python3/Lib/weakref.py'...
Compiling '/app/.buildozer/android/platform/build-arm64-v8a/build/other_builds/python3/arm64-v8a__ndk_target_21/python3/Lib/webbrowser.py'...
Listing '/app/.buildozer/android/platform/build-arm64-v8a/build/other_builds/python3/arm64-v8a__ndk_target_21/python3/Lib/wsgiref'...
Compiling '/app/.buildozer/android/platform/build-arm64-v8a/build/other_builds/python3/arm64-v8a__ndk_target_21/python3/Lib/wsgiref/__init__.py'...
Compiling '/app/.buildozer/android/platform/build-arm64-v8a/build/other_builds/python3/arm64-v8a__ndk_target_21/python3/Lib/wsgiref/handlers.py'...
Compiling '/app/.buildozer/android/platform/build-arm64-v8a/build/other_builds/python3/arm64-v8a__ndk_target_21/python3/Lib/wsgiref/headers.py'...
Compiling '/app/.buildozer/android/platform/build-arm64-v8a/build/other_builds/python3/arm64-v8a__ndk_target_21/python3/Lib/wsgiref/simple_server.py'...
Compiling '/app/.buildozer/android/platform/build-arm64-v8a/build/other_builds/python3/arm64-v8a__ndk_target_21/python3/Lib/wsgiref/types.py'...
Compiling '/app/.buildozer/android/platform/build-arm64-v8a/build/other_builds/python3/arm64-v8a__ndk_target_21/python3/Lib/wsgiref/util.py'...
Compiling '/app/.buildozer/android/platform/build-arm64-v8a/build/other_builds/python3/arm64-v8a__ndk_target_21/python3/Lib/wsgiref/validate.py'...
Listing '/app/.buildozer/android/platform/build-arm64-v8a/build/other_builds/python3/arm64-v8a__ndk_target_21/python3/Lib/xml'...
Compiling '/app/.buildozer/android/platform/build-arm64-v8a/build/other_builds/python3/arm64-v8a__ndk_target_21/python3/Lib/xml/__init__.py'...
Listing '/app/.buildozer/android/platform/build-arm64-v8a/build/other_builds/python3/arm64-v8a__ndk_target_21/python3/Lib/xml/dom'...
Compiling '/app/.buildozer/android/platform/build-arm64-v8a/build/other_builds/python3/arm64-v8a__ndk_target_21/python3/Lib/xml/dom/NodeFilter.py'...
Compiling '/app/.buildozer/android/platform/build-arm64-v8a/build/other_builds/python3/arm64-v8a__ndk_target_21/python3/Lib/xml/dom/__init__.py'...
Compiling '/app/.buildozer/android/platform/build-arm64-v8a/build/other_builds/python3/arm64-v8a__ndk_target_21/python3/Lib/xml/dom/domreg.py'...
Compiling '/app/.buildozer/android/platform/build-arm64-v8a/build/other_builds/python3/arm64-v8a__ndk_target_21/python3/Lib/xml/dom/expatbuilder.py'...
Compiling '/app/.buildozer/android/platform/build-arm64-v8a/build/other_builds/python3/arm64-v8a__ndk_target_21/python3/Lib/xml/dom/minicompat.py'...
Compiling '/app/.buildozer/android/platform/build-arm64-v8a/build/other_builds/python3/arm64-v8a__ndk_target_21/python3/Lib/xml/dom/minidom.py'...
Compiling '/app/.buildozer/android/platform/build-arm64-v8a/build/other_builds/python3/arm64-v8a__ndk_target_21/python3/Lib/xml/dom/pulldom.py'...
Compiling '/app/.buildozer/android/platform/build-arm64-v8a/build/other_builds/python3/arm64-v8a__ndk_target_21/python3/Lib/xml/dom/xmlbuilder.py'...
Listing '/app/.buildozer/android/platform/build-arm64-v8a/build/other_builds/python3/arm64-v8a__ndk_target_21/python3/Lib/xml/etree'...
Compiling '/app/.buildozer/android/platform/build-arm64-v8a/build/other_builds/python3/arm64-v8a__ndk_target_21/python3/Lib/xml/etree/ElementInclude.py'...
Compiling '/app/.buildozer/android/platform/build-arm64-v8a/build/other_builds/python3/arm64-v8a__ndk_target_21/python3/Lib/xml/etree/ElementPath.py'...
Compiling '/app/.buildozer/android/platform/build-arm64-v8a/build/other_builds/python3/arm64-v8a__ndk_target_21/python3/Lib/xml/etree/ElementTree.py'...
Compiling '/app/.buildozer/android/platform/build-arm64-v8a/build/other_builds/python3/arm64-v8a__ndk_target_21/python3/Lib/xml/etree/__init__.py'...
Compiling '/app/.buildozer/android/platform/build-arm64-v8a/build/other_builds/python3/arm64-v8a__ndk_target_21/python3/Lib/xml/etree/cElementTree.py'...
Listing '/app/.buildozer/android/platform/build-arm64-v8a/build/other_builds/python3/arm64-v8a__ndk_target_21/python3/Lib/xml/parsers'...
Compiling '/app/.buildozer/android/platform/build-arm64-v8a/build/other_builds/python3/arm64-v8a__ndk_target_21/python3/Lib/xml/parsers/__init__.py'...
Compiling '/app/.buildozer/android/platform/build-arm64-v8a/build/other_builds/python3/arm64-v8a__ndk_target_21/python3/Lib/xml/parsers/expat.py'...
Listing '/app/.buildozer/android/platform/build-arm64-v8a/build/other_builds/python3/arm64-v8a__ndk_target_21/python3/Lib/xml/sax'...
Compiling '/app/.buildozer/android/platform/build-arm64-v8a/build/other_builds/python3/arm64-v8a__ndk_target_21/python3/Lib/xml/sax/__init__.py'...
Compiling '/app/.buildozer/android/platform/build-arm64-v8a/build/other_builds/python3/arm64-v8a__ndk_target_21/python3/Lib/xml/sax/_exceptions.py'...
Compiling '/app/.buildozer/android/platform/build-arm64-v8a/build/other_builds/python3/arm64-v8a__ndk_target_21/python3/Lib/xml/sax/expatreader.py'...
Compiling '/app/.buildozer/android/platform/build-arm64-v8a/build/other_builds/python3/arm64-v8a__ndk_target_21/python3/Lib/xml/sax/handler.py'...
Compiling '/app/.buildozer/android/platform/build-arm64-v8a/build/other_builds/python3/arm64-v8a__ndk_target_21/python3/Lib/xml/sax/saxutils.py'...
Compiling '/app/.buildozer/android/platform/build-arm64-v8a/build/other_builds/python3/arm64-v8a__ndk_target_21/python3/Lib/xml/sax/xmlreader.py'...
Listing '/app/.buildozer/android/platform/build-arm64-v8a/build/other_builds/python3/arm64-v8a__ndk_target_21/python3/Lib/xmlrpc'...
Compiling '/app/.buildozer/android/platform/build-arm64-v8a/build/other_builds/python3/arm64-v8a__ndk_target_21/python3/Lib/xmlrpc/__init__.py'...
Compiling '/app/.buildozer/android/platform/build-arm64-v8a/build/other_builds/python3/arm64-v8a__ndk_target_21/python3/Lib/xmlrpc/client.py'...
Compiling '/app/.buildozer/android/platform/build-arm64-v8a/build/other_builds/python3/arm64-v8a__ndk_target_21/python3/Lib/xmlrpc/server.py'...
Compiling '/app/.buildozer/android/platform/build-arm64-v8a/build/other_builds/python3/arm64-v8a__ndk_target_21/python3/Lib/zipapp.py'...
Listing '/app/.buildozer/android/platform/build-arm64-v8a/build/other_builds/python3/arm64-v8a__ndk_target_21/python3/Lib/zipfile'...
Compiling '/app/.buildozer/android/platform/build-arm64-v8a/build/other_builds/python3/arm64-v8a__ndk_target_21/python3/Lib/zipfile/__init__.py'...
Compiling '/app/.buildozer/android/platform/build-arm64-v8a/build/other_builds/python3/arm64-v8a__ndk_target_21/python3/Lib/zipfile/__main__.py'...
Listing '/app/.buildozer/android/platform/build-arm64-v8a/build/other_builds/python3/arm64-v8a__ndk_target_21/python3/Lib/zipfile/_path'...
Compiling '/app/.buildozer/android/platform/build-arm64-v8a/build/other_builds/python3/arm64-v8a__ndk_target_21/python3/Lib/zipfile/_path/__init__.py'...
Compiling '/app/.buildozer/android/platform/build-arm64-v8a/build/other_builds/python3/arm64-v8a__ndk_target_21/python3/Lib/zipfile/_path/glob.py'...
Compiling '/app/.buildozer/android/platform/build-arm64-v8a/build/other_builds/python3/arm64-v8a__ndk_target_21/python3/Lib/zipimport.py'...
Listing '/app/.buildozer/android/platform/build-arm64-v8a/build/other_builds/python3/arm64-v8a__ndk_target_21/python3/Lib/zoneinfo'...
Compiling '/app/.buildozer/android/platform/build-arm64-v8a/build/other_builds/python3/arm64-v8a__ndk_target_21/python3/Lib/zoneinfo/__init__.py'...
Compiling '/app/.buildozer/android/platform/build-arm64-v8a/build/other_builds/python3/arm64-v8a__ndk_target_21/python3/Lib/zoneinfo/_common.py'...
Compiling '/app/.buildozer/android/platform/build-arm64-v8a/build/other_builds/python3/arm64-v8a__ndk_target_21/python3/Lib/zoneinfo/_tzpath.py'...
Compiling '/app/.buildozer/android/platform/build-arm64-v8a/build/other_builds/python3/arm64-v8a__ndk_target_21/python3/Lib/zoneinfo/_zoneinfo.py'...
/app/.buildozer/android/platform/build-arm64-v8a/build/python-installs/neshrblek/arm64-v8a/kivy/uix/codeinput.py:204: SyntaxWarning: 'return' in a 'finally' block
  return offset
Listing '/app/.buildozer/android/platform/build-arm64-v8a/build/python-installs/neshrblek/arm64-v8a'...
Listing '/app/.buildozer/android/platform/build-arm64-v8a/build/python-installs/neshrblek/arm64-v8a/Kivy-2.3.1.dist-info'...
Listing '/app/.buildozer/android/platform/build-arm64-v8a/build/python-installs/neshrblek/arm64-v8a/_distutils_hack'...
Compiling '/app/.buildozer/android/platform/build-arm64-v8a/build/python-installs/neshrblek/arm64-v8a/_distutils_hack/__init__.py'...
Compiling '/app/.buildozer/android/platform/build-arm64-v8a/build/python-installs/neshrblek/arm64-v8a/_distutils_hack/override.py'...
Listing '/app/.buildozer/android/platform/build-arm64-v8a/build/python-installs/neshrblek/arm64-v8a/android'...
Compiling '/app/.buildozer/android/platform/build-arm64-v8a/build/python-installs/neshrblek/arm64-v8a/android/__init__.py'...
Compiling '/app/.buildozer/android/platform/build-arm64-v8a/build/python-installs/neshrblek/arm64-v8a/android/_ctypes_library_finder.py'...
Compiling '/app/.buildozer/android/platform/build-arm64-v8a/build/python-installs/neshrblek/arm64-v8a/android/activity.py'...
Compiling '/app/.buildozer/android/platform/build-arm64-v8a/build/python-installs/neshrblek/arm64-v8a/android/billing.py'...
Compiling '/app/.buildozer/android/platform/build-arm64-v8a/build/python-installs/neshrblek/arm64-v8a/android/broadcast.py'...
Compiling '/app/.buildozer/android/platform/build-arm64-v8a/build/python-installs/neshrblek/arm64-v8a/android/config.py'...
Compiling '/app/.buildozer/android/platform/build-arm64-v8a/build/python-installs/neshrblek/arm64-v8a/android/display_cutout.py'...
Compiling '/app/.buildozer/android/platform/build-arm64-v8a/build/python-installs/neshrblek/arm64-v8a/android/loadingscreen.py'...
Compiling '/app/.buildozer/android/platform/build-arm64-v8a/build/python-installs/neshrblek/arm64-v8a/android/mixer.py'...
Compiling '/app/.buildozer/android/platform/build-arm64-v8a/build/python-installs/neshrblek/arm64-v8a/android/permissions.py'...
Compiling '/app/.buildozer/android/platform/build-arm64-v8a/build/python-installs/neshrblek/arm64-v8a/android/runnable.py'...
Compiling '/app/.buildozer/android/platform/build-arm64-v8a/build/python-installs/neshrblek/arm64-v8a/android/storage.py'...
Compiling '/app/.buildozer/android/platform/build-arm64-v8a/build/python-installs/neshrblek/arm64-v8a/android/touch.py'...
Listing '/app/.buildozer/android/platform/build-arm64-v8a/build/python-installs/neshrblek/arm64-v8a/android-1.0.dist-info'...
Listing '/app/.buildozer/android/platform/build-arm64-v8a/build/python-installs/neshrblek/arm64-v8a/arabic_reshaper'...
Compiling '/app/.buildozer/android/platform/build-arm64-v8a/build/python-installs/neshrblek/arm64-v8a/arabic_reshaper/__init__.py'...
Compiling '/app/.buildozer/android/platform/build-arm64-v8a/build/python-installs/neshrblek/arm64-v8a/arabic_reshaper/__version__.py'...
Compiling '/app/.buildozer/android/platform/build-arm64-v8a/build/python-installs/neshrblek/arm64-v8a/arabic_reshaper/arabic_reshaper.py'...
Compiling '/app/.buildozer/android/platform/build-arm64-v8a/build/python-installs/neshrblek/arm64-v8a/arabic_reshaper/letters.py'...
Compiling '/app/.buildozer/android/platform/build-arm64-v8a/build/python-installs/neshrblek/arm64-v8a/arabic_reshaper/ligatures.py'...
Compiling '/app/.buildozer/android/platform/build-arm64-v8a/build/python-installs/neshrblek/arm64-v8a/arabic_reshaper/reshaper_config.py'...
Listing '/app/.buildozer/android/platform/build-arm64-v8a/build/python-installs/neshrblek/arm64-v8a/arabic_reshaper-3.0.1.dist-info'...
Listing '/app/.buildozer/android/platform/build-arm64-v8a/build/python-installs/neshrblek/arm64-v8a/arabic_reshaper-3.0.1.dist-info/licenses'...
Listing '/app/.buildozer/android/platform/build-arm64-v8a/build/python-installs/neshrblek/arm64-v8a/bidi'...
Compiling '/app/.buildozer/android/platform/build-arm64-v8a/build/python-installs/neshrblek/arm64-v8a/bidi/__init__.py'...
Compiling '/app/.buildozer/android/platform/build-arm64-v8a/build/python-installs/neshrblek/arm64-v8a/bidi/algorithm.py'...
Compiling '/app/.buildozer/android/platform/build-arm64-v8a/build/python-installs/neshrblek/arm64-v8a/bidi/mirror.py'...
Compiling '/app/.buildozer/android/platform/build-arm64-v8a/build/python-installs/neshrblek/arm64-v8a/bidi/wrapper.py'...
Listing '/app/.buildozer/android/platform/build-arm64-v8a/build/python-installs/neshrblek/arm64-v8a/bin'...
Listing '/app/.buildozer/android/platform/build-arm64-v8a/build/python-installs/neshrblek/arm64-v8a/certifi'...
Compiling '/app/.buildozer/android/platform/build-arm64-v8a/build/python-installs/neshrblek/arm64-v8a/certifi/__init__.py'...
Compiling '/app/.buildozer/android/platform/build-arm64-v8a/build/python-installs/neshrblek/arm64-v8a/certifi/__main__.py'...
Compiling '/app/.buildozer/android/platform/build-arm64-v8a/build/python-installs/neshrblek/arm64-v8a/certifi/core.py'...
Listing '/app/.buildozer/android/platform/build-arm64-v8a/build/python-installs/neshrblek/arm64-v8a/certifi-2026.5.20.dist-info'...
Listing '/app/.buildozer/android/platform/build-arm64-v8a/build/python-installs/neshrblek/arm64-v8a/certifi-2026.5.20.dist-info/licenses'...
Listing '/app/.buildozer/android/platform/build-arm64-v8a/build/python-installs/neshrblek/arm64-v8a/cffi'...
Compiling '/app/.buildozer/android/platform/build-arm64-v8a/build/python-installs/neshrblek/arm64-v8a/cffi/__init__.py'...
Compiling '/app/.buildozer/android/platform/build-arm64-v8a/build/python-installs/neshrblek/arm64-v8a/cffi/_imp_emulation.py'...
Compiling '/app/.buildozer/android/platform/build-arm64-v8a/build/python-installs/neshrblek/arm64-v8a/cffi/_shimmed_dist_utils.py'...
Compiling '/app/.buildozer/android/platform/build-arm64-v8a/build/python-installs/neshrblek/arm64-v8a/cffi/api.py'...
Compiling '/app/.buildozer/android/platform/build-arm64-v8a/build/python-installs/neshrblek/arm64-v8a/cffi/backend_ctypes.py'...
Compiling '/app/.buildozer/android/platform/build-arm64-v8a/build/python-installs/neshrblek/arm64-v8a/cffi/cffi_opcode.py'...
Compiling '/app/.buildozer/android/platform/build-arm64-v8a/build/python-installs/neshrblek/arm64-v8a/cffi/commontypes.py'...
Compiling '/app/.buildozer/android/platform/build-arm64-v8a/build/python-installs/neshrblek/arm64-v8a/cffi/cparser.py'...
Compiling '/app/.buildozer/android/platform/build-arm64-v8a/build/python-installs/neshrblek/arm64-v8a/cffi/error.py'...
Compiling '/app/.buildozer/android/platform/build-arm64-v8a/build/python-installs/neshrblek/arm64-v8a/cffi/ffiplatform.py'...
Compiling '/app/.buildozer/android/platform/build-arm64-v8a/build/python-installs/neshrblek/arm64-v8a/cffi/lock.py'...
Compiling '/app/.buildozer/android/platform/build-arm64-v8a/build/python-installs/neshrblek/arm64-v8a/cffi/model.py'...
Compiling '/app/.buildozer/android/platform/build-arm64-v8a/build/python-installs/neshrblek/arm64-v8a/cffi/pkgconfig.py'...
Compiling '/app/.buildozer/android/platform/build-arm64-v8a/build/python-installs/neshrblek/arm64-v8a/cffi/recompiler.py'...
Compiling '/app/.buildozer/android/platform/build-arm64-v8a/build/python-installs/neshrblek/arm64-v8a/cffi/setuptools_ext.py'...
Compiling '/app/.buildozer/android/platform/build-arm64-v8a/build/python-installs/neshrblek/arm64-v8a/cffi/vengine_cpy.py'...
Compiling '/app/.buildozer/android/platform/build-arm64-v8a/build/python-installs/neshrblek/arm64-v8a/cffi/vengine_gen.py'...
Compiling '/app/.buildozer/android/platform/build-arm64-v8a/build/python-installs/neshrblek/arm64-v8a/cffi/verifier.py'...
Listing '/app/.buildozer/android/platform/build-arm64-v8a/build/python-installs/neshrblek/arm64-v8a/cffi-2.0.0.dist-info'...
Listing '/app/.buildozer/android/platform/build-arm64-v8a/build/python-installs/neshrblek/arm64-v8a/cffi-2.0.0.dist-info/licenses'...
Listing '/app/.buildozer/android/platform/build-arm64-v8a/build/python-installs/neshrblek/arm64-v8a/chardet'...
Compiling '/app/.buildozer/android/platform/build-arm64-v8a/build/python-installs/neshrblek/arm64-v8a/chardet/__init__.py'...
Compiling '/app/.buildozer/android/platform/build-arm64-v8a/build/python-installs/neshrblek/arm64-v8a/chardet/__main__.py'...
Compiling '/app/.buildozer/android/platform/build-arm64-v8a/build/python-installs/neshrblek/arm64-v8a/chardet/_utils.py'...
Compiling '/app/.buildozer/android/platform/build-arm64-v8a/build/python-installs/neshrblek/arm64-v8a/chardet/_version.py'...
Compiling '/app/.buildozer/android/platform/build-arm64-v8a/build/python-installs/neshrblek/arm64-v8a/chardet/cli.py'...
Compiling '/app/.buildozer/android/platform/build-arm64-v8a/build/python-installs/neshrblek/arm64-v8a/chardet/detector.py'...
Compiling '/app/.buildozer/android/platform/build-arm64-v8a/build/python-installs/neshrblek/arm64-v8a/chardet/enums.py'...
Compiling '/app/.buildozer/android/platform/build-arm64-v8a/build/python-installs/neshrblek/arm64-v8a/chardet/equivalences.py'...
Listing '/app/.buildozer/android/platform/build-arm64-v8a/build/python-installs/neshrblek/arm64-v8a/chardet/models'...
Compiling '/app/.buildozer/android/platform/build-arm64-v8a/build/python-installs/neshrblek/arm64-v8a/chardet/models/__init__.py'...
Listing '/app/.buildozer/android/platform/build-arm64-v8a/build/python-installs/neshrblek/arm64-v8a/chardet/pipeline'...
Compiling '/app/.buildozer/android/platform/build-arm64-v8a/build/python-installs/neshrblek/arm64-v8a/chardet/pipeline/__init__.py'...
Compiling '/app/.buildozer/android/platform/build-arm64-v8a/build/python-installs/neshrblek/arm64-v8a/chardet/pipeline/ascii.py'...
Compiling '/app/.buildozer/android/platform/build-arm64-v8a/build/python-installs/neshrblek/arm64-v8a/chardet/pipeline/binary.py'...
Compiling '/app/.buildozer/android/platform/build-arm64-v8a/build/python-installs/neshrblek/arm64-v8a/chardet/pipeline/bom.py'...
Compiling '/app/.buildozer/android/platform/build-arm64-v8a/build/python-installs/neshrblek/arm64-v8a/chardet/pipeline/confusion.py'...
Compiling '/app/.buildozer/android/platform/build-arm64-v8a/build/python-installs/neshrblek/arm64-v8a/chardet/pipeline/escape.py'...
Compiling '/app/.buildozer/android/platform/build-arm64-v8a/build/python-installs/neshrblek/arm64-v8a/chardet/pipeline/magic.py'...
Compiling '/app/.buildozer/android/platform/build-arm64-v8a/build/python-installs/neshrblek/arm64-v8a/chardet/pipeline/markup.py'...
Compiling '/app/.buildozer/android/platform/build-arm64-v8a/build/python-installs/neshrblek/arm64-v8a/chardet/pipeline/orchestrator.py'...
Compiling '/app/.buildozer/android/platform/build-arm64-v8a/build/python-installs/neshrblek/arm64-v8a/chardet/pipeline/statistical.py'...
Compiling '/app/.buildozer/android/platform/build-arm64-v8a/build/python-installs/neshrblek/arm64-v8a/chardet/pipeline/structural.py'...
Compiling '/app/.buildozer/android/platform/build-arm64-v8a/build/python-installs/neshrblek/arm64-v8a/chardet/pipeline/utf1632.py'...
Compiling '/app/.buildozer/android/platform/build-arm64-v8a/build/python-installs/neshrblek/arm64-v8a/chardet/pipeline/utf8.py'...
Compiling '/app/.buildozer/android/platform/build-arm64-v8a/build/python-installs/neshrblek/arm64-v8a/chardet/pipeline/validity.py'...
Compiling '/app/.buildozer/android/platform/build-arm64-v8a/build/python-installs/neshrblek/arm64-v8a/chardet/registry.py'...
Compiling '/app/.buildozer/android/platform/build-arm64-v8a/build/python-installs/neshrblek/arm64-v8a/chardet/universaldetector.py'...
Listing '/app/.buildozer/android/platform/build-arm64-v8a/build/python-installs/neshrblek/arm64-v8a/chardet-7.4.3.dist-info'...
Listing '/app/.buildozer/android/platform/build-arm64-v8a/build/python-installs/neshrblek/arm64-v8a/chardet-7.4.3.dist-info/licenses'...
Listing '/app/.buildozer/android/platform/build-arm64-v8a/build/python-installs/neshrblek/arm64-v8a/cryptography'...
Compiling '/app/.buildozer/android/platform/build-arm64-v8a/build/python-installs/neshrblek/arm64-v8a/cryptography/__about__.py'...
Compiling '/app/.buildozer/android/platform/build-arm64-v8a/build/python-installs/neshrblek/arm64-v8a/cryptography/__init__.py'...
Compiling '/app/.buildozer/android/platform/build-arm64-v8a/build/python-installs/neshrblek/arm64-v8a/cryptography/exceptions.py'...
Compiling '/app/.buildozer/android/platform/build-arm64-v8a/build/python-installs/neshrblek/arm64-v8a/cryptography/fernet.py'...
Listing '/app/.buildozer/android/platform/build-arm64-v8a/build/python-installs/neshrblek/arm64-v8a/cryptography/hazmat'...
Compiling '/app/.buildozer/android/platform/build-arm64-v8a/build/python-installs/neshrblek/arm64-v8a/cryptography/hazmat/__init__.py'...
Compiling '/app/.buildozer/android/platform/build-arm64-v8a/build/python-installs/neshrblek/arm64-v8a/cryptography/hazmat/_oid.py'...
Listing '/app/.buildozer/android/platform/build-arm64-v8a/build/python-installs/neshrblek/arm64-v8a/cryptography/hazmat/asn1'...
Compiling '/app/.buildozer/android/platform/build-arm64-v8a/build/python-installs/neshrblek/arm64-v8a/cryptography/hazmat/asn1/__init__.py'...
Compiling '/app/.buildozer/android/platform/build-arm64-v8a/build/python-installs/neshrblek/arm64-v8a/cryptography/hazmat/asn1/asn1.py'...
Listing '/app/.buildozer/android/platform/build-arm64-v8a/build/python-installs/neshrblek/arm64-v8a/cryptography/hazmat/backends'...
Compiling '/app/.buildozer/android/platform/build-arm64-v8a/build/python-installs/neshrblek/arm64-v8a/cryptography/hazmat/backends/__init__.py'...
Listing '/app/.buildozer/android/platform/build-arm64-v8a/build/python-installs/neshrblek/arm64-v8a/cryptography/hazmat/backends/openssl'...
Compiling '/app/.buildozer/android/platform/build-arm64-v8a/build/python-installs/neshrblek/arm64-v8a/cryptography/hazmat/backends/openssl/__init__.py'...
Compiling '/app/.buildozer/android/platform/build-arm64-v8a/build/python-installs/neshrblek/arm64-v8a/cryptography/hazmat/backends/openssl/backend.py'...
Listing '/app/.buildozer/android/platform/build-arm64-v8a/build/python-installs/neshrblek/arm64-v8a/cryptography/hazmat/bindings'...
Compiling '/app/.buildozer/android/platform/build-arm64-v8a/build/python-installs/neshrblek/arm64-v8a/cryptography/hazmat/bindings/__init__.py'...
Listing '/app/.buildozer/android/platform/build-arm64-v8a/build/python-installs/neshrblek/arm64-v8a/cryptography/hazmat/bindings/_rust'...
Listing '/app/.buildozer/android/platform/build-arm64-v8a/build/python-installs/neshrblek/arm64-v8a/cryptography/hazmat/bindings/_rust/openssl'...
Listing '/app/.buildozer/android/platform/build-arm64-v8a/build/python-installs/neshrblek/arm64-v8a/cryptography/hazmat/bindings/openssl'...
Compiling '/app/.buildozer/android/platform/build-arm64-v8a/build/python-installs/neshrblek/arm64-v8a/cryptography/hazmat/bindings/openssl/__init__.py'...
Compiling '/app/.buildozer/android/platform/build-arm64-v8a/build/python-installs/neshrblek/arm64-v8a/cryptography/hazmat/bindings/openssl/_conditional.py'...
Compiling '/app/.buildozer/android/platform/build-arm64-v8a/build/python-installs/neshrblek/arm64-v8a/cryptography/hazmat/bindings/openssl/binding.py'...
Listing '/app/.buildozer/android/platform/build-arm64-v8a/build/python-installs/neshrblek/arm64-v8a/cryptography/hazmat/decrepit'...
Compiling '/app/.buildozer/android/platform/build-arm64-v8a/build/python-installs/neshrblek/arm64-v8a/cryptography/hazmat/decrepit/__init__.py'...
Listing '/app/.buildozer/android/platform/build-arm64-v8a/build/python-installs/neshrblek/arm64-v8a/cryptography/hazmat/decrepit/ciphers'...
Compiling '/app/.buildozer/android/platform/build-arm64-v8a/build/python-installs/neshrblek/arm64-v8a/cryptography/hazmat/decrepit/ciphers/__init__.py'...
Compiling '/app/.buildozer/android/platform/build-arm64-v8a/build/python-installs/neshrblek/arm64-v8a/cryptography/hazmat/decrepit/ciphers/algorithms.py'...
Listing '/app/.buildozer/android/platform/build-arm64-v8a/build/python-installs/neshrblek/arm64-v8a/cryptography/hazmat/primitives'...
Compiling '/app/.buildozer/android/platform/build-arm64-v8a/build/python-installs/neshrblek/arm64-v8a/cryptography/hazmat/primitives/__init__.py'...
Compiling '/app/.buildozer/android/platform/build-arm64-v8a/build/python-installs/neshrblek/arm64-v8a/cryptography/hazmat/primitives/_asymmetric.py'...
Compiling '/app/.buildozer/android/platform/build-arm64-v8a/build/python-installs/neshrblek/arm64-v8a/cryptography/hazmat/primitives/_cipheralgorithm.py'...
Compiling '/app/.buildozer/android/platform/build-arm64-v8a/build/python-installs/neshrblek/arm64-v8a/cryptography/hazmat/primitives/_serialization.py'...
Listing '/app/.buildozer/android/platform/build-arm64-v8a/build/python-installs/neshrblek/arm64-v8a/cryptography/hazmat/primitives/asymmetric'...
Compiling '/app/.buildozer/android/platform/build-arm64-v8a/build/python-installs/neshrblek/arm64-v8a/cryptography/hazmat/primitives/asymmetric/__init__.py'...
Compiling '/app/.buildozer/android/platform/build-arm64-v8a/build/python-installs/neshrblek/arm64-v8a/cryptography/hazmat/primitives/asymmetric/dh.py'...
Compiling '/app/.buildozer/android/platform/build-arm64-v8a/build/python-installs/neshrblek/arm64-v8a/cryptography/hazmat/primitives/asymmetric/dsa.py'...
Compiling '/app/.buildozer/android/platform/build-arm64-v8a/build/python-installs/neshrblek/arm64-v8a/cryptography/hazmat/primitives/asymmetric/ec.py'...
Compiling '/app/.buildozer/android/platform/build-arm64-v8a/build/python-installs/neshrblek/arm64-v8a/cryptography/hazmat/primitives/asymmetric/ed25519.py'...
Compiling '/app/.buildozer/android/platform/build-arm64-v8a/build/python-installs/neshrblek/arm64-v8a/cryptography/hazmat/primitives/asymmetric/ed448.py'...
Compiling '/app/.buildozer/android/platform/build-arm64-v8a/build/python-installs/neshrblek/arm64-v8a/cryptography/hazmat/primitives/asymmetric/padding.py'...
Compiling '/app/.buildozer/android/platform/build-arm64-v8a/build/python-installs/neshrblek/arm64-v8a/cryptography/hazmat/primitives/asymmetric/rsa.py'...
Compiling '/app/.buildozer/android/platform/build-arm64-v8a/build/python-installs/neshrblek/arm64-v8a/cryptography/hazmat/primitives/asymmetric/types.py'...
Compiling '/app/.buildozer/android/platform/build-arm64-v8a/build/python-installs/neshrblek/arm64-v8a/cryptography/hazmat/primitives/asymmetric/utils.py'...
Compiling '/app/.buildozer/android/platform/build-arm64-v8a/build/python-installs/neshrblek/arm64-v8a/cryptography/hazmat/primitives/asymmetric/x25519.py'...
Compiling '/app/.buildozer/android/platform/build-arm64-v8a/build/python-installs/neshrblek/arm64-v8a/cryptography/hazmat/primitives/asymmetric/x448.py'...
Listing '/app/.buildozer/android/platform/build-arm64-v8a/build/python-installs/neshrblek/arm64-v8a/cryptography/hazmat/primitives/ciphers'...
Compiling '/app/.buildozer/android/platform/build-arm64-v8a/build/python-installs/neshrblek/arm64-v8a/cryptography/hazmat/primitives/ciphers/__init__.py'...
Compiling '/app/.buildozer/android/platform/build-arm64-v8a/build/python-installs/neshrblek/arm64-v8a/cryptography/hazmat/primitives/ciphers/aead.py'...
Compiling '/app/.buildozer/android/platform/build-arm64-v8a/build/python-installs/neshrblek/arm64-v8a/cryptography/hazmat/primitives/ciphers/algorithms.py'...
Compiling '/app/.buildozer/android/platform/build-arm64-v8a/build/python-installs/neshrblek/arm64-v8a/cryptography/hazmat/primitives/ciphers/base.py'...
Compiling '/app/.buildozer/android/platform/build-arm64-v8a/build/python-installs/neshrblek/arm64-v8a/cryptography/hazmat/primitives/ciphers/modes.py'...
Compiling '/app/.buildozer/android/platform/build-arm64-v8a/build/python-installs/neshrblek/arm64-v8a/cryptography/hazmat/primitives/cmac.py'...
Compiling '/app/.buildozer/android/platform/build-arm64-v8a/build/python-installs/neshrblek/arm64-v8a/cryptography/hazmat/primitives/constant_time.py'...
Compiling '/app/.buildozer/android/platform/build-arm64-v8a/build/python-installs/neshrblek/arm64-v8a/cryptography/hazmat/primitives/hashes.py'...
Compiling '/app/.buildozer/android/platform/build-arm64-v8a/build/python-installs/neshrblek/arm64-v8a/cryptography/hazmat/primitives/hmac.py'...
Listing '/app/.buildozer/android/platform/build-arm64-v8a/build/python-installs/neshrblek/arm64-v8a/cryptography/hazmat/primitives/kdf'...
Compiling '/app/.buildozer/android/platform/build-arm64-v8a/build/python-installs/neshrblek/arm64-v8a/cryptography/hazmat/primitives/kdf/__init__.py'...
Compiling '/app/.buildozer/android/platform/build-arm64-v8a/build/python-installs/neshrblek/arm64-v8a/cryptography/hazmat/primitives/kdf/argon2.py'...
Compiling '/app/.buildozer/android/platform/build-arm64-v8a/build/python-installs/neshrblek/arm64-v8a/cryptography/hazmat/primitives/kdf/concatkdf.py'...
Compiling '/app/.buildozer/android/platform/build-arm64-v8a/build/python-installs/neshrblek/arm64-v8a/cryptography/hazmat/primitives/kdf/hkdf.py'...
Compiling '/app/.buildozer/android/platform/build-arm64-v8a/build/python-installs/neshrblek/arm64-v8a/cryptography/hazmat/primitives/kdf/kbkdf.py'...
Compiling '/app/.buildozer/android/platform/build-arm64-v8a/build/python-installs/neshrblek/arm64-v8a/cryptography/hazmat/primitives/kdf/pbkdf2.py'...
Compiling '/app/.buildozer/android/platform/build-arm64-v8a/build/python-installs/neshrblek/arm64-v8a/cryptography/hazmat/primitives/kdf/scrypt.py'...
Compiling '/app/.buildozer/android/platform/build-arm64-v8a/build/python-installs/neshrblek/arm64-v8a/cryptography/hazmat/primitives/kdf/x963kdf.py'...
Compiling '/app/.buildozer/android/platform/build-arm64-v8a/build/python-installs/neshrblek/arm64-v8a/cryptography/hazmat/primitives/keywrap.py'...
Compiling '/app/.buildozer/android/platform/build-arm64-v8a/build/python-installs/neshrblek/arm64-v8a/cryptography/hazmat/primitives/padding.py'...
Compiling '/app/.buildozer/android/platform/build-arm64-v8a/build/python-installs/neshrblek/arm64-v8a/cryptography/hazmat/primitives/poly1305.py'...
Listing '/app/.buildozer/android/platform/build-arm64-v8a/build/python-installs/neshrblek/arm64-v8a/cryptography/hazmat/primitives/serialization'...
Compiling '/app/.buildozer/android/platform/build-arm64-v8a/build/python-installs/neshrblek/arm64-v8a/cryptography/hazmat/primitives/serialization/__init__.py'...
Compiling '/app/.buildozer/android/platform/build-arm64-v8a/build/python-installs/neshrblek/arm64-v8a/cryptography/hazmat/primitives/serialization/base.py'...
Compiling '/app/.buildozer/android/platform/build-arm64-v8a/build/python-installs/neshrblek/arm64-v8a/cryptography/hazmat/primitives/serialization/pkcs12.py'...
Compiling '/app/.buildozer/android/platform/build-arm64-v8a/build/python-installs/neshrblek/arm64-v8a/cryptography/hazmat/primitives/serialization/pkcs7.py'...
Compiling '/app/.buildozer/android/platform/build-arm64-v8a/build/python-installs/neshrblek/arm64-v8a/cryptography/hazmat/primitives/serialization/ssh.py'...
Listing '/app/.buildozer/android/platform/build-arm64-v8a/build/python-installs/neshrblek/arm64-v8a/cryptography/hazmat/primitives/twofactor'...
Compiling '/app/.buildozer/android/platform/build-arm64-v8a/build/python-installs/neshrblek/arm64-v8a/cryptography/hazmat/primitives/twofactor/__init__.py'...
Compiling '/app/.buildozer/android/platform/build-arm64-v8a/build/python-installs/neshrblek/arm64-v8a/cryptography/hazmat/primitives/twofactor/hotp.py'...
Compiling '/app/.buildozer/android/platform/build-arm64-v8a/build/python-installs/neshrblek/arm64-v8a/cryptography/hazmat/primitives/twofactor/totp.py'...
Compiling '/app/.buildozer/android/platform/build-arm64-v8a/build/python-installs/neshrblek/arm64-v8a/cryptography/utils.py'...
Listing '/app/.buildozer/android/platform/build-arm64-v8a/build/python-installs/neshrblek/arm64-v8a/cryptography/x509'...
Compiling '/app/.buildozer/android/platform/build-arm64-v8a/build/python-installs/neshrblek/arm64-v8a/cryptography/x509/__init__.py'...
Compiling '/app/.buildozer/android/platform/build-arm64-v8a/build/python-installs/neshrblek/arm64-v8a/cryptography/x509/base.py'...
Compiling '/app/.buildozer/android/platform/build-arm64-v8a/build/python-installs/neshrblek/arm64-v8a/cryptography/x509/certificate_transparency.py'...
Compiling '/app/.buildozer/android/platform/build-arm64-v8a/build/python-installs/neshrblek/arm64-v8a/cryptography/x509/extensions.py'...
Compiling '/app/.buildozer/android/platform/build-arm64-v8a/build/python-installs/neshrblek/arm64-v8a/cryptography/x509/general_name.py'...
Compiling '/app/.buildozer/android/platform/build-arm64-v8a/build/python-installs/neshrblek/arm64-v8a/cryptography/x509/name.py'...
Compiling '/app/.buildozer/android/platform/build-arm64-v8a/build/python-installs/neshrblek/arm64-v8a/cryptography/x509/ocsp.py'...
Compiling '/app/.buildozer/android/platform/build-arm64-v8a/build/python-installs/neshrblek/arm64-v8a/cryptography/x509/oid.py'...
Compiling '/app/.buildozer/android/platform/build-arm64-v8a/build/python-installs/neshrblek/arm64-v8a/cryptography/x509/verification.py'...
Listing '/app/.buildozer/android/platform/build-arm64-v8a/build/python-installs/neshrblek/arm64-v8a/cryptography-46.0.3.dist-info'...
Listing '/app/.buildozer/android/platform/build-arm64-v8a/build/python-installs/neshrblek/arm64-v8a/cryptography-46.0.3.dist-info/licenses'...
Listing '/app/.buildozer/android/platform/build-arm64-v8a/build/python-installs/neshrblek/arm64-v8a/cryptography-46.0.3.dist-info/sboms'...
Listing '/app/.buildozer/android/platform/build-arm64-v8a/build/python-installs/neshrblek/arm64-v8a/docs'...
Listing '/app/.buildozer/android/platform/build-arm64-v8a/build/python-installs/neshrblek/arm64-v8a/docs/_ext'...
Compiling '/app/.buildozer/android/platform/build-arm64-v8a/build/python-installs/neshrblek/arm64-v8a/docs/_ext/cryptography-docs.py'...
Compiling '/app/.buildozer/android/platform/build-arm64-v8a/build/python-installs/neshrblek/arm64-v8a/docs/_ext/linkcode_res.py'...
Listing '/app/.buildozer/android/platform/build-arm64-v8a/build/python-installs/neshrblek/arm64-v8a/docs/_static'...
Compiling '/app/.buildozer/android/platform/build-arm64-v8a/build/python-installs/neshrblek/arm64-v8a/docs/conf.py'...
Listing '/app/.buildozer/android/platform/build-arm64-v8a/build/python-installs/neshrblek/arm64-v8a/docs/development'...
Listing '/app/.buildozer/android/platform/build-arm64-v8a/build/python-installs/neshrblek/arm64-v8a/docs/development/custom-vectors'...
Listing '/app/.buildozer/android/platform/build-arm64-v8a/build/python-installs/neshrblek/arm64-v8a/docs/development/custom-vectors/aes-192-gcm-siv'...
Compiling '/app/.buildozer/android/platform/build-arm64-v8a/build/python-installs/neshrblek/arm64-v8a/docs/development/custom-vectors/aes-192-gcm-siv/generate_aes192gcmsiv.py'...
Listing '/app/.buildozer/android/platform/build-arm64-v8a/build/python-installs/neshrblek/arm64-v8a/docs/development/custom-vectors/aes-192-gcm-siv/verify-aes192gcmsiv'...
Listing '/app/.buildozer/android/platform/build-arm64-v8a/build/python-installs/neshrblek/arm64-v8a/docs/development/custom-vectors/aes-192-gcm-siv/verify-aes192gcmsiv/src'...
Listing '/app/.buildozer/android/platform/build-arm64-v8a/build/python-installs/neshrblek/arm64-v8a/docs/development/custom-vectors/arc4'...
Compiling '/app/.buildozer/android/platform/build-arm64-v8a/build/python-installs/neshrblek/arm64-v8a/docs/development/custom-vectors/arc4/generate_arc4.py'...
Listing '/app/.buildozer/android/platform/build-arm64-v8a/build/python-installs/neshrblek/arm64-v8a/docs/development/custom-vectors/cast5'...
Compiling '/app/.buildozer/android/platform/build-arm64-v8a/build/python-installs/neshrblek/arm64-v8a/docs/development/custom-vectors/cast5/generate_cast5.py'...
Listing '/app/.buildozer/android/platform/build-arm64-v8a/build/python-installs/neshrblek/arm64-v8a/docs/development/custom-vectors/chacha20'...
Compiling '/app/.buildozer/android/platform/build-arm64-v8a/build/python-installs/neshrblek/arm64-v8a/docs/development/custom-vectors/chacha20/generate_chacha20_overflow.py'...
Compiling '/app/.buildozer/android/platform/build-arm64-v8a/build/python-installs/neshrblek/arm64-v8a/docs/development/custom-vectors/chacha20/verify_chacha20_overflow.py'...
Listing '/app/.buildozer/android/platform/build-arm64-v8a/build/python-installs/neshrblek/arm64-v8a/docs/development/custom-vectors/hkdf'...
Compiling '/app/.buildozer/android/platform/build-arm64-v8a/build/python-installs/neshrblek/arm64-v8a/docs/development/custom-vectors/hkdf/generate_hkdf.py'...
Listing '/app/.buildozer/android/platform/build-arm64-v8a/build/python-installs/neshrblek/arm64-v8a/docs/development/custom-vectors/idea'...
Compiling '/app/.buildozer/android/platform/build-arm64-v8a/build/python-installs/neshrblek/arm64-v8a/docs/development/custom-vectors/idea/generate_idea.py'...
Compiling '/app/.buildozer/android/platform/build-arm64-v8a/build/python-installs/neshrblek/arm64-v8a/docs/development/custom-vectors/idea/verify_idea.py'...
Listing '/app/.buildozer/android/platform/build-arm64-v8a/build/python-installs/neshrblek/arm64-v8a/docs/development/custom-vectors/rc2'...
Listing '/app/.buildozer/android/platform/build-arm64-v8a/build/python-installs/neshrblek/arm64-v8a/docs/development/custom-vectors/rc2/rc2'...
Listing '/app/.buildozer/android/platform/build-arm64-v8a/build/python-installs/neshrblek/arm64-v8a/docs/development/custom-vectors/rsa-oaep-sha2'...
Compiling '/app/.buildozer/android/platform/build-arm64-v8a/build/python-installs/neshrblek/arm64-v8a/docs/development/custom-vectors/rsa-oaep-sha2/generate_rsa_oaep_sha2.py'...
Listing '/app/.buildozer/android/platform/build-arm64-v8a/build/python-installs/neshrblek/arm64-v8a/docs/development/custom-vectors/secp256k1'...
Compiling '/app/.buildozer/android/platform/build-arm64-v8a/build/python-installs/neshrblek/arm64-v8a/docs/development/custom-vectors/secp256k1/generate_secp256k1.py'...
Compiling '/app/.buildozer/android/platform/build-arm64-v8a/build/python-installs/neshrblek/arm64-v8a/docs/development/custom-vectors/secp256k1/verify_secp256k1.py'...
Listing '/app/.buildozer/android/platform/build-arm64-v8a/build/python-installs/neshrblek/arm64-v8a/docs/development/custom-vectors/seed'...
Compiling '/app/.buildozer/android/platform/build-arm64-v8a/build/python-installs/neshrblek/arm64-v8a/docs/development/custom-vectors/seed/generate_seed.py'...
Compiling '/app/.buildozer/android/platform/build-arm64-v8a/build/python-installs/neshrblek/arm64-v8a/docs/development/custom-vectors/seed/verify_seed.py'...
Listing '/app/.buildozer/android/platform/build-arm64-v8a/build/python-installs/neshrblek/arm64-v8a/docs/hazmat'...
Listing '/app/.buildozer/android/platform/build-arm64-v8a/build/python-installs/neshrblek/arm64-v8a/docs/hazmat/decrepit'...
Listing '/app/.buildozer/android/platform/build-arm64-v8a/build/python-installs/neshrblek/arm64-v8a/docs/hazmat/primitives'...
Listing '/app/.buildozer/android/platform/build-arm64-v8a/build/python-installs/neshrblek/arm64-v8a/docs/hazmat/primitives/asymmetric'...
Listing '/app/.buildozer/android/platform/build-arm64-v8a/build/python-installs/neshrblek/arm64-v8a/docs/hazmat/primitives/mac'...
Listing '/app/.buildozer/android/platform/build-arm64-v8a/build/python-installs/neshrblek/arm64-v8a/docs/x509'...
Listing '/app/.buildozer/android/platform/build-arm64-v8a/build/python-installs/neshrblek/arm64-v8a/filetype'...
Compiling '/app/.buildozer/android/platform/build-arm64-v8a/build/python-installs/neshrblek/arm64-v8a/filetype/__init__.py'...
Compiling '/app/.buildozer/android/platform/build-arm64-v8a/build/python-installs/neshrblek/arm64-v8a/filetype/__main__.py'...
Compiling '/app/.buildozer/android/platform/build-arm64-v8a/build/python-installs/neshrblek/arm64-v8a/filetype/filetype.py'...
Compiling '/app/.buildozer/android/platform/build-arm64-v8a/build/python-installs/neshrblek/arm64-v8a/filetype/helpers.py'...
Compiling '/app/.buildozer/android/platform/build-arm64-v8a/build/python-installs/neshrblek/arm64-v8a/filetype/match.py'...
Listing '/app/.buildozer/android/platform/build-arm64-v8a/build/python-installs/neshrblek/arm64-v8a/filetype/types'...
Compiling '/app/.buildozer/android/platform/build-arm64-v8a/build/python-installs/neshrblek/arm64-v8a/filetype/types/__init__.py'...
Compiling '/app/.buildozer/android/platform/build-arm64-v8a/build/python-installs/neshrblek/arm64-v8a/filetype/types/application.py'...
Compiling '/app/.buildozer/android/platform/build-arm64-v8a/build/python-installs/neshrblek/arm64-v8a/filetype/types/archive.py'...
Compiling '/app/.buildozer/android/platform/build-arm64-v8a/build/python-installs/neshrblek/arm64-v8a/filetype/types/audio.py'...
Compiling '/app/.buildozer/android/platform/build-arm64-v8a/build/python-installs/neshrblek/arm64-v8a/filetype/types/base.py'...
Compiling '/app/.buildozer/android/platform/build-arm64-v8a/build/python-installs/neshrblek/arm64-v8a/filetype/types/document.py'...
Compiling '/app/.buildozer/android/platform/build-arm64-v8a/build/python-installs/neshrblek/arm64-v8a/filetype/types/font.py'...
Compiling '/app/.buildozer/android/platform/build-arm64-v8a/build/python-installs/neshrblek/arm64-v8a/filetype/types/image.py'...
Compiling '/app/.buildozer/android/platform/build-arm64-v8a/build/python-installs/neshrblek/arm64-v8a/filetype/types/isobmff.py'...
Compiling '/app/.buildozer/android/platform/build-arm64-v8a/build/python-installs/neshrblek/arm64-v8a/filetype/types/video.py'...
Compiling '/app/.buildozer/android/platform/build-arm64-v8a/build/python-installs/neshrblek/arm64-v8a/filetype/utils.py'...
Listing '/app/.buildozer/android/platform/build-arm64-v8a/build/python-installs/neshrblek/arm64-v8a/filetype-1.2.0.dist-info'...
Listing '/app/.buildozer/android/platform/build-arm64-v8a/build/python-installs/neshrblek/arm64-v8a/gcloud'...
Compiling '/app/.buildozer/android/platform/build-arm64-v8a/build/python-installs/neshrblek/arm64-v8a/gcloud/__init__.py'...
Compiling '/app/.buildozer/android/platform/build-arm64-v8a/build/python-installs/neshrblek/arm64-v8a/gcloud/_helpers.py'...
Compiling '/app/.buildozer/android/platform/build-arm64-v8a/build/python-installs/neshrblek/arm64-v8a/gcloud/_testing.py'...
Listing '/app/.buildozer/android/platform/build-arm64-v8a/build/python-installs/neshrblek/arm64-v8a/gcloud/bigquery'...
Compiling '/app/.buildozer/android/platform/build-arm64-v8a/build/python-installs/neshrblek/arm64-v8a/gcloud/bigquery/__init__.py'...
Compiling '/app/.buildozer/android/platform/build-arm64-v8a/build/python-installs/neshrblek/arm64-v8a/gcloud/bigquery/_helpers.py'...
Compiling '/app/.buildozer/android/platform/build-arm64-v8a/build/python-installs/neshrblek/arm64-v8a/gcloud/bigquery/client.py'...
Compiling '/app/.buildozer/android/platform/build-arm64-v8a/build/python-installs/neshrblek/arm64-v8a/gcloud/bigquery/connection.py'...
Compiling '/app/.buildozer/android/platform/build-arm64-v8a/build/python-installs/neshrblek/arm64-v8a/gcloud/bigquery/dataset.py'...
Compiling '/app/.buildozer/android/platform/build-arm64-v8a/build/python-installs/neshrblek/arm64-v8a/gcloud/bigquery/job.py'...
Compiling '/app/.buildozer/android/platform/build-arm64-v8a/build/python-installs/neshrblek/arm64-v8a/gcloud/bigquery/query.py'...
Compiling '/app/.buildozer/android/platform/build-arm64-v8a/build/python-installs/neshrblek/arm64-v8a/gcloud/bigquery/table.py'...
Compiling '/app/.buildozer/android/platform/build-arm64-v8a/build/python-installs/neshrblek/arm64-v8a/gcloud/bigquery/test__helpers.py'...
Compiling '/app/.buildozer/android/platform/build-arm64-v8a/build/python-installs/neshrblek/arm64-v8a/gcloud/bigquery/test_client.py'...
Compiling '/app/.buildozer/android/platform/build-arm64-v8a/build/python-installs/neshrblek/arm64-v8a/gcloud/bigquery/test_connection.py'...
Compiling '/app/.buildozer/android/platform/build-arm64-v8a/build/python-installs/neshrblek/arm64-v8a/gcloud/bigquery/test_dataset.py'...
Compiling '/app/.buildozer/android/platform/build-arm64-v8a/build/python-installs/neshrblek/arm64-v8a/gcloud/bigquery/test_job.py'...
Compiling '/app/.buildozer/android/platform/build-arm64-v8a/build/python-installs/neshrblek/arm64-v8a/gcloud/bigquery/test_query.py'...
Compiling '/app/.buildozer/android/platform/build-arm64-v8a/build/python-installs/neshrblek/arm64-v8a/gcloud/bigquery/test_table.py'...
Listing '/app/.buildozer/android/platform/build-arm64-v8a/build/python-installs/neshrblek/arm64-v8a/gcloud/bigtable'...
Compiling '/app/.buildozer/android/platform/build-arm64-v8a/build/python-installs/neshrblek/arm64-v8a/gcloud/bigtable/__init__.py'...
Listing '/app/.buildozer/android/platform/build-arm64-v8a/build/python-installs/neshrblek/arm64-v8a/gcloud/bigtable/_generated'...
Compiling '/app/.buildozer/android/platform/build-arm64-v8a/build/python-installs/neshrblek/arm64-v8a/gcloud/bigtable/_generated/__init__.py'...
Compiling '/app/.buildozer/android/platform/build-arm64-v8a/build/python-installs/neshrblek/arm64-v8a/gcloud/bigtable/_generated/bigtable_instance_admin_pb2.py'...
Compiling '/app/.buildozer/android/platform/build-arm64-v8a/build/python-installs/neshrblek/arm64-v8a/gcloud/bigtable/_generated/bigtable_pb2.py'...
Compiling '/app/.buildozer/android/platform/build-arm64-v8a/build/python-installs/neshrblek/arm64-v8a/gcloud/bigtable/_generated/bigtable_table_admin_pb2.py'...
Compiling '/app/.buildozer/android/platform/build-arm64-v8a/build/python-installs/neshrblek/arm64-v8a/gcloud/bigtable/_generated/common_pb2.py'...
Compiling '/app/.buildozer/android/platform/build-arm64-v8a/build/python-installs/neshrblek/arm64-v8a/gcloud/bigtable/_generated/data_pb2.py'...
Compiling '/app/.buildozer/android/platform/build-arm64-v8a/build/python-installs/neshrblek/arm64-v8a/gcloud/bigtable/_generated/instance_pb2.py'...
Compiling '/app/.buildozer/android/platform/build-arm64-v8a/build/python-installs/neshrblek/arm64-v8a/gcloud/bigtable/_generated/operations_grpc_pb2.py'...
Compiling '/app/.buildozer/android/platform/build-arm64-v8a/build/python-installs/neshrblek/arm64-v8a/gcloud/bigtable/_generated/table_pb2.py'...
Compiling '/app/.buildozer/android/platform/build-arm64-v8a/build/python-installs/neshrblek/arm64-v8a/gcloud/bigtable/_testing.py'...
Compiling '/app/.buildozer/android/platform/build-arm64-v8a/build/python-installs/neshrblek/arm64-v8a/gcloud/bigtable/client.py'...
Compiling '/app/.buildozer/android/platform/build-arm64-v8a/build/python-installs/neshrblek/arm64-v8a/gcloud/bigtable/cluster.py'...
Compiling '/app/.buildozer/android/platform/build-arm64-v8a/build/python-installs/neshrblek/arm64-v8a/gcloud/bigtable/column_family.py'...
Listing '/app/.buildozer/android/platform/build-arm64-v8a/build/python-installs/neshrblek/arm64-v8a/gcloud/bigtable/happybase'...
Compiling '/app/.buildozer/android/platform/build-arm64-v8a/build/python-installs/neshrblek/arm64-v8a/gcloud/bigtable/happybase/__init__.py'...
Compiling '/app/.buildozer/android/platform/build-arm64-v8a/build/python-installs/neshrblek/arm64-v8a/gcloud/bigtable/happybase/batch.py'...
Compiling '/app/.buildozer/android/platform/build-arm64-v8a/build/python-installs/neshrblek/arm64-v8a/gcloud/bigtable/happybase/connection.py'...
Compiling '/app/.buildozer/android/platform/build-arm64-v8a/build/python-installs/neshrblek/arm64-v8a/gcloud/bigtable/happybase/pool.py'...
Compiling '/app/.buildozer/android/platform/build-arm64-v8a/build/python-installs/neshrblek/arm64-v8a/gcloud/bigtable/happybase/table.py'...
Compiling '/app/.buildozer/android/platform/build-arm64-v8a/build/python-installs/neshrblek/arm64-v8a/gcloud/bigtable/happybase/test_batch.py'...
Compiling '/app/.buildozer/android/platform/build-arm64-v8a/build/python-installs/neshrblek/arm64-v8a/gcloud/bigtable/happybase/test_connection.py'...
Compiling '/app/.buildozer/android/platform/build-arm64-v8a/build/python-installs/neshrblek/arm64-v8a/gcloud/bigtable/happybase/test_pool.py'...
Compiling '/app/.buildozer/android/platform/build-arm64-v8a/build/python-installs/neshrblek/arm64-v8a/gcloud/bigtable/happybase/test_table.py'...
Compiling '/app/.buildozer/android/platform/build-arm64-v8a/build/python-installs/neshrblek/arm64-v8a/gcloud/bigtable/instance.py'...
Compiling '/app/.buildozer/android/platform/build-arm64-v8a/build/python-installs/neshrblek/arm64-v8a/gcloud/bigtable/row.py'...
Compiling '/app/.buildozer/android/platform/build-arm64-v8a/build/python-installs/neshrblek/arm64-v8a/gcloud/bigtable/row_data.py'...
Compiling '/app/.buildozer/android/platform/build-arm64-v8a/build/python-installs/neshrblek/arm64-v8a/gcloud/bigtable/row_filters.py'...
Compiling '/app/.buildozer/android/platform/build-arm64-v8a/build/python-installs/neshrblek/arm64-v8a/gcloud/bigtable/table.py'...
Compiling '/app/.buildozer/android/platform/build-arm64-v8a/build/python-installs/neshrblek/arm64-v8a/gcloud/bigtable/test_client.py'...
Compiling '/app/.buildozer/android/platform/build-arm64-v8a/build/python-installs/neshrblek/arm64-v8a/gcloud/bigtable/test_cluster.py'...
Compiling '/app/.buildozer/android/platform/build-arm64-v8a/build/python-installs/neshrblek/arm64-v8a/gcloud/bigtable/test_column_family.py'...
Compiling '/app/.buildozer/android/platform/build-arm64-v8a/build/python-installs/neshrblek/arm64-v8a/gcloud/bigtable/test_instance.py'...
Compiling '/app/.buildozer/android/platform/build-arm64-v8a/build/python-installs/neshrblek/arm64-v8a/gcloud/bigtable/test_row.py'...
Compiling '/app/.buildozer/android/platform/build-arm64-v8a/build/python-installs/neshrblek/arm64-v8a/gcloud/bigtable/test_row_data.py'...
Compiling '/app/.buildozer/android/platform/build-arm64-v8a/build/python-installs/neshrblek/arm64-v8a/gcloud/bigtable/test_row_filters.py'...
Compiling '/app/.buildozer/android/platform/build-arm64-v8a/build/python-installs/neshrblek/arm64-v8a/gcloud/bigtable/test_table.py'...
Compiling '/app/.buildozer/android/platform/build-arm64-v8a/build/python-installs/neshrblek/arm64-v8a/gcloud/client.py'...
Compiling '/app/.buildozer/android/platform/build-arm64-v8a/build/python-installs/neshrblek/arm64-v8a/gcloud/connection.py'...
Compiling '/app/.buildozer/android/platform/build-arm64-v8a/build/python-installs/neshrblek/arm64-v8a/gcloud/credentials.py'...
Listing '/app/.buildozer/android/platform/build-arm64-v8a/build/python-installs/neshrblek/arm64-v8a/gcloud/datastore'...
Compiling '/app/.buildozer/android/platform/build-arm64-v8a/build/python-installs/neshrblek/arm64-v8a/gcloud/datastore/__init__.py'...
Listing '/app/.buildozer/android/platform/build-arm64-v8a/build/python-installs/neshrblek/arm64-v8a/gcloud/datastore/_generated'...
Compiling '/app/.buildozer/android/platform/build-arm64-v8a/build/python-installs/neshrblek/arm64-v8a/gcloud/datastore/_generated/__init__.py'...
Compiling '/app/.buildozer/android/platform/build-arm64-v8a/build/python-installs/neshrblek/arm64-v8a/gcloud/datastore/_generated/datastore_grpc_pb2.py'...
***   File "/app/.buildozer/android/platform/build-arm64-v8a/build/python-installs/neshrblek/arm64-v8a/gcloud/datastore/_generated/datastore_grpc_pb2.py", line 43
    Lookup.async = None
           ^^^^^
SyntaxError: invalid syntax

Compiling '/app/.buildozer/android/platform/build-arm64-v8a/build/python-installs/neshrblek/arm64-v8a/gcloud/datastore/_generated/datastore_pb2.py'...
Compiling '/app/.buildozer/android/platform/build-arm64-v8a/build/python-installs/neshrblek/arm64-v8a/gcloud/datastore/_generated/entity_pb2.py'...
Compiling '/app/.buildozer/android/platform/build-arm64-v8a/build/python-installs/neshrblek/arm64-v8a/gcloud/datastore/_generated/query_pb2.py'...
Compiling '/app/.buildozer/android/platform/build-arm64-v8a/build/python-installs/neshrblek/arm64-v8a/gcloud/datastore/batch.py'...
Compiling '/app/.buildozer/android/platform/build-arm64-v8a/build/python-installs/neshrblek/arm64-v8a/gcloud/datastore/client.py'...
Compiling '/app/.buildozer/android/platform/build-arm64-v8a/build/python-installs/neshrblek/arm64-v8a/gcloud/datastore/connection.py'...
Compiling '/app/.buildozer/android/platform/build-arm64-v8a/build/python-installs/neshrblek/arm64-v8a/gcloud/datastore/entity.py'...
Compiling '/app/.buildozer/android/platform/build-arm64-v8a/build/python-installs/neshrblek/arm64-v8a/gcloud/datastore/helpers.py'...
Compiling '/app/.buildozer/android/platform/build-arm64-v8a/build/python-installs/neshrblek/arm64-v8a/gcloud/datastore/key.py'...
Compiling '/app/.buildozer/android/platform/build-arm64-v8a/build/python-installs/neshrblek/arm64-v8a/gcloud/datastore/query.py'...
Compiling '/app/.buildozer/android/platform/build-arm64-v8a/build/python-installs/neshrblek/arm64-v8a/gcloud/datastore/test_batch.py'...
Compiling '/app/.buildozer/android/platform/build-arm64-v8a/build/python-installs/neshrblek/arm64-v8a/gcloud/datastore/test_client.py'...
Compiling '/app/.buildozer/android/platform/build-arm64-v8a/build/python-installs/neshrblek/arm64-v8a/gcloud/datastore/test_connection.py'...
Compiling '/app/.buildozer/android/platform/build-arm64-v8a/build/python-installs/neshrblek/arm64-v8a/gcloud/datastore/test_entity.py'...
Compiling '/app/.buildozer/android/platform/build-arm64-v8a/build/python-installs/neshrblek/arm64-v8a/gcloud/datastore/test_helpers.py'...
Compiling '/app/.buildozer/android/platform/build-arm64-v8a/build/python-installs/neshrblek/arm64-v8a/gcloud/datastore/test_key.py'...
Compiling '/app/.buildozer/android/platform/build-arm64-v8a/build/python-installs/neshrblek/arm64-v8a/gcloud/datastore/test_query.py'...
Compiling '/app/.buildozer/android/platform/build-arm64-v8a/build/python-installs/neshrblek/arm64-v8a/gcloud/datastore/test_transaction.py'...
Compiling '/app/.buildozer/android/platform/build-arm64-v8a/build/python-installs/neshrblek/arm64-v8a/gcloud/datastore/transaction.py'...
Listing '/app/.buildozer/android/platform/build-arm64-v8a/build/python-installs/neshrblek/arm64-v8a/gcloud/dns'...
Compiling '/app/.buildozer/android/platform/build-arm64-v8a/build/python-installs/neshrblek/arm64-v8a/gcloud/dns/__init__.py'...
Compiling '/app/.buildozer/android/platform/build-arm64-v8a/build/python-installs/neshrblek/arm64-v8a/gcloud/dns/changes.py'...
Compiling '/app/.buildozer/android/platform/build-arm64-v8a/build/python-installs/neshrblek/arm64-v8a/gcloud/dns/client.py'...
Compiling '/app/.buildozer/android/platform/build-arm64-v8a/build/python-installs/neshrblek/arm64-v8a/gcloud/dns/connection.py'...
Compiling '/app/.buildozer/android/platform/build-arm64-v8a/build/python-installs/neshrblek/arm64-v8a/gcloud/dns/resource_record_set.py'...
Compiling '/app/.buildozer/android/platform/build-arm64-v8a/build/python-installs/neshrblek/arm64-v8a/gcloud/dns/test_changes.py'...
Compiling '/app/.buildozer/android/platform/build-arm64-v8a/build/python-installs/neshrblek/arm64-v8a/gcloud/dns/test_client.py'...
Compiling '/app/.buildozer/android/platform/build-arm64-v8a/build/python-installs/neshrblek/arm64-v8a/gcloud/dns/test_connection.py'...
Compiling '/app/.buildozer/android/platform/build-arm64-v8a/build/python-installs/neshrblek/arm64-v8a/gcloud/dns/test_resource_record_set.py'...
Compiling '/app/.buildozer/android/platform/build-arm64-v8a/build/python-installs/neshrblek/arm64-v8a/gcloud/dns/test_zone.py'...
Compiling '/app/.buildozer/android/platform/build-arm64-v8a/build/python-installs/neshrblek/arm64-v8a/gcloud/dns/zone.py'...
Compiling '/app/.buildozer/android/platform/build-arm64-v8a/build/python-installs/neshrblek/arm64-v8a/gcloud/environment_vars.py'...
Listing '/app/.buildozer/android/platform/build-arm64-v8a/build/python-installs/neshrblek/arm64-v8a/gcloud/error_reporting'...
Compiling '/app/.buildozer/android/platform/build-arm64-v8a/build/python-installs/neshrblek/arm64-v8a/gcloud/error_reporting/__init__.py'...
Compiling '/app/.buildozer/android/platform/build-arm64-v8a/build/python-installs/neshrblek/arm64-v8a/gcloud/error_reporting/client.py'...
Compiling '/app/.buildozer/android/platform/build-arm64-v8a/build/python-installs/neshrblek/arm64-v8a/gcloud/error_reporting/test_client.py'...
Compiling '/app/.buildozer/android/platform/build-arm64-v8a/build/python-installs/neshrblek/arm64-v8a/gcloud/exceptions.py'...
Compiling '/app/.buildozer/android/platform/build-arm64-v8a/build/python-installs/neshrblek/arm64-v8a/gcloud/iterator.py'...
Listing '/app/.buildozer/android/platform/build-arm64-v8a/build/python-installs/neshrblek/arm64-v8a/gcloud/logging'...
Compiling '/app/.buildozer/android/platform/build-arm64-v8a/build/python-installs/neshrblek/arm64-v8a/gcloud/logging/__init__.py'...
Compiling '/app/.buildozer/android/platform/build-arm64-v8a/build/python-installs/neshrblek/arm64-v8a/gcloud/logging/_gax.py'...
Compiling '/app/.buildozer/android/platform/build-arm64-v8a/build/python-installs/neshrblek/arm64-v8a/gcloud/logging/client.py'...
Compiling '/app/.buildozer/android/platform/build-arm64-v8a/build/python-installs/neshrblek/arm64-v8a/gcloud/logging/connection.py'...
Compiling '/app/.buildozer/android/platform/build-arm64-v8a/build/python-installs/neshrblek/arm64-v8a/gcloud/logging/entries.py'...
Compiling '/app/.buildozer/android/platform/build-arm64-v8a/build/python-installs/neshrblek/arm64-v8a/gcloud/logging/logger.py'...
Compiling '/app/.buildozer/android/platform/build-arm64-v8a/build/python-installs/neshrblek/arm64-v8a/gcloud/logging/metric.py'...
Compiling '/app/.buildozer/android/platform/build-arm64-v8a/build/python-installs/neshrblek/arm64-v8a/gcloud/logging/sink.py'...
Compiling '/app/.buildozer/android/platform/build-arm64-v8a/build/python-installs/neshrblek/arm64-v8a/gcloud/logging/test__gax.py'...
Compiling '/app/.buildozer/android/platform/build-arm64-v8a/build/python-installs/neshrblek/arm64-v8a/gcloud/logging/test_client.py'...
Compiling '/app/.buildozer/android/platform/build-arm64-v8a/build/python-installs/neshrblek/arm64-v8a/gcloud/logging/test_connection.py'...
Compiling '/app/.buildozer/android/platform/build-arm64-v8a/build/python-installs/neshrblek/arm64-v8a/gcloud/logging/test_entries.py'...
Compiling '/app/.buildozer/android/platform/build-arm64-v8a/build/python-installs/neshrblek/arm64-v8a/gcloud/logging/test_logger.py'...
Compiling '/app/.buildozer/android/platform/build-arm64-v8a/build/python-installs/neshrblek/arm64-v8a/gcloud/logging/test_metric.py'...
Compiling '/app/.buildozer/android/platform/build-arm64-v8a/build/python-installs/neshrblek/arm64-v8a/gcloud/logging/test_sink.py'...
Listing '/app/.buildozer/android/platform/build-arm64-v8a/build/python-installs/neshrblek/arm64-v8a/gcloud/monitoring'...
Compiling '/app/.buildozer/android/platform/build-arm64-v8a/build/python-installs/neshrblek/arm64-v8a/gcloud/monitoring/__init__.py'...
Compiling '/app/.buildozer/android/platform/build-arm64-v8a/build/python-installs/neshrblek/arm64-v8a/gcloud/monitoring/_dataframe.py'...
Compiling '/app/.buildozer/android/platform/build-arm64-v8a/build/python-installs/neshrblek/arm64-v8a/gcloud/monitoring/client.py'...
Compiling '/app/.buildozer/android/platform/build-arm64-v8a/build/python-installs/neshrblek/arm64-v8a/gcloud/monitoring/connection.py'...
Compiling '/app/.buildozer/android/platform/build-arm64-v8a/build/python-installs/neshrblek/arm64-v8a/gcloud/monitoring/label.py'...
Compiling '/app/.buildozer/android/platform/build-arm64-v8a/build/python-installs/neshrblek/arm64-v8a/gcloud/monitoring/metric.py'...
Compiling '/app/.buildozer/android/platform/build-arm64-v8a/build/python-installs/neshrblek/arm64-v8a/gcloud/monitoring/query.py'...
Compiling '/app/.buildozer/android/platform/build-arm64-v8a/build/python-installs/neshrblek/arm64-v8a/gcloud/monitoring/resource.py'...
Compiling '/app/.buildozer/android/platform/build-arm64-v8a/build/python-installs/neshrblek/arm64-v8a/gcloud/monitoring/test__dataframe.py'...
Compiling '/app/.buildozer/android/platform/build-arm64-v8a/build/python-installs/neshrblek/arm64-v8a/gcloud/monitoring/test_client.py'...
Compiling '/app/.buildozer/android/platform/build-arm64-v8a/build/python-installs/neshrblek/arm64-v8a/gcloud/monitoring/test_connection.py'...
Compiling '/app/.buildozer/android/platform/build-arm64-v8a/build/python-installs/neshrblek/arm64-v8a/gcloud/monitoring/test_label.py'...
Compiling '/app/.buildozer/android/platform/build-arm64-v8a/build/python-installs/neshrblek/arm64-v8a/gcloud/monitoring/test_metric.py'...
Compiling '/app/.buildozer/android/platform/build-arm64-v8a/build/python-installs/neshrblek/arm64-v8a/gcloud/monitoring/test_query.py'...
Compiling '/app/.buildozer/android/platform/build-arm64-v8a/build/python-installs/neshrblek/arm64-v8a/gcloud/monitoring/test_resource.py'...
Compiling '/app/.buildozer/android/platform/build-arm64-v8a/build/python-installs/neshrblek/arm64-v8a/gcloud/monitoring/test_timeseries.py'...
Compiling '/app/.buildozer/android/platform/build-arm64-v8a/build/python-installs/neshrblek/arm64-v8a/gcloud/monitoring/timeseries.py'...
Listing '/app/.buildozer/android/platform/build-arm64-v8a/build/python-installs/neshrblek/arm64-v8a/gcloud/pubsub'...
Compiling '/app/.buildozer/android/platform/build-arm64-v8a/build/python-installs/neshrblek/arm64-v8a/gcloud/pubsub/__init__.py'...
Compiling '/app/.buildozer/android/platform/build-arm64-v8a/build/python-installs/neshrblek/arm64-v8a/gcloud/pubsub/_gax.py'...
Compiling '/app/.buildozer/android/platform/build-arm64-v8a/build/python-installs/neshrblek/arm64-v8a/gcloud/pubsub/_helpers.py'...
Compiling '/app/.buildozer/android/platform/build-arm64-v8a/build/python-installs/neshrblek/arm64-v8a/gcloud/pubsub/client.py'...
Compiling '/app/.buildozer/android/platform/build-arm64-v8a/build/python-installs/neshrblek/arm64-v8a/gcloud/pubsub/connection.py'...
Compiling '/app/.buildozer/android/platform/build-arm64-v8a/build/python-installs/neshrblek/arm64-v8a/gcloud/pubsub/iam.py'...
Compiling '/app/.buildozer/android/platform/build-arm64-v8a/build/python-installs/neshrblek/arm64-v8a/gcloud/pubsub/message.py'...
Compiling '/app/.buildozer/android/platform/build-arm64-v8a/build/python-installs/neshrblek/arm64-v8a/gcloud/pubsub/subscription.py'...
Compiling '/app/.buildozer/android/platform/build-arm64-v8a/build/python-installs/neshrblek/arm64-v8a/gcloud/pubsub/test__gax.py'...
Compiling '/app/.buildozer/android/platform/build-arm64-v8a/build/python-installs/neshrblek/arm64-v8a/gcloud/pubsub/test__helpers.py'...
Compiling '/app/.buildozer/android/platform/build-arm64-v8a/build/python-installs/neshrblek/arm64-v8a/gcloud/pubsub/test_client.py'...
Compiling '/app/.buildozer/android/platform/build-arm64-v8a/build/python-installs/neshrblek/arm64-v8a/gcloud/pubsub/test_connection.py'...
Compiling '/app/.buildozer/android/platform/build-arm64-v8a/build/python-installs/neshrblek/arm64-v8a/gcloud/pubsub/test_iam.py'...
Compiling '/app/.buildozer/android/platform/build-arm64-v8a/build/python-installs/neshrblek/arm64-v8a/gcloud/pubsub/test_message.py'...
Compiling '/app/.buildozer/android/platform/build-arm64-v8a/build/python-installs/neshrblek/arm64-v8a/gcloud/pubsub/test_subscription.py'...
Compiling '/app/.buildozer/android/platform/build-arm64-v8a/build/python-installs/neshrblek/arm64-v8a/gcloud/pubsub/test_topic.py'...
Compiling '/app/.buildozer/android/platform/build-arm64-v8a/build/python-installs/neshrblek/arm64-v8a/gcloud/pubsub/topic.py'...
Listing '/app/.buildozer/android/platform/build-arm64-v8a/build/python-installs/neshrblek/arm64-v8a/gcloud/resource_manager'...
Compiling '/app/.buildozer/android/platform/build-arm64-v8a/build/python-installs/neshrblek/arm64-v8a/gcloud/resource_manager/__init__.py'...
Compiling '/app/.buildozer/android/platform/build-arm64-v8a/build/python-installs/neshrblek/arm64-v8a/gcloud/resource_manager/client.py'...
Compiling '/app/.buildozer/android/platform/build-arm64-v8a/build/python-installs/neshrblek/arm64-v8a/gcloud/resource_manager/connection.py'...
Compiling '/app/.buildozer/android/platform/build-arm64-v8a/build/python-installs/neshrblek/arm64-v8a/gcloud/resource_manager/project.py'...
Compiling '/app/.buildozer/android/platform/build-arm64-v8a/build/python-installs/neshrblek/arm64-v8a/gcloud/resource_manager/test_client.py'...
Compiling '/app/.buildozer/android/platform/build-arm64-v8a/build/python-installs/neshrblek/arm64-v8a/gcloud/resource_manager/test_connection.py'...
Compiling '/app/.buildozer/android/platform/build-arm64-v8a/build/python-installs/neshrblek/arm64-v8a/gcloud/resource_manager/test_project.py'...
Listing '/app/.buildozer/android/platform/build-arm64-v8a/build/python-installs/neshrblek/arm64-v8a/gcloud/storage'...
Compiling '/app/.buildozer/android/platform/build-arm64-v8a/build/python-installs/neshrblek/arm64-v8a/gcloud/storage/__init__.py'...
Compiling '/app/.buildozer/android/platform/build-arm64-v8a/build/python-installs/neshrblek/arm64-v8a/gcloud/storage/_helpers.py'...
Compiling '/app/.buildozer/android/platform/build-arm64-v8a/build/python-installs/neshrblek/arm64-v8a/gcloud/storage/acl.py'...
Compiling '/app/.buildozer/android/platform/build-arm64-v8a/build/python-installs/neshrblek/arm64-v8a/gcloud/storage/batch.py'...
Compiling '/app/.buildozer/android/platform/build-arm64-v8a/build/python-installs/neshrblek/arm64-v8a/gcloud/storage/blob.py'...
Compiling '/app/.buildozer/android/platform/build-arm64-v8a/build/python-installs/neshrblek/arm64-v8a/gcloud/storage/bucket.py'...
Compiling '/app/.buildozer/android/platform/build-arm64-v8a/build/python-installs/neshrblek/arm64-v8a/gcloud/storage/client.py'...
Compiling '/app/.buildozer/android/platform/build-arm64-v8a/build/python-installs/neshrblek/arm64-v8a/gcloud/storage/connection.py'...
Compiling '/app/.buildozer/android/platform/build-arm64-v8a/build/python-installs/neshrblek/arm64-v8a/gcloud/storage/test__helpers.py'...
Compiling '/app/.buildozer/android/platform/build-arm64-v8a/build/python-installs/neshrblek/arm64-v8a/gcloud/storage/test_acl.py'...
Compiling '/app/.buildozer/android/platform/build-arm64-v8a/build/python-installs/neshrblek/arm64-v8a/gcloud/storage/test_batch.py'...
Compiling '/app/.buildozer/android/platform/build-arm64-v8a/build/python-installs/neshrblek/arm64-v8a/gcloud/storage/test_blob.py'...
Compiling '/app/.buildozer/android/platform/build-arm64-v8a/build/python-installs/neshrblek/arm64-v8a/gcloud/storage/test_bucket.py'...
Compiling '/app/.buildozer/android/platform/build-arm64-v8a/build/python-installs/neshrblek/arm64-v8a/gcloud/storage/test_client.py'...
Compiling '/app/.buildozer/android/platform/build-arm64-v8a/build/python-installs/neshrblek/arm64-v8a/gcloud/storage/test_connection.py'...
Listing '/app/.buildozer/android/platform/build-arm64-v8a/build/python-installs/neshrblek/arm64-v8a/gcloud/streaming'...
Compiling '/app/.buildozer/android/platform/build-arm64-v8a/build/python-installs/neshrblek/arm64-v8a/gcloud/streaming/__init__.py'...
Compiling '/app/.buildozer/android/platform/build-arm64-v8a/build/python-installs/neshrblek/arm64-v8a/gcloud/streaming/buffered_stream.py'...
Compiling '/app/.buildozer/android/platform/build-arm64-v8a/build/python-installs/neshrblek/arm64-v8a/gcloud/streaming/exceptions.py'...
Compiling '/app/.buildozer/android/platform/build-arm64-v8a/build/python-installs/neshrblek/arm64-v8a/gcloud/streaming/http_wrapper.py'...
Compiling '/app/.buildozer/android/platform/build-arm64-v8a/build/python-installs/neshrblek/arm64-v8a/gcloud/streaming/stream_slice.py'...
Compiling '/app/.buildozer/android/platform/build-arm64-v8a/build/python-installs/neshrblek/arm64-v8a/gcloud/streaming/test_buffered_stream.py'...
Compiling '/app/.buildozer/android/platform/build-arm64-v8a/build/python-installs/neshrblek/arm64-v8a/gcloud/streaming/test_exceptions.py'...
Compiling '/app/.buildozer/android/platform/build-arm64-v8a/build/python-installs/neshrblek/arm64-v8a/gcloud/streaming/test_http_wrapper.py'...
Compiling '/app/.buildozer/android/platform/build-arm64-v8a/build/python-installs/neshrblek/arm64-v8a/gcloud/streaming/test_stream_slice.py'...
Compiling '/app/.buildozer/android/platform/build-arm64-v8a/build/python-installs/neshrblek/arm64-v8a/gcloud/streaming/test_transfer.py'...
Compiling '/app/.buildozer/android/platform/build-arm64-v8a/build/python-installs/neshrblek/arm64-v8a/gcloud/streaming/test_util.py'...
Compiling '/app/.buildozer/android/platform/build-arm64-v8a/build/python-installs/neshrblek/arm64-v8a/gcloud/streaming/transfer.py'...
Compiling '/app/.buildozer/android/platform/build-arm64-v8a/build/python-installs/neshrblek/arm64-v8a/gcloud/streaming/util.py'...
Compiling '/app/.buildozer/android/platform/build-arm64-v8a/build/python-installs/neshrblek/arm64-v8a/gcloud/test__helpers.py'...
Compiling '/app/.buildozer/android/platform/build-arm64-v8a/build/python-installs/neshrblek/arm64-v8a/gcloud/test_client.py'...
Compiling '/app/.buildozer/android/platform/build-arm64-v8a/build/python-installs/neshrblek/arm64-v8a/gcloud/test_connection.py'...
Compiling '/app/.buildozer/android/platform/build-arm64-v8a/build/python-installs/neshrblek/arm64-v8a/gcloud/test_credentials.py'...
Compiling '/app/.buildozer/android/platform/build-arm64-v8a/build/python-installs/neshrblek/arm64-v8a/gcloud/test_exceptions.py'...
Compiling '/app/.buildozer/android/platform/build-arm64-v8a/build/python-installs/neshrblek/arm64-v8a/gcloud/test_iterator.py'...
Listing '/app/.buildozer/android/platform/build-arm64-v8a/build/python-installs/neshrblek/arm64-v8a/gcloud/translate'...
Compiling '/app/.buildozer/android/platform/build-arm64-v8a/build/python-installs/neshrblek/arm64-v8a/gcloud/translate/__init__.py'...
Compiling '/app/.buildozer/android/platform/build-arm64-v8a/build/python-installs/neshrblek/arm64-v8a/gcloud/translate/client.py'...
Compiling '/app/.buildozer/android/platform/build-arm64-v8a/build/python-installs/neshrblek/arm64-v8a/gcloud/translate/connection.py'...
Compiling '/app/.buildozer/android/platform/build-arm64-v8a/build/python-installs/neshrblek/arm64-v8a/gcloud/translate/test_client.py'...
Compiling '/app/.buildozer/android/platform/build-arm64-v8a/build/python-installs/neshrblek/arm64-v8a/gcloud/translate/test_connection.py'...
Listing '/app/.buildozer/android/platform/build-arm64-v8a/build/python-installs/neshrblek/arm64-v8a/gcloud-0.18.3.dist-info'...
Listing '/app/.buildozer/android/platform/build-arm64-v8a/build/python-installs/neshrblek/arm64-v8a/idna'...
Compiling '/app/.buildozer/android/platform/build-arm64-v8a/build/python-installs/neshrblek/arm64-v8a/idna/__init__.py'...
Compiling '/app/.buildozer/android/platform/build-arm64-v8a/build/python-installs/neshrblek/arm64-v8a/idna/__main__.py'...
Compiling '/app/.buildozer/android/platform/build-arm64-v8a/build/python-installs/neshrblek/arm64-v8a/idna/cli.py'...
Compiling '/app/.buildozer/android/platform/build-arm64-v8a/build/python-installs/neshrblek/arm64-v8a/idna/codec.py'...
Compiling '/app/.buildozer/android/platform/build-arm64-v8a/build/python-installs/neshrblek/arm64-v8a/idna/compat.py'...
Compiling '/app/.buildozer/android/platform/build-arm64-v8a/build/python-installs/neshrblek/arm64-v8a/idna/core.py'...
Compiling '/app/.buildozer/android/platform/build-arm64-v8a/build/python-installs/neshrblek/arm64-v8a/idna/idnadata.py'...
Compiling '/app/.buildozer/android/platform/build-arm64-v8a/build/python-installs/neshrblek/arm64-v8a/idna/intranges.py'...
Compiling '/app/.buildozer/android/platform/build-arm64-v8a/build/python-installs/neshrblek/arm64-v8a/idna/package_data.py'...
Compiling '/app/.buildozer/android/platform/build-arm64-v8a/build/python-installs/neshrblek/arm64-v8a/idna/uts46data.py'...
Listing '/app/.buildozer/android/platform/build-arm64-v8a/build/python-installs/neshrblek/arm64-v8a/idna-3.18.dist-info'...
Listing '/app/.buildozer/android/platform/build-arm64-v8a/build/python-installs/neshrblek/arm64-v8a/idna-3.18.dist-info/licenses'...
Listing '/app/.buildozer/android/platform/build-arm64-v8a/build/python-installs/neshrblek/arm64-v8a/jnius'...
Compiling '/app/.buildozer/android/platform/build-arm64-v8a/build/python-installs/neshrblek/arm64-v8a/jnius/__init__.py'...
Compiling '/app/.buildozer/android/platform/build-arm64-v8a/build/python-installs/neshrblek/arm64-v8a/jnius/env.py'...
Compiling '/app/.buildozer/android/platform/build-arm64-v8a/build/python-installs/neshrblek/arm64-v8a/jnius/reflect.py'...
Compiling '/app/.buildozer/android/platform/build-arm64-v8a/build/python-installs/neshrblek/arm64-v8a/jnius/signatures.py'...
Listing '/app/.buildozer/android/platform/build-arm64-v8a/build/python-installs/neshrblek/arm64-v8a/jnius/src'...
Listing '/app/.buildozer/android/platform/build-arm64-v8a/build/python-installs/neshrblek/arm64-v8a/jnius/src/org'...
Listing '/app/.buildozer/android/platform/build-arm64-v8a/build/python-installs/neshrblek/arm64-v8a/jnius/src/org/jnius'...
Compiling '/app/.buildozer/android/platform/build-arm64-v8a/build/python-installs/neshrblek/arm64-v8a/jnius_config.py'...
Listing '/app/.buildozer/android/platform/build-arm64-v8a/build/python-installs/neshrblek/arm64-v8a/jwcrypto'...
Compiling '/app/.buildozer/android/platform/build-arm64-v8a/build/python-installs/neshrblek/arm64-v8a/jwcrypto/__init__.py'...
Compiling '/app/.buildozer/android/platform/build-arm64-v8a/build/python-installs/neshrblek/arm64-v8a/jwcrypto/common.py'...
Compiling '/app/.buildozer/android/platform/build-arm64-v8a/build/python-installs/neshrblek/arm64-v8a/jwcrypto/jwa.py'...
Compiling '/app/.buildozer/android/platform/build-arm64-v8a/build/python-installs/neshrblek/arm64-v8a/jwcrypto/jwe.py'...
Compiling '/app/.buildozer/android/platform/build-arm64-v8a/build/python-installs/neshrblek/arm64-v8a/jwcrypto/jwk.py'...
Compiling '/app/.buildozer/android/platform/build-arm64-v8a/build/python-installs/neshrblek/arm64-v8a/jwcrypto/jws.py'...
Compiling '/app/.buildozer/android/platform/build-arm64-v8a/build/python-installs/neshrblek/arm64-v8a/jwcrypto/jwt.py'...
Compiling '/app/.buildozer/android/platform/build-arm64-v8a/build/python-installs/neshrblek/arm64-v8a/jwcrypto/tests-cookbook.py'...
Compiling '/app/.buildozer/android/platform/build-arm64-v8a/build/python-installs/neshrblek/arm64-v8a/jwcrypto/tests.py'...
Compiling '/app/.buildozer/android/platform/build-arm64-v8a/build/python-installs/neshrblek/arm64-v8a/jwcrypto/version.py'...
Listing '/app/.buildozer/android/platform/build-arm64-v8a/build/python-installs/neshrblek/arm64-v8a/jwcrypto-1.5.7.dist-info'...
Listing '/app/.buildozer/android/platform/build-arm64-v8a/build/python-installs/neshrblek/arm64-v8a/jwcrypto-1.5.7.dist-info/licenses'...
Listing '/app/.buildozer/android/platform/build-arm64-v8a/build/python-installs/neshrblek/arm64-v8a/kivy'...
Compiling '/app/.buildozer/android/platform/build-arm64-v8a/build/python-installs/neshrblek/arm64-v8a/kivy/__init__.py'...
Compiling '/app/.buildozer/android/platform/build-arm64-v8a/build/python-installs/neshrblek/arm64-v8a/kivy/_version.py'...
Compiling '/app/.buildozer/android/platform/build-arm64-v8a/build/python-installs/neshrblek/arm64-v8a/kivy/animation.py'...
Compiling '/app/.buildozer/android/platform/build-arm64-v8a/build/python-installs/neshrblek/arm64-v8a/kivy/app.py'...
Compiling '/app/.buildozer/android/platform/build-arm64-v8a/build/python-installs/neshrblek/arm64-v8a/kivy/atlas.py'...
Compiling '/app/.buildozer/android/platform/build-arm64-v8a/build/python-installs/neshrblek/arm64-v8a/kivy/base.py'...
Compiling '/app/.buildozer/android/platform/build-arm64-v8a/build/python-installs/neshrblek/arm64-v8a/kivy/cache.py'...
Compiling '/app/.buildozer/android/platform/build-arm64-v8a/build/python-installs/neshrblek/arm64-v8a/kivy/clock.py'...
Compiling '/app/.buildozer/android/platform/build-arm64-v8a/build/python-installs/neshrblek/arm64-v8a/kivy/compat.py'...
Compiling '/app/.buildozer/android/platform/build-arm64-v8a/build/python-installs/neshrblek/arm64-v8a/kivy/config.py'...
Compiling '/app/.buildozer/android/platform/build-arm64-v8a/build/python-installs/neshrblek/arm64-v8a/kivy/context.py'...
Listing '/app/.buildozer/android/platform/build-arm64-v8a/build/python-installs/neshrblek/arm64-v8a/kivy/core'...
Compiling '/app/.buildozer/android/platform/build-arm64-v8a/build/python-installs/neshrblek/arm64-v8a/kivy/core/__init__.py'...
Listing '/app/.buildozer/android/platform/build-arm64-v8a/build/python-installs/neshrblek/arm64-v8a/kivy/core/audio'...
Compiling '/app/.buildozer/android/platform/build-arm64-v8a/build/python-installs/neshrblek/arm64-v8a/kivy/core/audio/__init__.py'...
Compiling '/app/.buildozer/android/platform/build-arm64-v8a/build/python-installs/neshrblek/arm64-v8a/kivy/core/audio/audio_android.py'...
Compiling '/app/.buildozer/android/platform/build-arm64-v8a/build/python-installs/neshrblek/arm64-v8a/kivy/core/audio/audio_avplayer.py'...
Compiling '/app/.buildozer/android/platform/build-arm64-v8a/build/python-installs/neshrblek/arm64-v8a/kivy/core/audio/audio_ffpyplayer.py'...
Compiling '/app/.buildozer/android/platform/build-arm64-v8a/build/python-installs/neshrblek/arm64-v8a/kivy/core/audio/audio_gstplayer.py'...
Compiling '/app/.buildozer/android/platform/build-arm64-v8a/build/python-installs/neshrblek/arm64-v8a/kivy/core/audio/audio_pygame.py'...
Listing '/app/.buildozer/android/platform/build-arm64-v8a/build/python-installs/neshrblek/arm64-v8a/kivy/core/camera'...
Compiling '/app/.buildozer/android/platform/build-arm64-v8a/build/python-installs/neshrblek/arm64-v8a/kivy/core/camera/__init__.py'...
Compiling '/app/.buildozer/android/platform/build-arm64-v8a/build/python-installs/neshrblek/arm64-v8a/kivy/core/camera/camera_android.py'...
Compiling '/app/.buildozer/android/platform/build-arm64-v8a/build/python-installs/neshrblek/arm64-v8a/kivy/core/camera/camera_gi.py'...
Compiling '/app/.buildozer/android/platform/build-arm64-v8a/build/python-installs/neshrblek/arm64-v8a/kivy/core/camera/camera_opencv.py'...
Compiling '/app/.buildozer/android/platform/build-arm64-v8a/build/python-installs/neshrblek/arm64-v8a/kivy/core/camera/camera_picamera.py'...
Listing '/app/.buildozer/android/platform/build-arm64-v8a/build/python-installs/neshrblek/arm64-v8a/kivy/core/clipboard'...
Compiling '/app/.buildozer/android/platform/build-arm64-v8a/build/python-installs/neshrblek/arm64-v8a/kivy/core/clipboard/__init__.py'...
Compiling '/app/.buildozer/android/platform/build-arm64-v8a/build/python-installs/neshrblek/arm64-v8a/kivy/core/clipboard/_clipboard_ext.py'...
Compiling '/app/.buildozer/android/platform/build-arm64-v8a/build/python-installs/neshrblek/arm64-v8a/kivy/core/clipboard/clipboard_android.py'...
Compiling '/app/.buildozer/android/platform/build-arm64-v8a/build/python-installs/neshrblek/arm64-v8a/kivy/core/clipboard/clipboard_dbusklipper.py'...
Compiling '/app/.buildozer/android/platform/build-arm64-v8a/build/python-installs/neshrblek/arm64-v8a/kivy/core/clipboard/clipboard_dummy.py'...
Compiling '/app/.buildozer/android/platform/build-arm64-v8a/build/python-installs/neshrblek/arm64-v8a/kivy/core/clipboard/clipboard_gtk3.py'...
Compiling '/app/.buildozer/android/platform/build-arm64-v8a/build/python-installs/neshrblek/arm64-v8a/kivy/core/clipboard/clipboard_nspaste.py'...
Compiling '/app/.buildozer/android/platform/build-arm64-v8a/build/python-installs/neshrblek/arm64-v8a/kivy/core/clipboard/clipboard_pygame.py'...
Compiling '/app/.buildozer/android/platform/build-arm64-v8a/build/python-installs/neshrblek/arm64-v8a/kivy/core/clipboard/clipboard_sdl2.py'...
Compiling '/app/.buildozer/android/platform/build-arm64-v8a/build/python-installs/neshrblek/arm64-v8a/kivy/core/clipboard/clipboard_winctypes.py'...
Compiling '/app/.buildozer/android/platform/build-arm64-v8a/build/python-installs/neshrblek/arm64-v8a/kivy/core/clipboard/clipboard_xclip.py'...
Compiling '/app/.buildozer/android/platform/build-arm64-v8a/build/python-installs/neshrblek/arm64-v8a/kivy/core/clipboard/clipboard_xsel.py'...
Listing '/app/.buildozer/android/platform/build-arm64-v8a/build/python-installs/neshrblek/arm64-v8a/kivy/core/gl'...
Compiling '/app/.buildozer/android/platform/build-arm64-v8a/build/python-installs/neshrblek/arm64-v8a/kivy/core/gl/__init__.py'...
Listing '/app/.buildozer/android/platform/build-arm64-v8a/build/python-installs/neshrblek/arm64-v8a/kivy/core/image'...
Compiling '/app/.buildozer/android/platform/build-arm64-v8a/build/python-installs/neshrblek/arm64-v8a/kivy/core/image/__init__.py'...
Compiling '/app/.buildozer/android/platform/build-arm64-v8a/build/python-installs/neshrblek/arm64-v8a/kivy/core/image/img_dds.py'...
Compiling '/app/.buildozer/android/platform/build-arm64-v8a/build/python-installs/neshrblek/arm64-v8a/kivy/core/image/img_ffpyplayer.py'...
Compiling '/app/.buildozer/android/platform/build-arm64-v8a/build/python-installs/neshrblek/arm64-v8a/kivy/core/image/img_pil.py'...
Compiling '/app/.buildozer/android/platform/build-arm64-v8a/build/python-installs/neshrblek/arm64-v8a/kivy/core/image/img_pygame.py'...
Compiling '/app/.buildozer/android/platform/build-arm64-v8a/build/python-installs/neshrblek/arm64-v8a/kivy/core/image/img_sdl2.py'...
Compiling '/app/.buildozer/android/platform/build-arm64-v8a/build/python-installs/neshrblek/arm64-v8a/kivy/core/image/img_tex.py'...
Listing '/app/.buildozer/android/platform/build-arm64-v8a/build/python-installs/neshrblek/arm64-v8a/kivy/core/spelling'...
Compiling '/app/.buildozer/android/platform/build-arm64-v8a/build/python-installs/neshrblek/arm64-v8a/kivy/core/spelling/__init__.py'...
Compiling '/app/.buildozer/android/platform/build-arm64-v8a/build/python-installs/neshrblek/arm64-v8a/kivy/core/spelling/spelling_enchant.py'...
Compiling '/app/.buildozer/android/platform/build-arm64-v8a/build/python-installs/neshrblek/arm64-v8a/kivy/core/spelling/spelling_osxappkit.py'...
Listing '/app/.buildozer/android/platform/build-arm64-v8a/build/python-installs/neshrblek/arm64-v8a/kivy/core/text'...
Compiling '/app/.buildozer/android/platform/build-arm64-v8a/build/python-installs/neshrblek/arm64-v8a/kivy/core/text/__init__.py'...
Compiling '/app/.buildozer/android/platform/build-arm64-v8a/build/python-installs/neshrblek/arm64-v8a/kivy/core/text/markup.py'...
Compiling '/app/.buildozer/android/platform/build-arm64-v8a/build/python-installs/neshrblek/arm64-v8a/kivy/core/text/text_pango.py'...
Compiling '/app/.buildozer/android/platform/build-arm64-v8a/build/python-installs/neshrblek/arm64-v8a/kivy/core/text/text_pil.py'...
Compiling '/app/.buildozer/android/platform/build-arm64-v8a/build/python-installs/neshrblek/arm64-v8a/kivy/core/text/text_pygame.py'...
Compiling '/app/.buildozer/android/platform/build-arm64-v8a/build/python-installs/neshrblek/arm64-v8a/kivy/core/text/text_sdl2.py'...
Listing '/app/.buildozer/android/platform/build-arm64-v8a/build/python-installs/neshrblek/arm64-v8a/kivy/core/video'...
Compiling '/app/.buildozer/android/platform/build-arm64-v8a/build/python-installs/neshrblek/arm64-v8a/kivy/core/video/__init__.py'...
Compiling '/app/.buildozer/android/platform/build-arm64-v8a/build/python-installs/neshrblek/arm64-v8a/kivy/core/video/video_ffmpeg.py'...
Compiling '/app/.buildozer/android/platform/build-arm64-v8a/build/python-installs/neshrblek/arm64-v8a/kivy/core/video/video_ffpyplayer.py'...
Compiling '/app/.buildozer/android/platform/build-arm64-v8a/build/python-installs/neshrblek/arm64-v8a/kivy/core/video/video_gstplayer.py'...
Compiling '/app/.buildozer/android/platform/build-arm64-v8a/build/python-installs/neshrblek/arm64-v8a/kivy/core/video/video_null.py'...
Listing '/app/.buildozer/android/platform/build-arm64-v8a/build/python-installs/neshrblek/arm64-v8a/kivy/core/window'...
Compiling '/app/.buildozer/android/platform/build-arm64-v8a/build/python-installs/neshrblek/arm64-v8a/kivy/core/window/__init__.py'...
Compiling '/app/.buildozer/android/platform/build-arm64-v8a/build/python-installs/neshrblek/arm64-v8a/kivy/core/window/window_egl_rpi.py'...
Compiling '/app/.buildozer/android/platform/build-arm64-v8a/build/python-installs/neshrblek/arm64-v8a/kivy/core/window/window_pygame.py'...
Compiling '/app/.buildozer/android/platform/build-arm64-v8a/build/python-installs/neshrblek/arm64-v8a/kivy/core/window/window_sdl2.py'...
Listing '/app/.buildozer/android/platform/build-arm64-v8a/build/python-installs/neshrblek/arm64-v8a/kivy/data'...
Listing '/app/.buildozer/android/platform/build-arm64-v8a/build/python-installs/neshrblek/arm64-v8a/kivy/data/fonts'...
Listing '/app/.buildozer/android/platform/build-arm64-v8a/build/python-installs/neshrblek/arm64-v8a/kivy/data/glsl'...
Listing '/app/.buildozer/android/platform/build-arm64-v8a/build/python-installs/neshrblek/arm64-v8a/kivy/data/images'...
Listing '/app/.buildozer/android/platform/build-arm64-v8a/build/python-installs/neshrblek/arm64-v8a/kivy/data/keyboards'...
Listing '/app/.buildozer/android/platform/build-arm64-v8a/build/python-installs/neshrblek/arm64-v8a/kivy/data/logo'...
Listing '/app/.buildozer/android/platform/build-arm64-v8a/build/python-installs/neshrblek/arm64-v8a/kivy/deps'...
Compiling '/app/.buildozer/android/platform/build-arm64-v8a/build/python-installs/neshrblek/arm64-v8a/kivy/deps/__init__.py'...
Listing '/app/.buildozer/android/platform/build-arm64-v8a/build/python-installs/neshrblek/arm64-v8a/kivy/effects'...
Compiling '/app/.buildozer/android/platform/build-arm64-v8a/build/python-installs/neshrblek/arm64-v8a/kivy/effects/__init__.py'...
Compiling '/app/.buildozer/android/platform/build-arm64-v8a/build/python-installs/neshrblek/arm64-v8a/kivy/effects/dampedscroll.py'...
Compiling '/app/.buildozer/android/platform/build-arm64-v8a/build/python-installs/neshrblek/arm64-v8a/kivy/effects/kinetic.py'...
Compiling '/app/.buildozer/android/platform/build-arm64-v8a/build/python-installs/neshrblek/arm64-v8a/kivy/effects/opacityscroll.py'...
Compiling '/app/.buildozer/android/platform/build-arm64-v8a/build/python-installs/neshrblek/arm64-v8a/kivy/effects/scroll.py'...
Compiling '/app/.buildozer/android/platform/build-arm64-v8a/build/python-installs/neshrblek/arm64-v8a/kivy/event.py'...
Listing '/app/.buildozer/android/platform/build-arm64-v8a/build/python-installs/neshrblek/arm64-v8a/kivy/eventmanager'...
Compiling '/app/.buildozer/android/platform/build-arm64-v8a/build/python-installs/neshrblek/arm64-v8a/kivy/eventmanager/__init__.py'...
Listing '/app/.buildozer/android/platform/build-arm64-v8a/build/python-installs/neshrblek/arm64-v8a/kivy/extras'...
Compiling '/app/.buildozer/android/platform/build-arm64-v8a/build/python-installs/neshrblek/arm64-v8a/kivy/extras/__init__.py'...
Compiling '/app/.buildozer/android/platform/build-arm64-v8a/build/python-installs/neshrblek/arm64-v8a/kivy/extras/highlight.py'...
Compiling '/app/.buildozer/android/platform/build-arm64-v8a/build/python-installs/neshrblek/arm64-v8a/kivy/factory.py'...
Compiling '/app/.buildozer/android/platform/build-arm64-v8a/build/python-installs/neshrblek/arm64-v8a/kivy/factory_registers.py'...
Listing '/app/.buildozer/android/platform/build-arm64-v8a/build/python-installs/neshrblek/arm64-v8a/kivy/garden'...
Compiling '/app/.buildozer/android/platform/build-arm64-v8a/build/python-installs/neshrblek/arm64-v8a/kivy/garden/__init__.py'...
Compiling '/app/.buildozer/android/platform/build-arm64-v8a/build/python-installs/neshrblek/arm64-v8a/kivy/geometry.py'...
Compiling '/app/.buildozer/android/platform/build-arm64-v8a/build/python-installs/neshrblek/arm64-v8a/kivy/gesture.py'...
Listing '/app/.buildozer/android/platform/build-arm64-v8a/build/python-installs/neshrblek/arm64-v8a/kivy/graphics'...
Compiling '/app/.buildozer/android/platform/build-arm64-v8a/build/python-installs/neshrblek/arm64-v8a/kivy/graphics/__init__.py'...
Listing '/app/.buildozer/android/platform/build-arm64-v8a/build/python-installs/neshrblek/arm64-v8a/kivy/graphics/cgl_backend'...
Compiling '/app/.buildozer/android/platform/build-arm64-v8a/build/python-installs/neshrblek/arm64-v8a/kivy/graphics/cgl_backend/__init__.py'...
Listing '/app/.buildozer/android/platform/build-arm64-v8a/build/python-installs/neshrblek/arm64-v8a/kivy/include'...
Listing '/app/.buildozer/android/platform/build-arm64-v8a/build/python-installs/neshrblek/arm64-v8a/kivy/input'...
Compiling '/app/.buildozer/android/platform/build-arm64-v8a/build/python-installs/neshrblek/arm64-v8a/kivy/input/__init__.py'...
Compiling '/app/.buildozer/android/platform/build-arm64-v8a/build/python-installs/neshrblek/arm64-v8a/kivy/input/factory.py'...
Compiling '/app/.buildozer/android/platform/build-arm64-v8a/build/python-installs/neshrblek/arm64-v8a/kivy/input/motionevent.py'...
Listing '/app/.buildozer/android/platform/build-arm64-v8a/build/python-installs/neshrblek/arm64-v8a/kivy/input/postproc'...
Compiling '/app/.buildozer/android/platform/build-arm64-v8a/build/python-installs/neshrblek/arm64-v8a/kivy/input/postproc/__init__.py'...
Compiling '/app/.buildozer/android/platform/build-arm64-v8a/build/python-installs/neshrblek/arm64-v8a/kivy/input/postproc/calibration.py'...
Compiling '/app/.buildozer/android/platform/build-arm64-v8a/build/python-installs/neshrblek/arm64-v8a/kivy/input/postproc/dejitter.py'...
Compiling '/app/.buildozer/android/platform/build-arm64-v8a/build/python-installs/neshrblek/arm64-v8a/kivy/input/postproc/doubletap.py'...
Compiling '/app/.buildozer/android/platform/build-arm64-v8a/build/python-installs/neshrblek/arm64-v8a/kivy/input/postproc/ignorelist.py'...
Compiling '/app/.buildozer/android/platform/build-arm64-v8a/build/python-installs/neshrblek/arm64-v8a/kivy/input/postproc/retaintouch.py'...
Compiling '/app/.buildozer/android/platform/build-arm64-v8a/build/python-installs/neshrblek/arm64-v8a/kivy/input/postproc/tripletap.py'...
Compiling '/app/.buildozer/android/platform/build-arm64-v8a/build/python-installs/neshrblek/arm64-v8a/kivy/input/provider.py'...
Listing '/app/.buildozer/android/platform/build-arm64-v8a/build/python-installs/neshrblek/arm64-v8a/kivy/input/providers'...
Compiling '/app/.buildozer/android/platform/build-arm64-v8a/build/python-installs/neshrblek/arm64-v8a/kivy/input/providers/__init__.py'...
Compiling '/app/.buildozer/android/platform/build-arm64-v8a/build/python-installs/neshrblek/arm64-v8a/kivy/input/providers/androidjoystick.py'...
Compiling '/app/.buildozer/android/platform/build-arm64-v8a/build/python-installs/neshrblek/arm64-v8a/kivy/input/providers/hidinput.py'...
Compiling '/app/.buildozer/android/platform/build-arm64-v8a/build/python-installs/neshrblek/arm64-v8a/kivy/input/providers/leapfinger.py'...
Compiling '/app/.buildozer/android/platform/build-arm64-v8a/build/python-installs/neshrblek/arm64-v8a/kivy/input/providers/linuxwacom.py'...
Compiling '/app/.buildozer/android/platform/build-arm64-v8a/build/python-installs/neshrblek/arm64-v8a/kivy/input/providers/mactouch.py'...
Compiling '/app/.buildozer/android/platform/build-arm64-v8a/build/python-installs/neshrblek/arm64-v8a/kivy/input/providers/mouse.py'...
Compiling '/app/.buildozer/android/platform/build-arm64-v8a/build/python-installs/neshrblek/arm64-v8a/kivy/input/providers/mtdev.py'...
Compiling '/app/.buildozer/android/platform/build-arm64-v8a/build/python-installs/neshrblek/arm64-v8a/kivy/input/providers/probesysfs.py'...
Compiling '/app/.buildozer/android/platform/build-arm64-v8a/build/python-installs/neshrblek/arm64-v8a/kivy/input/providers/tuio.py'...
Compiling '/app/.buildozer/android/platform/build-arm64-v8a/build/python-installs/neshrblek/arm64-v8a/kivy/input/providers/wm_common.py'...
Compiling '/app/.buildozer/android/platform/build-arm64-v8a/build/python-installs/neshrblek/arm64-v8a/kivy/input/providers/wm_pen.py'...
Compiling '/app/.buildozer/android/platform/build-arm64-v8a/build/python-installs/neshrblek/arm64-v8a/kivy/input/providers/wm_touch.py'...
Compiling '/app/.buildozer/android/platform/build-arm64-v8a/build/python-installs/neshrblek/arm64-v8a/kivy/input/recorder.py'...
Compiling '/app/.buildozer/android/platform/build-arm64-v8a/build/python-installs/neshrblek/arm64-v8a/kivy/input/shape.py'...
Compiling '/app/.buildozer/android/platform/build-arm64-v8a/build/python-installs/neshrblek/arm64-v8a/kivy/interactive.py'...
Listing '/app/.buildozer/android/platform/build-arm64-v8a/build/python-installs/neshrblek/arm64-v8a/kivy/lang'...
Compiling '/app/.buildozer/android/platform/build-arm64-v8a/build/python-installs/neshrblek/arm64-v8a/kivy/lang/__init__.py'...
Compiling '/app/.buildozer/android/platform/build-arm64-v8a/build/python-installs/neshrblek/arm64-v8a/kivy/lang/builder.py'...
Compiling '/app/.buildozer/android/platform/build-arm64-v8a/build/python-installs/neshrblek/arm64-v8a/kivy/lang/parser.py'...
Listing '/app/.buildozer/android/platform/build-arm64-v8a/build/python-installs/neshrblek/arm64-v8a/kivy/lib'...
Compiling '/app/.buildozer/android/platform/build-arm64-v8a/build/python-installs/neshrblek/arm64-v8a/kivy/lib/__init__.py'...
Compiling '/app/.buildozer/android/platform/build-arm64-v8a/build/python-installs/neshrblek/arm64-v8a/kivy/lib/ddsfile.py'...
Listing '/app/.buildozer/android/platform/build-arm64-v8a/build/python-installs/neshrblek/arm64-v8a/kivy/lib/gstplayer'...
Compiling '/app/.buildozer/android/platform/build-arm64-v8a/build/python-installs/neshrblek/arm64-v8a/kivy/lib/gstplayer/__init__.py'...
Compiling '/app/.buildozer/android/platform/build-arm64-v8a/build/python-installs/neshrblek/arm64-v8a/kivy/lib/mtdev.py'...
Listing '/app/.buildozer/android/platform/build-arm64-v8a/build/python-installs/neshrblek/arm64-v8a/kivy/lib/pango'...
Listing '/app/.buildozer/android/platform/build-arm64-v8a/build/python-installs/neshrblek/arm64-v8a/kivy/lib/vidcore_lite'...
Compiling '/app/.buildozer/android/platform/build-arm64-v8a/build/python-installs/neshrblek/arm64-v8a/kivy/lib/vidcore_lite/__init__.py'...
Compiling '/app/.buildozer/android/platform/build-arm64-v8a/build/python-installs/neshrblek/arm64-v8a/kivy/loader.py'...
Compiling '/app/.buildozer/android/platform/build-arm64-v8a/build/python-installs/neshrblek/arm64-v8a/kivy/logger.py'...
Compiling '/app/.buildozer/android/platform/build-arm64-v8a/build/python-installs/neshrblek/arm64-v8a/kivy/metrics.py'...
Listing '/app/.buildozer/android/platform/build-arm64-v8a/build/python-installs/neshrblek/arm64-v8a/kivy/modules'...
Compiling '/app/.buildozer/android/platform/build-arm64-v8a/build/python-installs/neshrblek/arm64-v8a/kivy/modules/__init__.py'...
Compiling '/app/.buildozer/android/platform/build-arm64-v8a/build/python-installs/neshrblek/arm64-v8a/kivy/modules/_webdebugger.py'...
Compiling '/app/.buildozer/android/platform/build-arm64-v8a/build/python-installs/neshrblek/arm64-v8a/kivy/modules/console.py'...
Compiling '/app/.buildozer/android/platform/build-arm64-v8a/build/python-installs/neshrblek/arm64-v8a/kivy/modules/cursor.py'...
Compiling '/app/.buildozer/android/platform/build-arm64-v8a/build/python-installs/neshrblek/arm64-v8a/kivy/modules/inspector.py'...
Compiling '/app/.buildozer/android/platform/build-arm64-v8a/build/python-installs/neshrblek/arm64-v8a/kivy/modules/joycursor.py'...
Compiling '/app/.buildozer/android/platform/build-arm64-v8a/build/python-installs/neshrblek/arm64-v8a/kivy/modules/keybinding.py'...
Compiling '/app/.buildozer/android/platform/build-arm64-v8a/build/python-installs/neshrblek/arm64-v8a/kivy/modules/monitor.py'...
Compiling '/app/.buildozer/android/platform/build-arm64-v8a/build/python-installs/neshrblek/arm64-v8a/kivy/modules/recorder.py'...
Compiling '/app/.buildozer/android/platform/build-arm64-v8a/build/python-installs/neshrblek/arm64-v8a/kivy/modules/screen.py'...
Compiling '/app/.buildozer/android/platform/build-arm64-v8a/build/python-installs/neshrblek/arm64-v8a/kivy/modules/showborder.py'...
Compiling '/app/.buildozer/android/platform/build-arm64-v8a/build/python-installs/neshrblek/arm64-v8a/kivy/modules/touchring.py'...
Compiling '/app/.buildozer/android/platform/build-arm64-v8a/build/python-installs/neshrblek/arm64-v8a/kivy/modules/webdebugger.py'...
Compiling '/app/.buildozer/android/platform/build-arm64-v8a/build/python-installs/neshrblek/arm64-v8a/kivy/multistroke.py'...
Listing '/app/.buildozer/android/platform/build-arm64-v8a/build/python-installs/neshrblek/arm64-v8a/kivy/network'...
Compiling '/app/.buildozer/android/platform/build-arm64-v8a/build/python-installs/neshrblek/arm64-v8a/kivy/network/__init__.py'...
Compiling '/app/.buildozer/android/platform/build-arm64-v8a/build/python-installs/neshrblek/arm64-v8a/kivy/network/urlrequest.py'...
Compiling '/app/.buildozer/android/platform/build-arm64-v8a/build/python-installs/neshrblek/arm64-v8a/kivy/parser.py'...
Compiling '/app/.buildozer/android/platform/build-arm64-v8a/build/python-installs/neshrblek/arm64-v8a/kivy/resources.py'...
Compiling '/app/.buildozer/android/platform/build-arm64-v8a/build/python-installs/neshrblek/arm64-v8a/kivy/setupconfig.py'...
Listing '/app/.buildozer/android/platform/build-arm64-v8a/build/python-installs/neshrblek/arm64-v8a/kivy/storage'...
Compiling '/app/.buildozer/android/platform/build-arm64-v8a/build/python-installs/neshrblek/arm64-v8a/kivy/storage/__init__.py'...
Compiling '/app/.buildozer/android/platform/build-arm64-v8a/build/python-installs/neshrblek/arm64-v8a/kivy/storage/dictstore.py'...
Compiling '/app/.buildozer/android/platform/build-arm64-v8a/build/python-installs/neshrblek/arm64-v8a/kivy/storage/jsonstore.py'...
Compiling '/app/.buildozer/android/platform/build-arm64-v8a/build/python-installs/neshrblek/arm64-v8a/kivy/storage/redisstore.py'...
Compiling '/app/.buildozer/android/platform/build-arm64-v8a/build/python-installs/neshrblek/arm64-v8a/kivy/support.py'...
Listing '/app/.buildozer/android/platform/build-arm64-v8a/build/python-installs/neshrblek/arm64-v8a/kivy/tests'...
Compiling '/app/.buildozer/android/platform/build-arm64-v8a/build/python-installs/neshrblek/arm64-v8a/kivy/tests/__init__.py'...
Compiling '/app/.buildozer/android/platform/build-arm64-v8a/build/python-installs/neshrblek/arm64-v8a/kivy/tests/async_common.py'...
Compiling '/app/.buildozer/android/platform/build-arm64-v8a/build/python-installs/neshrblek/arm64-v8a/kivy/tests/common.py'...
Compiling '/app/.buildozer/android/platform/build-arm64-v8a/build/python-installs/neshrblek/arm64-v8a/kivy/tests/conftest.py'...
Listing '/app/.buildozer/android/platform/build-arm64-v8a/build/python-installs/neshrblek/arm64-v8a/kivy/tests/data'...
Compiling '/app/.buildozer/android/platform/build-arm64-v8a/build/python-installs/neshrblek/arm64-v8a/kivy/tests/fixtures.py'...
Compiling '/app/.buildozer/android/platform/build-arm64-v8a/build/python-installs/neshrblek/arm64-v8a/kivy/tests/perf_test_textinput.py'...
Listing '/app/.buildozer/android/platform/build-arm64-v8a/build/python-installs/neshrblek/arm64-v8a/kivy/tests/pyinstaller'...
Listing '/app/.buildozer/android/platform/build-arm64-v8a/build/python-installs/neshrblek/arm64-v8a/kivy/tests/pyinstaller/simple_widget'...
Compiling '/app/.buildozer/android/platform/build-arm64-v8a/build/python-installs/neshrblek/arm64-v8a/kivy/tests/pyinstaller/simple_widget/main.py'...
Listing '/app/.buildozer/android/platform/build-arm64-v8a/build/python-installs/neshrblek/arm64-v8a/kivy/tests/pyinstaller/simple_widget/project'...
Compiling '/app/.buildozer/android/platform/build-arm64-v8a/build/python-installs/neshrblek/arm64-v8a/kivy/tests/pyinstaller/simple_widget/project/__init__.py'...
Compiling '/app/.buildozer/android/platform/build-arm64-v8a/build/python-installs/neshrblek/arm64-v8a/kivy/tests/pyinstaller/simple_widget/project/widget.py'...
Compiling '/app/.buildozer/android/platform/build-arm64-v8a/build/python-installs/neshrblek/arm64-v8a/kivy/tests/pyinstaller/test_pyinstaller.py'...
Listing '/app/.buildozer/android/platform/build-arm64-v8a/build/python-installs/neshrblek/arm64-v8a/kivy/tests/pyinstaller/video_widget'...
Compiling '/app/.buildozer/android/platform/build-arm64-v8a/build/python-installs/neshrblek/arm64-v8a/kivy/tests/pyinstaller/video_widget/main.py'...
Listing '/app/.buildozer/android/platform/build-arm64-v8a/build/python-installs/neshrblek/arm64-v8a/kivy/tests/pyinstaller/video_widget/project'...
Compiling '/app/.buildozer/android/platform/build-arm64-v8a/build/python-installs/neshrblek/arm64-v8a/kivy/tests/pyinstaller/video_widget/project/__init__.py'...
Compiling '/app/.buildozer/android/platform/build-arm64-v8a/build/python-installs/neshrblek/arm64-v8a/kivy/tests/test_animations.py'...
Compiling '/app/.buildozer/android/platform/build-arm64-v8a/build/python-installs/neshrblek/arm64-v8a/kivy/tests/test_app.py'...
Compiling '/app/.buildozer/android/platform/build-arm64-v8a/build/python-installs/neshrblek/arm64-v8a/kivy/tests/test_audio.py'...
Compiling '/app/.buildozer/android/platform/build-arm64-v8a/build/python-installs/neshrblek/arm64-v8a/kivy/tests/test_benchmark.py'...
Compiling '/app/.buildozer/android/platform/build-arm64-v8a/build/python-installs/neshrblek/arm64-v8a/kivy/tests/test_clipboard.py'...
Compiling '/app/.buildozer/android/platform/build-arm64-v8a/build/python-installs/neshrblek/arm64-v8a/kivy/tests/test_clock.py'...
Compiling '/app/.buildozer/android/platform/build-arm64-v8a/build/python-installs/neshrblek/arm64-v8a/kivy/tests/test_compat.py'...
Compiling '/app/.buildozer/android/platform/build-arm64-v8a/build/python-installs/neshrblek/arm64-v8a/kivy/tests/test_config.py'...
Compiling '/app/.buildozer/android/platform/build-arm64-v8a/build/python-installs/neshrblek/arm64-v8a/kivy/tests/test_coverage.py'...
Compiling '/app/.buildozer/android/platform/build-arm64-v8a/build/python-installs/neshrblek/arm64-v8a/kivy/tests/test_doc_gallery.py'...
Compiling '/app/.buildozer/android/platform/build-arm64-v8a/build/python-installs/neshrblek/arm64-v8a/kivy/tests/test_environ_cli.py'...
Compiling '/app/.buildozer/android/platform/build-arm64-v8a/build/python-installs/neshrblek/arm64-v8a/kivy/tests/test_fbo_py2py3.py'...
Compiling '/app/.buildozer/android/platform/build-arm64-v8a/build/python-installs/neshrblek/arm64-v8a/kivy/tests/test_filechooser.py'...
Compiling '/app/.buildozer/android/platform/build-arm64-v8a/build/python-installs/neshrblek/arm64-v8a/kivy/tests/test_filechooser_unicode.py'...
Compiling '/app/.buildozer/android/platform/build-arm64-v8a/build/python-installs/neshrblek/arm64-v8a/kivy/tests/test_fonts.py'...
Compiling '/app/.buildozer/android/platform/build-arm64-v8a/build/python-installs/neshrblek/arm64-v8a/kivy/tests/test_garden.py'...
Compiling '/app/.buildozer/android/platform/build-arm64-v8a/build/python-installs/neshrblek/arm64-v8a/kivy/tests/test_graphics.py'...
Compiling '/app/.buildozer/android/platform/build-arm64-v8a/build/python-installs/neshrblek/arm64-v8a/kivy/tests/test_graphics_svg.py'...
Compiling '/app/.buildozer/android/platform/build-arm64-v8a/build/python-installs/neshrblek/arm64-v8a/kivy/tests/test_image.py'...
Compiling '/app/.buildozer/android/platform/build-arm64-v8a/build/python-installs/neshrblek/arm64-v8a/kivy/tests/test_imageloader.py'...
Compiling '/app/.buildozer/android/platform/build-arm64-v8a/build/python-installs/neshrblek/arm64-v8a/kivy/tests/test_invalid_lang.py'...
Listing '/app/.buildozer/android/platform/build-arm64-v8a/build/python-installs/neshrblek/arm64-v8a/kivy/tests/test_issues'...
Compiling '/app/.buildozer/android/platform/build-arm64-v8a/build/python-installs/neshrblek/arm64-v8a/kivy/tests/test_issues/test_6315.py'...
Compiling '/app/.buildozer/android/platform/build-arm64-v8a/build/python-installs/neshrblek/arm64-v8a/kivy/tests/test_issues/test_issue_1084.py'...
Compiling '/app/.buildozer/android/platform/build-arm64-v8a/build/python-installs/neshrblek/arm64-v8a/kivy/tests/test_issues/test_issue_1091.py'...
Compiling '/app/.buildozer/android/platform/build-arm64-v8a/build/python-installs/neshrblek/arm64-v8a/kivy/tests/test_issues/test_issue_599.py'...
Compiling '/app/.buildozer/android/platform/build-arm64-v8a/build/python-installs/neshrblek/arm64-v8a/kivy/tests/test_issues/test_issue_609.py'...
Compiling '/app/.buildozer/android/platform/build-arm64-v8a/build/python-installs/neshrblek/arm64-v8a/kivy/tests/test_issues/test_issue_6909.py'...
Compiling '/app/.buildozer/android/platform/build-arm64-v8a/build/python-installs/neshrblek/arm64-v8a/kivy/tests/test_issues/test_issue_883.py'...
Compiling '/app/.buildozer/android/platform/build-arm64-v8a/build/python-installs/neshrblek/arm64-v8a/kivy/tests/test_kivy_init.py'...
Compiling '/app/.buildozer/android/platform/build-arm64-v8a/build/python-installs/neshrblek/arm64-v8a/kivy/tests/test_knspace.py'...
Compiling '/app/.buildozer/android/platform/build-arm64-v8a/build/python-installs/neshrblek/arm64-v8a/kivy/tests/test_lang.py'...
Compiling '/app/.buildozer/android/platform/build-arm64-v8a/build/python-installs/neshrblek/arm64-v8a/kivy/tests/test_lang_complex.py'...
Compiling '/app/.buildozer/android/platform/build-arm64-v8a/build/python-installs/neshrblek/arm64-v8a/kivy/tests/test_lang_pre_process_and_post_process.py'...
Compiling '/app/.buildozer/android/platform/build-arm64-v8a/build/python-installs/neshrblek/arm64-v8a/kivy/tests/test_logger.py'...
Compiling '/app/.buildozer/android/platform/build-arm64-v8a/build/python-installs/neshrblek/arm64-v8a/kivy/tests/test_metrics.py'...
Compiling '/app/.buildozer/android/platform/build-arm64-v8a/build/python-installs/neshrblek/arm64-v8a/kivy/tests/test_module_inspector.py'...
Compiling '/app/.buildozer/android/platform/build-arm64-v8a/build/python-installs/neshrblek/arm64-v8a/kivy/tests/test_motion_event.py'...
Compiling '/app/.buildozer/android/platform/build-arm64-v8a/build/python-installs/neshrblek/arm64-v8a/kivy/tests/test_mouse_hover_event.py'...
Compiling '/app/.buildozer/android/platform/build-arm64-v8a/build/python-installs/neshrblek/arm64-v8a/kivy/tests/test_mouse_multitouchsim.py'...
Compiling '/app/.buildozer/android/platform/build-arm64-v8a/build/python-installs/neshrblek/arm64-v8a/kivy/tests/test_multistroke.py'...
Compiling '/app/.buildozer/android/platform/build-arm64-v8a/build/python-installs/neshrblek/arm64-v8a/kivy/tests/test_properties.py'...
Compiling '/app/.buildozer/android/platform/build-arm64-v8a/build/python-installs/neshrblek/arm64-v8a/kivy/tests/test_resources.py'...
Compiling '/app/.buildozer/android/platform/build-arm64-v8a/build/python-installs/neshrblek/arm64-v8a/kivy/tests/test_rst_replace.py'...
Compiling '/app/.buildozer/android/platform/build-arm64-v8a/build/python-installs/neshrblek/arm64-v8a/kivy/tests/test_screen.py'...
Compiling '/app/.buildozer/android/platform/build-arm64-v8a/build/python-installs/neshrblek/arm64-v8a/kivy/tests/test_storage.py'...
Compiling '/app/.buildozer/android/platform/build-arm64-v8a/build/python-installs/neshrblek/arm64-v8a/kivy/tests/test_uix_actionbar.py'...
Compiling '/app/.buildozer/android/platform/build-arm64-v8a/build/python-installs/neshrblek/arm64-v8a/kivy/tests/test_uix_anchorlayout.py'...
Compiling '/app/.buildozer/android/platform/build-arm64-v8a/build/python-installs/neshrblek/arm64-v8a/kivy/tests/test_uix_asyncimage.py'...
Compiling '/app/.buildozer/android/platform/build-arm64-v8a/build/python-installs/neshrblek/arm64-v8a/kivy/tests/test_uix_boxlayout.py'...
Compiling '/app/.buildozer/android/platform/build-arm64-v8a/build/python-installs/neshrblek/arm64-v8a/kivy/tests/test_uix_bubble.py'...
Compiling '/app/.buildozer/android/platform/build-arm64-v8a/build/python-installs/neshrblek/arm64-v8a/kivy/tests/test_uix_carousel.py'...
Compiling '/app/.buildozer/android/platform/build-arm64-v8a/build/python-installs/neshrblek/arm64-v8a/kivy/tests/test_uix_colorpicker.py'...
Compiling '/app/.buildozer/android/platform/build-arm64-v8a/build/python-installs/neshrblek/arm64-v8a/kivy/tests/test_uix_dropdown.py'...
Compiling '/app/.buildozer/android/platform/build-arm64-v8a/build/python-installs/neshrblek/arm64-v8a/kivy/tests/test_uix_gridlayout.py'...
Compiling '/app/.buildozer/android/platform/build-arm64-v8a/build/python-installs/neshrblek/arm64-v8a/kivy/tests/test_uix_layout.py'...
Compiling '/app/.buildozer/android/platform/build-arm64-v8a/build/python-installs/neshrblek/arm64-v8a/kivy/tests/test_uix_modal.py'...
Compiling '/app/.buildozer/android/platform/build-arm64-v8a/build/python-installs/neshrblek/arm64-v8a/kivy/tests/test_uix_recyclegridlayout.py'...
Compiling '/app/.buildozer/android/platform/build-arm64-v8a/build/python-installs/neshrblek/arm64-v8a/kivy/tests/test_uix_relativelayout.py'...
Compiling '/app/.buildozer/android/platform/build-arm64-v8a/build/python-installs/neshrblek/arm64-v8a/kivy/tests/test_uix_scrollview.py'...
Compiling '/app/.buildozer/android/platform/build-arm64-v8a/build/python-installs/neshrblek/arm64-v8a/kivy/tests/test_uix_settings.py'...
Compiling '/app/.buildozer/android/platform/build-arm64-v8a/build/python-installs/neshrblek/arm64-v8a/kivy/tests/test_uix_slider.py'...
Compiling '/app/.buildozer/android/platform/build-arm64-v8a/build/python-installs/neshrblek/arm64-v8a/kivy/tests/test_uix_stacklayout.py'...
Compiling '/app/.buildozer/android/platform/build-arm64-v8a/build/python-installs/neshrblek/arm64-v8a/kivy/tests/test_uix_textinput.py'...
Compiling '/app/.buildozer/android/platform/build-arm64-v8a/build/python-installs/neshrblek/arm64-v8a/kivy/tests/test_uix_translate_coordinates.py'...
Compiling '/app/.buildozer/android/platform/build-arm64-v8a/build/python-installs/neshrblek/arm64-v8a/kivy/tests/test_uix_videoplayer.py'...
Compiling '/app/.buildozer/android/platform/build-arm64-v8a/build/python-installs/neshrblek/arm64-v8a/kivy/tests/test_uix_widget.py'...
Listing '/app/.buildozer/android/platform/build-arm64-v8a/build/python-installs/neshrblek/arm64-v8a/kivy/tests/test_urlrequest'...
Compiling '/app/.buildozer/android/platform/build-arm64-v8a/build/python-installs/neshrblek/arm64-v8a/kivy/tests/test_urlrequest/test_urlrequest_requests.py'...
Compiling '/app/.buildozer/android/platform/build-arm64-v8a/build/python-installs/neshrblek/arm64-v8a/kivy/tests/test_urlrequest/test_urlrequest_urllib.py'...
Compiling '/app/.buildozer/android/platform/build-arm64-v8a/build/python-installs/neshrblek/arm64-v8a/kivy/tests/test_utils.py'...
Compiling '/app/.buildozer/android/platform/build-arm64-v8a/build/python-installs/neshrblek/arm64-v8a/kivy/tests/test_vector.py'...
Compiling '/app/.buildozer/android/platform/build-arm64-v8a/build/python-installs/neshrblek/arm64-v8a/kivy/tests/test_video.py'...
Compiling '/app/.buildozer/android/platform/build-arm64-v8a/build/python-installs/neshrblek/arm64-v8a/kivy/tests/test_weakmethod.py'...
Compiling '/app/.buildozer/android/platform/build-arm64-v8a/build/python-installs/neshrblek/arm64-v8a/kivy/tests/test_widget.py'...
Compiling '/app/.buildozer/android/platform/build-arm64-v8a/build/python-installs/neshrblek/arm64-v8a/kivy/tests/test_widget_walk.py'...
Compiling '/app/.buildozer/android/platform/build-arm64-v8a/build/python-installs/neshrblek/arm64-v8a/kivy/tests/test_window_base.py'...
Compiling '/app/.buildozer/android/platform/build-arm64-v8a/build/python-installs/neshrblek/arm64-v8a/kivy/tests/test_window_info.py'...
Compiling '/app/.buildozer/android/platform/build-arm64-v8a/build/python-installs/neshrblek/arm64-v8a/kivy/tests/visual_test_label.py'...
Listing '/app/.buildozer/android/platform/build-arm64-v8a/build/python-installs/neshrblek/arm64-v8a/kivy/tools'...
Compiling '/app/.buildozer/android/platform/build-arm64-v8a/build/python-installs/neshrblek/arm64-v8a/kivy/tools/__init__.py'...
Compiling '/app/.buildozer/android/platform/build-arm64-v8a/build/python-installs/neshrblek/arm64-v8a/kivy/tools/benchmark.py'...
Compiling '/app/.buildozer/android/platform/build-arm64-v8a/build/python-installs/neshrblek/arm64-v8a/kivy/tools/changelog_parser.py'...
Compiling '/app/.buildozer/android/platform/build-arm64-v8a/build/python-installs/neshrblek/arm64-v8a/kivy/tools/coverage.py'...
Compiling '/app/.buildozer/android/platform/build-arm64-v8a/build/python-installs/neshrblek/arm64-v8a/kivy/tools/gallery.py'...
Compiling '/app/.buildozer/android/platform/build-arm64-v8a/build/python-installs/neshrblek/arm64-v8a/kivy/tools/generate-icons.py'...
Listing '/app/.buildozer/android/platform/build-arm64-v8a/build/python-installs/neshrblek/arm64-v8a/kivy/tools/gles_compat'...
Compiling '/app/.buildozer/android/platform/build-arm64-v8a/build/python-installs/neshrblek/arm64-v8a/kivy/tools/gles_compat/subset_gles.py'...
Listing '/app/.buildozer/android/platform/build-arm64-v8a/build/python-installs/neshrblek/arm64-v8a/kivy/tools/highlight'...
Compiling '/app/.buildozer/android/platform/build-arm64-v8a/build/python-installs/neshrblek/arm64-v8a/kivy/tools/highlight/__init__.py'...
Listing '/app/.buildozer/android/platform/build-arm64-v8a/build/python-installs/neshrblek/arm64-v8a/kivy/tools/image-testsuite'...
Compiling '/app/.buildozer/android/platform/build-arm64-v8a/build/python-installs/neshrblek/arm64-v8a/kivy/tools/image-testsuite/gimp28-testsuite.py'...
Compiling '/app/.buildozer/android/platform/build-arm64-v8a/build/python-installs/neshrblek/arm64-v8a/kivy/tools/kviewer.py'...
Listing '/app/.buildozer/android/platform/build-arm64-v8a/build/python-installs/neshrblek/arm64-v8a/kivy/tools/packaging'...
Compiling '/app/.buildozer/android/platform/build-arm64-v8a/build/python-installs/neshrblek/arm64-v8a/kivy/tools/packaging/__init__.py'...
Compiling '/app/.buildozer/android/platform/build-arm64-v8a/build/python-installs/neshrblek/arm64-v8a/kivy/tools/packaging/cython_cfg.py'...
Compiling '/app/.buildozer/android/platform/build-arm64-v8a/build/python-installs/neshrblek/arm64-v8a/kivy/tools/packaging/factory.py'...
Listing '/app/.buildozer/android/platform/build-arm64-v8a/build/python-installs/neshrblek/arm64-v8a/kivy/tools/packaging/pyinstaller_hooks'...
Compiling '/app/.buildozer/android/platform/build-arm64-v8a/build/python-installs/neshrblek/arm64-v8a/kivy/tools/packaging/pyinstaller_hooks/__init__.py'...
Compiling '/app/.buildozer/android/platform/build-arm64-v8a/build/python-installs/neshrblek/arm64-v8a/kivy/tools/packaging/pyinstaller_hooks/__main__.py'...
Compiling '/app/.buildozer/android/platform/build-arm64-v8a/build/python-installs/neshrblek/arm64-v8a/kivy/tools/packaging/pyinstaller_hooks/hook-kivy.py'...
Compiling '/app/.buildozer/android/platform/build-arm64-v8a/build/python-installs/neshrblek/arm64-v8a/kivy/tools/packaging/pyinstaller_hooks/pyi_rth_kivy.py'...
Listing '/app/.buildozer/android/platform/build-arm64-v8a/build/python-installs/neshrblek/arm64-v8a/kivy/tools/pep8checker'...
Compiling '/app/.buildozer/android/platform/build-arm64-v8a/build/python-installs/neshrblek/arm64-v8a/kivy/tools/pep8checker/pep8.py'...
Compiling '/app/.buildozer/android/platform/build-arm64-v8a/build/python-installs/neshrblek/arm64-v8a/kivy/tools/pep8checker/pep8kivy.py'...
Listing '/app/.buildozer/android/platform/build-arm64-v8a/build/python-installs/neshrblek/arm64-v8a/kivy/tools/precommit_hooks'...
Compiling '/app/.buildozer/android/platform/build-arm64-v8a/build/python-installs/neshrblek/arm64-v8a/kivy/tools/report.py'...
Compiling '/app/.buildozer/android/platform/build-arm64-v8a/build/python-installs/neshrblek/arm64-v8a/kivy/tools/stub-gl-debug.py'...
Compiling '/app/.buildozer/android/platform/build-arm64-v8a/build/python-installs/neshrblek/arm64-v8a/kivy/tools/texturecompress.py'...
Listing '/app/.buildozer/android/platform/build-arm64-v8a/build/python-installs/neshrblek/arm64-v8a/kivy/tools/theming'...
Listing '/app/.buildozer/android/platform/build-arm64-v8a/build/python-installs/neshrblek/arm64-v8a/kivy/tools/theming/defaulttheme'...
Listing '/app/.buildozer/android/platform/build-arm64-v8a/build/python-installs/neshrblek/arm64-v8a/kivy/uix'...
Compiling '/app/.buildozer/android/platform/build-arm64-v8a/build/python-installs/neshrblek/arm64-v8a/kivy/uix/__init__.py'...
Compiling '/app/.buildozer/android/platform/build-arm64-v8a/build/python-installs/neshrblek/arm64-v8a/kivy/uix/accordion.py'...
Compiling '/app/.buildozer/android/platform/build-arm64-v8a/build/python-installs/neshrblek/arm64-v8a/kivy/uix/actionbar.py'...
Compiling '/app/.buildozer/android/platform/build-arm64-v8a/build/python-installs/neshrblek/arm64-v8a/kivy/uix/anchorlayout.py'...
Listing '/app/.buildozer/android/platform/build-arm64-v8a/build/python-installs/neshrblek/arm64-v8a/kivy/uix/behaviors'...
Compiling '/app/.buildozer/android/platform/build-arm64-v8a/build/python-installs/neshrblek/arm64-v8a/kivy/uix/behaviors/__init__.py'...
Compiling '/app/.buildozer/android/platform/build-arm64-v8a/build/python-installs/neshrblek/arm64-v8a/kivy/uix/behaviors/button.py'...
Compiling '/app/.buildozer/android/platform/build-arm64-v8a/build/python-installs/neshrblek/arm64-v8a/kivy/uix/behaviors/codenavigation.py'...
Compiling '/app/.buildozer/android/platform/build-arm64-v8a/build/python-installs/neshrblek/arm64-v8a/kivy/uix/behaviors/compoundselection.py'...
Compiling '/app/.buildozer/android/platform/build-arm64-v8a/build/python-installs/neshrblek/arm64-v8a/kivy/uix/behaviors/cover.py'...
Compiling '/app/.buildozer/android/platform/build-arm64-v8a/build/python-installs/neshrblek/arm64-v8a/kivy/uix/behaviors/drag.py'...
Compiling '/app/.buildozer/android/platform/build-arm64-v8a/build/python-installs/neshrblek/arm64-v8a/kivy/uix/behaviors/emacs.py'...
Compiling '/app/.buildozer/android/platform/build-arm64-v8a/build/python-installs/neshrblek/arm64-v8a/kivy/uix/behaviors/focus.py'...
Compiling '/app/.buildozer/android/platform/build-arm64-v8a/build/python-installs/neshrblek/arm64-v8a/kivy/uix/behaviors/knspace.py'...
Compiling '/app/.buildozer/android/platform/build-arm64-v8a/build/python-installs/neshrblek/arm64-v8a/kivy/uix/behaviors/togglebutton.py'...
Compiling '/app/.buildozer/android/platform/build-arm64-v8a/build/python-installs/neshrblek/arm64-v8a/kivy/uix/behaviors/touchripple.py'...
Compiling '/app/.buildozer/android/platform/build-arm64-v8a/build/python-installs/neshrblek/arm64-v8a/kivy/uix/boxlayout.py'...
Compiling '/app/.buildozer/android/platform/build-arm64-v8a/build/python-installs/neshrblek/arm64-v8a/kivy/uix/bubble.py'...
Compiling '/app/.buildozer/android/platform/build-arm64-v8a/build/python-installs/neshrblek/arm64-v8a/kivy/uix/button.py'...
Compiling '/app/.buildozer/android/platform/build-arm64-v8a/build/python-installs/neshrblek/arm64-v8a/kivy/uix/camera.py'...
Compiling '/app/.buildozer/android/platform/build-arm64-v8a/build/python-installs/neshrblek/arm64-v8a/kivy/uix/carousel.py'...
Compiling '/app/.buildozer/android/platform/build-arm64-v8a/build/python-installs/neshrblek/arm64-v8a/kivy/uix/checkbox.py'...
Compiling '/app/.buildozer/android/platform/build-arm64-v8a/build/python-installs/neshrblek/arm64-v8a/kivy/uix/codeinput.py'...
Compiling '/app/.buildozer/android/platform/build-arm64-v8a/build/python-installs/neshrblek/arm64-v8a/kivy/uix/colorpicker.py'...
Compiling '/app/.buildozer/android/platform/build-arm64-v8a/build/python-installs/neshrblek/arm64-v8a/kivy/uix/dropdown.py'...
Compiling '/app/.buildozer/android/platform/build-arm64-v8a/build/python-installs/neshrblek/arm64-v8a/kivy/uix/effectwidget.py'...
Compiling '/app/.buildozer/android/platform/build-arm64-v8a/build/python-installs/neshrblek/arm64-v8a/kivy/uix/filechooser.py'...
Compiling '/app/.buildozer/android/platform/build-arm64-v8a/build/python-installs/neshrblek/arm64-v8a/kivy/uix/floatlayout.py'...
Compiling '/app/.buildozer/android/platform/build-arm64-v8a/build/python-installs/neshrblek/arm64-v8a/kivy/uix/gesturesurface.py'...
Compiling '/app/.buildozer/android/platform/build-arm64-v8a/build/python-installs/neshrblek/arm64-v8a/kivy/uix/gridlayout.py'...
Compiling '/app/.buildozer/android/platform/build-arm64-v8a/build/python-installs/neshrblek/arm64-v8a/kivy/uix/image.py'...
Compiling '/app/.buildozer/android/platform/build-arm64-v8a/build/python-installs/neshrblek/arm64-v8a/kivy/uix/label.py'...
Compiling '/app/.buildozer/android/platform/build-arm64-v8a/build/python-installs/neshrblek/arm64-v8a/kivy/uix/layout.py'...
Compiling '/app/.buildozer/android/platform/build-arm64-v8a/build/python-installs/neshrblek/arm64-v8a/kivy/uix/modalview.py'...
Compiling '/app/.buildozer/android/platform/build-arm64-v8a/build/python-installs/neshrblek/arm64-v8a/kivy/uix/pagelayout.py'...
Compiling '/app/.buildozer/android/platform/build-arm64-v8a/build/python-installs/neshrblek/arm64-v8a/kivy/uix/popup.py'...
Compiling '/app/.buildozer/android/platform/build-arm64-v8a/build/python-installs/neshrblek/arm64-v8a/kivy/uix/progressbar.py'...
Compiling '/app/.buildozer/android/platform/build-arm64-v8a/build/python-installs/neshrblek/arm64-v8a/kivy/uix/recycleboxlayout.py'...
Compiling '/app/.buildozer/android/platform/build-arm64-v8a/build/python-installs/neshrblek/arm64-v8a/kivy/uix/recyclegridlayout.py'...
Compiling '/app/.buildozer/android/platform/build-arm64-v8a/build/python-installs/neshrblek/arm64-v8a/kivy/uix/recyclelayout.py'...
Listing '/app/.buildozer/android/platform/build-arm64-v8a/build/python-installs/neshrblek/arm64-v8a/kivy/uix/recycleview'...
Compiling '/app/.buildozer/android/platform/build-arm64-v8a/build/python-installs/neshrblek/arm64-v8a/kivy/uix/recycleview/__init__.py'...
Compiling '/app/.buildozer/android/platform/build-arm64-v8a/build/python-installs/neshrblek/arm64-v8a/kivy/uix/recycleview/datamodel.py'...
Compiling '/app/.buildozer/android/platform/build-arm64-v8a/build/python-installs/neshrblek/arm64-v8a/kivy/uix/recycleview/layout.py'...
Compiling '/app/.buildozer/android/platform/build-arm64-v8a/build/python-installs/neshrblek/arm64-v8a/kivy/uix/recycleview/views.py'...
Compiling '/app/.buildozer/android/platform/build-arm64-v8a/build/python-installs/neshrblek/arm64-v8a/kivy/uix/relativelayout.py'...
Compiling '/app/.buildozer/android/platform/build-arm64-v8a/build/python-installs/neshrblek/arm64-v8a/kivy/uix/rst.py'...
Compiling '/app/.buildozer/android/platform/build-arm64-v8a/build/python-installs/neshrblek/arm64-v8a/kivy/uix/sandbox.py'...
Compiling '/app/.buildozer/android/platform/build-arm64-v8a/build/python-installs/neshrblek/arm64-v8a/kivy/uix/scatter.py'...
Compiling '/app/.buildozer/android/platform/build-arm64-v8a/build/python-installs/neshrblek/arm64-v8a/kivy/uix/scatterlayout.py'...
Compiling '/app/.buildozer/android/platform/build-arm64-v8a/build/python-installs/neshrblek/arm64-v8a/kivy/uix/screenmanager.py'...
Compiling '/app/.buildozer/android/platform/build-arm64-v8a/build/python-installs/neshrblek/arm64-v8a/kivy/uix/scrollview.py'...
Compiling '/app/.buildozer/android/platform/build-arm64-v8a/build/python-installs/neshrblek/arm64-v8a/kivy/uix/settings.py'...
Compiling '/app/.buildozer/android/platform/build-arm64-v8a/build/python-installs/neshrblek/arm64-v8a/kivy/uix/slider.py'...
Compiling '/app/.buildozer/android/platform/build-arm64-v8a/build/python-installs/neshrblek/arm64-v8a/kivy/uix/spinner.py'...
Compiling '/app/.buildozer/android/platform/build-arm64-v8a/build/python-installs/neshrblek/arm64-v8a/kivy/uix/splitter.py'...
Compiling '/app/.buildozer/android/platform/build-arm64-v8a/build/python-installs/neshrblek/arm64-v8a/kivy/uix/stacklayout.py'...
Compiling '/app/.buildozer/android/platform/build-arm64-v8a/build/python-installs/neshrblek/arm64-v8a/kivy/uix/stencilview.py'...
Compiling '/app/.buildozer/android/platform/build-arm64-v8a/build/python-installs/neshrblek/arm64-v8a/kivy/uix/switch.py'...
Compiling '/app/.buildozer/android/platform/build-arm64-v8a/build/python-installs/neshrblek/arm64-v8a/kivy/uix/tabbedpanel.py'...
Compiling '/app/.buildozer/android/platform/build-arm64-v8a/build/python-installs/neshrblek/arm64-v8a/kivy/uix/textinput.py'...
Compiling '/app/.buildozer/android/platform/build-arm64-v8a/build/python-installs/neshrblek/arm64-v8a/kivy/uix/togglebutton.py'...
Compiling '/app/.buildozer/android/platform/build-arm64-v8a/build/python-installs/neshrblek/arm64-v8a/kivy/uix/treeview.py'...
Compiling '/app/.buildozer/android/platform/build-arm64-v8a/build/python-installs/neshrblek/arm64-v8a/kivy/uix/video.py'...
Compiling '/app/.buildozer/android/platform/build-arm64-v8a/build/python-installs/neshrblek/arm64-v8a/kivy/uix/videoplayer.py'...
Compiling '/app/.buildozer/android/platform/build-arm64-v8a/build/python-installs/neshrblek/arm64-v8a/kivy/uix/vkeyboard.py'...
Compiling '/app/.buildozer/android/platform/build-arm64-v8a/build/python-installs/neshrblek/arm64-v8a/kivy/uix/widget.py'...
Compiling '/app/.buildozer/android/platform/build-arm64-v8a/build/python-installs/neshrblek/arm64-v8a/kivy/utils.py'...
Compiling '/app/.buildozer/android/platform/build-arm64-v8a/build/python-installs/neshrblek/arm64-v8a/kivy/vector.py'...
Compiling '/app/.buildozer/android/platform/build-arm64-v8a/build/python-installs/neshrblek/arm64-v8a/kivy/weakmethod.py'...
Listing '/app/.buildozer/android/platform/build-arm64-v8a/build/python-installs/neshrblek/arm64-v8a/pyasn1'...
Compiling '/app/.buildozer/android/platform/build-arm64-v8a/build/python-installs/neshrblek/arm64-v8a/pyasn1/__init__.py'...
Listing '/app/.buildozer/android/platform/build-arm64-v8a/build/python-installs/neshrblek/arm64-v8a/pyasn1/codec'...
Compiling '/app/.buildozer/android/platform/build-arm64-v8a/build/python-installs/neshrblek/arm64-v8a/pyasn1/codec/__init__.py'...
Listing '/app/.buildozer/android/platform/build-arm64-v8a/build/python-installs/neshrblek/arm64-v8a/pyasn1/codec/ber'...
Compiling '/app/.buildozer/android/platform/build-arm64-v8a/build/python-installs/neshrblek/arm64-v8a/pyasn1/codec/ber/__init__.py'...
Compiling '/app/.buildozer/android/platform/build-arm64-v8a/build/python-installs/neshrblek/arm64-v8a/pyasn1/codec/ber/decoder.py'...
Compiling '/app/.buildozer/android/platform/build-arm64-v8a/build/python-installs/neshrblek/arm64-v8a/pyasn1/codec/ber/encoder.py'...
Compiling '/app/.buildozer/android/platform/build-arm64-v8a/build/python-installs/neshrblek/arm64-v8a/pyasn1/codec/ber/eoo.py'...
Listing '/app/.buildozer/android/platform/build-arm64-v8a/build/python-installs/neshrblek/arm64-v8a/pyasn1/codec/cer'...
Compiling '/app/.buildozer/android/platform/build-arm64-v8a/build/python-installs/neshrblek/arm64-v8a/pyasn1/codec/cer/__init__.py'...
Compiling '/app/.buildozer/android/platform/build-arm64-v8a/build/python-installs/neshrblek/arm64-v8a/pyasn1/codec/cer/decoder.py'...
Compiling '/app/.buildozer/android/platform/build-arm64-v8a/build/python-installs/neshrblek/arm64-v8a/pyasn1/codec/cer/encoder.py'...
Listing '/app/.buildozer/android/platform/build-arm64-v8a/build/python-installs/neshrblek/arm64-v8a/pyasn1/codec/der'...
Compiling '/app/.buildozer/android/platform/build-arm64-v8a/build/python-installs/neshrblek/arm64-v8a/pyasn1/codec/der/__init__.py'...
Compiling '/app/.buildozer/android/platform/build-arm64-v8a/build/python-installs/neshrblek/arm64-v8a/pyasn1/codec/der/decoder.py'...
Compiling '/app/.buildozer/android/platform/build-arm64-v8a/build/python-installs/neshrblek/arm64-v8a/pyasn1/codec/der/encoder.py'...
Listing '/app/.buildozer/android/platform/build-arm64-v8a/build/python-installs/neshrblek/arm64-v8a/pyasn1/codec/native'...
Compiling '/app/.buildozer/android/platform/build-arm64-v8a/build/python-installs/neshrblek/arm64-v8a/pyasn1/codec/native/__init__.py'...
Compiling '/app/.buildozer/android/platform/build-arm64-v8a/build/python-installs/neshrblek/arm64-v8a/pyasn1/codec/native/decoder.py'...
Compiling '/app/.buildozer/android/platform/build-arm64-v8a/build/python-installs/neshrblek/arm64-v8a/pyasn1/codec/native/encoder.py'...
Compiling '/app/.buildozer/android/platform/build-arm64-v8a/build/python-installs/neshrblek/arm64-v8a/pyasn1/codec/streaming.py'...
Listing '/app/.buildozer/android/platform/build-arm64-v8a/build/python-installs/neshrblek/arm64-v8a/pyasn1/compat'...
Compiling '/app/.buildozer/android/platform/build-arm64-v8a/build/python-installs/neshrblek/arm64-v8a/pyasn1/compat/__init__.py'...
Compiling '/app/.buildozer/android/platform/build-arm64-v8a/build/python-installs/neshrblek/arm64-v8a/pyasn1/compat/integer.py'...
Compiling '/app/.buildozer/android/platform/build-arm64-v8a/build/python-installs/neshrblek/arm64-v8a/pyasn1/debug.py'...
Compiling '/app/.buildozer/android/platform/build-arm64-v8a/build/python-installs/neshrblek/arm64-v8a/pyasn1/error.py'...
Listing '/app/.buildozer/android/platform/build-arm64-v8a/build/python-installs/neshrblek/arm64-v8a/pyasn1/type'...
Compiling '/app/.buildozer/android/platform/build-arm64-v8a/build/python-installs/neshrblek/arm64-v8a/pyasn1/type/__init__.py'...
Compiling '/app/.buildozer/android/platform/build-arm64-v8a/build/python-installs/neshrblek/arm64-v8a/pyasn1/type/base.py'...
Compiling '/app/.buildozer/android/platform/build-arm64-v8a/build/python-installs/neshrblek/arm64-v8a/pyasn1/type/char.py'...
Compiling '/app/.buildozer/android/platform/build-arm64-v8a/build/python-installs/neshrblek/arm64-v8a/pyasn1/type/constraint.py'...
Compiling '/app/.buildozer/android/platform/build-arm64-v8a/build/python-installs/neshrblek/arm64-v8a/pyasn1/type/error.py'...
Compiling '/app/.buildozer/android/platform/build-arm64-v8a/build/python-installs/neshrblek/arm64-v8a/pyasn1/type/namedtype.py'...
Compiling '/app/.buildozer/android/platform/build-arm64-v8a/build/python-installs/neshrblek/arm64-v8a/pyasn1/type/namedval.py'...
Compiling '/app/.buildozer/android/platform/build-arm64-v8a/build/python-installs/neshrblek/arm64-v8a/pyasn1/type/opentype.py'...
Compiling '/app/.buildozer/android/platform/build-arm64-v8a/build/python-installs/neshrblek/arm64-v8a/pyasn1/type/tag.py'...
Compiling '/app/.buildozer/android/platform/build-arm64-v8a/build/python-installs/neshrblek/arm64-v8a/pyasn1/type/tagmap.py'...
Compiling '/app/.buildozer/android/platform/build-arm64-v8a/build/python-installs/neshrblek/arm64-v8a/pyasn1/type/univ.py'...
Compiling '/app/.buildozer/android/platform/build-arm64-v8a/build/python-installs/neshrblek/arm64-v8a/pyasn1/type/useful.py'...
Listing '/app/.buildozer/android/platform/build-arm64-v8a/build/python-installs/neshrblek/arm64-v8a/pyasn1-0.6.3.dist-info'...
Listing '/app/.buildozer/android/platform/build-arm64-v8a/build/python-installs/neshrblek/arm64-v8a/pyasn1-0.6.3.dist-info/licenses'...
Listing '/app/.buildozer/android/platform/build-arm64-v8a/build/python-installs/neshrblek/arm64-v8a/pyasn1_modules'...
Compiling '/app/.buildozer/android/platform/build-arm64-v8a/build/python-installs/neshrblek/arm64-v8a/pyasn1_modules/__init__.py'...
Compiling '/app/.buildozer/android/platform/build-arm64-v8a/build/python-installs/neshrblek/arm64-v8a/pyasn1_modules/pem.py'...
Compiling '/app/.buildozer/android/platform/build-arm64-v8a/build/python-installs/neshrblek/arm64-v8a/pyasn1_modules/rfc1155.py'...
Compiling '/app/.buildozer/android/platform/build-arm64-v8a/build/python-installs/neshrblek/arm64-v8a/pyasn1_modules/rfc1157.py'...
Compiling '/app/.buildozer/android/platform/build-arm64-v8a/build/python-installs/neshrblek/arm64-v8a/pyasn1_modules/rfc1901.py'...
Compiling '/app/.buildozer/android/platform/build-arm64-v8a/build/python-installs/neshrblek/arm64-v8a/pyasn1_modules/rfc1902.py'...
Compiling '/app/.buildozer/android/platform/build-arm64-v8a/build/python-installs/neshrblek/arm64-v8a/pyasn1_modules/rfc1905.py'...
Compiling '/app/.buildozer/android/platform/build-arm64-v8a/build/python-installs/neshrblek/arm64-v8a/pyasn1_modules/rfc2251.py'...
Compiling '/app/.buildozer/android/platform/build-arm64-v8a/build/python-installs/neshrblek/arm64-v8a/pyasn1_modules/rfc2314.py'...
Compiling '/app/.buildozer/android/platform/build-arm64-v8a/build/python-installs/neshrblek/arm64-v8a/pyasn1_modules/rfc2315.py'...
Compiling '/app/.buildozer/android/platform/build-arm64-v8a/build/python-installs/neshrblek/arm64-v8a/pyasn1_modules/rfc2437.py'...
Compiling '/app/.buildozer/android/platform/build-arm64-v8a/build/python-installs/neshrblek/arm64-v8a/pyasn1_modules/rfc2459.py'...
Compiling '/app/.buildozer/android/platform/build-arm64-v8a/build/python-installs/neshrblek/arm64-v8a/pyasn1_modules/rfc2511.py'.../app/.buildozer/android/platform/build-arm64-v8a/build/python-installs/neshrblek/arm64-v8a/pycparser/c_lexer.py:55: SyntaxWarning: "\W" is an invalid escape sequence. Such sequences will not work in the future. Did you mean "\\W"? A raw string is also an option.
  self.line_pattern = re.compile('([ \t]*line\W)|([ \t]*\d+)')
/app/.buildozer/android/platform/build-arm64-v8a/build/python-installs/neshrblek/arm64-v8a/pycparser/c_lexer.py:56: SyntaxWarning: "\W" is an invalid escape sequence. Such sequences will not work in the future. Did you mean "\\W"? A raw string is also an option.
  self.pragma_pattern = re.compile('[ \t]*pragma\W')

Compiling '/app/.buildozer/android/platform/build-arm64-v8a/build/python-installs/neshrblek/arm64-v8a/pyasn1_modules/rfc2560.py'...
Compiling '/app/.buildozer/android/platform/build-arm64-v8a/build/python-installs/neshrblek/arm64-v8a/pyasn1_modules/rfc2631.py'...
Compiling '/app/.buildozer/android/platform/build-arm64-v8a/build/python-installs/neshrblek/arm64-v8a/pyasn1_modules/rfc2634.py'...
Compiling '/app/.buildozer/android/platform/build-arm64-v8a/build/python-installs/neshrblek/arm64-v8a/pyasn1_modules/rfc2876.py'...
Compiling '/app/.buildozer/android/platform/build-arm64-v8a/build/python-installs/neshrblek/arm64-v8a/pyasn1_modules/rfc2985.py'...
Compiling '/app/.buildozer/android/platform/build-arm64-v8a/build/python-installs/neshrblek/arm64-v8a/pyasn1_modules/rfc2986.py'...
Compiling '/app/.buildozer/android/platform/build-arm64-v8a/build/python-installs/neshrblek/arm64-v8a/pyasn1_modules/rfc3058.py'...
Compiling '/app/.buildozer/android/platform/build-arm64-v8a/build/python-installs/neshrblek/arm64-v8a/pyasn1_modules/rfc3114.py'...
Compiling '/app/.buildozer/android/platform/build-arm64-v8a/build/python-installs/neshrblek/arm64-v8a/pyasn1_modules/rfc3125.py'...
Compiling '/app/.buildozer/android/platform/build-arm64-v8a/build/python-installs/neshrblek/arm64-v8a/pyasn1_modules/rfc3161.py'...
Compiling '/app/.buildozer/android/platform/build-arm64-v8a/build/python-installs/neshrblek/arm64-v8a/pyasn1_modules/rfc3274.py'...
Compiling '/app/.buildozer/android/platform/build-arm64-v8a/build/python-installs/neshrblek/arm64-v8a/pyasn1_modules/rfc3279.py'...
Compiling '/app/.buildozer/android/platform/build-arm64-v8a/build/python-installs/neshrblek/arm64-v8a/pyasn1_modules/rfc3280.py'...
Compiling '/app/.buildozer/android/platform/build-arm64-v8a/build/python-installs/neshrblek/arm64-v8a/pyasn1_modules/rfc3281.py'...
Compiling '/app/.buildozer/android/platform/build-arm64-v8a/build/python-installs/neshrblek/arm64-v8a/pyasn1_modules/rfc3370.py'...
Compiling '/app/.buildozer/android/platform/build-arm64-v8a/build/python-installs/neshrblek/arm64-v8a/pyasn1_modules/rfc3412.py'...
Compiling '/app/.buildozer/android/platform/build-arm64-v8a/build/python-installs/neshrblek/arm64-v8a/pyasn1_modules/rfc3414.py'...
Compiling '/app/.buildozer/android/platform/build-arm64-v8a/build/python-installs/neshrblek/arm64-v8a/pyasn1_modules/rfc3447.py'...
Compiling '/app/.buildozer/android/platform/build-arm64-v8a/build/python-installs/neshrblek/arm64-v8a/pyasn1_modules/rfc3537.py'...
Compiling '/app/.buildozer/android/platform/build-arm64-v8a/build/python-installs/neshrblek/arm64-v8a/pyasn1_modules/rfc3560.py'...
Compiling '/app/.buildozer/android/platform/build-arm64-v8a/build/python-installs/neshrblek/arm64-v8a/pyasn1_modules/rfc3565.py'...
Compiling '/app/.buildozer/android/platform/build-arm64-v8a/build/python-installs/neshrblek/arm64-v8a/pyasn1_modules/rfc3657.py'...
Compiling '/app/.buildozer/android/platform/build-arm64-v8a/build/python-installs/neshrblek/arm64-v8a/pyasn1_modules/rfc3709.py'...
Compiling '/app/.buildozer/android/platform/build-arm64-v8a/build/python-installs/neshrblek/arm64-v8a/pyasn1_modules/rfc3739.py'...
Compiling '/app/.buildozer/android/platform/build-arm64-v8a/build/python-installs/neshrblek/arm64-v8a/pyasn1_modules/rfc3770.py'...
Compiling '/app/.buildozer/android/platform/build-arm64-v8a/build/python-installs/neshrblek/arm64-v8a/pyasn1_modules/rfc3779.py'...
Compiling '/app/.buildozer/android/platform/build-arm64-v8a/build/python-installs/neshrblek/arm64-v8a/pyasn1_modules/rfc3820.py'...
Compiling '/app/.buildozer/android/platform/build-arm64-v8a/build/python-installs/neshrblek/arm64-v8a/pyasn1_modules/rfc3852.py'...
Compiling '/app/.buildozer/android/platform/build-arm64-v8a/build/python-installs/neshrblek/arm64-v8a/pyasn1_modules/rfc4010.py'...
Compiling '/app/.buildozer/android/platform/build-arm64-v8a/build/python-installs/neshrblek/arm64-v8a/pyasn1_modules/rfc4043.py'...
Compiling '/app/.buildozer/android/platform/build-arm64-v8a/build/python-installs/neshrblek/arm64-v8a/pyasn1_modules/rfc4055.py'...
Compiling '/app/.buildozer/android/platform/build-arm64-v8a/build/python-installs/neshrblek/arm64-v8a/pyasn1_modules/rfc4073.py'...
Compiling '/app/.buildozer/android/platform/build-arm64-v8a/build/python-installs/neshrblek/arm64-v8a/pyasn1_modules/rfc4108.py'...
Compiling '/app/.buildozer/android/platform/build-arm64-v8a/build/python-installs/neshrblek/arm64-v8a/pyasn1_modules/rfc4210.py'...
Compiling '/app/.buildozer/android/platform/build-arm64-v8a/build/python-installs/neshrblek/arm64-v8a/pyasn1_modules/rfc4211.py'...
Compiling '/app/.buildozer/android/platform/build-arm64-v8a/build/python-installs/neshrblek/arm64-v8a/pyasn1_modules/rfc4334.py'...
Compiling '/app/.buildozer/android/platform/build-arm64-v8a/build/python-installs/neshrblek/arm64-v8a/pyasn1_modules/rfc4357.py'...
Compiling '/app/.buildozer/android/platform/build-arm64-v8a/build/python-installs/neshrblek/arm64-v8a/pyasn1_modules/rfc4387.py'...
Compiling '/app/.buildozer/android/platform/build-arm64-v8a/build/python-installs/neshrblek/arm64-v8a/pyasn1_modules/rfc4476.py'...
Compiling '/app/.buildozer/android/platform/build-arm64-v8a/build/python-installs/neshrblek/arm64-v8a/pyasn1_modules/rfc4490.py'...
Compiling '/app/.buildozer/android/platform/build-arm64-v8a/build/python-installs/neshrblek/arm64-v8a/pyasn1_modules/rfc4491.py'...
Compiling '/app/.buildozer/android/platform/build-arm64-v8a/build/python-installs/neshrblek/arm64-v8a/pyasn1_modules/rfc4683.py'...
Compiling '/app/.buildozer/android/platform/build-arm64-v8a/build/python-installs/neshrblek/arm64-v8a/pyasn1_modules/rfc4985.py'...
Compiling '/app/.buildozer/android/platform/build-arm64-v8a/build/python-installs/neshrblek/arm64-v8a/pyasn1_modules/rfc5035.py'...
Compiling '/app/.buildozer/android/platform/build-arm64-v8a/build/python-installs/neshrblek/arm64-v8a/pyasn1_modules/rfc5083.py'...
Compiling '/app/.buildozer/android/platform/build-arm64-v8a/build/python-installs/neshrblek/arm64-v8a/pyasn1_modules/rfc5084.py'...
Compiling '/app/.buildozer/android/platform/build-arm64-v8a/build/python-installs/neshrblek/arm64-v8a/pyasn1_modules/rfc5126.py'...
Compiling '/app/.buildozer/android/platform/build-arm64-v8a/build/python-installs/neshrblek/arm64-v8a/pyasn1_modules/rfc5208.py'...
Compiling '/app/.buildozer/android/platform/build-arm64-v8a/build/python-installs/neshrblek/arm64-v8a/pyasn1_modules/rfc5275.py'...
Compiling '/app/.buildozer/android/platform/build-arm64-v8a/build/python-installs/neshrblek/arm64-v8a/pyasn1_modules/rfc5280.py'...
Compiling '/app/.buildozer/android/platform/build-arm64-v8a/build/python-installs/neshrblek/arm64-v8a/pyasn1_modules/rfc5480.py'...
Compiling '/app/.buildozer/android/platform/build-arm64-v8a/build/python-installs/neshrblek/arm64-v8a/pyasn1_modules/rfc5636.py'...
Compiling '/app/.buildozer/android/platform/build-arm64-v8a/build/python-installs/neshrblek/arm64-v8a/pyasn1_modules/rfc5639.py'...
Compiling '/app/.buildozer/android/platform/build-arm64-v8a/build/python-installs/neshrblek/arm64-v8a/pyasn1_modules/rfc5649.py'...
Compiling '/app/.buildozer/android/platform/build-arm64-v8a/build/python-installs/neshrblek/arm64-v8a/pyasn1_modules/rfc5652.py'...
Compiling '/app/.buildozer/android/platform/build-arm64-v8a/build/python-installs/neshrblek/arm64-v8a/pyasn1_modules/rfc5697.py'...
Compiling '/app/.buildozer/android/platform/build-arm64-v8a/build/python-installs/neshrblek/arm64-v8a/pyasn1_modules/rfc5751.py'...
Compiling '/app/.buildozer/android/platform/build-arm64-v8a/build/python-installs/neshrblek/arm64-v8a/pyasn1_modules/rfc5752.py'...
Compiling '/app/.buildozer/android/platform/build-arm64-v8a/build/python-installs/neshrblek/arm64-v8a/pyasn1_modules/rfc5753.py'...
Compiling '/app/.buildozer/android/platform/build-arm64-v8a/build/python-installs/neshrblek/arm64-v8a/pyasn1_modules/rfc5755.py'...
Compiling '/app/.buildozer/android/platform/build-arm64-v8a/build/python-installs/neshrblek/arm64-v8a/pyasn1_modules/rfc5913.py'...
Compiling '/app/.buildozer/android/platform/build-arm64-v8a/build/python-installs/neshrblek/arm64-v8a/pyasn1_modules/rfc5914.py'...
Compiling '/app/.buildozer/android/platform/build-arm64-v8a/build/python-installs/neshrblek/arm64-v8a/pyasn1_modules/rfc5915.py'...
Compiling '/app/.buildozer/android/platform/build-arm64-v8a/build/python-installs/neshrblek/arm64-v8a/pyasn1_modules/rfc5916.py'...
Compiling '/app/.buildozer/android/platform/build-arm64-v8a/build/python-installs/neshrblek/arm64-v8a/pyasn1_modules/rfc5917.py'...
Compiling '/app/.buildozer/android/platform/build-arm64-v8a/build/python-installs/neshrblek/arm64-v8a/pyasn1_modules/rfc5924.py'...
Compiling '/app/.buildozer/android/platform/build-arm64-v8a/build/python-installs/neshrblek/arm64-v8a/pyasn1_modules/rfc5934.py'...
Compiling '/app/.buildozer/android/platform/build-arm64-v8a/build/python-installs/neshrblek/arm64-v8a/pyasn1_modules/rfc5940.py'...
Compiling '/app/.buildozer/android/platform/build-arm64-v8a/build/python-installs/neshrblek/arm64-v8a/pyasn1_modules/rfc5958.py'...
Compiling '/app/.buildozer/android/platform/build-arm64-v8a/build/python-installs/neshrblek/arm64-v8a/pyasn1_modules/rfc5990.py'...
Compiling '/app/.buildozer/android/platform/build-arm64-v8a/build/python-installs/neshrblek/arm64-v8a/pyasn1_modules/rfc6010.py'...
Compiling '/app/.buildozer/android/platform/build-arm64-v8a/build/python-installs/neshrblek/arm64-v8a/pyasn1_modules/rfc6019.py'...
Compiling '/app/.buildozer/android/platform/build-arm64-v8a/build/python-installs/neshrblek/arm64-v8a/pyasn1_modules/rfc6031.py'...
Compiling '/app/.buildozer/android/platform/build-arm64-v8a/build/python-installs/neshrblek/arm64-v8a/pyasn1_modules/rfc6032.py'...
Compiling '/app/.buildozer/android/platform/build-arm64-v8a/build/python-installs/neshrblek/arm64-v8a/pyasn1_modules/rfc6120.py'...
Compiling '/app/.buildozer/android/platform/build-arm64-v8a/build/python-installs/neshrblek/arm64-v8a/pyasn1_modules/rfc6170.py'...
Compiling '/app/.buildozer/android/platform/build-arm64-v8a/build/python-installs/neshrblek/arm64-v8a/pyasn1_modules/rfc6187.py'...
Compiling '/app/.buildozer/android/platform/build-arm64-v8a/build/python-installs/neshrblek/arm64-v8a/pyasn1_modules/rfc6210.py'...
Compiling '/app/.buildozer/android/platform/build-arm64-v8a/build/python-installs/neshrblek/arm64-v8a/pyasn1_modules/rfc6211.py'...
Compiling '/app/.buildozer/android/platform/build-arm64-v8a/build/python-installs/neshrblek/arm64-v8a/pyasn1_modules/rfc6402.py'...
Compiling '/app/.buildozer/android/platform/build-arm64-v8a/build/python-installs/neshrblek/arm64-v8a/pyasn1_modules/rfc6482.py'...
Compiling '/app/.buildozer/android/platform/build-arm64-v8a/build/python-installs/neshrblek/arm64-v8a/pyasn1_modules/rfc6486.py'...
Compiling '/app/.buildozer/android/platform/build-arm64-v8a/build/python-installs/neshrblek/arm64-v8a/pyasn1_modules/rfc6487.py'...
Compiling '/app/.buildozer/android/platform/build-arm64-v8a/build/python-installs/neshrblek/arm64-v8a/pyasn1_modules/rfc6664.py'...
Compiling '/app/.buildozer/android/platform/build-arm64-v8a/build/python-installs/neshrblek/arm64-v8a/pyasn1_modules/rfc6955.py'...
Compiling '/app/.buildozer/android/platform/build-arm64-v8a/build/python-installs/neshrblek/arm64-v8a/pyasn1_modules/rfc6960.py'...
Compiling '/app/.buildozer/android/platform/build-arm64-v8a/build/python-installs/neshrblek/arm64-v8a/pyasn1_modules/rfc7030.py'...
Compiling '/app/.buildozer/android/platform/build-arm64-v8a/build/python-installs/neshrblek/arm64-v8a/pyasn1_modules/rfc7191.py'...
Compiling '/app/.buildozer/android/platform/build-arm64-v8a/build/python-installs/neshrblek/arm64-v8a/pyasn1_modules/rfc7229.py'...
Compiling '/app/.buildozer/android/platform/build-arm64-v8a/build/python-installs/neshrblek/arm64-v8a/pyasn1_modules/rfc7292.py'...
Compiling '/app/.buildozer/android/platform/build-arm64-v8a/build/python-installs/neshrblek/arm64-v8a/pyasn1_modules/rfc7296.py'...
Compiling '/app/.buildozer/android/platform/build-arm64-v8a/build/python-installs/neshrblek/arm64-v8a/pyasn1_modules/rfc7508.py'...
Compiling '/app/.buildozer/android/platform/build-arm64-v8a/build/python-installs/neshrblek/arm64-v8a/pyasn1_modules/rfc7585.py'...
Compiling '/app/.buildozer/android/platform/build-arm64-v8a/build/python-installs/neshrblek/arm64-v8a/pyasn1_modules/rfc7633.py'...
Compiling '/app/.buildozer/android/platform/build-arm64-v8a/build/python-installs/neshrblek/arm64-v8a/pyasn1_modules/rfc7773.py'...
Compiling '/app/.buildozer/android/platform/build-arm64-v8a/build/python-installs/neshrblek/arm64-v8a/pyasn1_modules/rfc7894.py'...
Compiling '/app/.buildozer/android/platform/build-arm64-v8a/build/python-installs/neshrblek/arm64-v8a/pyasn1_modules/rfc7906.py'...
Compiling '/app/.buildozer/android/platform/build-arm64-v8a/build/python-installs/neshrblek/arm64-v8a/pyasn1_modules/rfc7914.py'...
Compiling '/app/.buildozer/android/platform/build-arm64-v8a/build/python-installs/neshrblek/arm64-v8a/pyasn1_modules/rfc8017.py'...
Compiling '/app/.buildozer/android/platform/build-arm64-v8a/build/python-installs/neshrblek/arm64-v8a/pyasn1_modules/rfc8018.py'...
Compiling '/app/.buildozer/android/platform/build-arm64-v8a/build/python-installs/neshrblek/arm64-v8a/pyasn1_modules/rfc8103.py'...
Compiling '/app/.buildozer/android/platform/build-arm64-v8a/build/python-installs/neshrblek/arm64-v8a/pyasn1_modules/rfc8209.py'...
Compiling '/app/.buildozer/android/platform/build-arm64-v8a/build/python-installs/neshrblek/arm64-v8a/pyasn1_modules/rfc8226.py'...
Compiling '/app/.buildozer/android/platform/build-arm64-v8a/build/python-installs/neshrblek/arm64-v8a/pyasn1_modules/rfc8358.py'...
Compiling '/app/.buildozer/android/platform/build-arm64-v8a/build/python-installs/neshrblek/arm64-v8a/pyasn1_modules/rfc8360.py'...
Compiling '/app/.buildozer/android/platform/build-arm64-v8a/build/python-installs/neshrblek/arm64-v8a/pyasn1_modules/rfc8398.py'...
Compiling '/app/.buildozer/android/platform/build-arm64-v8a/build/python-installs/neshrblek/arm64-v8a/pyasn1_modules/rfc8410.py'...
Compiling '/app/.buildozer/android/platform/build-arm64-v8a/build/python-installs/neshrblek/arm64-v8a/pyasn1_modules/rfc8418.py'...
Compiling '/app/.buildozer/android/platform/build-arm64-v8a/build/python-installs/neshrblek/arm64-v8a/pyasn1_modules/rfc8419.py'...
Compiling '/app/.buildozer/android/platform/build-arm64-v8a/build/python-installs/neshrblek/arm64-v8a/pyasn1_modules/rfc8479.py'...
Compiling '/app/.buildozer/android/platform/build-arm64-v8a/build/python-installs/neshrblek/arm64-v8a/pyasn1_modules/rfc8494.py'...
Compiling '/app/.buildozer/android/platform/build-arm64-v8a/build/python-installs/neshrblek/arm64-v8a/pyasn1_modules/rfc8520.py'...
Compiling '/app/.buildozer/android/platform/build-arm64-v8a/build/python-installs/neshrblek/arm64-v8a/pyasn1_modules/rfc8619.py'...
Compiling '/app/.buildozer/android/platform/build-arm64-v8a/build/python-installs/neshrblek/arm64-v8a/pyasn1_modules/rfc8649.py'...
Compiling '/app/.buildozer/android/platform/build-arm64-v8a/build/python-installs/neshrblek/arm64-v8a/pyasn1_modules/rfc8692.py'...
Compiling '/app/.buildozer/android/platform/build-arm64-v8a/build/python-installs/neshrblek/arm64-v8a/pyasn1_modules/rfc8696.py'...
Compiling '/app/.buildozer/android/platform/build-arm64-v8a/build/python-installs/neshrblek/arm64-v8a/pyasn1_modules/rfc8702.py'...
Compiling '/app/.buildozer/android/platform/build-arm64-v8a/build/python-installs/neshrblek/arm64-v8a/pyasn1_modules/rfc8708.py'...
Compiling '/app/.buildozer/android/platform/build-arm64-v8a/build/python-installs/neshrblek/arm64-v8a/pyasn1_modules/rfc8769.py'...
Listing '/app/.buildozer/android/platform/build-arm64-v8a/build/python-installs/neshrblek/arm64-v8a/pyasn1_modules-0.4.2.dist-info'...
Listing '/app/.buildozer/android/platform/build-arm64-v8a/build/python-installs/neshrblek/arm64-v8a/pyasn1_modules-0.4.2.dist-info/licenses'...
Listing '/app/.buildozer/android/platform/build-arm64-v8a/build/python-installs/neshrblek/arm64-v8a/pycparser'...
Compiling '/app/.buildozer/android/platform/build-arm64-v8a/build/python-installs/neshrblek/arm64-v8a/pycparser/__init__.py'...
Compiling '/app/.buildozer/android/platform/build-arm64-v8a/build/python-installs/neshrblek/arm64-v8a/pycparser/_ast_gen.py'...
Compiling '/app/.buildozer/android/platform/build-arm64-v8a/build/python-installs/neshrblek/arm64-v8a/pycparser/_build_tables.py'...
Compiling '/app/.buildozer/android/platform/build-arm64-v8a/build/python-installs/neshrblek/arm64-v8a/pycparser/ast_transforms.py'...
Compiling '/app/.buildozer/android/platform/build-arm64-v8a/build/python-installs/neshrblek/arm64-v8a/pycparser/c_ast.py'...
Compiling '/app/.buildozer/android/platform/build-arm64-v8a/build/python-installs/neshrblek/arm64-v8a/pycparser/c_generator.py'...
Compiling '/app/.buildozer/android/platform/build-arm64-v8a/build/python-installs/neshrblek/arm64-v8a/pycparser/c_lexer.py'...
Compiling '/app/.buildozer/android/platform/build-arm64-v8a/build/python-installs/neshrblek/arm64-v8a/pycparser/c_parser.py'...
Compiling '/app/.buildozer/android/platform/build-arm64-v8a/build/python-installs/neshrblek/arm64-v8a/pycparser/lextab.py'...
Listing '/app/.buildozer/android/platform/build-arm64-v8a/build/python-installs/neshrblek/arm64-v8a/pycparser/ply'...
Compiling '/app/.buildozer/android/platform/build-arm64-v8a/build/python-installs/neshrblek/arm64-v8a/pycparser/ply/__init__.py'...
Compiling '/app/.buildozer/android/platform/build-arm64-v8a/build/python-installs/neshrblek/arm64-v8a/pycparser/ply/cpp.py'...
Compiling '/app/.buildozer/android/platform/build-arm64-v8a/build/python-installs/neshrblek/arm64-v8a/pycparser/ply/ctokens.py'...
Compiling '/app/.buildozer/android/platform/build-arm64-v8a/build/python-installs/neshrblek/arm64-v8a/pycparser/ply/lex.py'...
Compiling '/app/.buildozer/android/platform/build-arm64-v8a/build/python-installs/neshrblek/arm64-v8a/pycparser/ply/yacc.py'...
Compiling '/app/.buildozer/android/platform/build-arm64-v8a/build/python-installs/neshrblek/arm64-v8a/pycparser/plyparser.py'...
Compiling '/app/.buildozer/android/platform/build-arm64-v8a/build/python-installs/neshrblek/arm64-v8a/pycparser/yacctab.py'...
Listing '/app/.buildozer/android/platform/build-arm64-v8a/build/python-installs/neshrblek/arm64-v8a/pycparser-2.14.dist-info'...
Listing '/app/.buildozer/android/platform/build-arm64-v8a/build/python-installs/neshrblek/arm64-v8a/pycparser-2.14.dist-info/licenses'...
Listing '/app/.buildozer/android/platform/build-arm64-v8a/build/python-installs/neshrblek/arm64-v8a/pyjnius-1.7.0.dist-info'...
Listing '/app/.buildozer/android/platform/build-arm64-v8a/build/python-installs/neshrblek/arm64-v8a/pyjnius-1.7.0.dist-info/licenses'...
Listing '/app/.buildozer/android/platform/build-arm64-v8a/build/python-installs/neshrblek/arm64-v8a/pyrebase'...
Compiling '/app/.buildozer/android/platform/build-arm64-v8a/build/python-installs/neshrblek/arm64-v8a/pyrebase/__init__.py'...
Compiling '/app/.buildozer/android/platform/build-arm64-v8a/build/python-installs/neshrblek/arm64-v8a/pyrebase/pyre_sseclient.py'...
Compiling '/app/.buildozer/android/platform/build-arm64-v8a/build/python-installs/neshrblek/arm64-v8a/pyrebase/pyrebase.py'...
Listing '/app/.buildozer/android/platform/build-arm64-v8a/build/python-installs/neshrblek/arm64-v8a/pyrebase4-4.9.0.dist-info'...
Listing '/app/.buildozer/android/platform/build-arm64-v8a/build/python-installs/neshrblek/arm64-v8a/python_bidi-0.6.10.dist-info'...
Listing '/app/.buildozer/android/platform/build-arm64-v8a/build/python-installs/neshrblek/arm64-v8a/python_bidi-0.6.10.dist-info/licenses'...
Listing '/app/.buildozer/android/platform/build-arm64-v8a/build/python-installs/neshrblek/arm64-v8a/python_bidi-0.6.10.dist-info/sboms'...
Listing '/app/.buildozer/android/platform/build-arm64-v8a/build/python-installs/neshrblek/arm64-v8a/requests'...
Compiling '/app/.buildozer/android/platform/build-arm64-v8a/build/python-installs/neshrblek/arm64-v8a/requests/__init__.py'...
Compiling '/app/.buildozer/android/platform/build-arm64-v8a/build/python-installs/neshrblek/arm64-v8a/requests/__version__.py'...
Compiling '/app/.buildozer/android/platform/build-arm64-v8a/build/python-installs/neshrblek/arm64-v8a/requests/_internal_utils.py'...
Compiling '/app/.buildozer/android/platform/build-arm64-v8a/build/python-installs/neshrblek/arm64-v8a/requests/_types.py'...
Compiling '/app/.buildozer/android/platform/build-arm64-v8a/build/python-installs/neshrblek/arm64-v8a/requests/adapters.py'...
Compiling '/app/.buildozer/android/platform/build-arm64-v8a/build/python-installs/neshrblek/arm64-v8a/requests/api.py'...
Compiling '/app/.buildozer/android/platform/build-arm64-v8a/build/python-installs/neshrblek/arm64-v8a/requests/auth.py'...
Compiling '/app/.buildozer/android/platform/build-arm64-v8a/build/python-installs/neshrblek/arm64-v8a/requests/certs.py'...
Compiling '/app/.buildozer/android/platform/build-arm64-v8a/build/python-installs/neshrblek/arm64-v8a/requests/compat.py'...
Compiling '/app/.buildozer/android/platform/build-arm64-v8a/build/python-installs/neshrblek/arm64-v8a/requests/cookies.py'...
Compiling '/app/.buildozer/android/platform/build-arm64-v8a/build/python-installs/neshrblek/arm64-v8a/requests/exceptions.py'...
Compiling '/app/.buildozer/android/platform/build-arm64-v8a/build/python-installs/neshrblek/arm64-v8a/requests/help.py'...
Compiling '/app/.buildozer/android/platform/build-arm64-v8a/build/python-installs/neshrblek/arm64-v8a/requests/hooks.py'...
Compiling '/app/.buildozer/android/platform/build-arm64-v8a/build/python-installs/neshrblek/arm64-v8a/requests/models.py'...
Compiling '/app/.buildozer/android/platform/build-arm64-v8a/build/python-installs/neshrblek/arm64-v8a/requests/packages.py'...
Compiling '/app/.buildozer/android/platform/build-arm64-v8a/build/python-installs/neshrblek/arm64-v8a/requests/sessions.py'...
Compiling '/app/.buildozer/android/platform/build-arm64-v8a/build/python-installs/neshrblek/arm64-v8a/requests/status_codes.py'...
Compiling '/app/.buildozer/android/platform/build-arm64-v8a/build/python-installs/neshrblek/arm64-v8a/requests/structures.py'...
Compiling '/app/.buildozer/android/platform/build-arm64-v8a/build/python-installs/neshrblek/arm64-v8a/requests/utils.py'...
Listing '/app/.buildozer/android/platform/build-arm64-v8a/build/python-installs/neshrblek/arm64-v8a/requests-2.34.2.dist-info'...
Listing '/app/.buildozer/android/platform/build-arm64-v8a/build/python-installs/neshrblek/arm64-v8a/requests-2.34.2.dist-info/licenses'...
Compiling '/app/.buildozer/android/platform/build-arm64-v8a/build/python-installs/neshrblek/arm64-v8a/setup_sdist.py'...
Listing '/app/.buildozer/android/platform/build-arm64-v8a/build/python-installs/neshrblek/arm64-v8a/setuptools'...
Compiling '/app/.buildozer/android/platform/build-arm64-v8a/build/python-installs/neshrblek/arm64-v8a/setuptools/__init__.py'...
Compiling '/app/.buildozer/android/platform/build-arm64-v8a/build/python-installs/neshrblek/arm64-v8a/setuptools/_core_metadata.py'...
Compiling '/app/.buildozer/android/platform/build-arm64-v8a/build/python-installs/neshrblek/arm64-v8a/setuptools/_discovery.py'...
Listing '/app/.buildozer/android/platform/build-arm64-v8a/build/python-installs/neshrblek/arm64-v8a/setuptools/_distutils'...
Compiling '/app/.buildozer/android/platform/build-arm64-v8a/build/python-installs/neshrblek/arm64-v8a/setuptools/_distutils/__init__.py'...
Compiling '/app/.buildozer/android/platform/build-arm64-v8a/build/python-installs/neshrblek/arm64-v8a/setuptools/_distutils/_log.py'...
Compiling '/app/.buildozer/android/platform/build-arm64-v8a/build/python-installs/neshrblek/arm64-v8a/setuptools/_distutils/_macos_compat.py'...
Compiling '/app/.buildozer/android/platform/build-arm64-v8a/build/python-installs/neshrblek/arm64-v8a/setuptools/_distutils/_modified.py'...
Compiling '/app/.buildozer/android/platform/build-arm64-v8a/build/python-installs/neshrblek/arm64-v8a/setuptools/_distutils/_msvccompiler.py'...
Compiling '/app/.buildozer/android/platform/build-arm64-v8a/build/python-installs/neshrblek/arm64-v8a/setuptools/_distutils/archive_util.py'...
Compiling '/app/.buildozer/android/platform/build-arm64-v8a/build/python-installs/neshrblek/arm64-v8a/setuptools/_distutils/ccompiler.py'...
Compiling '/app/.buildozer/android/platform/build-arm64-v8a/build/python-installs/neshrblek/arm64-v8a/setuptools/_distutils/cmd.py'...
Listing '/app/.buildozer/android/platform/build-arm64-v8a/build/python-installs/neshrblek/arm64-v8a/setuptools/_distutils/command'...
Compiling '/app/.buildozer/android/platform/build-arm64-v8a/build/python-installs/neshrblek/arm64-v8a/setuptools/_distutils/command/__init__.py'...
Compiling '/app/.buildozer/android/platform/build-arm64-v8a/build/python-installs/neshrblek/arm64-v8a/setuptools/_distutils/command/_framework_compat.py'...
Compiling '/app/.buildozer/android/platform/build-arm64-v8a/build/python-installs/neshrblek/arm64-v8a/setuptools/_distutils/command/bdist.py'...
Compiling '/app/.buildozer/android/platform/build-arm64-v8a/build/python-installs/neshrblek/arm64-v8a/setuptools/_distutils/command/bdist_dumb.py'...
Compiling '/app/.buildozer/android/platform/build-arm64-v8a/build/python-installs/neshrblek/arm64-v8a/setuptools/_distutils/command/bdist_rpm.py'...
Compiling '/app/.buildozer/android/platform/build-arm64-v8a/build/python-installs/neshrblek/arm64-v8a/setuptools/_distutils/command/build.py'...
Compiling '/app/.buildozer/android/platform/build-arm64-v8a/build/python-installs/neshrblek/arm64-v8a/setuptools/_distutils/command/build_clib.py'...
Compiling '/app/.buildozer/android/platform/build-arm64-v8a/build/python-installs/neshrblek/arm64-v8a/setuptools/_distutils/command/build_ext.py'...
Compiling '/app/.buildozer/android/platform/build-arm64-v8a/build/python-installs/neshrblek/arm64-v8a/setuptools/_distutils/command/build_py.py'...
Compiling '/app/.buildozer/android/platform/build-arm64-v8a/build/python-installs/neshrblek/arm64-v8a/setuptools/_distutils/command/build_scripts.py'...
Compiling '/app/.buildozer/android/platform/build-arm64-v8a/build/python-installs/neshrblek/arm64-v8a/setuptools/_distutils/command/check.py'...
Compiling '/app/.buildozer/android/platform/build-arm64-v8a/build/python-installs/neshrblek/arm64-v8a/setuptools/_distutils/command/clean.py'...
Compiling '/app/.buildozer/android/platform/build-arm64-v8a/build/python-installs/neshrblek/arm64-v8a/setuptools/_distutils/command/config.py'...
Compiling '/app/.buildozer/android/platform/build-arm64-v8a/build/python-installs/neshrblek/arm64-v8a/setuptools/_distutils/command/install.py'...
Compiling '/app/.buildozer/android/platform/build-arm64-v8a/build/python-installs/neshrblek/arm64-v8a/setuptools/_distutils/command/install_data.py'...
Compiling '/app/.buildozer/android/platform/build-arm64-v8a/build/python-installs/neshrblek/arm64-v8a/setuptools/_distutils/command/install_egg_info.py'...
Compiling '/app/.buildozer/android/platform/build-arm64-v8a/build/python-installs/neshrblek/arm64-v8a/setuptools/_distutils/command/install_headers.py'...
Compiling '/app/.buildozer/android/platform/build-arm64-v8a/build/python-installs/neshrblek/arm64-v8a/setuptools/_distutils/command/install_lib.py'...
Compiling '/app/.buildozer/android/platform/build-arm64-v8a/build/python-installs/neshrblek/arm64-v8a/setuptools/_distutils/command/install_scripts.py'...
Compiling '/app/.buildozer/android/platform/build-arm64-v8a/build/python-installs/neshrblek/arm64-v8a/setuptools/_distutils/command/sdist.py'...
Listing '/app/.buildozer/android/platform/build-arm64-v8a/build/python-installs/neshrblek/arm64-v8a/setuptools/_distutils/compat'...
Compiling '/app/.buildozer/android/platform/build-arm64-v8a/build/python-installs/neshrblek/arm64-v8a/setuptools/_distutils/compat/__init__.py'...
Compiling '/app/.buildozer/android/platform/build-arm64-v8a/build/python-installs/neshrblek/arm64-v8a/setuptools/_distutils/compat/numpy.py'...
Compiling '/app/.buildozer/android/platform/build-arm64-v8a/build/python-installs/neshrblek/arm64-v8a/setuptools/_distutils/compat/py39.py'...
Listing '/app/.buildozer/android/platform/build-arm64-v8a/build/python-installs/neshrblek/arm64-v8a/setuptools/_distutils/compilers'...
Listing '/app/.buildozer/android/platform/build-arm64-v8a/build/python-installs/neshrblek/arm64-v8a/setuptools/_distutils/compilers/C'...
Compiling '/app/.buildozer/android/platform/build-arm64-v8a/build/python-installs/neshrblek/arm64-v8a/setuptools/_distutils/compilers/C/base.py'...
Compiling '/app/.buildozer/android/platform/build-arm64-v8a/build/python-installs/neshrblek/arm64-v8a/setuptools/_distutils/compilers/C/cygwin.py'...
Compiling '/app/.buildozer/android/platform/build-arm64-v8a/build/python-installs/neshrblek/arm64-v8a/setuptools/_distutils/compilers/C/errors.py'...
Compiling '/app/.buildozer/android/platform/build-arm64-v8a/build/python-installs/neshrblek/arm64-v8a/setuptools/_distutils/compilers/C/msvc.py'...
Listing '/app/.buildozer/android/platform/build-arm64-v8a/build/python-installs/neshrblek/arm64-v8a/setuptools/_distutils/compilers/C/tests'...
Compiling '/app/.buildozer/android/platform/build-arm64-v8a/build/python-installs/neshrblek/arm64-v8a/setuptools/_distutils/compilers/C/tests/test_base.py'...
Compiling '/app/.buildozer/android/platform/build-arm64-v8a/build/python-installs/neshrblek/arm64-v8a/setuptools/_distutils/compilers/C/tests/test_cygwin.py'...
Compiling '/app/.buildozer/android/platform/build-arm64-v8a/build/python-installs/neshrblek/arm64-v8a/setuptools/_distutils/compilers/C/tests/test_mingw.py'...
Compiling '/app/.buildozer/android/platform/build-arm64-v8a/build/python-installs/neshrblek/arm64-v8a/setuptools/_distutils/compilers/C/tests/test_msvc.py'...
Compiling '/app/.buildozer/android/platform/build-arm64-v8a/build/python-installs/neshrblek/arm64-v8a/setuptools/_distutils/compilers/C/tests/test_unix.py'...
Compiling '/app/.buildozer/android/platform/build-arm64-v8a/build/python-installs/neshrblek/arm64-v8a/setuptools/_distutils/compilers/C/unix.py'...
Compiling '/app/.buildozer/android/platform/build-arm64-v8a/build/python-installs/neshrblek/arm64-v8a/setuptools/_distutils/compilers/C/zos.py'...
Compiling '/app/.buildozer/android/platform/build-arm64-v8a/build/python-installs/neshrblek/arm64-v8a/setuptools/_distutils/core.py'...
Compiling '/app/.buildozer/android/platform/build-arm64-v8a/build/python-installs/neshrblek/arm64-v8a/setuptools/_distutils/cygwinccompiler.py'...
Compiling '/app/.buildozer/android/platform/build-arm64-v8a/build/python-installs/neshrblek/arm64-v8a/setuptools/_distutils/debug.py'...
Compiling '/app/.buildozer/android/platform/build-arm64-v8a/build/python-installs/neshrblek/arm64-v8a/setuptools/_distutils/dep_util.py'...
Compiling '/app/.buildozer/android/platform/build-arm64-v8a/build/python-installs/neshrblek/arm64-v8a/setuptools/_distutils/dir_util.py'...
Compiling '/app/.buildozer/android/platform/build-arm64-v8a/build/python-installs/neshrblek/arm64-v8a/setuptools/_distutils/dist.py'...
Compiling '/app/.buildozer/android/platform/build-arm64-v8a/build/python-installs/neshrblek/arm64-v8a/setuptools/_distutils/errors.py'...
Compiling '/app/.buildozer/android/platform/build-arm64-v8a/build/python-installs/neshrblek/arm64-v8a/setuptools/_distutils/extension.py'...
Compiling '/app/.buildozer/android/platform/build-arm64-v8a/build/python-installs/neshrblek/arm64-v8a/setuptools/_distutils/fancy_getopt.py'...
Compiling '/app/.buildozer/android/platform/build-arm64-v8a/build/python-installs/neshrblek/arm64-v8a/setuptools/_distutils/file_util.py'...
Compiling '/app/.buildozer/android/platform/build-arm64-v8a/build/python-installs/neshrblek/arm64-v8a/setuptools/_distutils/filelist.py'...
Compiling '/app/.buildozer/android/platform/build-arm64-v8a/build/python-installs/neshrblek/arm64-v8a/setuptools/_distutils/log.py'...
Compiling '/app/.buildozer/android/platform/build-arm64-v8a/build/python-installs/neshrblek/arm64-v8a/setuptools/_distutils/spawn.py'...
Compiling '/app/.buildozer/android/platform/build-arm64-v8a/build/python-installs/neshrblek/arm64-v8a/setuptools/_distutils/sysconfig.py'...
Listing '/app/.buildozer/android/platform/build-arm64-v8a/build/python-installs/neshrblek/arm64-v8a/setuptools/_distutils/tests'...
Compiling '/app/.buildozer/android/platform/build-arm64-v8a/build/python-installs/neshrblek/arm64-v8a/setuptools/_distutils/tests/__init__.py'...
Listing '/app/.buildozer/android/platform/build-arm64-v8a/build/python-installs/neshrblek/arm64-v8a/setuptools/_distutils/tests/compat'...
Compiling '/app/.buildozer/android/platform/build-arm64-v8a/build/python-installs/neshrblek/arm64-v8a/setuptools/_distutils/tests/compat/__init__.py'...
Compiling '/app/.buildozer/android/platform/build-arm64-v8a/build/python-installs/neshrblek/arm64-v8a/setuptools/_distutils/tests/compat/py39.py'...
Compiling '/app/.buildozer/android/platform/build-arm64-v8a/build/python-installs/neshrblek/arm64-v8a/setuptools/_distutils/tests/support.py'...
Compiling '/app/.buildozer/android/platform/build-arm64-v8a/build/python-installs/neshrblek/arm64-v8a/setuptools/_distutils/tests/test_archive_util.py'...
Compiling '/app/.buildozer/android/platform/build-arm64-v8a/build/python-installs/neshrblek/arm64-v8a/setuptools/_distutils/tests/test_bdist.py'...
Compiling '/app/.buildozer/android/platform/build-arm64-v8a/build/python-installs/neshrblek/arm64-v8a/setuptools/_distutils/tests/test_bdist_dumb.py'...
Compiling '/app/.buildozer/android/platform/build-arm64-v8a/build/python-installs/neshrblek/arm64-v8a/setuptools/_distutils/tests/test_bdist_rpm.py'...
Compiling '/app/.buildozer/android/platform/build-arm64-v8a/build/python-installs/neshrblek/arm64-v8a/setuptools/_distutils/tests/test_build.py'...
Compiling '/app/.buildozer/android/platform/build-arm64-v8a/build/python-installs/neshrblek/arm64-v8a/setuptools/_distutils/tests/test_build_clib.py'...
Compiling '/app/.buildozer/android/platform/build-arm64-v8a/build/python-installs/neshrblek/arm64-v8a/setuptools/_distutils/tests/test_build_ext.py'...
Compiling '/app/.buildozer/android/platform/build-arm64-v8a/build/python-installs/neshrblek/arm64-v8a/setuptools/_distutils/tests/test_build_py.py'...
Compiling '/app/.buildozer/android/platform/build-arm64-v8a/build/python-installs/neshrblek/arm64-v8a/setuptools/_distutils/tests/test_build_scripts.py'...
Compiling '/app/.buildozer/android/platform/build-arm64-v8a/build/python-installs/neshrblek/arm64-v8a/setuptools/_distutils/tests/test_check.py'...
Compiling '/app/.buildozer/android/platform/build-arm64-v8a/build/python-installs/neshrblek/arm64-v8a/setuptools/_distutils/tests/test_clean.py'...
Compiling '/app/.buildozer/android/platform/build-arm64-v8a/build/python-installs/neshrblek/arm64-v8a/setuptools/_distutils/tests/test_cmd.py'...
Compiling '/app/.buildozer/android/platform/build-arm64-v8a/build/python-installs/neshrblek/arm64-v8a/setuptools/_distutils/tests/test_config_cmd.py'...
Compiling '/app/.buildozer/android/platform/build-arm64-v8a/build/python-installs/neshrblek/arm64-v8a/setuptools/_distutils/tests/test_core.py'...
Compiling '/app/.buildozer/android/platform/build-arm64-v8a/build/python-installs/neshrblek/arm64-v8a/setuptools/_distutils/tests/test_dir_util.py'...
Compiling '/app/.buildozer/android/platform/build-arm64-v8a/build/python-installs/neshrblek/arm64-v8a/setuptools/_distutils/tests/test_dist.py'...
Compiling '/app/.buildozer/android/platform/build-arm64-v8a/build/python-installs/neshrblek/arm64-v8a/setuptools/_distutils/tests/test_extension.py'...
Compiling '/app/.buildozer/android/platform/build-arm64-v8a/build/python-installs/neshrblek/arm64-v8a/setuptools/_distutils/tests/test_file_util.py'...
Compiling '/app/.buildozer/android/platform/build-arm64-v8a/build/python-installs/neshrblek/arm64-v8a/setuptools/_distutils/tests/test_filelist.py'...
Compiling '/app/.buildozer/android/platform/build-arm64-v8a/build/python-installs/neshrblek/arm64-v8a/setuptools/_distutils/tests/test_install.py'...
Compiling '/app/.buildozer/android/platform/build-arm64-v8a/build/python-installs/neshrblek/arm64-v8a/setuptools/_distutils/tests/test_install_data.py'...
Compiling '/app/.buildozer/android/platform/build-arm64-v8a/build/python-installs/neshrblek/arm64-v8a/setuptools/_distutils/tests/test_install_headers.py'...
Compiling '/app/.buildozer/android/platform/build-arm64-v8a/build/python-installs/neshrblek/arm64-v8a/setuptools/_distutils/tests/test_install_lib.py'...
Compiling '/app/.buildozer/android/platform/build-arm64-v8a/build/python-installs/neshrblek/arm64-v8a/setuptools/_distutils/tests/test_install_scripts.py'...
Compiling '/app/.buildozer/android/platform/build-arm64-v8a/build/python-installs/neshrblek/arm64-v8a/setuptools/_distutils/tests/test_log.py'...
Compiling '/app/.buildozer/android/platform/build-arm64-v8a/build/python-installs/neshrblek/arm64-v8a/setuptools/_distutils/tests/test_modified.py'...
Compiling '/app/.buildozer/android/platform/build-arm64-v8a/build/python-installs/neshrblek/arm64-v8a/setuptools/_distutils/tests/test_sdist.py'...
Compiling '/app/.buildozer/android/platform/build-arm64-v8a/build/python-installs/neshrblek/arm64-v8a/setuptools/_distutils/tests/test_spawn.py'...
Compiling '/app/.buildozer/android/platform/build-arm64-v8a/build/python-installs/neshrblek/arm64-v8a/setuptools/_distutils/tests/test_sysconfig.py'...
Compiling '/app/.buildozer/android/platform/build-arm64-v8a/build/python-installs/neshrblek/arm64-v8a/setuptools/_distutils/tests/test_text_file.py'...
Compiling '/app/.buildozer/android/platform/build-arm64-v8a/build/python-installs/neshrblek/arm64-v8a/setuptools/_distutils/tests/test_util.py'...
Compiling '/app/.buildozer/android/platform/build-arm64-v8a/build/python-installs/neshrblek/arm64-v8a/setuptools/_distutils/tests/test_version.py'...
Compiling '/app/.buildozer/android/platform/build-arm64-v8a/build/python-installs/neshrblek/arm64-v8a/setuptools/_distutils/tests/test_versionpredicate.py'...
Compiling '/app/.buildozer/android/platform/build-arm64-v8a/build/python-installs/neshrblek/arm64-v8a/setuptools/_distutils/tests/unix_compat.py'...
Compiling '/app/.buildozer/android/platform/build-arm64-v8a/build/python-installs/neshrblek/arm64-v8a/setuptools/_distutils/text_file.py'...
Compiling '/app/.buildozer/android/platform/build-arm64-v8a/build/python-installs/neshrblek/arm64-v8a/setuptools/_distutils/unixccompiler.py'...
Compiling '/app/.buildozer/android/platform/build-arm64-v8a/build/python-installs/neshrblek/arm64-v8a/setuptools/_distutils/util.py'...
Compiling '/app/.buildozer/android/platform/build-arm64-v8a/build/python-installs/neshrblek/arm64-v8a/setuptools/_distutils/version.py'...
Compiling '/app/.buildozer/android/platform/build-arm64-v8a/build/python-installs/neshrblek/arm64-v8a/setuptools/_distutils/versionpredicate.py'...
Compiling '/app/.buildozer/android/platform/build-arm64-v8a/build/python-installs/neshrblek/arm64-v8a/setuptools/_distutils/zosccompiler.py'...
Compiling '/app/.buildozer/android/platform/build-arm64-v8a/build/python-installs/neshrblek/arm64-v8a/setuptools/_entry_points.py'...
Compiling '/app/.buildozer/android/platform/build-arm64-v8a/build/python-installs/neshrblek/arm64-v8a/setuptools/_imp.py'...
Compiling '/app/.buildozer/android/platform/build-arm64-v8a/build/python-installs/neshrblek/arm64-v8a/setuptools/_importlib.py'...
Compiling '/app/.buildozer/android/platform/build-arm64-v8a/build/python-installs/neshrblek/arm64-v8a/setuptools/_itertools.py'...
Compiling '/app/.buildozer/android/platform/build-arm64-v8a/build/python-installs/neshrblek/arm64-v8a/setuptools/_normalization.py'...
Compiling '/app/.buildozer/android/platform/build-arm64-v8a/build/python-installs/neshrblek/arm64-v8a/setuptools/_path.py'...
Compiling '/app/.buildozer/android/platform/build-arm64-v8a/build/python-installs/neshrblek/arm64-v8a/setuptools/_reqs.py'...
Compiling '/app/.buildozer/android/platform/build-arm64-v8a/build/python-installs/neshrblek/arm64-v8a/setuptools/_scripts.py'...
Compiling '/app/.buildozer/android/platform/build-arm64-v8a/build/python-installs/neshrblek/arm64-v8a/setuptools/_shutil.py'...
Compiling '/app/.buildozer/android/platform/build-arm64-v8a/build/python-installs/neshrblek/arm64-v8a/setuptools/_static.py'...
Listing '/app/.buildozer/android/platform/build-arm64-v8a/build/python-installs/neshrblek/arm64-v8a/setuptools/_vendor'...
Listing '/app/.buildozer/android/platform/build-arm64-v8a/build/python-installs/neshrblek/arm64-v8a/setuptools/_vendor/autocommand'...
Compiling '/app/.buildozer/android/platform/build-arm64-v8a/build/python-installs/neshrblek/arm64-v8a/setuptools/_vendor/autocommand/__init__.py'...
Compiling '/app/.buildozer/android/platform/build-arm64-v8a/build/python-installs/neshrblek/arm64-v8a/setuptools/_vendor/autocommand/autoasync.py'...
Compiling '/app/.buildozer/android/platform/build-arm64-v8a/build/python-installs/neshrblek/arm64-v8a/setuptools/_vendor/autocommand/autocommand.py'...
Compiling '/app/.buildozer/android/platform/build-arm64-v8a/build/python-installs/neshrblek/arm64-v8a/setuptools/_vendor/autocommand/automain.py'...
Compiling '/app/.buildozer/android/platform/build-arm64-v8a/build/python-installs/neshrblek/arm64-v8a/setuptools/_vendor/autocommand/autoparse.py'...
Compiling '/app/.buildozer/android/platform/build-arm64-v8a/build/python-installs/neshrblek/arm64-v8a/setuptools/_vendor/autocommand/errors.py'...
Listing '/app/.buildozer/android/platform/build-arm64-v8a/build/python-installs/neshrblek/arm64-v8a/setuptools/_vendor/autocommand-2.2.2.dist-info'...
Listing '/app/.buildozer/android/platform/build-arm64-v8a/build/python-installs/neshrblek/arm64-v8a/setuptools/_vendor/backports'...
Compiling '/app/.buildozer/android/platform/build-arm64-v8a/build/python-installs/neshrblek/arm64-v8a/setuptools/_vendor/backports/__init__.py'...
Listing '/app/.buildozer/android/platform/build-arm64-v8a/build/python-installs/neshrblek/arm64-v8a/setuptools/_vendor/backports/tarfile'...
Compiling '/app/.buildozer/android/platform/build-arm64-v8a/build/python-installs/neshrblek/arm64-v8a/setuptools/_vendor/backports/tarfile/__init__.py'...
Compiling '/app/.buildozer/android/platform/build-arm64-v8a/build/python-installs/neshrblek/arm64-v8a/setuptools/_vendor/backports/tarfile/__main__.py'...
Listing '/app/.buildozer/android/platform/build-arm64-v8a/build/python-installs/neshrblek/arm64-v8a/setuptools/_vendor/backports/tarfile/compat'...
Compiling '/app/.buildozer/android/platform/build-arm64-v8a/build/python-installs/neshrblek/arm64-v8a/setuptools/_vendor/backports/tarfile/compat/__init__.py'...
Compiling '/app/.buildozer/android/platform/build-arm64-v8a/build/python-installs/neshrblek/arm64-v8a/setuptools/_vendor/backports/tarfile/compat/py38.py'...
Listing '/app/.buildozer/android/platform/build-arm64-v8a/build/python-installs/neshrblek/arm64-v8a/setuptools/_vendor/backports.tarfile-1.2.0.dist-info'...
Listing '/app/.buildozer/android/platform/build-arm64-v8a/build/python-installs/neshrblek/arm64-v8a/setuptools/_vendor/importlib_metadata'...
Compiling '/app/.buildozer/android/platform/build-arm64-v8a/build/python-installs/neshrblek/arm64-v8a/setuptools/_vendor/importlib_metadata/__init__.py'...
Compiling '/app/.buildozer/android/platform/build-arm64-v8a/build/python-installs/neshrblek/arm64-v8a/setuptools/_vendor/importlib_metadata/_adapters.py'...
Compiling '/app/.buildozer/android/platform/build-arm64-v8a/build/python-installs/neshrblek/arm64-v8a/setuptools/_vendor/importlib_metadata/_collections.py'...
Compiling '/app/.buildozer/android/platform/build-arm64-v8a/build/python-installs/neshrblek/arm64-v8a/setuptools/_vendor/importlib_metadata/_compat.py'...
Compiling '/app/.buildozer/android/platform/build-arm64-v8a/build/python-installs/neshrblek/arm64-v8a/setuptools/_vendor/importlib_metadata/_functools.py'...
Compiling '/app/.buildozer/android/platform/build-arm64-v8a/build/python-installs/neshrblek/arm64-v8a/setuptools/_vendor/importlib_metadata/_itertools.py'...
Compiling '/app/.buildozer/android/platform/build-arm64-v8a/build/python-installs/neshrblek/arm64-v8a/setuptools/_vendor/importlib_metadata/_meta.py'...
Compiling '/app/.buildozer/android/platform/build-arm64-v8a/build/python-installs/neshrblek/arm64-v8a/setuptools/_vendor/importlib_metadata/_text.py'...
Compiling '/app/.buildozer/android/platform/build-arm64-v8a/build/python-installs/neshrblek/arm64-v8a/setuptools/_vendor/importlib_metadata/_typing.py'...
Listing '/app/.buildozer/android/platform/build-arm64-v8a/build/python-installs/neshrblek/arm64-v8a/setuptools/_vendor/importlib_metadata/compat'...
Compiling '/app/.buildozer/android/platform/build-arm64-v8a/build/python-installs/neshrblek/arm64-v8a/setuptools/_vendor/importlib_metadata/compat/__init__.py'...
Compiling '/app/.buildozer/android/platform/build-arm64-v8a/build/python-installs/neshrblek/arm64-v8a/setuptools/_vendor/importlib_metadata/compat/py311.py'...
Compiling '/app/.buildozer/android/platform/build-arm64-v8a/build/python-installs/neshrblek/arm64-v8a/setuptools/_vendor/importlib_metadata/compat/py39.py'...
Compiling '/app/.buildozer/android/platform/build-arm64-v8a/build/python-installs/neshrblek/arm64-v8a/setuptools/_vendor/importlib_metadata/diagnose.py'...
Listing '/app/.buildozer/android/platform/build-arm64-v8a/build/python-installs/neshrblek/arm64-v8a/setuptools/_vendor/importlib_metadata-8.7.1.dist-info'...
Listing '/app/.buildozer/android/platform/build-arm64-v8a/build/python-installs/neshrblek/arm64-v8a/setuptools/_vendor/importlib_metadata-8.7.1.dist-info/licenses'...
Listing '/app/.buildozer/android/platform/build-arm64-v8a/build/python-installs/neshrblek/arm64-v8a/setuptools/_vendor/jaraco'...
Listing '/app/.buildozer/android/platform/build-arm64-v8a/build/python-installs/neshrblek/arm64-v8a/setuptools/_vendor/jaraco/context'...
Compiling '/app/.buildozer/android/platform/build-arm64-v8a/build/python-installs/neshrblek/arm64-v8a/setuptools/_vendor/jaraco/context/__init__.py'...
Listing '/app/.buildozer/android/platform/build-arm64-v8a/build/python-installs/neshrblek/arm64-v8a/setuptools/_vendor/jaraco/functools'...
Compiling '/app/.buildozer/android/platform/build-arm64-v8a/build/python-installs/neshrblek/arm64-v8a/setuptools/_vendor/jaraco/functools/__init__.py'...
Listing '/app/.buildozer/android/platform/build-arm64-v8a/build/python-installs/neshrblek/arm64-v8a/setuptools/_vendor/jaraco/text'...
Compiling '/app/.buildozer/android/platform/build-arm64-v8a/build/python-installs/neshrblek/arm64-v8a/setuptools/_vendor/jaraco/text/__init__.py'...
Compiling '/app/.buildozer/android/platform/build-arm64-v8a/build/python-installs/neshrblek/arm64-v8a/setuptools/_vendor/jaraco/text/layouts.py'...
Compiling '/app/.buildozer/android/platform/build-arm64-v8a/build/python-installs/neshrblek/arm64-v8a/setuptools/_vendor/jaraco/text/show-newlines.py'...
Compiling '/app/.buildozer/android/platform/build-arm64-v8a/build/python-installs/neshrblek/arm64-v8a/setuptools/_vendor/jaraco/text/strip-prefix.py'...
Compiling '/app/.buildozer/android/platform/build-arm64-v8a/build/python-installs/neshrblek/arm64-v8a/setuptools/_vendor/jaraco/text/to-dvorak.py'...
Compiling '/app/.buildozer/android/platform/build-arm64-v8a/build/python-installs/neshrblek/arm64-v8a/setuptools/_vendor/jaraco/text/to-qwerty.py'...
Listing '/app/.buildozer/android/platform/build-arm64-v8a/build/python-installs/neshrblek/arm64-v8a/setuptools/_vendor/jaraco.text-4.0.0.dist-info'...
Listing '/app/.buildozer/android/platform/build-arm64-v8a/build/python-installs/neshrblek/arm64-v8a/setuptools/_vendor/jaraco_context-6.1.0.dist-info'...
Listing '/app/.buildozer/android/platform/build-arm64-v8a/build/python-installs/neshrblek/arm64-v8a/setuptools/_vendor/jaraco_context-6.1.0.dist-info/licenses'...
Listing '/app/.buildozer/android/platform/build-arm64-v8a/build/python-installs/neshrblek/arm64-v8a/setuptools/_vendor/jaraco_functools-4.4.0.dist-info'...
Listing '/app/.buildozer/android/platform/build-arm64-v8a/build/python-installs/neshrblek/arm64-v8a/setuptools/_vendor/jaraco_functools-4.4.0.dist-info/licenses'...
Listing '/app/.buildozer/android/platform/build-arm64-v8a/build/python-installs/neshrblek/arm64-v8a/setuptools/_vendor/more_itertools'...
Compiling '/app/.buildozer/android/platform/build-arm64-v8a/build/python-installs/neshrblek/arm64-v8a/setuptools/_vendor/more_itertools/__init__.py'...
Compiling '/app/.buildozer/android/platform/build-arm64-v8a/build/python-installs/neshrblek/arm64-v8a/setuptools/_vendor/more_itertools/more.py'...
Compiling '/app/.buildozer/android/platform/build-arm64-v8a/build/python-installs/neshrblek/arm64-v8a/setuptools/_vendor/more_itertools/recipes.py'...
Listing '/app/.buildozer/android/platform/build-arm64-v8a/build/python-installs/neshrblek/arm64-v8a/setuptools/_vendor/more_itertools-10.8.0.dist-info'...
Listing '/app/.buildozer/android/platform/build-arm64-v8a/build/python-installs/neshrblek/arm64-v8a/setuptools/_vendor/more_itertools-10.8.0.dist-info/licenses'...
Listing '/app/.buildozer/android/platform/build-arm64-v8a/build/python-installs/neshrblek/arm64-v8a/setuptools/_vendor/packaging'...
Compiling '/app/.buildozer/android/platform/build-arm64-v8a/build/python-installs/neshrblek/arm64-v8a/setuptools/_vendor/packaging/__init__.py'...
Compiling '/app/.buildozer/android/platform/build-arm64-v8a/build/python-installs/neshrblek/arm64-v8a/setuptools/_vendor/packaging/_elffile.py'...
Compiling '/app/.buildozer/android/platform/build-arm64-v8a/build/python-installs/neshrblek/arm64-v8a/setuptools/_vendor/packaging/_manylinux.py'...
Compiling '/app/.buildozer/android/platform/build-arm64-v8a/build/python-installs/neshrblek/arm64-v8a/setuptools/_vendor/packaging/_musllinux.py'...
Compiling '/app/.buildozer/android/platform/build-arm64-v8a/build/python-installs/neshrblek/arm64-v8a/setuptools/_vendor/packaging/_parser.py'...
Compiling '/app/.buildozer/android/platform/build-arm64-v8a/build/python-installs/neshrblek/arm64-v8a/setuptools/_vendor/packaging/_structures.py'...
Compiling '/app/.buildozer/android/platform/build-arm64-v8a/build/python-installs/neshrblek/arm64-v8a/setuptools/_vendor/packaging/_tokenizer.py'...
Listing '/app/.buildozer/android/platform/build-arm64-v8a/build/python-installs/neshrblek/arm64-v8a/setuptools/_vendor/packaging/licenses'...
Compiling '/app/.buildozer/android/platform/build-arm64-v8a/build/python-installs/neshrblek/arm64-v8a/setuptools/_vendor/packaging/licenses/__init__.py'...
Compiling '/app/.buildozer/android/platform/build-arm64-v8a/build/python-installs/neshrblek/arm64-v8a/setuptools/_vendor/packaging/licenses/_spdx.py'...
Compiling '/app/.buildozer/android/platform/build-arm64-v8a/build/python-installs/neshrblek/arm64-v8a/setuptools/_vendor/packaging/markers.py'...
Compiling '/app/.buildozer/android/platform/build-arm64-v8a/build/python-installs/neshrblek/arm64-v8a/setuptools/_vendor/packaging/metadata.py'...
Compiling '/app/.buildozer/android/platform/build-arm64-v8a/build/python-installs/neshrblek/arm64-v8a/setuptools/_vendor/packaging/pylock.py'...
Compiling '/app/.buildozer/android/platform/build-arm64-v8a/build/python-installs/neshrblek/arm64-v8a/setuptools/_vendor/packaging/requirements.py'...
Compiling '/app/.buildozer/android/platform/build-arm64-v8a/build/python-installs/neshrblek/arm64-v8a/setuptools/_vendor/packaging/specifiers.py'...
Compiling '/app/.buildozer/android/platform/build-arm64-v8a/build/python-installs/neshrblek/arm64-v8a/setuptools/_vendor/packaging/tags.py'...
Compiling '/app/.buildozer/android/platform/build-arm64-v8a/build/python-installs/neshrblek/arm64-v8a/setuptools/_vendor/packaging/utils.py'...
Compiling '/app/.buildozer/android/platform/build-arm64-v8a/build/python-installs/neshrblek/arm64-v8a/setuptools/_vendor/packaging/version.py'...
Listing '/app/.buildozer/android/platform/build-arm64-v8a/build/python-installs/neshrblek/arm64-v8a/setuptools/_vendor/packaging-26.0.dist-info'...
Listing '/app/.buildozer/android/platform/build-arm64-v8a/build/python-installs/neshrblek/arm64-v8a/setuptools/_vendor/packaging-26.0.dist-info/licenses'...
Listing '/app/.buildozer/android/platform/build-arm64-v8a/build/python-installs/neshrblek/arm64-v8a/setuptools/_vendor/platformdirs'...
Compiling '/app/.buildozer/android/platform/build-arm64-v8a/build/python-installs/neshrblek/arm64-v8a/setuptools/_vendor/platformdirs/__init__.py'...
Compiling '/app/.buildozer/android/platform/build-arm64-v8a/build/python-installs/neshrblek/arm64-v8a/setuptools/_vendor/platformdirs/__main__.py'...
Compiling '/app/.buildozer/android/platform/build-arm64-v8a/build/python-installs/neshrblek/arm64-v8a/setuptools/_vendor/platformdirs/android.py'...
Compiling '/app/.buildozer/android/platform/build-arm64-v8a/build/python-installs/neshrblek/arm64-v8a/setuptools/_vendor/platformdirs/api.py'...
Compiling '/app/.buildozer/android/platform/build-arm64-v8a/build/python-installs/neshrblek/arm64-v8a/setuptools/_vendor/platformdirs/macos.py'...
Compiling '/app/.buildozer/android/platform/build-arm64-v8a/build/python-installs/neshrblek/arm64-v8a/setuptools/_vendor/platformdirs/unix.py'...
Compiling '/app/.buildozer/android/platform/build-arm64-v8a/build/python-installs/neshrblek/arm64-v8a/setuptools/_vendor/platformdirs/version.py'...
Compiling '/app/.buildozer/android/platform/build-arm64-v8a/build/python-installs/neshrblek/arm64-v8a/setuptools/_vendor/platformdirs/windows.py'...
Listing '/app/.buildozer/android/platform/build-arm64-v8a/build/python-installs/neshrblek/arm64-v8a/setuptools/_vendor/platformdirs-4.4.0.dist-info'...
Listing '/app/.buildozer/android/platform/build-arm64-v8a/build/python-installs/neshrblek/arm64-v8a/setuptools/_vendor/platformdirs-4.4.0.dist-info/licenses'...
Listing '/app/.buildozer/android/platform/build-arm64-v8a/build/python-installs/neshrblek/arm64-v8a/setuptools/_vendor/tomli'...
Compiling '/app/.buildozer/android/platform/build-arm64-v8a/build/python-installs/neshrblek/arm64-v8a/setuptools/_vendor/tomli/__init__.py'...
Compiling '/app/.buildozer/android/platform/build-arm64-v8a/build/python-installs/neshrblek/arm64-v8a/setuptools/_vendor/tomli/_parser.py'...
Compiling '/app/.buildozer/android/platform/build-arm64-v8a/build/python-installs/neshrblek/arm64-v8a/setuptools/_vendor/tomli/_re.py'...
Compiling '/app/.buildozer/android/platform/build-arm64-v8a/build/python-installs/neshrblek/arm64-v8a/setuptools/_vendor/tomli/_types.py'...
Listing '/app/.buildozer/android/platform/build-arm64-v8a/build/python-installs/neshrblek/arm64-v8a/setuptools/_vendor/tomli-2.4.0.dist-info'...
Listing '/app/.buildozer/android/platform/build-arm64-v8a/build/python-installs/neshrblek/arm64-v8a/setuptools/_vendor/tomli-2.4.0.dist-info/licenses'...
Listing '/app/.buildozer/android/platform/build-arm64-v8a/build/python-installs/neshrblek/arm64-v8a/setuptools/_vendor/wheel'...
Compiling '/app/.buildozer/android/platform/build-arm64-v8a/build/python-installs/neshrblek/arm64-v8a/setuptools/_vendor/wheel/__init__.py'...
Compiling '/app/.buildozer/android/platform/build-arm64-v8a/build/python-installs/neshrblek/arm64-v8a/setuptools/_vendor/wheel/__main__.py'...
Compiling '/app/.buildozer/android/platform/build-arm64-v8a/build/python-installs/neshrblek/arm64-v8a/setuptools/_vendor/wheel/_bdist_wheel.py'...
Listing '/app/.buildozer/android/platform/build-arm64-v8a/build/python-installs/neshrblek/arm64-v8a/setuptools/_vendor/wheel/_commands'...
Compiling '/app/.buildozer/android/platform/build-arm64-v8a/build/python-installs/neshrblek/arm64-v8a/setuptools/_vendor/wheel/_commands/__init__.py'...
Compiling '/app/.buildozer/android/platform/build-arm64-v8a/build/python-installs/neshrblek/arm64-v8a/setuptools/_vendor/wheel/_commands/convert.py'...
Compiling '/app/.buildozer/android/platform/build-arm64-v8a/build/python-installs/neshrblek/arm64-v8a/setuptools/_vendor/wheel/_commands/pack.py'...
Compiling '/app/.buildozer/android/platform/build-arm64-v8a/build/python-installs/neshrblek/arm64-v8a/setuptools/_vendor/wheel/_commands/tags.py'...
Compiling '/app/.buildozer/android/platform/build-arm64-v8a/build/python-installs/neshrblek/arm64-v8a/setuptools/_vendor/wheel/_commands/unpack.py'...
Compiling '/app/.buildozer/android/platform/build-arm64-v8a/build/python-installs/neshrblek/arm64-v8a/setuptools/_vendor/wheel/_metadata.py'...
Compiling '/app/.buildozer/android/platform/build-arm64-v8a/build/python-installs/neshrblek/arm64-v8a/setuptools/_vendor/wheel/_setuptools_logging.py'...
Compiling '/app/.buildozer/android/platform/build-arm64-v8a/build/python-installs/neshrblek/arm64-v8a/setuptools/_vendor/wheel/bdist_wheel.py'...
Compiling '/app/.buildozer/android/platform/build-arm64-v8a/build/python-installs/neshrblek/arm64-v8a/setuptools/_vendor/wheel/macosx_libfile.py'...
Compiling '/app/.buildozer/android/platform/build-arm64-v8a/build/python-installs/neshrblek/arm64-v8a/setuptools/_vendor/wheel/metadata.py'...
Compiling '/app/.buildozer/android/platform/build-arm64-v8a/build/python-installs/neshrblek/arm64-v8a/setuptools/_vendor/wheel/wheelfile.py'...
Listing '/app/.buildozer/android/platform/build-arm64-v8a/build/python-installs/neshrblek/arm64-v8a/setuptools/_vendor/wheel-0.46.3.dist-info'...
Listing '/app/.buildozer/android/platform/build-arm64-v8a/build/python-installs/neshrblek/arm64-v8a/setuptools/_vendor/wheel-0.46.3.dist-info/licenses'...
Listing '/app/.buildozer/android/platform/build-arm64-v8a/build/python-installs/neshrblek/arm64-v8a/setuptools/_vendor/zipp'...
Compiling '/app/.buildozer/android/platform/build-arm64-v8a/build/python-installs/neshrblek/arm64-v8a/setuptools/_vendor/zipp/__init__.py'...
Compiling '/app/.buildozer/android/platform/build-arm64-v8a/build/python-installs/neshrblek/arm64-v8a/setuptools/_vendor/zipp/_functools.py'...
Listing '/app/.buildozer/android/platform/build-arm64-v8a/build/python-installs/neshrblek/arm64-v8a/setuptools/_vendor/zipp/compat'...
Compiling '/app/.buildozer/android/platform/build-arm64-v8a/build/python-installs/neshrblek/arm64-v8a/setuptools/_vendor/zipp/compat/__init__.py'...
Compiling '/app/.buildozer/android/platform/build-arm64-v8a/build/python-installs/neshrblek/arm64-v8a/setuptools/_vendor/zipp/compat/overlay.py'...
Compiling '/app/.buildozer/android/platform/build-arm64-v8a/build/python-installs/neshrblek/arm64-v8a/setuptools/_vendor/zipp/compat/py310.py'...
Compiling '/app/.buildozer/android/platform/build-arm64-v8a/build/python-installs/neshrblek/arm64-v8a/setuptools/_vendor/zipp/compat/py313.py'...
Compiling '/app/.buildozer/android/platform/build-arm64-v8a/build/python-installs/neshrblek/arm64-v8a/setuptools/_vendor/zipp/glob.py'...
Listing '/app/.buildozer/android/platform/build-arm64-v8a/build/python-installs/neshrblek/arm64-v8a/setuptools/_vendor/zipp-3.23.0.dist-info'...
Listing '/app/.buildozer/android/platform/build-arm64-v8a/build/python-installs/neshrblek/arm64-v8a/setuptools/_vendor/zipp-3.23.0.dist-info/licenses'...
Compiling '/app/.buildozer/android/platform/build-arm64-v8a/build/python-installs/neshrblek/arm64-v8a/setuptools/archive_util.py'...
Compiling '/app/.buildozer/android/platform/build-arm64-v8a/build/python-installs/neshrblek/arm64-v8a/setuptools/build_meta.py'...
Listing '/app/.buildozer/android/platform/build-arm64-v8a/build/python-installs/neshrblek/arm64-v8a/setuptools/command'...
Compiling '/app/.buildozer/android/platform/build-arm64-v8a/build/python-installs/neshrblek/arm64-v8a/setuptools/command/__init__.py'...
Compiling '/app/.buildozer/android/platform/build-arm64-v8a/build/python-installs/neshrblek/arm64-v8a/setuptools/command/_requirestxt.py'...
Compiling '/app/.buildozer/android/platform/build-arm64-v8a/build/python-installs/neshrblek/arm64-v8a/setuptools/command/alias.py'...
Compiling '/app/.buildozer/android/platform/build-arm64-v8a/build/python-installs/neshrblek/arm64-v8a/setuptools/command/bdist_egg.py'...
Compiling '/app/.buildozer/android/platform/build-arm64-v8a/build/python-installs/neshrblek/arm64-v8a/setuptools/command/bdist_rpm.py'...
Compiling '/app/.buildozer/android/platform/build-arm64-v8a/build/python-installs/neshrblek/arm64-v8a/setuptools/command/bdist_wheel.py'...
Compiling '/app/.buildozer/android/platform/build-arm64-v8a/build/python-installs/neshrblek/arm64-v8a/setuptools/command/build.py'...
Compiling '/app/.buildozer/android/platform/build-arm64-v8a/build/python-installs/neshrblek/arm64-v8a/setuptools/command/build_clib.py'...
Compiling '/app/.buildozer/android/platform/build-arm64-v8a/build/python-installs/neshrblek/arm64-v8a/setuptools/command/build_ext.py'...
Compiling '/app/.buildozer/android/platform/build-arm64-v8a/build/python-installs/neshrblek/arm64-v8a/setuptools/command/build_py.py'...
Compiling '/app/.buildozer/android/platform/build-arm64-v8a/build/python-installs/neshrblek/arm64-v8a/setuptools/command/develop.py'...
Compiling '/app/.buildozer/android/platform/build-arm64-v8a/build/python-installs/neshrblek/arm64-v8a/setuptools/command/dist_info.py'...
Compiling '/app/.buildozer/android/platform/build-arm64-v8a/build/python-installs/neshrblek/arm64-v8a/setuptools/command/easy_install.py'...
Compiling '/app/.buildozer/android/platform/build-arm64-v8a/build/python-installs/neshrblek/arm64-v8a/setuptools/command/editable_wheel.py'...
Compiling '/app/.buildozer/android/platform/build-arm64-v8a/build/python-installs/neshrblek/arm64-v8a/setuptools/command/egg_info.py'...
Compiling '/app/.buildozer/android/platform/build-arm64-v8a/build/python-installs/neshrblek/arm64-v8a/setuptools/command/install.py'...
Compiling '/app/.buildozer/android/platform/build-arm64-v8a/build/python-installs/neshrblek/arm64-v8a/setuptools/command/install_egg_info.py'...
Compiling '/app/.buildozer/android/platform/build-arm64-v8a/build/python-installs/neshrblek/arm64-v8a/setuptools/command/install_lib.py'...
Compiling '/app/.buildozer/android/platform/build-arm64-v8a/build/python-installs/neshrblek/arm64-v8a/setuptools/command/install_scripts.py'...
Compiling '/app/.buildozer/android/platform/build-arm64-v8a/build/python-installs/neshrblek/arm64-v8a/setuptools/command/rotate.py'...
Compiling '/app/.buildozer/android/platform/build-arm64-v8a/build/python-installs/neshrblek/arm64-v8a/setuptools/command/saveopts.py'...
Compiling '/app/.buildozer/android/platform/build-arm64-v8a/build/python-installs/neshrblek/arm64-v8a/setuptools/command/sdist.py'...
Compiling '/app/.buildozer/android/platform/build-arm64-v8a/build/python-installs/neshrblek/arm64-v8a/setuptools/command/setopt.py'...
Compiling '/app/.buildozer/android/platform/build-arm64-v8a/build/python-installs/neshrblek/arm64-v8a/setuptools/command/test.py'...
Listing '/app/.buildozer/android/platform/build-arm64-v8a/build/python-installs/neshrblek/arm64-v8a/setuptools/compat'...
Compiling '/app/.buildozer/android/platform/build-arm64-v8a/build/python-installs/neshrblek/arm64-v8a/setuptools/compat/__init__.py'...
Compiling '/app/.buildozer/android/platform/build-arm64-v8a/build/python-installs/neshrblek/arm64-v8a/setuptools/compat/py310.py'...
Compiling '/app/.buildozer/android/platform/build-arm64-v8a/build/python-installs/neshrblek/arm64-v8a/setuptools/compat/py311.py'...
Compiling '/app/.buildozer/android/platform/build-arm64-v8a/build/python-installs/neshrblek/arm64-v8a/setuptools/compat/py312.py'...
Compiling '/app/.buildozer/android/platform/build-arm64-v8a/build/python-installs/neshrblek/arm64-v8a/setuptools/compat/py39.py'...
Listing '/app/.buildozer/android/platform/build-arm64-v8a/build/python-installs/neshrblek/arm64-v8a/setuptools/config'...
Compiling '/app/.buildozer/android/platform/build-arm64-v8a/build/python-installs/neshrblek/arm64-v8a/setuptools/config/__init__.py'...
Compiling '/app/.buildozer/android/platform/build-arm64-v8a/build/python-installs/neshrblek/arm64-v8a/setuptools/config/_apply_pyprojecttoml.py'...
Listing '/app/.buildozer/android/platform/build-arm64-v8a/build/python-installs/neshrblek/arm64-v8a/setuptools/config/_validate_pyproject'...
Compiling '/app/.buildozer/android/platform/build-arm64-v8a/build/python-installs/neshrblek/arm64-v8a/setuptools/config/_validate_pyproject/__init__.py'...
Compiling '/app/.buildozer/android/platform/build-arm64-v8a/build/python-installs/neshrblek/arm64-v8a/setuptools/config/_validate_pyproject/error_reporting.py'...
Compiling '/app/.buildozer/android/platform/build-arm64-v8a/build/python-installs/neshrblek/arm64-v8a/setuptools/config/_validate_pyproject/extra_validations.py'...
Compiling '/app/.buildozer/android/platform/build-arm64-v8a/build/python-installs/neshrblek/arm64-v8a/setuptools/config/_validate_pyproject/fastjsonschema_exceptions.py'...
Compiling '/app/.buildozer/android/platform/build-arm64-v8a/build/python-installs/neshrblek/arm64-v8a/setuptools/config/_validate_pyproject/fastjsonschema_validations.py'...
Compiling '/app/.buildozer/android/platform/build-arm64-v8a/build/python-installs/neshrblek/arm64-v8a/setuptools/config/_validate_pyproject/formats.py'...
Compiling '/app/.buildozer/android/platform/build-arm64-v8a/build/python-installs/neshrblek/arm64-v8a/setuptools/config/expand.py'...
Compiling '/app/.buildozer/android/platform/build-arm64-v8a/build/python-installs/neshrblek/arm64-v8a/setuptools/config/pyprojecttoml.py'...
Compiling '/app/.buildozer/android/platform/build-arm64-v8a/build/python-installs/neshrblek/arm64-v8a/setuptools/config/setupcfg.py'...
Compiling '/app/.buildozer/android/platform/build-arm64-v8a/build/python-installs/neshrblek/arm64-v8a/setuptools/depends.py'...
Compiling '/app/.buildozer/android/platform/build-arm64-v8a/build/python-installs/neshrblek/arm64-v8a/setuptools/discovery.py'...
Compiling '/app/.buildozer/android/platform/build-arm64-v8a/build/python-installs/neshrblek/arm64-v8a/setuptools/dist.py'...
Compiling '/app/.buildozer/android/platform/build-arm64-v8a/build/python-installs/neshrblek/arm64-v8a/setuptools/errors.py'...
Compiling '/app/.buildozer/android/platform/build-arm64-v8a/build/python-installs/neshrblek/arm64-v8a/setuptools/extension.py'...
Compiling '/app/.buildozer/android/platform/build-arm64-v8a/build/python-installs/neshrblek/arm64-v8a/setuptools/glob.py'...
Compiling '/app/.buildozer/android/platform/build-arm64-v8a/build/python-installs/neshrblek/arm64-v8a/setuptools/installer.py'...
Compiling '/app/.buildozer/android/platform/build-arm64-v8a/build/python-installs/neshrblek/arm64-v8a/setuptools/launch.py'...
Compiling '/app/.buildozer/android/platform/build-arm64-v8a/build/python-installs/neshrblek/arm64-v8a/setuptools/logging.py'...
Compiling '/app/.buildozer/android/platform/build-arm64-v8a/build/python-installs/neshrblek/arm64-v8a/setuptools/modified.py'...
Compiling '/app/.buildozer/android/platform/build-arm64-v8a/build/python-installs/neshrblek/arm64-v8a/setuptools/monkey.py'...
Compiling '/app/.buildozer/android/platform/build-arm64-v8a/build/python-installs/neshrblek/arm64-v8a/setuptools/msvc.py'...
Compiling '/app/.buildozer/android/platform/build-arm64-v8a/build/python-installs/neshrblek/arm64-v8a/setuptools/namespaces.py'...
Listing '/app/.buildozer/android/platform/build-arm64-v8a/build/python-installs/neshrblek/arm64-v8a/setuptools/tests'...
Compiling '/app/.buildozer/android/platform/build-arm64-v8a/build/python-installs/neshrblek/arm64-v8a/setuptools/tests/__init__.py'...
Listing '/app/.buildozer/android/platform/build-arm64-v8a/build/python-installs/neshrblek/arm64-v8a/setuptools/tests/compat'...
Compiling '/app/.buildozer/android/platform/build-arm64-v8a/build/python-installs/neshrblek/arm64-v8a/setuptools/tests/compat/__init__.py'...
Compiling '/app/.buildozer/android/platform/build-arm64-v8a/build/python-installs/neshrblek/arm64-v8a/setuptools/tests/compat/py39.py'...
Listing '/app/.buildozer/android/platform/build-arm64-v8a/build/python-installs/neshrblek/arm64-v8a/setuptools/tests/config'...
Compiling '/app/.buildozer/android/platform/build-arm64-v8a/build/python-installs/neshrblek/arm64-v8a/setuptools/tests/config/__init__.py'...
Listing '/app/.buildozer/android/platform/build-arm64-v8a/build/python-installs/neshrblek/arm64-v8a/setuptools/tests/config/downloads'...
Compiling '/app/.buildozer/android/platform/build-arm64-v8a/build/python-installs/neshrblek/arm64-v8a/setuptools/tests/config/downloads/__init__.py'...
Compiling '/app/.buildozer/android/platform/build-arm64-v8a/build/python-installs/neshrblek/arm64-v8a/setuptools/tests/config/downloads/preload.py'...
Compiling '/app/.buildozer/android/platform/build-arm64-v8a/build/python-installs/neshrblek/arm64-v8a/setuptools/tests/config/test_apply_pyprojecttoml.py'...
Compiling '/app/.buildozer/android/platform/build-arm64-v8a/build/python-installs/neshrblek/arm64-v8a/setuptools/tests/config/test_expand.py'...
Compiling '/app/.buildozer/android/platform/build-arm64-v8a/build/python-installs/neshrblek/arm64-v8a/setuptools/tests/config/test_pyprojecttoml.py'...
Compiling '/app/.buildozer/android/platform/build-arm64-v8a/build/python-installs/neshrblek/arm64-v8a/setuptools/tests/config/test_pyprojecttoml_dynamic_deps.py'...
Compiling '/app/.buildozer/android/platform/build-arm64-v8a/build/python-installs/neshrblek/arm64-v8a/setuptools/tests/config/test_setupcfg.py'...
Compiling '/app/.buildozer/android/platform/build-arm64-v8a/build/python-installs/neshrblek/arm64-v8a/setuptools/tests/contexts.py'...
Compiling '/app/.buildozer/android/platform/build-arm64-v8a/build/python-installs/neshrblek/arm64-v8a/setuptools/tests/environment.py'...
Compiling '/app/.buildozer/android/platform/build-arm64-v8a/build/python-installs/neshrblek/arm64-v8a/setuptools/tests/fixtures.py'...
Listing '/app/.buildozer/android/platform/build-arm64-v8a/build/python-installs/neshrblek/arm64-v8a/setuptools/tests/indexes'...
Listing '/app/.buildozer/android/platform/build-arm64-v8a/build/python-installs/neshrblek/arm64-v8a/setuptools/tests/indexes/test_links_priority'...
Listing '/app/.buildozer/android/platform/build-arm64-v8a/build/python-installs/neshrblek/arm64-v8a/setuptools/tests/indexes/test_links_priority/simple'...
Listing '/app/.buildozer/android/platform/build-arm64-v8a/build/python-installs/neshrblek/arm64-v8a/setuptools/tests/indexes/test_links_priority/simple/foobar'...
Listing '/app/.buildozer/android/platform/build-arm64-v8a/build/python-installs/neshrblek/arm64-v8a/setuptools/tests/integration'...
Compiling '/app/.buildozer/android/platform/build-arm64-v8a/build/python-installs/neshrblek/arm64-v8a/setuptools/tests/integration/__init__.py'...
Compiling '/app/.buildozer/android/platform/build-arm64-v8a/build/python-installs/neshrblek/arm64-v8a/setuptools/tests/integration/helpers.py'...
Compiling '/app/.buildozer/android/platform/build-arm64-v8a/build/python-installs/neshrblek/arm64-v8a/setuptools/tests/integration/test_pbr.py'...
Compiling '/app/.buildozer/android/platform/build-arm64-v8a/build/python-installs/neshrblek/arm64-v8a/setuptools/tests/integration/test_pip_install_sdist.py'...
Compiling '/app/.buildozer/android/platform/build-arm64-v8a/build/python-installs/neshrblek/arm64-v8a/setuptools/tests/mod_with_constant.py'...
Compiling '/app/.buildozer/android/platform/build-arm64-v8a/build/python-installs/neshrblek/arm64-v8a/setuptools/tests/namespaces.py'...
Compiling '/app/.buildozer/android/platform/build-arm64-v8a/build/python-installs/neshrblek/arm64-v8a/setuptools/tests/script-with-bom.py'...
Compiling '/app/.buildozer/android/platform/build-arm64-v8a/build/python-installs/neshrblek/arm64-v8a/setuptools/tests/test_archive_util.py'...
Compiling '/app/.buildozer/android/platform/build-arm64-v8a/build/python-installs/neshrblek/arm64-v8a/setuptools/tests/test_bdist_deprecations.py'...
Compiling '/app/.buildozer/android/platform/build-arm64-v8a/build/python-installs/neshrblek/arm64-v8a/setuptools/tests/test_bdist_egg.py'...
Compiling '/app/.buildozer/android/platform/build-arm64-v8a/build/python-installs/neshrblek/arm64-v8a/setuptools/tests/test_bdist_wheel.py'...
Compiling '/app/.buildozer/android/platform/build-arm64-v8a/build/python-installs/neshrblek/arm64-v8a/setuptools/tests/test_build.py'...
Compiling '/app/.buildozer/android/platform/build-arm64-v8a/build/python-installs/neshrblek/arm64-v8a/setuptools/tests/test_build_clib.py'...
Compiling '/app/.buildozer/android/platform/build-arm64-v8a/build/python-installs/neshrblek/arm64-v8a/setuptools/tests/test_build_ext.py'...
Compiling '/app/.buildozer/android/platform/build-arm64-v8a/build/python-installs/neshrblek/arm64-v8a/setuptools/tests/test_build_meta.py'...
Compiling '/app/.buildozer/android/platform/build-arm64-v8a/build/python-installs/neshrblek/arm64-v8a/setuptools/tests/test_build_py.py'...
Compiling '/app/.buildozer/android/platform/build-arm64-v8a/build/python-installs/neshrblek/arm64-v8a/setuptools/tests/test_config_discovery.py'...
Compiling '/app/.buildozer/android/platform/build-arm64-v8a/build/python-installs/neshrblek/arm64-v8a/setuptools/tests/test_core_metadata.py'...
Compiling '/app/.buildozer/android/platform/build-arm64-v8a/build/python-installs/neshrblek/arm64-v8a/setuptools/tests/test_depends.py'...
Compiling '/app/.buildozer/android/platform/build-arm64-v8a/build/python-installs/neshrblek/arm64-v8a/setuptools/tests/test_develop.py'...
Compiling '/app/.buildozer/android/platform/build-arm64-v8a/build/python-installs/neshrblek/arm64-v8a/setuptools/tests/test_dist.py'...
Compiling '/app/.buildozer/android/platform/build-arm64-v8a/build/python-installs/neshrblek/arm64-v8a/setuptools/tests/test_dist_info.py'...
Compiling '/app/.buildozer/android/platform/build-arm64-v8a/build/python-installs/neshrblek/arm64-v8a/setuptools/tests/test_distutils_adoption.py'...
Compiling '/app/.buildozer/android/platform/build-arm64-v8a/build/python-installs/neshrblek/arm64-v8a/setuptools/tests/test_editable_install.py'...
Compiling '/app/.buildozer/android/platform/build-arm64-v8a/build/python-installs/neshrblek/arm64-v8a/setuptools/tests/test_egg_info.py'...
Compiling '/app/.buildozer/android/platform/build-arm64-v8a/build/python-installs/neshrblek/arm64-v8a/setuptools/tests/test_extern.py'...
Compiling '/app/.buildozer/android/platform/build-arm64-v8a/build/python-installs/neshrblek/arm64-v8a/setuptools/tests/test_find_packages.py'...
Compiling '/app/.buildozer/android/platform/build-arm64-v8a/build/python-installs/neshrblek/arm64-v8a/setuptools/tests/test_find_py_modules.py'...
Compiling '/app/.buildozer/android/platform/build-arm64-v8a/build/python-installs/neshrblek/arm64-v8a/setuptools/tests/test_glob.py'...
Compiling '/app/.buildozer/android/platform/build-arm64-v8a/build/python-installs/neshrblek/arm64-v8a/setuptools/tests/test_install_scripts.py'...
Compiling '/app/.buildozer/android/platform/build-arm64-v8a/build/python-installs/neshrblek/arm64-v8a/setuptools/tests/test_logging.py'...
Compiling '/app/.buildozer/android/platform/build-arm64-v8a/build/python-installs/neshrblek/arm64-v8a/setuptools/tests/test_manifest.py'...
Compiling '/app/.buildozer/android/platform/build-arm64-v8a/build/python-installs/neshrblek/arm64-v8a/setuptools/tests/test_namespaces.py'...
Compiling '/app/.buildozer/android/platform/build-arm64-v8a/build/python-installs/neshrblek/arm64-v8a/setuptools/tests/test_scripts.py'...
Compiling '/app/.buildozer/android/platform/build-arm64-v8a/build/python-installs/neshrblek/arm64-v8a/setuptools/tests/test_sdist.py'...
Compiling '/app/.buildozer/android/platform/build-arm64-v8a/build/python-installs/neshrblek/arm64-v8a/setuptools/tests/test_setopt.py'...
Compiling '/app/.buildozer/android/platform/build-arm64-v8a/build/python-installs/neshrblek/arm64-v8a/setuptools/tests/test_setuptools.py'...
Compiling '/app/.buildozer/android/platform/build-arm64-v8a/build/python-installs/neshrblek/arm64-v8a/setuptools/tests/test_shutil_wrapper.py'...
Compiling '/app/.buildozer/android/platform/build-arm64-v8a/build/python-installs/neshrblek/arm64-v8a/setuptools/tests/test_unicode_utils.py'...
Compiling '/app/.buildozer/android/platform/build-arm64-v8a/build/python-installs/neshrblek/arm64-v8a/setuptools/tests/test_virtualenv.py'...
Compiling '/app/.buildozer/android/platform/build-arm64-v8a/build/python-installs/neshrblek/arm64-v8a/setuptools/tests/test_warnings.py'...
Compiling '/app/.buildozer/android/platform/build-arm64-v8a/build/python-installs/neshrblek/arm64-v8a/setuptools/tests/test_wheel.py'...
Compiling '/app/.buildozer/android/platform/build-arm64-v8a/build/python-installs/neshrblek/arm64-v8a/setuptools/tests/test_windows_wrappers.py'...
Compiling '/app/.buildozer/android/platform/build-arm64-v8a/build/python-installs/neshrblek/arm64-v8a/setuptools/tests/text.py'...
Compiling '/app/.buildozer/android/platform/build-arm64-v8a/build/python-installs/neshrblek/arm64-v8a/setuptools/tests/textwrap.py'...
Compiling '/app/.buildozer/android/platform/build-arm64-v8a/build/python-installs/neshrblek/arm64-v8a/setuptools/unicode_utils.py'...
Compiling '/app/.buildozer/android/platform/build-arm64-v8a/build/python-installs/neshrblek/arm64-v8a/setuptools/version.py'...
Compiling '/app/.buildozer/android/platform/build-arm64-v8a/build/python-installs/neshrblek/arm64-v8a/setuptools/warnings.py'...
Compiling '/app/.buildozer/android/platform/build-arm64-v8a/build/python-installs/neshrblek/arm64-v8a/setuptools/wheel.py'...
Compiling '/app/.buildozer/android/platform/build-arm64-v8a/build/python-installs/neshrblek/arm64-v8a/setuptools/windows_support.py'...
Listing '/app/.buildozer/android/platform/build-arm64-v8a/build/python-installs/neshrblek/arm64-v8a/setuptools-82.0.1.dist-info'...
Listing '/app/.buildozer/android/platform/build-arm64-v8a/build/python-installs/neshrblek/arm64-v8a/setuptools-82.0.1.dist-info/licenses'...
Listing '/app/.buildozer/android/platform/build-arm64-v8a/build/python-installs/neshrblek/arm64-v8a/share'...
Listing '/app/.buildozer/android/platform/build-arm64-v8a/build/python-installs/neshrblek/arm64-v8a/share/doc'...
Listing '/app/.buildozer/android/platform/build-arm64-v8a/build/python-installs/neshrblek/arm64-v8a/share/doc/jwcrypto'...
Listing '/app/.buildozer/android/platform/build-arm64-v8a/build/python-installs/neshrblek/arm64-v8a/six-1.17.0.dist-info'...
Compiling '/app/.buildozer/android/platform/build-arm64-v8a/build/python-installs/neshrblek/arm64-v8a/six.py'...
Listing '/app/.buildozer/android/platform/build-arm64-v8a/build/python-installs/neshrblek/arm64-v8a/tests'...
Compiling '/app/.buildozer/android/platform/build-arm64-v8a/build/python-installs/neshrblek/arm64-v8a/tests/__init__.py'...
Listing '/app/.buildozer/android/platform/build-arm64-v8a/build/python-installs/neshrblek/arm64-v8a/tests/bench'...
Compiling '/app/.buildozer/android/platform/build-arm64-v8a/build/python-installs/neshrblek/arm64-v8a/tests/bench/__init__.py'...
Compiling '/app/.buildozer/android/platform/build-arm64-v8a/build/python-installs/neshrblek/arm64-v8a/tests/bench/test_aead.py'...
Compiling '/app/.buildozer/android/platform/build-arm64-v8a/build/python-installs/neshrblek/arm64-v8a/tests/bench/test_ec_load.py'...
Compiling '/app/.buildozer/android/platform/build-arm64-v8a/build/python-installs/neshrblek/arm64-v8a/tests/bench/test_fernet.py'...
Compiling '/app/.buildozer/android/platform/build-arm64-v8a/build/python-installs/neshrblek/arm64-v8a/tests/bench/test_hashes.py'...
Compiling '/app/.buildozer/android/platform/build-arm64-v8a/build/python-installs/neshrblek/arm64-v8a/tests/bench/test_hkdf.py'...
Compiling '/app/.buildozer/android/platform/build-arm64-v8a/build/python-installs/neshrblek/arm64-v8a/tests/bench/test_hmac.py'...
Compiling '/app/.buildozer/android/platform/build-arm64-v8a/build/python-installs/neshrblek/arm64-v8a/tests/bench/test_x509.py'...
Compiling '/app/.buildozer/android/platform/build-arm64-v8a/build/python-installs/neshrblek/arm64-v8a/tests/conftest.py'...
Compiling '/app/.buildozer/android/platform/build-arm64-v8a/build/python-installs/neshrblek/arm64-v8a/tests/deprecated_module.py'...
Compiling '/app/.buildozer/android/platform/build-arm64-v8a/build/python-installs/neshrblek/arm64-v8a/tests/doubles.py'...
Listing '/app/.buildozer/android/platform/build-arm64-v8a/build/python-installs/neshrblek/arm64-v8a/tests/hazmat'...
Compiling '/app/.buildozer/android/platform/build-arm64-v8a/build/python-installs/neshrblek/arm64-v8a/tests/hazmat/__init__.py'...
Listing '/app/.buildozer/android/platform/build-arm64-v8a/build/python-installs/neshrblek/arm64-v8a/tests/hazmat/asn1'...
Compiling '/app/.buildozer/android/platform/build-arm64-v8a/build/python-installs/neshrblek/arm64-v8a/tests/hazmat/asn1/test_api.py'...
Compiling '/app/.buildozer/android/platform/build-arm64-v8a/build/python-installs/neshrblek/arm64-v8a/tests/hazmat/asn1/test_encoding.py'...
Listing '/app/.buildozer/android/platform/build-arm64-v8a/build/python-installs/neshrblek/arm64-v8a/tests/hazmat/backends'...
Compiling '/app/.buildozer/android/platform/build-arm64-v8a/build/python-installs/neshrblek/arm64-v8a/tests/hazmat/backends/__init__.py'...
Compiling '/app/.buildozer/android/platform/build-arm64-v8a/build/python-installs/neshrblek/arm64-v8a/tests/hazmat/backends/test_openssl.py'...
Listing '/app/.buildozer/android/platform/build-arm64-v8a/build/python-installs/neshrblek/arm64-v8a/tests/hazmat/bindings'...
Compiling '/app/.buildozer/android/platform/build-arm64-v8a/build/python-installs/neshrblek/arm64-v8a/tests/hazmat/bindings/test_openssl.py'...
Listing '/app/.buildozer/android/platform/build-arm64-v8a/build/python-installs/neshrblek/arm64-v8a/tests/hazmat/primitives'...
Compiling '/app/.buildozer/android/platform/build-arm64-v8a/build/python-installs/neshrblek/arm64-v8a/tests/hazmat/primitives/__init__.py'...
Listing '/app/.buildozer/android/platform/build-arm64-v8a/build/python-installs/neshrblek/arm64-v8a/tests/hazmat/primitives/decrepit'...
Compiling '/app/.buildozer/android/platform/build-arm64-v8a/build/python-installs/neshrblek/arm64-v8a/tests/hazmat/primitives/decrepit/__init__.py'...
Compiling '/app/.buildozer/android/platform/build-arm64-v8a/build/python-installs/neshrblek/arm64-v8a/tests/hazmat/primitives/decrepit/test_3des.py'...
Compiling '/app/.buildozer/android/platform/build-arm64-v8a/build/python-installs/neshrblek/arm64-v8a/tests/hazmat/primitives/decrepit/test_algorithms.py'...
Compiling '/app/.buildozer/android/platform/build-arm64-v8a/build/python-installs/neshrblek/arm64-v8a/tests/hazmat/primitives/decrepit/test_arc4.py'...
Compiling '/app/.buildozer/android/platform/build-arm64-v8a/build/python-installs/neshrblek/arm64-v8a/tests/hazmat/primitives/decrepit/test_rc2.py'...
Compiling '/app/.buildozer/android/platform/build-arm64-v8a/build/python-installs/neshrblek/arm64-v8a/tests/hazmat/primitives/fixtures_dh.py'...
Compiling '/app/.buildozer/android/platform/build-arm64-v8a/build/python-installs/neshrblek/arm64-v8a/tests/hazmat/primitives/fixtures_dsa.py'...
Compiling '/app/.buildozer/android/platform/build-arm64-v8a/build/python-installs/neshrblek/arm64-v8a/tests/hazmat/primitives/fixtures_ec.py'...
Compiling '/app/.buildozer/android/platform/build-arm64-v8a/build/python-installs/neshrblek/arm64-v8a/tests/hazmat/primitives/fixtures_rsa.py'...
Compiling '/app/.buildozer/android/platform/build-arm64-v8a/build/python-installs/neshrblek/arm64-v8a/tests/hazmat/primitives/test_aead.py'...
Compiling '/app/.buildozer/android/platform/build-arm64-v8a/build/python-installs/neshrblek/arm64-v8a/tests/hazmat/primitives/test_aes.py'...
Compiling '/app/.buildozer/android/platform/build-arm64-v8a/build/python-installs/neshrblek/arm64-v8a/tests/hazmat/primitives/test_aes_gcm.py'...
Compiling '/app/.buildozer/android/platform/build-arm64-v8a/build/python-installs/neshrblek/arm64-v8a/tests/hazmat/primitives/test_argon2.py'...
Compiling '/app/.buildozer/android/platform/build-arm64-v8a/build/python-installs/neshrblek/arm64-v8a/tests/hazmat/primitives/test_asym_utils.py'...
Compiling '/app/.buildozer/android/platform/build-arm64-v8a/build/python-installs/neshrblek/arm64-v8a/tests/hazmat/primitives/test_block.py'...
Compiling '/app/.buildozer/android/platform/build-arm64-v8a/build/python-installs/neshrblek/arm64-v8a/tests/hazmat/primitives/test_camellia.py'...
Compiling '/app/.buildozer/android/platform/build-arm64-v8a/build/python-installs/neshrblek/arm64-v8a/tests/hazmat/primitives/test_chacha20.py'...
Compiling '/app/.buildozer/android/platform/build-arm64-v8a/build/python-installs/neshrblek/arm64-v8a/tests/hazmat/primitives/test_ciphers.py'...
Compiling '/app/.buildozer/android/platform/build-arm64-v8a/build/python-installs/neshrblek/arm64-v8a/tests/hazmat/primitives/test_cmac.py'...
Compiling '/app/.buildozer/android/platform/build-arm64-v8a/build/python-installs/neshrblek/arm64-v8a/tests/hazmat/primitives/test_concatkdf.py'...
Compiling '/app/.buildozer/android/platform/build-arm64-v8a/build/python-installs/neshrblek/arm64-v8a/tests/hazmat/primitives/test_constant_time.py'...
Compiling '/app/.buildozer/android/platform/build-arm64-v8a/build/python-installs/neshrblek/arm64-v8a/tests/hazmat/primitives/test_dh.py'...
Compiling '/app/.buildozer/android/platform/build-arm64-v8a/build/python-installs/neshrblek/arm64-v8a/tests/hazmat/primitives/test_dsa.py'...
Compiling '/app/.buildozer/android/platform/build-arm64-v8a/build/python-installs/neshrblek/arm64-v8a/tests/hazmat/primitives/test_ec.py'...
Compiling '/app/.buildozer/android/platform/build-arm64-v8a/build/python-installs/neshrblek/arm64-v8a/tests/hazmat/primitives/test_ed25519.py'...
Compiling '/app/.buildozer/android/platform/build-arm64-v8a/build/python-installs/neshrblek/arm64-v8a/tests/hazmat/primitives/test_ed448.py'...
Compiling '/app/.buildozer/android/platform/build-arm64-v8a/build/python-installs/neshrblek/arm64-v8a/tests/hazmat/primitives/test_hash_vectors.py'...
Compiling '/app/.buildozer/android/platform/build-arm64-v8a/build/python-installs/neshrblek/arm64-v8a/tests/hazmat/primitives/test_hashes.py'...
Compiling '/app/.buildozer/android/platform/build-arm64-v8a/build/python-installs/neshrblek/arm64-v8a/tests/hazmat/primitives/test_hkdf.py'...
Compiling '/app/.buildozer/android/platform/build-arm64-v8a/build/python-installs/neshrblek/arm64-v8a/tests/hazmat/primitives/test_hkdf_vectors.py'...
Compiling '/app/.buildozer/android/platform/build-arm64-v8a/build/python-installs/neshrblek/arm64-v8a/tests/hazmat/primitives/test_hmac.py'...
Compiling '/app/.buildozer/android/platform/build-arm64-v8a/build/python-installs/neshrblek/arm64-v8a/tests/hazmat/primitives/test_hmac_vectors.py'...
Compiling '/app/.buildozer/android/platform/build-arm64-v8a/build/python-installs/neshrblek/arm64-v8a/tests/hazmat/primitives/test_kbkdf.py'...
Compiling '/app/.buildozer/android/platform/build-arm64-v8a/build/python-installs/neshrblek/arm64-v8a/tests/hazmat/primitives/test_kbkdf_vectors.py'...
Compiling '/app/.buildozer/android/platform/build-arm64-v8a/build/python-installs/neshrblek/arm64-v8a/tests/hazmat/primitives/test_keywrap.py'...
Compiling '/app/.buildozer/android/platform/build-arm64-v8a/build/python-installs/neshrblek/arm64-v8a/tests/hazmat/primitives/test_padding.py'...
Compiling '/app/.buildozer/android/platform/build-arm64-v8a/build/python-installs/neshrblek/arm64-v8a/tests/hazmat/primitives/test_pbkdf2hmac.py'...
Compiling '/app/.buildozer/android/platform/build-arm64-v8a/build/python-installs/neshrblek/arm64-v8a/tests/hazmat/primitives/test_pbkdf2hmac_vectors.py'...
Compiling '/app/.buildozer/android/platform/build-arm64-v8a/build/python-installs/neshrblek/arm64-v8a/tests/hazmat/primitives/test_pkcs12.py'...
Compiling '/app/.buildozer/android/platform/build-arm64-v8a/build/python-installs/neshrblek/arm64-v8a/tests/hazmat/primitives/test_pkcs7.py'...
Compiling '/app/.buildozer/android/platform/build-arm64-v8a/build/python-installs/neshrblek/arm64-v8a/tests/hazmat/primitives/test_poly1305.py'...
Compiling '/app/.buildozer/android/platform/build-arm64-v8a/build/python-installs/neshrblek/arm64-v8a/tests/hazmat/primitives/test_rsa.py'...
Compiling '/app/.buildozer/android/platform/build-arm64-v8a/build/python-installs/neshrblek/arm64-v8a/tests/hazmat/primitives/test_scrypt.py'...
Compiling '/app/.buildozer/android/platform/build-arm64-v8a/build/python-installs/neshrblek/arm64-v8a/tests/hazmat/primitives/test_serialization.py'...
Compiling '/app/.buildozer/android/platform/build-arm64-v8a/build/python-installs/neshrblek/arm64-v8a/tests/hazmat/primitives/test_sm4.py'...
Compiling '/app/.buildozer/android/platform/build-arm64-v8a/build/python-installs/neshrblek/arm64-v8a/tests/hazmat/primitives/test_ssh.py'...
Compiling '/app/.buildozer/android/platform/build-arm64-v8a/build/python-installs/neshrblek/arm64-v8a/tests/hazmat/primitives/test_x25519.py'...
Compiling '/app/.buildozer/android/platform/build-arm64-v8a/build/python-installs/neshrblek/arm64-v8a/tests/hazmat/primitives/test_x448.py'...
Compiling '/app/.buildozer/android/platform/build-arm64-v8a/build/python-installs/neshrblek/arm64-v8a/tests/hazmat/primitives/test_x963_vectors.py'...
Compiling '/app/.buildozer/android/platform/build-arm64-v8a/build/python-installs/neshrblek/arm64-v8a/tests/hazmat/primitives/test_x963kdf.py'...
Compiling '/app/.buildozer/android/platform/build-arm64-v8a/build/python-installs/neshrblek/arm64-v8a/tests/hazmat/primitives/test_xofhash.py'...
Listing '/app/.buildozer/android/platform/build-arm64-v8a/build/python-installs/neshrblek/arm64-v8a/tests/hazmat/primitives/twofactor'...
Compiling '/app/.buildozer/android/platform/build-arm64-v8a/build/python-installs/neshrblek/arm64-v8a/tests/hazmat/primitives/twofactor/__init__.py'...
Compiling '/app/.buildozer/android/platform/build-arm64-v8a/build/python-installs/neshrblek/arm64-v8a/tests/hazmat/primitives/twofactor/test_hotp.py'...
Compiling '/app/.buildozer/android/platform/build-arm64-v8a/build/python-installs/neshrblek/arm64-v8a/tests/hazmat/primitives/twofactor/test_totp.py'...
Compiling '/app/.buildozer/android/platform/build-arm64-v8a/build/python-installs/neshrblek/arm64-v8a/tests/hazmat/primitives/utils.py'...
Compiling '/app/.buildozer/android/platform/build-arm64-v8a/build/python-installs/neshrblek/arm64-v8a/tests/hazmat/test_oid.py'...
Compiling '/app/.buildozer/android/platform/build-arm64-v8a/build/python-installs/neshrblek/arm64-v8a/tests/test_cryptography_utils.py'...
Compiling '/app/.buildozer/android/platform/build-arm64-v8a/build/python-installs/neshrblek/arm64-v8a/tests/test_fernet.py'...
Compiling '/app/.buildozer/android/platform/build-arm64-v8a/build/python-installs/neshrblek/arm64-v8a/tests/test_meta.py'...
Compiling '/app/.buildozer/android/platform/build-arm64-v8a/build/python-installs/neshrblek/arm64-v8a/tests/test_utils.py'...
Compiling '/app/.buildozer/android/platform/build-arm64-v8a/build/python-installs/neshrblek/arm64-v8a/tests/test_warnings.py'...
Compiling '/app/.buildozer/android/platform/build-arm64-v8a/build/python-installs/neshrblek/arm64-v8a/tests/utils.py'...
Listing '/app/.buildozer/android/platform/build-arm64-v8a/build/python-installs/neshrblek/arm64-v8a/tests/wycheproof'...
Compiling '/app/.buildozer/android/platform/build-arm64-v8a/build/python-installs/neshrblek/arm64-v8a/tests/wycheproof/__init__.py'...
Compiling '/app/.buildozer/android/platform/build-arm64-v8a/build/python-installs/neshrblek/arm64-v8a/tests/wycheproof/test_aes.py'...
Compiling '/app/.buildozer/android/platform/build-arm64-v8a/build/python-installs/neshrblek/arm64-v8a/tests/wycheproof/test_chacha20poly1305.py'...
Compiling '/app/.buildozer/android/platform/build-arm64-v8a/build/python-installs/neshrblek/arm64-v8a/tests/wycheproof/test_cmac.py'...
Compiling '/app/.buildozer/android/platform/build-arm64-v8a/build/python-installs/neshrblek/arm64-v8a/tests/wycheproof/test_dsa.py'...
Compiling '/app/.buildozer/android/platform/build-arm64-v8a/build/python-installs/neshrblek/arm64-v8a/tests/wycheproof/test_ecdh.py'...
Compiling '/app/.buildozer/android/platform/build-arm64-v8a/build/python-installs/neshrblek/arm64-v8a/tests/wycheproof/test_ecdsa.py'...
Compiling '/app/.buildozer/android/platform/build-arm64-v8a/build/python-installs/neshrblek/arm64-v8a/tests/wycheproof/test_eddsa.py'...
Compiling '/app/.buildozer/android/platform/build-arm64-v8a/build/python-installs/neshrblek/arm64-v8a/tests/wycheproof/test_hkdf.py'...
Compiling '/app/.buildozer/android/platform/build-arm64-v8a/build/python-installs/neshrblek/arm64-v8a/tests/wycheproof/test_hmac.py'...
Compiling '/app/.buildozer/android/platform/build-arm64-v8a/build/python-installs/neshrblek/arm64-v8a/tests/wycheproof/test_keywrap.py'...
Compiling '/app/.buildozer/android/platform/build-arm64-v8a/build/python-installs/neshrblek/arm64-v8a/tests/wycheproof/test_pbkdf2.py'...
Compiling '/app/.buildozer/android/platform/build-arm64-v8a/build/python-installs/neshrblek/arm64-v8a/tests/wycheproof/test_rsa.py'...
Compiling '/app/.buildozer/android/platform/build-arm64-v8a/build/python-installs/neshrblek/arm64-v8a/tests/wycheproof/test_utils.py'...
Compiling '/app/.buildozer/android/platform/build-arm64-v8a/build/python-installs/neshrblek/arm64-v8a/tests/wycheproof/test_x25519.py'...
Compiling '/app/.buildozer/android/platform/build-arm64-v8a/build/python-installs/neshrblek/arm64-v8a/tests/wycheproof/test_x448.py'...
Compiling '/app/.buildozer/android/platform/build-arm64-v8a/build/python-installs/neshrblek/arm64-v8a/tests/wycheproof/utils.py'...
Listing '/app/.buildozer/android/platform/build-arm64-v8a/build/python-installs/neshrblek/arm64-v8a/tests/x509'...
Compiling '/app/.buildozer/android/platform/build-arm64-v8a/build/python-installs/neshrblek/arm64-v8a/tests/x509/__init__.py'...
Compiling '/app/.buildozer/android/platform/build-arm64-v8a/build/python-installs/neshrblek/arm64-v8a/tests/x509/test_name.py'...
Compiling '/app/.buildozer/android/platform/build-arm64-v8a/build/python-installs/neshrblek/arm64-v8a/tests/x509/test_ocsp.py'...
Compiling '/app/.buildozer/android/platform/build-arm64-v8a/build/python-installs/neshrblek/arm64-v8a/tests/x509/test_x509.py'...
Compiling '/app/.buildozer/android/platform/build-arm64-v8a/build/python-installs/neshrblek/arm64-v8a/tests/x509/test_x509_crlbuilder.py'...
Compiling '/app/.buildozer/android/platform/build-arm64-v8a/build/python-installs/neshrblek/arm64-v8a/tests/x509/test_x509_ext.py'...
Compiling '/app/.buildozer/android/platform/build-arm64-v8a/build/python-installs/neshrblek/arm64-v8a/tests/x509/test_x509_revokedcertbuilder.py'...
Listing '/app/.buildozer/android/platform/build-arm64-v8a/build/python-installs/neshrblek/arm64-v8a/tests/x509/verification'...
Compiling '/app/.buildozer/android/platform/build-arm64-v8a/build/python-installs/neshrblek/arm64-v8a/tests/x509/verification/__init__.py'...
Compiling '/app/.buildozer/android/platform/build-arm64-v8a/build/python-installs/neshrblek/arm64-v8a/tests/x509/verification/test_limbo.py'...
Compiling '/app/.buildozer/android/platform/build-arm64-v8a/build/python-installs/neshrblek/arm64-v8a/tests/x509/verification/test_verification.py'...
Listing '/app/.buildozer/android/platform/build-arm64-v8a/build/python-installs/neshrblek/arm64-v8a/urllib3'...
Compiling '/app/.buildozer/android/platform/build-arm64-v8a/build/python-installs/neshrblek/arm64-v8a/urllib3/__init__.py'...
Compiling '/app/.buildozer/android/platform/build-arm64-v8a/build/python-installs/neshrblek/arm64-v8a/urllib3/_base_connection.py'...
Compiling '/app/.buildozer/android/platform/build-arm64-v8a/build/python-installs/neshrblek/arm64-v8a/urllib3/_collections.py'...
Compiling '/app/.buildozer/android/platform/build-arm64-v8a/build/python-installs/neshrblek/arm64-v8a/urllib3/_request_methods.py'...
Compiling '/app/.buildozer/android/platform/build-arm64-v8a/build/python-installs/neshrblek/arm64-v8a/urllib3/_version.py'...
Compiling '/app/.buildozer/android/platform/build-arm64-v8a/build/python-installs/neshrblek/arm64-v8a/urllib3/connection.py'...
Compiling '/app/.buildozer/android/platform/build-arm64-v8a/build/python-installs/neshrblek/arm64-v8a/urllib3/connectionpool.py'...
Listing '/app/.buildozer/android/platform/build-arm64-v8a/build/python-installs/neshrblek/arm64-v8a/urllib3/contrib'...
Compiling '/app/.buildozer/android/platform/build-arm64-v8a/build/python-installs/neshrblek/arm64-v8a/urllib3/contrib/__init__.py'...
Listing '/app/.buildozer/android/platform/build-arm64-v8a/build/python-installs/neshrblek/arm64-v8a/urllib3/contrib/emscripten'...
Compiling '/app/.buildozer/android/platform/build-arm64-v8a/build/python-installs/neshrblek/arm64-v8a/urllib3/contrib/emscripten/__init__.py'...
Compiling '/app/.buildozer/android/platform/build-arm64-v8a/build/python-installs/neshrblek/arm64-v8a/urllib3/contrib/emscripten/connection.py'...
Compiling '/app/.buildozer/android/platform/build-arm64-v8a/build/python-installs/neshrblek/arm64-v8a/urllib3/contrib/emscripten/fetch.py'...
Compiling '/app/.buildozer/android/platform/build-arm64-v8a/build/python-installs/neshrblek/arm64-v8a/urllib3/contrib/emscripten/request.py'...
Compiling '/app/.buildozer/android/platform/build-arm64-v8a/build/python-installs/neshrblek/arm64-v8a/urllib3/contrib/emscripten/response.py'...
Compiling '/app/.buildozer/android/platform/build-arm64-v8a/build/python-installs/neshrblek/arm64-v8a/urllib3/contrib/pyopenssl.py'...
Compiling '/app/.buildozer/android/platform/build-arm64-v8a/build/python-installs/neshrblek/arm64-v8a/urllib3/contrib/socks.py'...
Compiling '/app/.buildozer/android/platform/build-arm64-v8a/build/python-installs/neshrblek/arm64-v8a/urllib3/exceptions.py'...
Compiling '/app/.buildozer/android/platform/build-arm64-v8a/build/python-installs/neshrblek/arm64-v8a/urllib3/fields.py'...
Compiling '/app/.buildozer/android/platform/build-arm64-v8a/build/python-installs/neshrblek/arm64-v8a/urllib3/filepost.py'...
Listing '/app/.buildozer/android/platform/build-arm64-v8a/build/python-installs/neshrblek/arm64-v8a/urllib3/http2'...
Compiling '/app/.buildozer/android/platform/build-arm64-v8a/build/python-installs/neshrblek/arm64-v8a/urllib3/http2/__init__.py'...
Compiling '/app/.buildozer/android/platform/build-arm64-v8a/build/python-installs/neshrblek/arm64-v8a/urllib3/http2/connection.py'...
Compiling '/app/.buildozer/android/platform/build-arm64-v8a/build/python-installs/neshrblek/arm64-v8a/urllib3/http2/probe.py'...
Compiling '/app/.buildozer/android/platform/build-arm64-v8a/build/python-installs/neshrblek/arm64-v8a/urllib3/poolmanager.py'...
Compiling '/app/.buildozer/android/platform/build-arm64-v8a/build/python-installs/neshrblek/arm64-v8a/urllib3/response.py'...
Listing '/app/.buildozer/android/platform/build-arm64-v8a/build/python-installs/neshrblek/arm64-v8a/urllib3/util'...
Compiling '/app/.buildozer/android/platform/build-arm64-v8a/build/python-installs/neshrblek/arm64-v8a/urllib3/util/__init__.py'...
Compiling '/app/.buildozer/android/platform/build-arm64-v8a/build/python-installs/neshrblek/arm64-v8a/urllib3/util/connection.py'...
Compiling '/app/.buildozer/android/platform/build-arm64-v8a/build/python-installs/neshrblek/arm64-v8a/urllib3/util/proxy.py'...
Compiling '/app/.buildozer/android/platform/build-arm64-v8a/build/python-installs/neshrblek/arm64-v8a/urllib3/util/request.py'...
Compiling '/app/.buildozer/android/platform/build-arm64-v8a/build/python-installs/neshrblek/arm64-v8a/urllib3/util/response.py'...
Compiling '/app/.buildozer/android/platform/build-arm64-v8a/build/python-installs/neshrblek/arm64-v8a/urllib3/util/retry.py'...
Compiling '/app/.buildozer/android/platform/build-arm64-v8a/build/python-installs/neshrblek/arm64-v8a/urllib3/util/ssl_.py'...
Compiling '/app/.buildozer/android/platform/build-arm64-v8a/build/python-installs/neshrblek/arm64-v8a/urllib3/util/ssl_match_hostname.py'...
Compiling '/app/.buildozer/android/platform/build-arm64-v8a/build/python-installs/neshrblek/arm64-v8a/urllib3/util/ssltransport.py'...
Compiling '/app/.buildozer/android/platform/build-arm64-v8a/build/python-installs/neshrblek/arm64-v8a/urllib3/util/timeout.py'...
Compiling '/app/.buildozer/android/platform/build-arm64-v8a/build/python-installs/neshrblek/arm64-v8a/urllib3/util/url.py'...
Compiling '/app/.buildozer/android/platform/build-arm64-v8a/build/python-installs/neshrblek/arm64-v8a/urllib3/util/util.py'...
Compiling '/app/.buildozer/android/platform/build-arm64-v8a/build/python-installs/neshrblek/arm64-v8a/urllib3/util/wait.py'...
Listing '/app/.buildozer/android/platform/build-arm64-v8a/build/python-installs/neshrblek/arm64-v8a/urllib3-2.7.0.dist-info'...
Listing '/app/.buildozer/android/platform/build-arm64-v8a/build/python-installs/neshrblek/arm64-v8a/urllib3-2.7.0.dist-info/licenses'...
[1m[90m[DEBUG][39m[0m:   Create directory /app/.buildozer/android/platform/build-arm64-v8a/dists/neshrblek/_python_bundle__arm64-v8a/_python_bundle/modules
[1m[INFO][0m:    Copy 65 files into the bundle
[1m[INFO][0m:     - copy /app/.buildozer/android/platform/build-arm64-v8a/build/other_builds/python3/arm64-v8a__ndk_target_21/python3/android-build/build/lib.android-21-arm64_v8a-3.14/_sha1.cpython-314-aarch64-linux-android.so
[1m[INFO][0m:     - copy /app/.buildozer/android/platform/build-arm64-v8a/build/other_builds/python3/arm64-v8a__ndk_target_21/python3/android-build/build/lib.android-21-arm64_v8a-3.14/select.cpython-314-aarch64-linux-android.so
[1m[INFO][0m:     - copy /app/.buildozer/android/platform/build-arm64-v8a/build/other_builds/python3/arm64-v8a__ndk_target_21/python3/android-build/build/lib.android-21-arm64_v8a-3.14/_bisect.cpython-314-aarch64-linux-android.so
[1m[INFO][0m:     - copy /app/.buildozer/android/platform/build-arm64-v8a/build/other_builds/python3/arm64-v8a__ndk_target_21/python3/android-build/build/lib.android-21-arm64_v8a-3.14/math.cpython-314-aarch64-linux-android.so
[1m[INFO][0m:     - copy /app/.buildozer/android/platform/build-arm64-v8a/build/other_builds/python3/arm64-v8a__ndk_target_21/python3/android-build/build/lib.android-21-arm64_v8a-3.14/resource.cpython-314-aarch64-linux-android.so
[1m[INFO][0m:     - copy /app/.buildozer/android/platform/build-arm64-v8a/build/other_builds/python3/arm64-v8a__ndk_target_21/python3/android-build/build/lib.android-21-arm64_v8a-3.14/_blake2.cpython-314-aarch64-linux-android.so
[1m[INFO][0m:     - copy /app/.buildozer/android/platform/build-arm64-v8a/build/other_builds/python3/arm64-v8a__ndk_target_21/python3/android-build/build/lib.android-21-arm64_v8a-3.14/fcntl.cpython-314-aarch64-linux-android.so
[1m[INFO][0m:     - copy /app/.buildozer/android/platform/build-arm64-v8a/build/other_builds/python3/arm64-v8a__ndk_target_21/python3/android-build/build/lib.android-21-arm64_v8a-3.14/_zoneinfo.cpython-314-aarch64-linux-android.so
[1m[INFO][0m:     - copy /app/.buildozer/android/platform/build-arm64-v8a/build/other_builds/python3/arm64-v8a__ndk_target_21/python3/android-build/build/lib.android-21-arm64_v8a-3.14/_testlimitedcapi.cpython-314-aarch64-linux-android.so
[1m[INFO][0m:     - copy /app/.buildozer/android/platform/build-arm64-v8a/build/other_builds/python3/arm64-v8a__ndk_target_21/python3/android-build/build/lib.android-21-arm64_v8a-3.14/_random.cpython-314-aarch64-linux-android.so
[1m[INFO][0m:     - copy /app/.buildozer/android/platform/build-arm64-v8a/build/other_builds/python3/arm64-v8a__ndk_target_21/python3/android-build/build/lib.android-21-arm64_v8a-3.14/xxsubtype.cpython-314-aarch64-linux-android.so
[1m[INFO][0m:     - copy /app/.buildozer/android/platform/build-arm64-v8a/build/other_builds/python3/arm64-v8a__ndk_target_21/python3/android-build/build/lib.android-21-arm64_v8a-3.14/_pickle.cpython-314-aarch64-linux-android.so
[1m[INFO][0m:     - copy /app/.buildozer/android/platform/build-arm64-v8a/build/other_builds/python3/arm64-v8a__ndk_target_21/python3/android-build/build/lib.android-21-arm64_v8a-3.14/xxlimited.cpython-314-aarch64-linux-android.so
[1m[INFO][0m:     - copy /app/.buildozer/android/platform/build-arm64-v8a/build/other_builds/python3/arm64-v8a__ndk_target_21/python3/android-build/build/lib.android-21-arm64_v8a-3.14/_ssl.cpython-314-aarch64-linux-android.so
[1m[INFO][0m:     - copy /app/.buildozer/android/platform/build-arm64-v8a/build/other_builds/python3/arm64-v8a__ndk_target_21/python3/android-build/build/lib.android-21-arm64_v8a-3.14/mmap.cpython-314-aarch64-linux-android.so
[1m[INFO][0m:     - copy /app/.buildozer/android/platform/build-arm64-v8a/build/other_builds/python3/arm64-v8a__ndk_target_21/python3/android-build/build/lib.android-21-arm64_v8a-3.14/_queue.cpython-314-aarch64-linux-android.so
[1m[INFO][0m:     - copy /app/.buildozer/android/platform/build-arm64-v8a/build/other_builds/python3/arm64-v8a__ndk_target_21/python3/android-build/build/lib.android-21-arm64_v8a-3.14/_testclinic.cpython-314-aarch64-linux-android.so
[1m[INFO][0m:     - copy /app/.buildozer/android/platform/build-arm64-v8a/build/other_builds/python3/arm64-v8a__ndk_target_21/python3/android-build/build/lib.android-21-arm64_v8a-3.14/_interpqueues.cpython-314-aarch64-linux-android.so
[1m[INFO][0m:     - copy /app/.buildozer/android/platform/build-arm64-v8a/build/other_builds/python3/arm64-v8a__ndk_target_21/python3/android-build/build/lib.android-21-arm64_v8a-3.14/_decimal.cpython-314-aarch64-linux-android.so
[1m[INFO][0m:     - copy /app/.buildozer/android/platform/build-arm64-v8a/build/other_builds/python3/arm64-v8a__ndk_target_21/python3/android-build/build/lib.android-21-arm64_v8a-3.14/_md5.cpython-314-aarch64-linux-android.so
[1m[INFO][0m:     - copy /app/.buildozer/android/platform/build-arm64-v8a/build/other_builds/python3/arm64-v8a__ndk_target_21/python3/android-build/build/lib.android-21-arm64_v8a-3.14/_multibytecodec.cpython-314-aarch64-linux-android.so
[1m[INFO][0m:     - copy /app/.buildozer/android/platform/build-arm64-v8a/build/other_builds/python3/arm64-v8a__ndk_target_21/python3/android-build/build/lib.android-21-arm64_v8a-3.14/_posixsubprocess.cpython-314-aarch64-linux-android.so
[1m[INFO][0m:     - copy /app/.buildozer/android/platform/build-arm64-v8a/build/other_builds/python3/arm64-v8a__ndk_target_21/python3/android-build/build/lib.android-21-arm64_v8a-3.14/_sqlite3.cpython-314-aarch64-linux-android.so
[1m[INFO][0m:     - copy /app/.buildozer/android/platform/build-arm64-v8a/build/other_builds/python3/arm64-v8a__ndk_target_21/python3/android-build/build/lib.android-21-arm64_v8a-3.14/_ctypes.cpython-314-aarch64-linux-android.so
[1m[INFO][0m:     - copy /app/.buildozer/android/platform/build-arm64-v8a/build/other_builds/python3/arm64-v8a__ndk_target_21/python3/android-build/build/lib.android-21-arm64_v8a-3.14/_codecs_iso2022.cpython-314-aarch64-linux-android.so
[1m[INFO][0m:     - copy /app/.buildozer/android/platform/build-arm64-v8a/build/other_builds/python3/arm64-v8a__ndk_target_21/python3/android-build/build/lib.android-21-arm64_v8a-3.14/_elementtree.cpython-314-aarch64-linux-android.so
[1m[INFO][0m:     - copy /app/.buildozer/android/platform/build-arm64-v8a/build/other_builds/python3/arm64-v8a__ndk_target_21/python3/android-build/build/lib.android-21-arm64_v8a-3.14/_sha3.cpython-314-aarch64-linux-android.so
[1m[INFO][0m:     - copy /app/.buildozer/android/platform/build-arm64-v8a/build/other_builds/python3/arm64-v8a__ndk_target_21/python3/android-build/build/lib.android-21-arm64_v8a-3.14/_codecs_cn.cpython-314-aarch64-linux-android.so
[1m[INFO][0m:     - copy /app/.buildozer/android/platform/build-arm64-v8a/build/other_builds/python3/arm64-v8a__ndk_target_21/python3/android-build/build/lib.android-21-arm64_v8a-3.14/_statistics.cpython-314-aarch64-linux-android.so
[1m[INFO][0m:     - copy /app/.buildozer/android/platform/build-arm64-v8a/build/other_builds/python3/arm64-v8a__ndk_target_21/python3/android-build/build/lib.android-21-arm64_v8a-3.14/_hmac.cpython-314-aarch64-linux-android.so
[1m[INFO][0m:     - copy /app/.buildozer/android/platform/build-arm64-v8a/build/other_builds/python3/arm64-v8a__ndk_target_21/python3/android-build/build/lib.android-21-arm64_v8a-3.14/_codecs_hk.cpython-314-aarch64-linux-android.so
[1m[INFO][0m:     - copy /app/.buildozer/android/platform/build-arm64-v8a/build/other_builds/python3/arm64-v8a__ndk_target_21/python3/android-build/build/lib.android-21-arm64_v8a-3.14/_heapq.cpython-314-aarch64-linux-android.so
[1m[INFO][0m:     - copy /app/.buildozer/android/platform/build-arm64-v8a/build/other_builds/python3/arm64-v8a__ndk_target_21/python3/android-build/build/lib.android-21-arm64_v8a-3.14/cmath.cpython-314-aarch64-linux-android.so
[1m[INFO][0m:     - copy /app/.buildozer/android/platform/build-arm64-v8a/build/other_builds/python3/arm64-v8a__ndk_target_21/python3/android-build/build/lib.android-21-arm64_v8a-3.14/_xxtestfuzz.cpython-314-aarch64-linux-android.so
[1m[INFO][0m:     - copy /app/.buildozer/android/platform/build-arm64-v8a/build/other_builds/python3/arm64-v8a__ndk_target_21/python3/android-build/build/lib.android-21-arm64_v8a-3.14/_testimportmultiple.cpython-314-aarch64-linux-android.so
[1m[INFO][0m:     - copy /app/.buildozer/android/platform/build-arm64-v8a/build/other_builds/python3/arm64-v8a__ndk_target_21/python3/android-build/build/lib.android-21-arm64_v8a-3.14/unicodedata.cpython-314-aarch64-linux-android.so
[1m[INFO][0m:     - copy /app/.buildozer/android/platform/build-arm64-v8a/build/other_builds/python3/arm64-v8a__ndk_target_21/python3/android-build/build/lib.android-21-arm64_v8a-3.14/_codecs_jp.cpython-314-aarch64-linux-android.so
[1m[INFO][0m:     - copy /app/.buildozer/android/platform/build-arm64-v8a/build/other_builds/python3/arm64-v8a__ndk_target_21/python3/android-build/build/lib.android-21-arm64_v8a-3.14/_codecs_tw.cpython-314-aarch64-linux-android.so
[1m[INFO][0m:     - copy /app/.buildozer/android/platform/build-arm64-v8a/build/other_builds/python3/arm64-v8a__ndk_target_21/python3/android-build/build/lib.android-21-arm64_v8a-3.14/_csv.cpython-314-aarch64-linux-android.so
[1m[INFO][0m:     - copy /app/.buildozer/android/platform/build-arm64-v8a/build/other_builds/python3/arm64-v8a__ndk_target_21/python3/android-build/build/lib.android-21-arm64_v8a-3.14/_remote_debugging.cpython-314-aarch64-linux-android.so
[1m[INFO][0m:     - copy /app/.buildozer/android/platform/build-arm64-v8a/build/other_builds/python3/arm64-v8a__ndk_target_21/python3/android-build/build/lib.android-21-arm64_v8a-3.14/syslog.cpython-314-aarch64-linux-android.so
[1m[INFO][0m:     - copy /app/.buildozer/android/platform/build-arm64-v8a/build/other_builds/python3/arm64-v8a__ndk_target_21/python3/android-build/build/lib.android-21-arm64_v8a-3.14/_hashlib.cpython-314-aarch64-linux-android.so
[1m[INFO][0m:     - copy /app/.buildozer/android/platform/build-arm64-v8a/build/other_builds/python3/arm64-v8a__ndk_target_21/python3/android-build/build/lib.android-21-arm64_v8a-3.14/_testinternalcapi.cpython-314-aarch64-linux-android.so
[1m[INFO][0m:     - copy /app/.buildozer/android/platform/build-arm64-v8a/build/other_builds/python3/arm64-v8a__ndk_target_21/python3/android-build/build/lib.android-21-arm64_v8a-3.14/_sha2.cpython-314-aarch64-linux-android.so
[1m[INFO][0m:     - copy /app/.buildozer/android/platform/build-arm64-v8a/build/other_builds/python3/arm64-v8a__ndk_target_21/python3/android-build/build/lib.android-21-arm64_v8a-3.14/_testcapi.cpython-314-aarch64-linux-android.so
[1m[INFO][0m:     - copy /app/.buildozer/android/platform/build-arm64-v8a/build/other_builds/python3/arm64-v8a__ndk_target_21/python3/android-build/build/lib.android-21-arm64_v8a-3.14/_testclinic_limited.cpython-314-aarch64-linux-android.so
[1m[INFO][0m:     - copy /app/.buildozer/android/platform/build-arm64-v8a/build/other_builds/python3/arm64-v8a__ndk_target_21/python3/android-build/build/lib.android-21-arm64_v8a-3.14/_json.cpython-314-aarch64-linux-android.so
[1m[INFO][0m:     - copy /app/.buildozer/android/platform/build-arm64-v8a/build/other_builds/python3/arm64-v8a__ndk_target_21/python3/android-build/build/lib.android-21-arm64_v8a-3.14/_lsprof.cpython-314-aarch64-linux-android.so
[1m[INFO][0m:     - copy /app/.buildozer/android/platform/build-arm64-v8a/build/other_builds/python3/arm64-v8a__ndk_target_21/python3/android-build/build/lib.android-21-arm64_v8a-3.14/_socket.cpython-314-aarch64-linux-android.so
[1m[INFO][0m:     - copy /app/.buildozer/android/platform/build-arm64-v8a/build/other_builds/python3/arm64-v8a__ndk_target_21/python3/android-build/build/lib.android-21-arm64_v8a-3.14/_testmultiphase.cpython-314-aarch64-linux-android.so
[1m[INFO][0m:     - copy /app/.buildozer/android/platform/build-arm64-v8a/build/other_builds/python3/arm64-v8a__ndk_target_21/python3/android-build/build/lib.android-21-arm64_v8a-3.14/_codecs_kr.cpython-314-aarch64-linux-android.so
[1m[INFO][0m:     - copy /app/.buildozer/android/platform/build-arm64-v8a/build/other_builds/python3/arm64-v8a__ndk_target_21/python3/android-build/build/lib.android-21-arm64_v8a-3.14/xxlimited_35.cpython-314-aarch64-linux-android.so
[1m[INFO][0m:     - copy /app/.buildozer/android/platform/build-arm64-v8a/build/other_builds/python3/arm64-v8a__ndk_target_21/python3/android-build/build/lib.android-21-arm64_v8a-3.14/_asyncio.cpython-314-aarch64-linux-android.so
[1m[INFO][0m:     - copy /app/.buildozer/android/platform/build-arm64-v8a/build/other_builds/python3/arm64-v8a__ndk_target_21/python3/android-build/build/lib.android-21-arm64_v8a-3.14/_testsinglephase.cpython-314-aarch64-linux-android.so
[1m[INFO][0m:     - copy /app/.buildozer/android/platform/build-arm64-v8a/build/other_builds/python3/arm64-v8a__ndk_target_21/python3/android-build/build/lib.android-21-arm64_v8a-3.14/pyexpat.cpython-314-aarch64-linux-android.so
[1m[INFO][0m:     - copy /app/.buildozer/android/platform/build-arm64-v8a/build/other_builds/python3/arm64-v8a__ndk_target_21/python3/android-build/build/lib.android-21-arm64_v8a-3.14/zlib.cpython-314-aarch64-linux-android.so
[1m[INFO][0m:     - copy /app/.buildozer/android/platform/build-arm64-v8a/build/other_builds/python3/arm64-v8a__ndk_target_21/python3/android-build/build/lib.android-21-arm64_v8a-3.14/_interpreters.cpython-314-aarch64-linux-android.so
[1m[INFO][0m:     - copy /app/.buildozer/android/platform/build-arm64-v8a/build/other_builds/python3/arm64-v8a__ndk_target_21/python3/android-build/build/lib.android-21-arm64_v8a-3.14/_interpchannels.cpython-314-aarch64-linux-android.so
[1m[INFO][0m:     - copy /app/.buildozer/android/platform/build-arm64-v8a/build/other_builds/python3/arm64-v8a__ndk_target_21/python3/android-build/build/lib.android-21-arm64_v8a-3.14/_testbuffer.cpython-314-aarch64-linux-android.so
[1m[INFO][0m:     - copy /app/.buildozer/android/platform/build-arm64-v8a/build/other_builds/python3/arm64-v8a__ndk_target_21/python3/android-build/build/lib.android-21-arm64_v8a-3.14/binascii.cpython-314-aarch64-linux-android.so
[1m[INFO][0m:     - copy /app/.buildozer/android/platform/build-arm64-v8a/build/other_builds/python3/arm64-v8a__ndk_target_21/python3/android-build/build/lib.android-21-arm64_v8a-3.14/termios.cpython-314-aarch64-linux-android.so
[1m[INFO][0m:     - copy /app/.buildozer/android/platform/build-arm64-v8a/build/other_builds/python3/arm64-v8a__ndk_target_21/python3/android-build/build/lib.android-21-arm64_v8a-3.14/_struct.cpython-314-aarch64-linux-android.so
[1m[INFO][0m:     - copy /app/.buildozer/android/platform/build-arm64-v8a/build/other_builds/python3/arm64-v8a__ndk_target_21/python3/android-build/build/lib.android-21-arm64_v8a-3.14/array.cpython-314-aarch64-linux-android.so
[1m[INFO][0m:     - copy /app/.buildozer/android/platform/build-arm64-v8a/build/other_builds/python3/arm64-v8a__ndk_target_21/python3/android-build/build/lib.android-21-arm64_v8a-3.14/_ctypes_test.cpython-314-aarch64-linux-android.so
[1m[INFO][0m:     - copy /app/.buildozer/android/platform/build-arm64-v8a/build/other_builds/python3/arm64-v8a__ndk_target_21/python3/android-build/build/lib.android-21-arm64_v8a-3.14/_sysconfigdata__android_aarch64-linux-android.pyc
[1m[INFO][0m:    [36m-> directory context /app/.buildozer/android/platform/build-arm64-v8a/build/other_builds/python3/arm64-v8a__ndk_target_21/python3/Lib[39m
[1m[INFO][0m:    Zip 594 files into the bundle
stty: 'standard input': Inappropriate ioctl for device
[1m[90m[DEBUG][39m[0m:   [90m->[0m running zip -X /app/.buildozer/android/platform/build-arm64-v8a/dists/neshrblek/_python_bundle__arm64-v8a/_python_bundle/stdlib.zip ./quopri.pyc ./sre_compile.pyc ./_pyio.pyc ./random.pyc ./_weakrefset.pyc ./typing.pyc ./abc.pyc ./smtplib.pyc ./platform.pyc ./fractions.pyc ./_ios_support.pyc ./subprocess.pyc ./pkgutil.pyc ./netrc.pyc ./selectors.pyc ./pickletools.pyc ./heapq.pyc ./types.pyc ./io.pyc ./sched.pyc ./contextlib.pyc ./_aix_support.pyc ./posixpath.pyc ./_ast_unparse.pyc ./copyreg.pyc ./argparse.pyc ./_py_warnings.pyc ./__future__.pyc ./codeop.pyc ./bdb.pyc ./hmac.pyc ./fnmatch.pyc ./tracemalloc.pyc ./tabnanny.pyc ./bz2.pyc ./_sitebuiltins.pyc ./linecache.pyc ./gettext.pyc ./csv.pyc ./optparse.pyc ./inspect.pyc ./functools.pyc ./pstats.pyc ./lzma.pyc ./_threading_local.pyc ./queue.pyc ./contextvars.pyc ./sre_constants.pyc ./socketserver.pyc ./datetime.pyc ./shlex.pyc ./_opcode_metadata.pyc ./keyword.pyc ./codecs.pyc ./ntpath.pyc ./os.pyc ./webbrowser.pyc ./_pydatetime.pyc ./sre_parse.pyc ./calendar.pyc ./wave.pyc ./turtle.pyc ./antigravity.pyc ./tarfile.pyc ./code.pyc ./textwrap.pyc ./_osx_support.pyc ./runpy.pyc ./shutil.pyc ./base64.pyc ./_strptime.pyc ./difflib.pyc ./rlcompleter.pyc ./_py_abc.pyc ./stringprep.pyc ./dataclasses.pyc ./gzip.pyc ./enum.pyc ./cProfile.pyc ./tempfile.pyc ./getopt.pyc ./trace.pyc ./signal.pyc ./locale.pyc ./imaplib.pyc ./uuid.pyc ./_colorize.pyc ./fileinput.pyc ./copy.pyc ./decimal.pyc ./bisect.pyc ./tokenize.pyc ./ftplib.pyc ./hashlib.pyc ./filecmp.pyc ./configparser.pyc ./shelve.pyc ./zipimport.pyc ./pprint.pyc ./pickle.pyc ./socket.pyc ./reprlib.pyc ./plistlib.pyc ./_pylong.pyc ./statistics.pyc ./site.py.orig ./profile.pyc ./traceback.pyc ./ast.pyc ./pdb.pyc ./colorsys.pyc ./_markupbase.pyc ./secrets.pyc ./ssl.pyc ./modulefinder.pyc ./this.pyc ./stat.pyc ./py_compile.pyc ./timeit.pyc ./nturl2path.pyc ./_android_support.pyc ./compileall.pyc ./tty.pyc ./dis.pyc ./glob.pyc ./annotationlib.pyc ./pty.pyc ./numbers.pyc ./pydoc.pyc ./graphlib.pyc ./zipapp.pyc ./genericpath.pyc ./_pydecimal.pyc ./getpass.pyc ./struct.pyc ./pyclbr.pyc ./doctest.pyc ./ipaddress.pyc ./operator.pyc ./site.pyc ./cmd.pyc ./warnings.pyc ./_collections_abc.pyc ./_compat_pickle.pyc ./symtable.pyc ./__hello__.pyc ./_apple_support.pyc ./mimetypes.pyc ./token.pyc ./opcode.pyc ./weakref.pyc ./threading.pyc ./poplib.pyc ./mailbox.pyc ./pydoc_data/_pydoc.css ./pydoc_data/__init__.pyc ./pydoc_data/topics.pyc ./importlib/util.pyc ./importlib/simple.pyc ./importlib/abc.pyc ./importlib/_bootstrap_external.pyc ./importlib/readers.pyc ./importlib/_bootstrap.pyc ./importlib/machinery.pyc ./importlib/__init__.pyc ./importlib/_abc.pyc ./importlib/metadata/diagnose.pyc ./importlib/metadata/_functools.pyc ./importlib/metadata/_collections.pyc ./importlib/metadata/_adapters.pyc ./importlib/metadata/_itertools.pyc ./importlib/metadata/_text.pyc ./importlib/metadata/__init__.pyc ./importlib/metadata/_meta.pyc ./importlib/resources/simple.pyc ./importlib/resources/abc.pyc ./importlib/resources/_functional.pyc ./importlib/resources/_adapters.pyc ./importlib/resources/readers.pyc ./importlib/resources/_itertools.pyc ./importlib/resources/__init__.pyc ./importlib/resources/_common.pyc ./pathlib/types.pyc ./pathlib/_local.pyc ./pathlib/_os.pyc ./pathlib/__init__.pyc ./venv/__main__.pyc ./venv/__init__.pyc ./venv/scripts/common/Activate.ps1 ./venv/scripts/common/activate.fish ./venv/scripts/common/activate ./venv/scripts/posix/activate.csh ./venv/scripts/nt/activate.bat ./venv/scripts/nt/deactivate.bat ./__phello__/spam.pyc ./__phello__/__init__.pyc ./__phello__/ham/eggs.pyc ./__phello__/ham/__init__.pyc ./re/_compiler.pyc ./re/_constants.pyc ./re/_casefix.pyc ./re/_parser.pyc ./re/__init__.pyc ./ctypes/util.pyc ./ctypes/_aix.pyc ./ctypes/wintypes.pyc ./ctypes/_endian.pyc ./ctypes/_layout.pyc ./ctypes/__init__.pyc ./ctypes/macholib/fetch_macholib.bat ./ctypes/macholib/fetch_macholib ./ctypes/macholib/README.ctypes ./ctypes/macholib/dyld.pyc ./ctypes/macholib/framework.pyc ./ctypes/macholib/__init__.pyc ./ctypes/macholib/dylib.pyc ./encodings/shift_jis.pyc ./encodings/gb2312.pyc ./encodings/big5.pyc ./encodings/cp737.pyc ./encodings/hp_roman8.pyc ./encodings/iso8859_7.pyc ./encodings/iso8859_11.pyc ./encodings/iso8859_5.pyc ./encodings/cp1251.pyc ./encodings/gbk.pyc ./encodings/raw_unicode_escape.pyc ./encodings/bz2_codec.pyc ./encodings/iso8859_3.pyc ./encodings/oem.pyc ./encodings/utf_32_be.pyc ./encodings/hex_codec.pyc ./encodings/_win_cp_codecs.pyc ./encodings/charmap.pyc ./encodings/utf_16.pyc ./encodings/koi8_r.pyc ./encodings/utf_8_sig.pyc ./encodings/iso8859_13.pyc ./encodings/kz1048.pyc ./encodings/idna.pyc ./encodings/mac_turkish.pyc ./encodings/euc_jp.pyc ./encodings/euc_jis_2004.pyc ./encodings/mac_latin2.pyc ./encodings/iso8859_9.pyc ./encodings/cp1258.pyc ./encodings/big5hkscs.pyc ./encodings/gb18030.pyc ./encodings/cp932.pyc ./encodings/iso2022_jp_3.pyc ./encodings/cp775.pyc ./encodings/cp1257.pyc ./encodings/cp862.pyc ./encodings/unicode_escape.pyc ./encodings/quopri_codec.pyc ./encodings/euc_jisx0213.pyc ./encodings/cp1256.pyc ./encodings/utf_32.pyc ./encodings/utf_32_le.pyc ./encodings/cp950.pyc ./encodings/tis_620.pyc ./encodings/cp861.pyc ./encodings/cp863.pyc ./encodings/koi8_u.pyc ./encodings/cp437.pyc ./encodings/koi8_t.pyc ./encodings/mac_croatian.pyc ./encodings/latin_1.pyc ./encodings/cp1006.pyc ./encodings/zlib_codec.pyc ./encodings/cp857.pyc ./encodings/utf_7.pyc ./encodings/euc_kr.pyc ./encodings/ascii.pyc ./encodings/shift_jisx0213.pyc ./encodings/mac_roman.pyc ./encodings/cp858.pyc ./encodings/shift_jis_2004.pyc ./encodings/mac_cyrillic.pyc ./encodings/cp874.pyc ./encodings/cp1255.pyc ./encodings/iso2022_jp_2004.pyc ./encodings/palmos.pyc ./encodings/iso2022_kr.pyc ./encodings/iso8859_10.pyc ./encodings/utf_16_le.pyc ./encodings/punycode.pyc ./encodings/iso8859_14.pyc ./encodings/iso8859_6.pyc ./encodings/hz.pyc ./encodings/cp864.pyc ./encodings/undefined.pyc ./encodings/iso8859_16.pyc ./encodings/iso8859_8.pyc ./encodings/mbcs.pyc ./encodings/cp856.pyc ./encodings/cp869.pyc ./encodings/cp852.pyc ./encodings/cp1250.pyc ./encodings/mac_romanian.pyc ./encodings/cp1252.pyc ./encodings/cp273.pyc ./encodings/cp855.pyc ./encodings/utf_8.pyc ./encodings/cp865.pyc ./encodings/__init__.pyc ./encodings/cp1253.pyc ./encodings/mac_iceland.pyc ./encodings/cp500.pyc ./encodings/cp875.pyc ./encodings/cp866.pyc ./encodings/iso2022_jp.pyc ./encodings/mac_arabic.pyc ./encodings/base64_codec.pyc ./encodings/rot_13.pyc ./encodings/cp1026.pyc ./encodings/cp424.pyc ./encodings/aliases.pyc ./encodings/iso2022_jp_1.pyc ./encodings/iso2022_jp_ext.pyc ./encodings/iso8859_1.pyc ./encodings/johab.pyc ./encodings/mac_farsi.pyc ./encodings/iso8859_4.pyc ./encodings/cp720.pyc ./encodings/cp1254.pyc ./encodings/iso2022_jp_2.pyc ./encodings/cp949.pyc ./encodings/uu_codec.pyc ./encodings/cp850.pyc ./encodings/cp860.pyc ./encodings/mac_greek.pyc ./encodings/cp1125.pyc ./encodings/ptcp154.pyc ./encodings/cp1140.pyc ./encodings/iso8859_2.pyc ./encodings/iso8859_15.pyc ./encodings/utf_16_be.pyc ./encodings/cp037.pyc ./zipfile/__main__.pyc ./zipfile/__init__.pyc ./zipfile/_path/__init__.pyc ./zipfile/_path/glob.pyc ./xmlrpc/client.pyc ./xmlrpc/server.pyc ./xmlrpc/__init__.pyc ./site-packages/README.txt ./sqlite3/__main__.pyc ./sqlite3/dbapi2.pyc ./sqlite3/dump.pyc ./sqlite3/__init__.pyc ./compression/bz2.pyc ./compression/lzma.pyc ./compression/zlib.pyc ./compression/gzip.pyc ./compression/__init__.pyc ./compression/_common/_streams.pyc ./compression/_common/__init__.pyc ./compression/zstd/__init__.pyc ./compression/zstd/_zstdfile.pyc ./collections/__init__.pyc ./zoneinfo/_zoneinfo.pyc ./zoneinfo/_tzpath.pyc ./zoneinfo/__init__.pyc ./zoneinfo/_common.pyc ./wsgiref/handlers.pyc ./wsgiref/util.pyc ./wsgiref/types.pyc ./wsgiref/headers.pyc ./wsgiref/validate.pyc ./wsgiref/simple_server.pyc ./wsgiref/__init__.pyc ./multiprocessing/resource_tracker.pyc ./multiprocessing/util.pyc ./multiprocessing/connection.pyc ./multiprocessing/popen_fork.pyc ./multiprocessing/resource_sharer.pyc ./multiprocessing/reduction.pyc ./multiprocessing/heap.pyc ./multiprocessing/pool.pyc ./multiprocessing/context.pyc ./multiprocessing/popen_spawn_win32.pyc ./multiprocessing/managers.pyc ./multiprocessing/forkserver.pyc ./multiprocessing/spawn.pyc ./multiprocessing/popen_forkserver.pyc ./multiprocessing/shared_memory.pyc ./multiprocessing/sharedctypes.pyc ./multiprocessing/__init__.pyc ./multiprocessing/queues.pyc ./multiprocessing/popen_spawn_posix.pyc ./multiprocessing/synchronize.pyc ./multiprocessing/process.pyc ./multiprocessing/dummy/connection.pyc ./multiprocessing/dummy/__init__.pyc ./_pyrepl/unix_eventqueue.pyc ./_pyrepl/__main__.pyc ./_pyrepl/input.pyc ./_pyrepl/keymap.pyc ./_pyrepl/unix_console.pyc ./_pyrepl/types.pyc ./_pyrepl/base_eventqueue.pyc ./_pyrepl/windows_eventqueue.pyc ./_pyrepl/completing_reader.pyc ./_pyrepl/utils.pyc ./_pyrepl/windows_console.pyc ./_pyrepl/trace.pyc ./_pyrepl/mypy.ini ./_pyrepl/historical_reader.pyc ./_pyrepl/console.pyc ./_pyrepl/pager.pyc ./_pyrepl/commands.pyc ./_pyrepl/fancy_termios.pyc ./_pyrepl/terminfo.pyc ./_pyrepl/readline.pyc ./_pyrepl/main.pyc ./_pyrepl/__init__.pyc ./_pyrepl/_module_completer.pyc ./_pyrepl/_threading_handler.pyc ./_pyrepl/reader.pyc ./_pyrepl/simple_interact.pyc ./email/_encoded_words.pyc ./email/_parseaddr.pyc ./email/utils.pyc ./email/parser.pyc ./email/_policybase.pyc ./email/encoders.pyc ./email/base64mime.pyc ./email/architecture.rst ./email/policy.pyc ./email/charset.pyc ./email/_header_value_parser.pyc ./email/errors.pyc ./email/iterators.pyc ./email/__init__.pyc ./email/message.pyc ./email/headerregistry.pyc ./email/quoprimime.pyc ./email/contentmanager.pyc ./email/header.pyc ./email/generator.pyc ./email/feedparser.pyc ./email/mime/image.pyc ./email/mime/text.pyc ./email/mime/multipart.pyc ./email/mime/nonmultipart.pyc ./email/mime/__init__.pyc ./email/mime/audio.pyc ./email/mime/message.pyc ./email/mime/base.pyc ./email/mime/application.pyc ./json/__main__.pyc ./json/encoder.pyc ./json/tool.pyc ./json/decoder.pyc ./json/__init__.pyc ./json/scanner.pyc ./curses/textpad.pyc ./curses/ascii.pyc ./curses/has_key.pyc ./curses/__init__.pyc ./curses/panel.pyc ./http/client.pyc ./http/cookies.pyc ./http/server.pyc ./http/__init__.pyc ./http/cookiejar.pyc ./html/parser.pyc ./html/__init__.pyc ./html/entities.pyc ./asyncio/trsock.pyc ./asyncio/base_tasks.pyc ./asyncio/__main__.pyc ./asyncio/subprocess.pyc ./asyncio/protocols.pyc ./asyncio/timeouts.pyc ./asyncio/base_futures.pyc ./asyncio/tools.pyc ./asyncio/graph.pyc ./asyncio/transports.pyc ./asyncio/runners.pyc ./asyncio/format_helpers.pyc ./asyncio/windows_events.pyc ./asyncio/exceptions.pyc ./asyncio/events.pyc ./asyncio/constants.pyc ./asyncio/tasks.pyc ./asyncio/taskgroups.pyc ./asyncio/staggered.pyc ./asyncio/proactor_events.pyc ./asyncio/base_events.pyc ./asyncio/log.pyc ./asyncio/futures.pyc ./asyncio/sslproto.pyc ./asyncio/streams.pyc ./asyncio/mixins.pyc ./asyncio/unix_events.pyc ./asyncio/base_subprocess.pyc ./asyncio/__init__.pyc ./asyncio/queues.pyc ./asyncio/locks.pyc ./asyncio/threads.pyc ./asyncio/selector_events.pyc ./asyncio/windows_utils.pyc ./asyncio/coroutines.pyc ./xml/__init__.pyc ./xml/etree/ElementPath.pyc ./xml/etree/ElementInclude.pyc ./xml/etree/cElementTree.pyc ./xml/etree/__init__.pyc ./xml/etree/ElementTree.pyc ./xml/parsers/__init__.pyc ./xml/parsers/expat.pyc ./xml/sax/_exceptions.pyc ./xml/sax/saxutils.pyc ./xml/sax/expatreader.pyc ./xml/sax/__init__.pyc ./xml/sax/handler.pyc ./xml/sax/xmlreader.pyc ./xml/dom/minicompat.pyc ./xml/dom/minidom.pyc ./xml/dom/NodeFilter.pyc ./xml/dom/domreg.pyc ./xml/dom/xmlbuilder.pyc ./xml/dom/__init__.pyc ./xml/dom/expatbuilder.pyc ./xml/dom/pulldom.pyc ./sysconfig/__main__.pyc ./sysconfig/__init__.pyc ./concurrent/__init__.pyc ./concurrent/interpreters/__init__.pyc ./concurrent/interpreters/_queues.pyc ./concurrent/interpreters/_crossinterp.pyc ./concurrent/futures/thread.pyc ./concurrent/futures/interpreter.pyc ./concurrent/futures/__init__.pyc ./concurrent/futures/_base.pyc ./concurrent/futures/process.pyc ./dbm/dumb.pyc ./dbm/gnu.pyc ./dbm/__init__.pyc ./dbm/ndbm.pyc ./dbm/sqlite3.pyc ./unittest/result.pyc ./unittest/case.pyc ./unittest/util.pyc ./unittest/__main__.pyc ./unittest/_log.pyc ./unittest/signals.pyc ./unittest/suite.pyc ./unittest/loader.pyc ./unittest/async_case.pyc ./unittest/main.pyc ./unittest/__init__.pyc ./unittest/runner.pyc ./unittest/mock.pyc ./tomllib/mypy.ini ./tomllib/_parser.pyc ./tomllib/_types.pyc ./tomllib/_re.pyc ./tomllib/__init__.pyc ./string/templatelib.pyc ./string/__init__.pyc ./urllib/error.pyc ./urllib/parse.pyc ./urllib/robotparser.pyc ./urllib/request.pyc ./urllib/response.pyc ./urllib/__init__.pyc ./turtledemo/__main__.pyc ./turtledemo/yinyang.pyc ./turtledemo/colormixer.pyc ./turtledemo/chaos.pyc ./turtledemo/planet_and_moon.pyc ./turtledemo/tree.pyc ./turtledemo/two_canvases.pyc ./turtledemo/lindenmayer.pyc ./turtledemo/sorting_animate.pyc ./turtledemo/minimal_hanoi.pyc ./turtledemo/round_dance.pyc ./turtledemo/penrose.pyc ./turtledemo/clock.pyc ./turtledemo/bytedesign.pyc ./turtledemo/paint.pyc ./turtledemo/forest.pyc ./turtledemo/nim.pyc ./turtledemo/fractalcurves.pyc ./turtledemo/__init__.pyc ./turtledemo/turtle.cfg ./turtledemo/rosette.pyc ./turtledemo/peace.pyc ./logging/handlers.pyc ./logging/config.pyc ./logging/__init__.pyc[0m
[1m[90m[DEBUG][39m[0m:   	  adding: quopri.pyc (deflated 48%)
[1m[90m[DEBUG][39m[0m:   	  adding: sre_compile.pyc (deflated 24%)
[1m[90m[DEBUG][39m[0m:   	  adding: _pyio.pyc (deflated 62%)
[1m[90m[DEBUG][39m[0m:   	  adding: random.pyc (deflated 52%)
[1m[90m[DEBUG][39m[0m:   	  adding: _weakrefset.pyc (deflated 62%)
[1m[90m[DEBUG][39m[0m:   	  adding: typing.pyc (deflated 60%)
[1m[90m[DEBUG][39m[0m:   	  adding: abc.pyc (deflated 51%)
[1m[90m[DEBUG][39m[0m:   	  adding: smtplib.pyc (deflated 54%)
[1m[90m[DEBUG][39m[0m:   	  adding: platform.pyc (deflated 50%)
[1m[90m[DEBUG][39m[0m:   	  adding: fractions.pyc (deflated 59%)
[1m[90m[DEBUG][39m[0m:   	  adding: _ios_support.pyc (deflated 50%)
[1m[90m[DEBUG][39m[0m:   	  adding: subprocess.pyc (deflated 57%)
[1m[90m[DEBUG][39m[0m:   	  adding: pkgutil.pyc (deflated 46%)
[1m[90m[DEBUG][39m[0m:   	  adding: netrc.pyc (deflated 50%)
[1m[90m[DEBUG][39m[0m:   	  adding: selectors.pyc (deflated 60%)
[1m[90m[DEBUG][39m[0m:   	  adding: pickletools.pyc (deflated 66%)
[1m[90m[DEBUG][39m[0m:   	  adding: heapq.pyc (deflated 55%)
[1m[90m[DEBUG][39m[0m:   	  adding: types.pyc (deflated 53%)
[1m[90m[DEBUG][39m[0m:   	  adding: io.pyc (deflated 51%)
[1m[90m[DEBUG][39m[0m:   	  adding: sched.pyc (deflated 49%)
[1m[90m[DEBUG][39m[0m:   	  adding: contextlib.pyc (deflated 62%)
[1m[90m[DEBUG][39m[0m:   	  adding: _aix_support.pyc (deflated 42%)
[1m[90m[DEBUG][39m[0m:   	  adding: posixpath.pyc (deflated 53%)
[1m[90m[DEBUG][39m[0m:   	  adding: _ast_unparse.pyc (deflated 69%)
[1m[90m[DEBUG][39m[0m:   	  adding: copyreg.pyc (deflated 49%)
[1m[90m[DEBUG][39m[0m:   	  adding: argparse.pyc (deflated 58%)
[1m[90m[DEBUG][39m[0m:   	  adding: _py_warnings.pyc (deflated 54%)
[1m[90m[DEBUG][39m[0m:   	  adding: __future__.pyc (deflated 48%)
[1m[90m[DEBUG][39m[0m:   	  adding: codeop.pyc (deflated 45%)
[1m[90m[DEBUG][39m[0m:   	  adding: bdb.pyc (deflated 61%)
[1m[90m[DEBUG][39m[0m:   	  adding: hmac.pyc (deflated 54%)
[1m[90m[DEBUG][39m[0m:   	  adding: fnmatch.pyc (deflated 49%)
[1m[90m[DEBUG][39m[0m:   	  adding: tracemalloc.pyc (deflated 62%)
[1m[90m[DEBUG][39m[0m:   	  adding: tabnanny.pyc (deflated 53%)
[1m[90m[DEBUG][39m[0m:   	  adding: bz2.pyc (deflated 58%)
[1m[90m[DEBUG][39m[0m:   	  adding: _sitebuiltins.pyc (deflated 45%)
[1m[90m[DEBUG][39m[0m:   	  adding: linecache.pyc (deflated 48%)
[1m[90m[DEBUG][39m[0m:   	  adding: gettext.pyc (deflated 53%)
[1m[90m[DEBUG][39m[0m:   	  adding: csv.pyc (deflated 50%)
[1m[90m[DEBUG][39m[0m:   	  adding: optparse.pyc (deflated 60%)
[1m[90m[DEBUG][39m[0m:   	  adding: inspect.pyc (deflated 56%)
[1m[90m[DEBUG][39m[0m:   	  adding: functools.pyc (deflated 54%)
[1m[90m[DEBUG][39m[0m:   	  adding: pstats.pyc (deflated 57%)
[1m[90m[DEBUG][39m[0m:   	  adding: lzma.pyc (deflated 54%)
[1m[90m[DEBUG][39m[0m:   	  adding: _threading_local.pyc (deflated 50%)
[1m[90m[DEBUG][39m[0m:   	  adding: queue.pyc (deflated 61%)
[1m[90m[DEBUG][39m[0m:   	  adding: contextvars.pyc (deflated 28%)
[1m[90m[DEBUG][39m[0m:   	  adding: sre_constants.pyc (deflated 25%)
[1m[90m[DEBUG][39m[0m:   	  adding: socketserver.pyc (deflated 62%)
[1m[90m[DEBUG][39m[0m:   	  adding: datetime.pyc (deflated 22%)
[1m[90m[DEBUG][39m[0m:   	  adding: shlex.pyc (deflated 57%)
[1m[90m[DEBUG][39m[0m:   	  adding: _opcode_metadata.pyc (deflated 53%)
[1m[90m[DEBUG][39m[0m:   	  adding: keyword.pyc (deflated 36%)
[1m[90m[DEBUG][39m[0m:   	  adding: codecs.pyc (deflated 64%)
[1m[90m[DEBUG][39m[0m:   	  adding: ntpath.pyc (deflated 52%)
[1m[90m[DEBUG][39m[0m:   	  adding: os.pyc (deflated 54%)
[1m[90m[DEBUG][39m[0m:   	  adding: webbrowser.pyc (deflated 56%)
[1m[90m[DEBUG][39m[0m:   	  adding: _pydatetime.pyc (deflated 62%)
[1m[90m[DEBUG][39m[0m:   	  adding: sre_parse.pyc (deflated 24%)
[1m[90m[DEBUG][39m[0m:   	  adding: calendar.pyc (deflated 61%)
[1m[90m[DEBUG][39m[0m:   	  adding: wave.pyc (deflated 62%)
[1m[90m[DEBUG][39m[0m:   	  adding: turtle.pyc (deflated 61%)
[1m[90m[DEBUG][39m[0m:   	  adding: antigravity.pyc (deflated 30%)
[1m[90m[DEBUG][39m[0m:   	  adding: tarfile.pyc (deflated 58%)
[1m[90m[DEBUG][39m[0m:   	  adding: code.pyc (deflated 52%)
[1m[90m[DEBUG][39m[0m:   	  adding: textwrap.pyc (deflated 51%)
[1m[90m[DEBUG][39m[0m:   	  adding: _osx_support.pyc (deflated 50%)
[1m[90m[DEBUG][39m[0m:   	  adding: runpy.pyc (deflated 50%)
[1m[90m[DEBUG][39m[0m:   	  adding: shutil.pyc (deflated 55%)
[1m[90m[DEBUG][39m[0m:   	  adding: base64.pyc (deflated 52%)
[1m[90m[DEBUG][39m[0m:   	  adding: _strptime.pyc (deflated 55%)
[1m[90m[DEBUG][39m[0m:   	  adding: difflib.pyc (deflated 54%)
[1m[90m[DEBUG][39m[0m:   	  adding: rlcompleter.pyc (deflated 44%)
[1m[90m[DEBUG][39m[0m:   	  adding: _py_abc.pyc (deflated 50%)
[1m[90m[DEBUG][39m[0m:   	  adding: stringprep.pyc (deflated 63%)
[1m[90m[DEBUG][39m[0m:   	  adding: dataclasses.pyc (deflated 54%)
[1m[90m[DEBUG][39m[0m:   	  adding: gzip.pyc (deflated 57%)
[1m[90m[DEBUG][39m[0m:   	  adding: enum.pyc (deflated 55%)
[1m[90m[DEBUG][39m[0m:   	  adding: cProfile.pyc (deflated 49%)
[1m[90m[DEBUG][39m[0m:   	  adding: tempfile.pyc (deflated 59%)
[1m[90m[DEBUG][39m[0m:   	  adding: getopt.pyc (deflated 48%)
[1m[90m[DEBUG][39m[0m:   	  adding: trace.pyc (deflated 55%)
[1m[90m[DEBUG][39m[0m:   	  adding: signal.pyc (deflated 52%)
[1m[90m[DEBUG][39m[0m:   	  adding: locale.pyc (deflated 55%)
[1m[90m[DEBUG][39m[0m:   	  adding: imaplib.pyc (deflated 57%)
[1m[90m[DEBUG][39m[0m:   	  adding: uuid.pyc (deflated 56%)
[1m[90m[DEBUG][39m[0m:   	  adding: _colorize.pyc (deflated 57%)
[1m[90m[DEBUG][39m[0m:   	  adding: fileinput.pyc (deflated 58%)
[1m[90m[DEBUG][39m[0m:   	  adding: copy.pyc (deflated 45%)
[1m[90m[DEBUG][39m[0m:   	  adding: decimal.pyc (deflated 23%)
[1m[90m[DEBUG][39m[0m:   	  adding: bisect.pyc (deflated 52%)
[1m[90m[DEBUG][39m[0m:   	  adding: tokenize.pyc (deflated 48%)
[1m[90m[DEBUG][39m[0m:   	  adding: ftplib.pyc (deflated 58%)
[1m[90m[DEBUG][39m[0m:   	  adding: hashlib.pyc (deflated 48%)
[1m[90m[DEBUG][39m[0m:   	  adding: filecmp.pyc (deflated 57%)
[1m[90m[DEBUG][39m[0m:   	  adding: configparser.pyc (deflated 60%)
[1m[90m[DEBUG][39m[0m:   	  adding: shelve.pyc (deflated 59%)
[1m[90m[DEBUG][39m[0m:   	  adding: zipimport.pyc (deflated 50%)
[1m[90m[DEBUG][39m[0m:   	  adding: pprint.pyc (deflated 60%)
[1m[90m[DEBUG][39m[0m:   	  adding: pickle.pyc (deflated 62%)
[1m[90m[DEBUG][39m[0m:   	  adding: socket.pyc (deflated 54%)
[1m[90m[DEBUG][39m[0m:   	  adding: reprlib.pyc (deflated 52%)
[1m[90m[DEBUG][39m[0m:   	  adding: plistlib.pyc (deflated 61%)
[1m[90m[DEBUG][39m[0m:   	  adding: _pylong.pyc (deflated 49%)
[1m[90m[DEBUG][39m[0m:   	  adding: statistics.pyc (deflated 59%)
[1m[90m[DEBUG][39m[0m:   	  adding: site.py.orig (deflated 70%)
[1m[90m[DEBUG][39m[0m:   	  adding: profile.pyc (deflated 56%)
[1m[90m[DEBUG][39m[0m:   	  adding: traceback.pyc (deflated 55%)
[1m[90m[DEBUG][39m[0m:   	  adding: ast.pyc (deflated 52%)
[1m[90m[DEBUG][39m[0m:   	  adding: pdb.pyc (deflated 57%)
[1m[90m[DEBUG][39m[0m:   	  adding: colorsys.pyc (deflated 57%)
[1m[90m[DEBUG][39m[0m:   	  adding: _markupbase.pyc (deflated 58%)
[1m[90m[DEBUG][39m[0m:   	  adding: secrets.pyc (deflated 41%)
[1m[90m[DEBUG][39m[0m:   	  adding: ssl.pyc (deflated 60%)
[1m[90m[DEBUG][39m[0m:   	  adding: modulefinder.pyc (deflated 55%)
[1m[90m[DEBUG][39m[0m:   	  adding: this.pyc (deflated 38%)
[1m[90m[DEBUG][39m[0m:   	  adding: stat.pyc (deflated 56%)
[1m[90m[DEBUG][39m[0m:   	  adding: py_compile.pyc (deflated 47%)
[1m[90m[DEBUG][39m[0m:   	  adding: timeit.pyc (deflated 44%)
[1m[90m[DEBUG][39m[0m:   	  adding: nturl2path.pyc (deflated 43%)
[1m[90m[DEBUG][39m[0m:   	  adding: _android_support.pyc (deflated 51%)
[1m[90m[DEBUG][39m[0m:   	  adding: compileall.pyc (deflated 50%)
[1m[90m[DEBUG][39m[0m:   	  adding: tty.pyc (deflated 56%)
[1m[90m[DEBUG][39m[0m:   	  adding: dis.pyc (deflated 54%)
[1m[90m[DEBUG][39m[0m:   	  adding: glob.pyc (deflated 53%)
[1m[90m[DEBUG][39m[0m:   	  adding: annotationlib.pyc (deflated 57%)
[1m[90m[DEBUG][39m[0m:   	  adding: pty.pyc (deflated 47%)
[1m[90m[DEBUG][39m[0m:   	  adding: numbers.pyc (deflated 73%)
[1m[90m[DEBUG][39m[0m:   	  adding: pydoc.pyc (deflated 56%)
[1m[90m[DEBUG][39m[0m:   	  adding: graphlib.pyc (deflated 49%)
[1m[90m[DEBUG][39m[0m:   	  adding: zipapp.pyc (deflated 50%)
[1m[90m[DEBUG][39m[0m:   	  adding: genericpath.pyc (deflated 57%)
[1m[90m[DEBUG][39m[0m:   	  adding: _pydecimal.pyc (deflated 65%)
[1m[90m[DEBUG][39m[0m:   	  adding: getpass.pyc (deflated 47%)
[1m[90m[DEBUG][39m[0m:   	  adding: struct.pyc (deflated 25%)
[1m[90m[DEBUG][39m[0m:   	  adding: pyclbr.pyc (deflated 51%)
[1m[90m[DEBUG][39m[0m:   	  adding: doctest.pyc (deflated 56%)
[1m[90m[DEBUG][39m[0m:   	  adding: ipaddress.pyc (deflated 64%)
[1m[90m[DEBUG][39m[0m:   	  adding: operator.pyc (deflated 62%)
[1m[90m[DEBUG][39m[0m:   	  adding: site.pyc (deflated 54%)
[1m[90m[DEBUG][39m[0m:   	  adding: cmd.pyc (deflated 51%)
[1m[90m[DEBUG][39m[0m:   	  adding: warnings.pyc (deflated 43%)
[1m[90m[DEBUG][39m[0m:   	  adding: _collections_abc.pyc (deflated 64%)
[1m[90m[DEBUG][39m[0m:   	  adding: _compat_pickle.pyc (deflated 47%)
[1m[90m[DEBUG][39m[0m:   	  adding: symtable.pyc (deflated 61%)
[1m[90m[DEBUG][39m[0m:   	  adding: __hello__.pyc (deflated 47%)
[1m[90m[DEBUG][39m[0m:   	  adding: _apple_support.pyc (deflated 47%)
[1m[90m[DEBUG][39m[0m:   	  adding: mimetypes.pyc (deflated 52%)
[1m[90m[DEBUG][39m[0m:   	  adding: token.pyc (deflated 43%)
[1m[90m[DEBUG][39m[0m:   	  adding: opcode.pyc (deflated 52%)
[1m[90m[DEBUG][39m[0m:   	  adding: weakref.pyc (deflated 62%)
[1m[90m[DEBUG][39m[0m:   	  adding: threading.pyc (deflated 61%)
[1m[90m[DEBUG][39m[0m:   	  adding: poplib.pyc (deflated 55%)
[1m[90m[DEBUG][39m[0m:   	  adding: mailbox.pyc (deflated 66%)
[1m[90m[DEBUG][39m[0m:   	  adding: pydoc_data/_pydoc.css (deflated 66%)
[1m[90m[DEBUG][39m[0m:   	  adding: pydoc_data/__init__.pyc (deflated 24%)
[1m[90m[DEBUG][39m[0m:   	  adding: pydoc_data/topics.pyc (deflated 71%)
[1m[90m[DEBUG][39m[0m:   	  adding: importlib/util.pyc (deflated 49%)
[1m[90m[DEBUG][39m[0m:   	  adding: importlib/simple.pyc (deflated 25%)
[1m[90m[DEBUG][39m[0m:   	  adding: importlib/abc.pyc (deflated 54%)
[1m[90m[DEBUG][39m[0m:   	  adding: importlib/_bootstrap_external.pyc (deflated 55%)
[1m[90m[DEBUG][39m[0m:   	  adding: importlib/readers.pyc (deflated 23%)
[1m[90m[DEBUG][39m[0m:   	  adding: importlib/_bootstrap.pyc (deflated 57%)
[1m[90m[DEBUG][39m[0m:   	  adding: importlib/machinery.pyc (deflated 46%)
[1m[90m[DEBUG][39m[0m:   	  adding: importlib/__init__.pyc (deflated 42%)
[1m[90m[DEBUG][39m[0m:   	  adding: importlib/_abc.pyc (deflated 37%)
[1m[90m[DEBUG][39m[0m:   	  adding: importlib/metadata/diagnose.pyc (deflated 36%)
[1m[90m[DEBUG][39m[0m:   	  adding: importlib/metadata/_functools.pyc (deflated 40%)
[1m[90m[DEBUG][39m[0m:   	  adding: importlib/metadata/_collections.pyc (deflated 42%)
[1m[90m[DEBUG][39m[0m:   	  adding: importlib/metadata/_adapters.pyc (deflated 42%)
[1m[90m[DEBUG][39m[0m:   	  adding: importlib/metadata/_itertools.pyc (deflated 32%)
[1m[90m[DEBUG][39m[0m:   	  adding: importlib/metadata/_text.pyc (deflated 55%)
[1m[90m[DEBUG][39m[0m:   	  adding: importlib/metadata/__init__.pyc (deflated 62%)
[1m[90m[DEBUG][39m[0m:   	  adding: importlib/metadata/_meta.pyc (deflated 65%)
[1m[90m[DEBUG][39m[0m:   	  adding: importlib/resources/simple.pyc (deflated 57%)
[1m[90m[DEBUG][39m[0m:   	  adding: importlib/resources/abc.pyc (deflated 62%)
[1m[90m[DEBUG][39m[0m:   	  adding: importlib/resources/_functional.pyc (deflated 48%)
[1m[90m[DEBUG][39m[0m:   	  adding: importlib/resources/_adapters.pyc (deflated 60%)
[1m[90m[DEBUG][39m[0m:   	  adding: importlib/resources/readers.pyc (deflated 53%)
[1m[90m[DEBUG][39m[0m:   	  adding: importlib/resources/_itertools.pyc (deflated 27%)
[1m[90m[DEBUG][39m[0m:   	  adding: importlib/resources/__init__.pyc (deflated 33%)
[1m[90m[DEBUG][39m[0m:   	  adding: importlib/resources/_common.pyc (deflated 54%)
[1m[90m[DEBUG][39m[0m:   	  adding: pathlib/types.pyc (deflated 58%)
[1m[90m[DEBUG][39m[0m:   	  adding: pathlib/_local.pyc (deflated 25%)
[1m[90m[DEBUG][39m[0m:   	  adding: pathlib/_os.pyc (deflated 56%)
[1m[90m[DEBUG][39m[0m:   	  adding: pathlib/__init__.pyc (deflated 61%)
[1m[90m[DEBUG][39m[0m:   	  adding: venv/__main__.pyc (deflated 22%)
[1m[90m[DEBUG][39m[0m:   	  adding: venv/__init__.pyc (deflated 56%)
[1m[90m[DEBUG][39m[0m:   	  adding: venv/scripts/common/Activate.ps1 (deflated 68%)
[1m[90m[DEBUG][39m[0m:   	  adding: venv/scripts/common/activate.fish (deflated 63%)
[1m[90m[DEBUG][39m[0m:   	  adding: venv/scripts/common/activate (deflated 61%)
[1m[90m[DEBUG][39m[0m:   	  adding: venv/scripts/posix/activate.csh (deflated 52%)
[1m[90m[DEBUG][39m[0m:   	  adding: venv/scripts/nt/activate.bat (deflated 61%)
[1m[90m[DEBUG][39m[0m:   	  adding: venv/scripts/nt/deactivate.bat (deflated 64%)
[1m[90m[DEBUG][39m[0m:   	  adding: __phello__/spam.pyc (deflated 27%)
[1m[90m[DEBUG][39m[0m:   	  adding: __phello__/__init__.pyc (deflated 28%)
[1m[90m[DEBUG][39m[0m:   	  adding: __phello__/ham/eggs.pyc (deflated 24%)
[1m[90m[DEBUG][39m[0m:   	  adding: __phello__/ham/__init__.pyc (deflated 24%)
[1m[90m[DEBUG][39m[0m:   	  adding: re/_compiler.pyc (deflated 55%)
[1m[90m[DEBUG][39m[0m:   	  adding: re/_constants.pyc (deflated 44%)
[1m[90m[DEBUG][39m[0m:   	  adding: re/_casefix.pyc (deflated 52%)
[1m[90m[DEBUG][39m[0m:   	  adding: re/_parser.pyc (deflated 58%)
[1m[90m[DEBUG][39m[0m:   	  adding: re/__init__.pyc (deflated 53%)
[1m[90m[DEBUG][39m[0m:   	  adding: ctypes/util.pyc (deflated 52%)
[1m[90m[DEBUG][39m[0m:   	  adding: ctypes/_aix.pyc (deflated 45%)
[1m[90m[DEBUG][39m[0m:   	  adding: ctypes/wintypes.pyc (deflated 58%)
[1m[90m[DEBUG][39m[0m:   	  adding: ctypes/_endian.pyc (deflated 48%)
[1m[90m[DEBUG][39m[0m:   	  adding: ctypes/_layout.pyc (deflated 44%)
[1m[90m[DEBUG][39m[0m:   	  adding: ctypes/__init__.pyc (deflated 56%)
[1m[90m[DEBUG][39m[0m:   	  adding: ctypes/macholib/fetch_macholib.bat (deflated 9%)
[1m[90m[DEBUG][39m[0m:   	  adding: ctypes/macholib/fetch_macholib (deflated 12%)
[1m[90m[DEBUG][39m[0m:   	  adding: ctypes/macholib/README.ctypes (deflated 27%)
[1m[90m[DEBUG][39m[0m:   	  adding: ctypes/macholib/dyld.pyc (deflated 54%)
[1m[90m[DEBUG][39m[0m:   	  adding: ctypes/macholib/framework.pyc (deflated 31%)
[1m[90m[DEBUG][39m[0m:   	  adding: ctypes/macholib/__init__.pyc (deflated 20%)
[1m[90m[DEBUG][39m[0m:   	  adding: ctypes/macholib/dylib.pyc (deflated 30%)
[1m[90m[DEBUG][39m[0m:   	  adding: encodings/shift_jis.pyc (deflated 57%)
[1m[90m[DEBUG][39m[0m:   	  adding: encodings/gb2312.pyc (deflated 57%)
[1m[90m[DEBUG][39m[0m:   	  adding: encodings/big5.pyc (deflated 57%)
[1m[90m[DEBUG][39m[0m:   	  adding: encodings/cp737.pyc (deflated 57%)
[1m[90m[DEBUG][39m[0m:   	  adding: encodings/hp_roman8.pyc (deflated 50%)
[1m[90m[DEBUG][39m[0m:   	  adding: encodings/iso8859_7.pyc (deflated 50%)
[1m[90m[DEBUG][39m[0m:   	  adding: encodings/iso8859_11.pyc (deflated 50%)
[1m[90m[DEBUG][39m[0m:   	  adding: encodings/iso8859_5.pyc (deflated 50%)
[1m[90m[DEBUG][39m[0m:   	  adding: encodings/cp1251.pyc (deflated 50%)
[1m[90m[DEBUG][39m[0m:   	  adding: encodings/gbk.pyc (deflated 57%)
[1m[90m[DEBUG][39m[0m:   	  adding: encodings/raw_unicode_escape.pyc (deflated 56%)
[1m[90m[DEBUG][39m[0m:   	  adding: encodings/bz2_codec.pyc (deflated 58%)
[1m[90m[DEBUG][39m[0m:   	  adding: encodings/iso8859_3.pyc (deflated 50%)
[1m[90m[DEBUG][39m[0m:   	  adding: encodings/oem.pyc (deflated 51%)
[1m[90m[DEBUG][39m[0m:   	  adding: encodings/utf_32_be.pyc (deflated 53%)
[1m[90m[DEBUG][39m[0m:   	  adding: encodings/hex_codec.pyc (deflated 57%)
[1m[90m[DEBUG][39m[0m:   	  adding: encodings/_win_cp_codecs.pyc (deflated 60%)
[1m[90m[DEBUG][39m[0m:   	  adding: encodings/charmap.pyc (deflated 64%)
[1m[90m[DEBUG][39m[0m:   	  adding: encodings/utf_16.pyc (deflated 62%)
[1m[90m[DEBUG][39m[0m:   	  adding: encodings/koi8_r.pyc (deflated 50%)
[1m[90m[DEBUG][39m[0m:   	  adding: encodings/utf_8_sig.pyc (deflated 61%)
[1m[90m[DEBUG][39m[0m:   	  adding: encodings/iso8859_13.pyc (deflated 50%)
[1m[90m[DEBUG][39m[0m:   	  adding: encodings/kz1048.pyc (deflated 50%)
[1m[90m[DEBUG][39m[0m:   	  adding: encodings/idna.pyc (deflated 56%)
[1m[90m[DEBUG][39m[0m:   	  adding: encodings/mac_turkish.pyc (deflated 49%)
[1m[90m[DEBUG][39m[0m:   	  adding: encodings/euc_jp.pyc (deflated 57%)
[1m[90m[DEBUG][39m[0m:   	  adding: encodings/euc_jis_2004.pyc (deflated 57%)
[1m[90m[DEBUG][39m[0m:   	  adding: encodings/mac_latin2.pyc (deflated 50%)
[1m[90m[DEBUG][39m[0m:   	  adding: encodings/iso8859_9.pyc (deflated 50%)
[1m[90m[DEBUG][39m[0m:   	  adding: encodings/cp1258.pyc (deflated 50%)
[1m[90m[DEBUG][39m[0m:   	  adding: encodings/big5hkscs.pyc (deflated 57%)
[1m[90m[DEBUG][39m[0m:   	  adding: encodings/gb18030.pyc (deflated 57%)
[1m[90m[DEBUG][39m[0m:   	  adding: encodings/cp932.pyc (deflated 57%)
[1m[90m[DEBUG][39m[0m:   	  adding: encodings/iso2022_jp_3.pyc (deflated 57%)
[1m[90m[DEBUG][39m[0m:   	  adding: encodings/cp775.pyc (deflated 57%)
[1m[90m[DEBUG][39m[0m:   	  adding: encodings/cp1257.pyc (deflated 50%)
[1m[90m[DEBUG][39m[0m:   	  adding: encodings/cp862.pyc (deflated 57%)
[1m[90m[DEBUG][39m[0m:   	  adding: encodings/unicode_escape.pyc (deflated 56%)
[1m[90m[DEBUG][39m[0m:   	  adding: encodings/quopri_codec.pyc (deflated 57%)
[1m[90m[DEBUG][39m[0m:   	  adding: encodings/euc_jisx0213.pyc (deflated 57%)
[1m[90m[DEBUG][39m[0m:   	  adding: encodings/cp1256.pyc (deflated 50%)
[1m[90m[DEBUG][39m[0m:   	  adding: encodings/utf_32.pyc (deflated 61%)
[1m[90m[DEBUG][39m[0m:   	  adding: encodings/utf_32_le.pyc (deflated 53%)
[1m[90m[DEBUG][39m[0m:   	  adding: encodings/cp950.pyc (deflated 57%)
[1m[90m[DEBUG][39m[0m:   	  adding: encodings/tis_620.pyc (deflated 50%)
[1m[90m[DEBUG][39m[0m:   	  adding: encodings/cp861.pyc (deflated 57%)
[1m[90m[DEBUG][39m[0m:   	  adding: encodings/cp863.pyc (deflated 57%)
[1m[90m[DEBUG][39m[0m:   	  adding: encodings/koi8_u.pyc (deflated 50%)
[1m[90m[DEBUG][39m[0m:   	  adding: encodings/cp437.pyc (deflated 57%)
[1m[90m[DEBUG][39m[0m:   	  adding: encodings/koi8_t.pyc (deflated 51%)
[1m[90m[DEBUG][39m[0m:   	  adding: encodings/mac_croatian.pyc (deflated 49%)
[1m[90m[DEBUG][39m[0m:   	  adding: encodings/latin_1.pyc (deflated 58%)
[1m[90m[DEBUG][39m[0m:   	  adding: encodings/cp1006.pyc (deflated 50%)
[1m[90m[DEBUG][39m[0m:   	  adding: encodings/zlib_codec.pyc (deflated 60%)
[1m[90m[DEBUG][39m[0m:   	  adding: encodings/cp857.pyc (deflated 57%)
[1m[90m[DEBUG][39m[0m:   	  adding: encodings/utf_7.pyc (deflated 53%)
[1m[90m[DEBUG][39m[0m:   	  adding: encodings/euc_kr.pyc (deflated 57%)
[1m[90m[DEBUG][39m[0m:   	  adding: encodings/ascii.pyc (deflated 58%)
[1m[90m[DEBUG][39m[0m:   	  adding: encodings/shift_jisx0213.pyc (deflated 56%)
[1m[90m[DEBUG][39m[0m:   	  adding: encodings/mac_roman.pyc (deflated 49%)
[1m[90m[DEBUG][39m[0m:   	  adding: encodings/cp858.pyc (deflated 57%)
[1m[90m[DEBUG][39m[0m:   	  adding: encodings/shift_jis_2004.pyc (deflated 57%)
[1m[90m[DEBUG][39m[0m:   	  adding: encodings/mac_cyrillic.pyc (deflated 50%)
[1m[90m[DEBUG][39m[0m:   	  adding: encodings/cp874.pyc (deflated 51%)
[1m[90m[DEBUG][39m[0m:   	  adding: encodings/cp1255.pyc (deflated 51%)
[1m[90m[DEBUG][39m[0m:   	  adding: encodings/iso2022_jp_2004.pyc (deflated 57%)
[1m[90m[DEBUG][39m[0m:   	  adding: encodings/palmos.pyc (deflated 50%)
[1m[90m[DEBUG][39m[0m:   	  adding: encodings/iso2022_kr.pyc (deflated 57%)
[1m[90m[DEBUG][39m[0m:   	  adding: encodings/iso8859_10.pyc (deflated 50%)
[1m[90m[DEBUG][39m[0m:   	  adding: encodings/utf_16_le.pyc (deflated 53%)
[1m[90m[DEBUG][39m[0m:   	  adding: encodings/punycode.pyc (deflated 49%)
[1m[90m[DEBUG][39m[0m:   	  adding: encodings/iso8859_14.pyc (deflated 50%)
[1m[90m[DEBUG][39m[0m:   	  adding: encodings/iso8859_6.pyc (deflated 53%)
[1m[90m[DEBUG][39m[0m:   	  adding: encodings/hz.pyc (deflated 57%)
[1m[90m[DEBUG][39m[0m:   	  adding: encodings/cp864.pyc (deflated 56%)
[1m[90m[DEBUG][39m[0m:   	  adding: encodings/undefined.pyc (deflated 58%)
[1m[90m[DEBUG][39m[0m:   	  adding: encodings/iso8859_16.pyc (deflated 50%)
[1m[90m[DEBUG][39m[0m:   	  adding: encodings/iso8859_8.pyc (deflated 53%)
[1m[90m[DEBUG][39m[0m:   	  adding: encodings/mbcs.pyc (deflated 51%)
[1m[90m[DEBUG][39m[0m:   	  adding: encodings/cp856.pyc (deflated 52%)
[1m[90m[DEBUG][39m[0m:   	  adding: encodings/cp869.pyc (deflated 57%)
[1m[90m[DEBUG][39m[0m:   	  adding: encodings/cp852.pyc (deflated 57%)
[1m[90m[DEBUG][39m[0m:   	  adding: encodings/cp1250.pyc (deflated 50%)
[1m[90m[DEBUG][39m[0m:   	  adding: encodings/mac_romanian.pyc (deflated 49%)
[1m[90m[DEBUG][39m[0m:   	  adding: encodings/cp1252.pyc (deflated 50%)
[1m[90m[DEBUG][39m[0m:   	  adding: encodings/cp273.pyc (deflated 51%)
[1m[90m[DEBUG][39m[0m:   	  adding: encodings/cp855.pyc (deflated 57%)
[1m[90m[DEBUG][39m[0m:   	  adding: encodings/utf_8.pyc (deflated 53%)
[1m[90m[DEBUG][39m[0m:   	  adding: encodings/cp865.pyc (deflated 56%)
[1m[90m[DEBUG][39m[0m:   	  adding: encodings/__init__.pyc (deflated 46%)
[1m[90m[DEBUG][39m[0m:   	  adding: encodings/cp1253.pyc (deflated 51%)
[1m[90m[DEBUG][39m[0m:   	  adding: encodings/mac_iceland.pyc (deflated 50%)
[1m[90m[DEBUG][39m[0m:   	  adding: encodings/cp500.pyc (deflated 51%)
[1m[90m[DEBUG][39m[0m:   	  adding: encodings/cp875.pyc (deflated 50%)
[1m[90m[DEBUG][39m[0m:   	  adding: encodings/cp866.pyc (deflated 57%)
[1m[90m[DEBUG][39m[0m:   	  adding: encodings/iso2022_jp.pyc (deflated 57%)
[1m[90m[DEBUG][39m[0m:   	  adding: encodings/mac_arabic.pyc (deflated 57%)
[1m[90m[DEBUG][39m[0m:   	  adding: encodings/base64_codec.pyc (deflated 57%)
[1m[90m[DEBUG][39m[0m:   	  adding: encodings/rot_13.pyc (deflated 54%)
[1m[90m[DEBUG][39m[0m:   	  adding: encodings/cp1026.pyc (deflated 50%)
[1m[90m[DEBUG][39m[0m:   	  adding: encodings/cp424.pyc (deflated 52%)
[1m[90m[DEBUG][39m[0m:   	  adding: encodings/aliases.pyc (deflated 59%)
[1m[90m[DEBUG][39m[0m:   	  adding: encodings/iso2022_jp_1.pyc (deflated 57%)
[1m[90m[DEBUG][39m[0m:   	  adding: encodings/iso2022_jp_ext.pyc (deflated 57%)
[1m[90m[DEBUG][39m[0m:   	  adding: encodings/iso8859_1.pyc (deflated 51%)
[1m[90m[DEBUG][39m[0m:   	  adding: encodings/johab.pyc (deflated 57%)
[1m[90m[DEBUG][39m[0m:   	  adding: encodings/mac_farsi.pyc (deflated 51%)
[1m[90m[DEBUG][39m[0m:   	  adding: encodings/iso8859_4.pyc (deflated 50%)
[1m[90m[DEBUG][39m[0m:   	  adding: encodings/cp720.pyc (deflated 49%)
[1m[90m[DEBUG][39m[0m:   	  adding: encodings/cp1254.pyc (deflated 50%)
[1m[90m[DEBUG][39m[0m:   	  adding: encodings/iso2022_jp_2.pyc (deflated 57%)
[1m[90m[DEBUG][39m[0m:   	  adding: encodings/cp949.pyc (deflated 57%)
[1m[90m[DEBUG][39m[0m:   	  adding: encodings/uu_codec.pyc (deflated 52%)
[1m[90m[DEBUG][39m[0m:   	  adding: encodings/cp850.pyc (deflated 57%)
[1m[90m[DEBUG][39m[0m:   	  adding: encodings/cp860.pyc (deflated 57%)
[1m[90m[DEBUG][39m[0m:   	  adding: encodings/mac_greek.pyc (deflated 50%)
[1m[90m[DEBUG][39m[0m:   	  adding: encodings/cp1125.pyc (deflated 57%)
[1m[90m[DEBUG][39m[0m:   	  adding: encodings/ptcp154.pyc (deflated 50%)
[1m[90m[DEBUG][39m[0m:   	  adding: encodings/cp1140.pyc (deflated 51%)
[1m[90m[DEBUG][39m[0m:   	  adding: encodings/iso8859_2.pyc (deflated 50%)
[1m[90m[DEBUG][39m[0m:   	  adding: encodings/iso8859_15.pyc (deflated 50%)
[1m[90m[DEBUG][39m[0m:   	  adding: encodings/utf_16_be.pyc (deflated 53%)
[1m[90m[DEBUG][39m[0m:   	  adding: encodings/cp037.pyc (deflated 51%)
[1m[90m[DEBUG][39m[0m:   	  adding: zipfile/__main__.pyc (deflated 21%)
[1m[90m[DEBUG][39m[0m:   	  adding: zipfile/__init__.pyc (deflated 58%)
[1m[90m[DEBUG][39m[0m:   	  adding: zipfile/_path/__init__.pyc (deflated 57%)
[1m[90m[DEBUG][39m[0m:   	  adding: zipfile/_path/glob.pyc (deflated 48%)
[1m[90m[DEBUG][39m[0m:   	  adding: xmlrpc/client.pyc (deflated 59%)
[1m[90m[DEBUG][39m[0m:   	  adding: xmlrpc/server.pyc (deflated 56%)
[1m[90m[DEBUG][39m[0m:   	  adding: xmlrpc/__init__.pyc (deflated 23%)
[1m[90m[DEBUG][39m[0m:   	  adding: site-packages/README.txt (deflated 18%)
[1m[90m[DEBUG][39m[0m:   	  adding: sqlite3/__main__.pyc (deflated 43%)
[1m[90m[DEBUG][39m[0m:   	  adding: sqlite3/dbapi2.pyc (deflated 52%)
[1m[90m[DEBUG][39m[0m:   	  adding: sqlite3/dump.pyc (deflated 45%)
[1m[90m[DEBUG][39m[0m:   	  adding: sqlite3/__init__.pyc (deflated 20%)
[1m[90m[DEBUG][39m[0m:   	  adding: compression/bz2.pyc (deflated 22%)
[1m[90m[DEBUG][39m[0m:   	  adding: compression/lzma.pyc (deflated 22%)
[1m[90m[DEBUG][39m[0m:   	  adding: compression/zlib.pyc (deflated 22%)
[1m[90m[DEBUG][39m[0m:   	  adding: compression/gzip.pyc (deflated 22%)
[1m[90m[DEBUG][39m[0m:   	  adding: compression/__init__.pyc (deflated 23%)
[1m[90m[DEBUG][39m[0m:   	  adding: compression/_common/_streams.pyc (deflated 54%)
[1m[90m[DEBUG][39m[0m:   	  adding: compression/_common/__init__.pyc (deflated 25%)
[1m[90m[DEBUG][39m[0m:   	  adding: compression/zstd/__init__.pyc (deflated 53%)
[1m[90m[DEBUG][39m[0m:   	  adding: compression/zstd/_zstdfile.pyc (deflated 57%)
[1m[90m[DEBUG][39m[0m:   	  adding: collections/__init__.pyc (deflated 67%)
[1m[90m[DEBUG][39m[0m:   	  adding: zoneinfo/_zoneinfo.pyc (deflated 55%)
[1m[90m[DEBUG][39m[0m:   	  adding: zoneinfo/_tzpath.pyc (deflated 47%)
[1m[90m[DEBUG][39m[0m:   	  adding: zoneinfo/__init__.pyc (deflated 33%)
[1m[90m[DEBUG][39m[0m:   	  adding: zoneinfo/_common.pyc (deflated 45%)
[1m[90m[DEBUG][39m[0m:   	  adding: wsgiref/handlers.pyc (deflated 55%)
[1m[90m[DEBUG][39m[0m:   	  adding: wsgiref/util.pyc (deflated 48%)
[1m[90m[DEBUG][39m[0m:   	  adding: wsgiref/types.pyc (deflated 59%)
[1m[90m[DEBUG][39m[0m:   	  adding: wsgiref/headers.pyc (deflated 52%)
[1m[90m[DEBUG][39m[0m:   	  adding: wsgiref/validate.pyc (deflated 56%)
[1m[90m[DEBUG][39m[0m:   	  adding: wsgiref/simple_server.pyc (deflated 48%)
[1m[90m[DEBUG][39m[0m:   	  adding: wsgiref/__init__.pyc (deflated 22%)
[1m[90m[DEBUG][39m[0m:   	  adding: multiprocessing/resource_tracker.pyc (deflated 51%)
[1m[90m[DEBUG][39m[0m:   	  adding: multiprocessing/util.pyc (deflated 52%)
[1m[90m[DEBUG][39m[0m:   	  adding: multiprocessing/connection.pyc (deflated 56%)
[1m[90m[DEBUG][39m[0m:   	  adding: multiprocessing/popen_fork.pyc (deflated 53%)
[1m[90m[DEBUG][39m[0m:   	  adding: multiprocessing/resource_sharer.pyc (deflated 54%)
[1m[90m[DEBUG][39m[0m:   	  adding: multiprocessing/reduction.pyc (deflated 53%)
[1m[90m[DEBUG][39m[0m:   	  adding: multiprocessing/heap.pyc (deflated 54%)
[1m[90m[DEBUG][39m[0m:   	  adding: multiprocessing/pool.pyc (deflated 59%)
[1m[90m[DEBUG][39m[0m:   	  adding: multiprocessing/context.pyc (deflated 60%)
[1m[90m[DEBUG][39m[0m:   	  adding: multiprocessing/popen_spawn_win32.pyc (deflated 46%)
[1m[90m[DEBUG][39m[0m:   	  adding: multiprocessing/managers.pyc (deflated 60%)
[1m[90m[DEBUG][39m[0m:   	  adding: multiprocessing/forkserver.pyc (deflated 52%)
[1m[90m[DEBUG][39m[0m:   	  adding: multiprocessing/spawn.pyc (deflated 51%)
[1m[90m[DEBUG][39m[0m:   	  adding: multiprocessing/popen_forkserver.pyc (deflated 45%)
[1m[90m[DEBUG][39m[0m:   	  adding: multiprocessing/shared_memory.pyc (deflated 56%)
[1m[90m[DEBUG][39m[0m:   	  adding: multiprocessing/sharedctypes.pyc (deflated 55%)
[1m[90m[DEBUG][39m[0m:   	  adding: multiprocessing/__init__.pyc (deflated 30%)
[1m[90m[DEBUG][39m[0m:   	  adding: multiprocessing/queues.pyc (deflated 59%)
[1m[90m[DEBUG][39m[0m:   	  adding: multiprocessing/popen_spawn_posix.pyc (deflated 48%)
[1m[90m[DEBUG][39m[0m:   	  adding: multiprocessing/synchronize.pyc (deflated 60%)
[1m[90m[DEBUG][39m[0m:   	  adding: multiprocessing/process.pyc (deflated 56%)
[1m[90m[DEBUG][39m[0m:   	  adding: multiprocessing/dummy/connection.pyc (deflated 51%)
[1m[90m[DEBUG][39m[0m:   	  adding: multiprocessing/dummy/__init__.pyc (deflated 49%)
[1m[90m[DEBUG][39m[0m:   	  adding: _pyrepl/unix_eventqueue.pyc (deflated 37%)
[1m[90m[DEBUG][39m[0m:   	  adding: _pyrepl/__main__.pyc (deflated 23%)
[1m[90m[DEBUG][39m[0m:   	  adding: _pyrepl/input.pyc (deflated 52%)
[1m[90m[DEBUG][39m[0m:   	  adding: _pyrepl/keymap.pyc (deflated 49%)
[1m[90m[DEBUG][39m[0m:   	  adding: _pyrepl/unix_console.pyc (deflated 61%)
[1m[90m[DEBUG][39m[0m:   	  adding: _pyrepl/types.pyc (deflated 56%)
[1m[90m[DEBUG][39m[0m:   	  adding: _pyrepl/base_eventqueue.pyc (deflated 52%)
[1m[90m[DEBUG][39m[0m:   	  adding: _pyrepl/windows_eventqueue.pyc (deflated 41%)
[1m[90m[DEBUG][39m[0m:   	  adding: _pyrepl/completing_reader.pyc (deflated 54%)
[1m[90m[DEBUG][39m[0m:   	  adding: _pyrepl/utils.pyc (deflated 57%)
[1m[90m[DEBUG][39m[0m:   	  adding: _pyrepl/windows_console.pyc (deflated 58%)
[1m[90m[DEBUG][39m[0m:   	  adding: _pyrepl/trace.pyc (deflated 43%)
[1m[90m[DEBUG][39m[0m:   	  adding: _pyrepl/mypy.ini (deflated 42%)
[1m[90m[DEBUG][39m[0m:   	  adding: _pyrepl/historical_reader.pyc (deflated 63%)
[1m[90m[DEBUG][39m[0m:   	  adding: _pyrepl/console.pyc (deflated 58%)
[1m[90m[DEBUG][39m[0m:   	  adding: _pyrepl/pager.pyc (deflated 56%)
[1m[90m[DEBUG][39m[0m:   	  adding: _pyrepl/commands.pyc (deflated 70%)
[1m[90m[DEBUG][39m[0m:   	  adding: _pyrepl/fancy_termios.pyc (deflated 60%)
[1m[90m[DEBUG][39m[0m:   	  adding: _pyrepl/terminfo.pyc (deflated 49%)
[1m[90m[DEBUG][39m[0m:   	  adding: _pyrepl/readline.pyc (deflated 60%)
[1m[90m[DEBUG][39m[0m:   	  adding: _pyrepl/main.pyc (deflated 40%)
[1m[90m[DEBUG][39m[0m:   	  adding: _pyrepl/__init__.pyc (deflated 23%)
[1m[90m[DEBUG][39m[0m:   	  adding: _pyrepl/_module_completer.pyc (deflated 62%)
[1m[90m[DEBUG][39m[0m:   	  adding: _pyrepl/_threading_handler.pyc (deflated 58%)
[1m[90m[DEBUG][39m[0m:   	  adding: _pyrepl/reader.pyc (deflated 59%)
[1m[90m[DEBUG][39m[0m:   	  adding: _pyrepl/simple_interact.pyc (deflated 46%)
[1m[90m[DEBUG][39m[0m:   	  adding: email/_encoded_words.pyc (deflated 46%)
[1m[90m[DEBUG][39m[0m:   	  adding: email/_parseaddr.pyc (deflated 63%)
[1m[90m[DEBUG][39m[0m:   	  adding: email/utils.pyc (deflated 47%)
[1m[90m[DEBUG][39m[0m:   	  adding: email/parser.pyc (deflated 53%)
[1m[90m[DEBUG][39m[0m:   	  adding: email/_policybase.pyc (deflated 53%)
[1m[90m[DEBUG][39m[0m:   	  adding: email/encoders.pyc (deflated 44%)
[1m[90m[DEBUG][39m[0m:   	  adding: email/base64mime.pyc (deflated 39%)
[1m[90m[DEBUG][39m[0m:   	  adding: email/architecture.rst (deflated 64%)
[1m[90m[DEBUG][39m[0m:   	  adding: email/policy.pyc (deflated 47%)
[1m[90m[DEBUG][39m[0m:   	  adding: email/charset.pyc (deflated 53%)
[1m[90m[DEBUG][39m[0m:   	  adding: email/_header_value_parser.pyc (deflated 67%)
[1m[90m[DEBUG][39m[0m:   	  adding: email/errors.pyc (deflated 65%)
[1m[90m[DEBUG][39m[0m:   	  adding: email/iterators.pyc (deflated 42%)
[1m[90m[DEBUG][39m[0m:   	  adding: email/__init__.pyc (deflated 51%)
[1m[90m[DEBUG][39m[0m:   	  adding: email/message.pyc (deflated 55%)
[1m[90m[DEBUG][39m[0m:   	  adding: email/headerregistry.pyc (deflated 61%)
[1m[90m[DEBUG][39m[0m:   	  adding: email/quoprimime.pyc (deflated 47%)
[1m[90m[DEBUG][39m[0m:   	  adding: email/contentmanager.pyc (deflated 50%)
[1m[90m[DEBUG][39m[0m:   	  adding: email/header.pyc (deflated 53%)
[1m[90m[DEBUG][39m[0m:   	  adding: email/generator.pyc (deflated 55%)
[1m[90m[DEBUG][39m[0m:   	  adding: email/feedparser.pyc (deflated 59%)
[1m[90m[DEBUG][39m[0m:   	  adding: email/mime/image.pyc (deflated 58%)
[1m[90m[DEBUG][39m[0m:   	  adding: email/mime/text.pyc (deflated 31%)
[1m[90m[DEBUG][39m[0m:   	  adding: email/mime/multipart.pyc (deflated 33%)
[1m[90m[DEBUG][39m[0m:   	  adding: email/mime/nonmultipart.pyc (deflated 34%)
[1m[90m[DEBUG][39m[0m:   	  adding: email/mime/__init__.pyc (deflated 24%)
[1m[90m[DEBUG][39m[0m:   	  adding: email/mime/audio.pyc (deflated 42%)
[1m[90m[DEBUG][39m[0m:   	  adding: email/mime/message.pyc (deflated 36%)
[1m[90m[DEBUG][39m[0m:   	  adding: email/mime/base.pyc (deflated 34%)
[1m[90m[DEBUG][39m[0m:   	  adding: email/mime/application.pyc (deflated 33%)
[1m[90m[DEBUG][39m[0m:   	  adding: json/__main__.pyc (deflated 23%)
[1m[90m[DEBUG][39m[0m:   	  adding: json/encoder.pyc (deflated 50%)
[1m[90m[DEBUG][39m[0m:   	  adding: json/tool.pyc (deflated 45%)
[1m[90m[DEBUG][39m[0m:   	  adding: json/decoder.pyc (deflated 48%)
[1m[90m[DEBUG][39m[0m:   	  adding: json/__init__.pyc (deflated 49%)
[1m[90m[DEBUG][39m[0m:   	  adding: json/scanner.pyc (deflated 46%)
[1m[90m[DEBUG][39m[0m:   	  adding: curses/textpad.pyc (deflated 63%)
[1m[90m[DEBUG][39m[0m:   	  adding: curses/ascii.pyc (deflated 61%)
[1m[90m[DEBUG][39m[0m:   	  adding: curses/has_key.pyc (deflated 66%)
[1m[90m[DEBUG][39m[0m:   	  adding: curses/__init__.pyc (deflated 43%)
[1m[90m[DEBUG][39m[0m:   	  adding: curses/panel.pyc (deflated 22%)
[1m[90m[DEBUG][39m[0m:   	  adding: http/client.pyc (deflated 57%)
[1m[90m[DEBUG][39m[0m:   	  adding: http/cookies.pyc (deflated 53%)
[1m[90m[DEBUG][39m[0m:   	  adding: http/server.pyc (deflated 54%)
[1m[90m[DEBUG][39m[0m:   	  adding: http/__init__.pyc (deflated 48%)
[1m[90m[DEBUG][39m[0m:   	  adding: http/cookiejar.pyc (deflated 58%)
[1m[90m[DEBUG][39m[0m:   	  adding: html/parser.pyc (deflated 60%)
[1m[90m[DEBUG][39m[0m:   	  adding: html/__init__.pyc (deflated 50%)
[1m[90m[DEBUG][39m[0m:   	  adding: html/entities.pyc (deflated 61%)
[1m[90m[DEBUG][39m[0m:   	  adding: asyncio/trsock.pyc (deflated 59%)
[1m[90m[DEBUG][39m[0m:   	  adding: asyncio/base_tasks.pyc (deflated 48%)
[1m[90m[DEBUG][39m[0m:   	  adding: asyncio/__main__.pyc (deflated 47%)
[1m[90m[DEBUG][39m[0m:   	  adding: asyncio/subprocess.pyc (deflated 57%)
[1m[90m[DEBUG][39m[0m:   	  adding: asyncio/protocols.pyc (deflated 62%)
[1m[90m[DEBUG][39m[0m:   	  adding: asyncio/timeouts.pyc (deflated 55%)
[1m[90m[DEBUG][39m[0m:   	  adding: asyncio/base_futures.pyc (deflated 45%)
[1m[90m[DEBUG][39m[0m:   	  adding: asyncio/tools.pyc (deflated 48%)
[1m[90m[DEBUG][39m[0m:   	  adding: asyncio/graph.pyc (deflated 54%)
[1m[90m[DEBUG][39m[0m:   	  adding: asyncio/transports.pyc (deflated 63%)
[1m[90m[DEBUG][39m[0m:   	  adding: asyncio/runners.pyc (deflated 53%)
[1m[90m[DEBUG][39m[0m:   	  adding: asyncio/format_helpers.pyc (deflated 47%)
[1m[90m[DEBUG][39m[0m:   	  adding: asyncio/windows_events.pyc (deflated 59%)
[1m[90m[DEBUG][39m[0m:   	  adding: asyncio/exceptions.pyc (deflated 51%)
[1m[90m[DEBUG][39m[0m:   	  adding: asyncio/events.pyc (deflated 65%)
[1m[90m[DEBUG][39m[0m:   	  adding: asyncio/constants.pyc (deflated 33%)
[1m[90m[DEBUG][39m[0m:   	  adding: asyncio/tasks.pyc (deflated 55%)
[1m[90m[DEBUG][39m[0m:   	  adding: asyncio/taskgroups.pyc (deflated 52%)
[1m[90m[DEBUG][39m[0m:   	  adding: asyncio/staggered.pyc (deflated 43%)
[1m[90m[DEBUG][39m[0m:   	  adding: asyncio/proactor_events.pyc (deflated 62%)
[1m[90m[DEBUG][39m[0m:   	  adding: asyncio/base_events.pyc (deflated 57%)
[1m[90m[DEBUG][39m[0m:   	  adding: asyncio/log.pyc (deflated 22%)
[1m[90m[DEBUG][39m[0m:   	  adding: asyncio/futures.pyc (deflated 56%)
[1m[90m[DEBUG][39m[0m:   	  adding: asyncio/sslproto.pyc (deflated 63%)
[1m[90m[DEBUG][39m[0m:   	  adding: asyncio/streams.pyc (deflated 58%)
[1m[90m[DEBUG][39m[0m:   	  adding: asyncio/mixins.pyc (deflated 35%)
[1m[90m[DEBUG][39m[0m:   	  adding: asyncio/unix_events.pyc (deflated 60%)
[1m[90m[DEBUG][39m[0m:   	  adding: asyncio/base_subprocess.pyc (deflated 60%)
[1m[90m[DEBUG][39m[0m:   	  adding: asyncio/__init__.pyc (deflated 56%)
[1m[90m[DEBUG][39m[0m:   	  adding: asyncio/queues.pyc (deflated 60%)
[1m[90m[DEBUG][39m[0m:   	  adding: asyncio/locks.pyc (deflated 61%)
[1m[90m[DEBUG][39m[0m:   	  adding: asyncio/threads.pyc (deflated 30%)
[1m[90m[DEBUG][39m[0m:   	  adding: asyncio/selector_events.pyc (deflated 66%)
[1m[90m[DEBUG][39m[0m:   	  adding: asyncio/windows_utils.pyc (deflated 50%)
[1m[90m[DEBUG][39m[0m:   	  adding: asyncio/coroutines.pyc (deflated 48%)
[1m[90m[DEBUG][39m[0m:   	  adding: xml/__init__.pyc (deflated 21%)
[1m[90m[DEBUG][39m[0m:   	  adding: xml/etree/ElementPath.pyc (deflated 53%)
[1m[90m[DEBUG][39m[0m:   	  adding: xml/etree/ElementInclude.pyc (deflated 44%)
[1m[90m[DEBUG][39m[0m:   	  adding: xml/etree/cElementTree.pyc (deflated 23%)
[1m[90m[DEBUG][39m[0m:   	  adding: xml/etree/__init__.pyc (deflated 22%)
[1m[90m[DEBUG][39m[0m:   	  adding: xml/etree/ElementTree.pyc (deflated 58%)
[1m[90m[DEBUG][39m[0m:   	  adding: xml/parsers/__init__.pyc (deflated 22%)
[1m[90m[DEBUG][39m[0m:   	  adding: xml/parsers/expat.pyc (deflated 31%)
[1m[90m[DEBUG][39m[0m:   	  adding: xml/sax/_exceptions.pyc (deflated 56%)
[1m[90m[DEBUG][39m[0m:   	  adding: xml/sax/saxutils.pyc (deflated 63%)
[1m[90m[DEBUG][39m[0m:   	  adding: xml/sax/expatreader.pyc (deflated 61%)
[1m[90m[DEBUG][39m[0m:   	  adding: xml/sax/__init__.pyc (deflated 44%)
[1m[90m[DEBUG][39m[0m:   	  adding: xml/sax/handler.pyc (deflated 64%)
[1m[90m[DEBUG][39m[0m:   	  adding: xml/sax/xmlreader.pyc (deflated 68%)
[1m[90m[DEBUG][39m[0m:   	  adding: xml/dom/minicompat.pyc (deflated 50%)
[1m[90m[DEBUG][39m[0m:   	  adding: xml/dom/minidom.pyc (deflated 64%)
[1m[90m[DEBUG][39m[0m:   	  adding: xml/dom/NodeFilter.pyc (deflated 36%)
[1m[90m[DEBUG][39m[0m:   	  adding: xml/dom/domreg.pyc (deflated 41%)
[1m[90m[DEBUG][39m[0m:   	  adding: xml/dom/xmlbuilder.pyc (deflated 59%)
[1m[90m[DEBUG][39m[0m:   	  adding: xml/dom/__init__.pyc (deflated 61%)
[1m[90m[DEBUG][39m[0m:   	  adding: xml/dom/expatbuilder.pyc (deflated 62%)
[1m[90m[DEBUG][39m[0m:   	  adding: xml/dom/pulldom.pyc (deflated 61%)
[1m[90m[DEBUG][39m[0m:   	  adding: sysconfig/__main__.pyc (deflated 47%)
[1m[90m[DEBUG][39m[0m:   	  adding: sysconfig/__init__.pyc (deflated 54%)
[1m[90m[DEBUG][39m[0m:   	  adding: concurrent/__init__.pyc (deflated 23%)
[1m[90m[DEBUG][39m[0m:   	  adding: concurrent/interpreters/__init__.pyc (deflated 51%)
[1m[90m[DEBUG][39m[0m:   	  adding: concurrent/interpreters/_queues.pyc (deflated 51%)
[1m[90m[DEBUG][39m[0m:   	  adding: concurrent/interpreters/_crossinterp.pyc (deflated 44%)
[1m[90m[DEBUG][39m[0m:   	  adding: concurrent/futures/thread.pyc (deflated 52%)
[1m[90m[DEBUG][39m[0m:   	  adding: concurrent/futures/interpreter.pyc (deflated 46%)
[1m[90m[DEBUG][39m[0m:   	  adding: concurrent/futures/__init__.pyc (deflated 36%)
[1m[90m[DEBUG][39m[0m:   	  adding: concurrent/futures/_base.pyc (deflated 61%)
[1m[90m[DEBUG][39m[0m:   	  adding: concurrent/futures/process.pyc (deflated 56%)
[1m[90m[DEBUG][39m[0m:   	  adding: dbm/dumb.pyc (deflated 57%)
[1m[90m[DEBUG][39m[0m:   	  adding: dbm/gnu.pyc (deflated 21%)
[1m[90m[DEBUG][39m[0m:   	  adding: dbm/__init__.pyc (deflated 44%)
[1m[90m[DEBUG][39m[0m:   	  adding: dbm/ndbm.pyc (deflated 22%)
[1m[90m[DEBUG][39m[0m:   	  adding: dbm/sqlite3.pyc (deflated 49%)
[1m[90m[DEBUG][39m[0m:   	  adding: unittest/result.pyc (deflated 55%)
[1m[90m[DEBUG][39m[0m:   	  adding: unittest/case.pyc (deflated 61%)
[1m[90m[DEBUG][39m[0m:   	  adding: unittest/util.pyc (deflated 48%)
[1m[90m[DEBUG][39m[0m:   	  adding: unittest/__main__.pyc (deflated 33%)
[1m[90m[DEBUG][39m[0m:   	  adding: unittest/_log.pyc (deflated 52%)
[1m[90m[DEBUG][39m[0m:   	  adding: unittest/signals.pyc (deflated 48%)
[1m[90m[DEBUG][39m[0m:   	  adding: unittest/suite.pyc (deflated 55%)
[1m[90m[DEBUG][39m[0m:   	  adding: unittest/loader.pyc (deflated 54%)
[1m[90m[DEBUG][39m[0m:   	  adding: unittest/async_case.pyc (deflated 53%)
[1m[90m[DEBUG][39m[0m:   	  adding: unittest/main.pyc (deflated 54%)
[1m[90m[DEBUG][39m[0m:   	  adding: unittest/__init__.pyc (deflated 37%)
[1m[90m[DEBUG][39m[0m:   	  adding: unittest/runner.pyc (deflated 64%)
[1m[90m[DEBUG][39m[0m:   	  adding: unittest/mock.pyc (deflated 57%)
[1m[90m[DEBUG][39m[0m:   	  adding: tomllib/mypy.ini (deflated 36%)
[1m[90m[DEBUG][39m[0m:   	  adding: tomllib/_parser.pyc (deflated 58%)
[1m[90m[DEBUG][39m[0m:   	  adding: tomllib/_types.pyc (deflated 20%)
[1m[90m[DEBUG][39m[0m:   	  adding: tomllib/_re.pyc (deflated 47%)
[1m[90m[DEBUG][39m[0m:   	  adding: tomllib/__init__.pyc (deflated 23%)
[1m[90m[DEBUG][39m[0m:   	  adding: string/templatelib.pyc (deflated 36%)
[1m[90m[DEBUG][39m[0m:   	  adding: string/__init__.pyc (deflated 52%)
[1m[90m[DEBUG][39m[0m:   	  adding: urllib/error.pyc (deflated 50%)
[1m[90m[DEBUG][39m[0m:   	  adding: urllib/parse.pyc (deflated 58%)
[1m[90m[DEBUG][39m[0m:   	  adding: urllib/robotparser.pyc (deflated 56%)
[1m[90m[DEBUG][39m[0m:   	  adding: urllib/request.pyc (deflated 56%)
[1m[90m[DEBUG][39m[0m:   	  adding: urllib/response.pyc (deflated 54%)
[1m[90m[DEBUG][39m[0m:   	  adding: urllib/__init__.pyc (deflated 24%)
[1m[90m[DEBUG][39m[0m:   	  adding: turtledemo/__main__.pyc (deflated 56%)
[1m[90m[DEBUG][39m[0m:   	  adding: turtledemo/yinyang.pyc (deflated 50%)
[1m[90m[DEBUG][39m[0m:   	  adding: turtledemo/colormixer.pyc (deflated 51%)
[1m[90m[DEBUG][39m[0m:   	  adding: turtledemo/chaos.pyc (deflated 49%)
[1m[90m[DEBUG][39m[0m:   	  adding: turtledemo/planet_and_moon.pyc (deflated 55%)
[1m[90m[DEBUG][39m[0m:   	  adding: turtledemo/tree.pyc (deflated 42%)
[1m[90m[DEBUG][39m[0m:   	  adding: turtledemo/two_canvases.pyc (deflated 50%)
[1m[90m[DEBUG][39m[0m:   	  adding: turtledemo/lindenmayer.pyc (deflated 47%)
[1m[90m[DEBUG][39m[0m:   	  adding: turtledemo/sorting_animate.pyc (deflated 58%)
[1m[90m[DEBUG][39m[0m:   	  adding: turtledemo/minimal_hanoi.pyc (deflated 46%)
[1m[90m[DEBUG][39m[0m:   	  adding: turtledemo/round_dance.pyc (deflated 41%)
[1m[90m[DEBUG][39m[0m:   	  adding: turtledemo/penrose.pyc (deflated 59%)
[1m[90m[DEBUG][39m[0m:   	  adding: turtledemo/clock.pyc (deflated 53%)
[1m[90m[DEBUG][39m[0m:   	  adding: turtledemo/bytedesign.pyc (deflated 69%)
[1m[90m[DEBUG][39m[0m:   	  adding: turtledemo/paint.pyc (deflated 43%)
[1m[90m[DEBUG][39m[0m:   	  adding: turtledemo/forest.pyc (deflated 48%)
[1m[90m[DEBUG][39m[0m:   	  adding: turtledemo/nim.pyc (deflated 59%)
[1m[90m[DEBUG][39m[0m:   	  adding: turtledemo/fractalcurves.pyc (deflated 64%)
[1m[90m[DEBUG][39m[0m:   	  adding: turtledemo/__init__.pyc (deflated 22%)
[1m[90m[DEBUG][39m[0m:   	  adding: turtledemo/turtle.cfg (deflated 27%)
[1m[90m[DEBUG][39m[0m:   	  adding: turtledemo/rosette.pyc (deflated 44%)
[1m[90m[DEBUG][39m[0m:   	  adding: turtledemo/peace.pyc (deflated 51%)
[1m[90m[DEBUG][39m[0m:   	  adding: logging/handlers.pyc (deflated 60%)
[1m[90m[DEBUG][39m[0m:   	  adding: logging/config.pyc (deflated 55%)
[1m[90m[DEBUG][39m[0m:   	  adding: logging/__init__.pyc (deflated 59%)
[1m[INFO][0m:    [36m<- directory context /app/.buildozer/android/platform/build-arm64-v8a/dists/neshrblek[39m
[1m[90m[DEBUG][39m[0m:   Create directory /app/.buildozer/android/platform/build-arm64-v8a/dists/neshrblek/_python_bundle__arm64-v8a/_python_bundle/site-packages
[1m[INFO][0m:    [36m-> directory context /app/.buildozer/android/platform/build-arm64-v8a/build/python-installs/neshrblek/arm64-v8a[39m
[1m[INFO][0m:    Copy 1711 files into the site-packages
[1m[INFO][0m:     - copy ./CHANGELOG.rst
[1m[INFO][0m:     - copy ./jnius_config.pyc
[1m[INFO][0m:     - copy ./_cffi_backend.cpython-314-x86_64-linux-gnu.so
[1m[INFO][0m:     - copy ./CONTRIBUTING.rst
[1m[INFO][0m:     - copy ./4ef79d6367bb14396397__mypyc.cpython-314-x86_64-linux-gnu.so
[1m[INFO][0m:     - copy ./setup_sdist.pyc
[1m[INFO][0m:     - copy ./distutils-precedence.pth
[1m[INFO][0m:     - copy ./six.pyc
[1m[INFO][0m:     - copy ./setuptools-82.0.1.dist-info/WHEEL
[1m[90m[DEBUG][39m[0m:   Create directory /app/.buildozer/android/platform/build-arm64-v8a/dists/neshrblek/_python_bundle__arm64-v8a/_python_bundle/site-packages/./setuptools-82.0.1.dist-info
[1m[INFO][0m:     - copy ./setuptools-82.0.1.dist-info/METADATA
[1m[INFO][0m:     - copy ./setuptools-82.0.1.dist-info/REQUESTED
[1m[INFO][0m:     - copy ./setuptools-82.0.1.dist-info/INSTALLER
[1m[INFO][0m:     - copy ./setuptools-82.0.1.dist-info/entry_points.txt
[1m[INFO][0m:     - copy ./setuptools-82.0.1.dist-info/RECORD
[1m[INFO][0m:     - copy ./setuptools-82.0.1.dist-info/top_level.txt
[1m[INFO][0m:     - copy ./setuptools-82.0.1.dist-info/licenses/LICENSE
[1m[90m[DEBUG][39m[0m:   Create directory /app/.buildozer/android/platform/build-arm64-v8a/dists/neshrblek/_python_bundle__arm64-v8a/_python_bundle/site-packages/./setuptools-82.0.1.dist-info/licenses
[1m[INFO][0m:     - copy ./pyasn1-0.6.3.dist-info/zip-safe
[1m[90m[DEBUG][39m[0m:   Create directory /app/.buildozer/android/platform/build-arm64-v8a/dists/neshrblek/_python_bundle__arm64-v8a/_python_bundle/site-packages/./pyasn1-0.6.3.dist-info
[1m[INFO][0m:     - copy ./pyasn1-0.6.3.dist-info/WHEEL
[1m[INFO][0m:     - copy ./pyasn1-0.6.3.dist-info/METADATA
[1m[INFO][0m:     - copy ./pyasn1-0.6.3.dist-info/REQUESTED
[1m[INFO][0m:     - copy ./pyasn1-0.6.3.dist-info/INSTALLER
[1m[INFO][0m:     - copy ./pyasn1-0.6.3.dist-info/RECORD
[1m[INFO][0m:     - copy ./pyasn1-0.6.3.dist-info/top_level.txt
[1m[INFO][0m:     - copy ./pyasn1-0.6.3.dist-info/licenses/LICENSE.rst
[1m[90m[DEBUG][39m[0m:   Create directory /app/.buildozer/android/platform/build-arm64-v8a/dists/neshrblek/_python_bundle__arm64-v8a/_python_bundle/site-packages/./pyasn1-0.6.3.dist-info/licenses
[1m[INFO][0m:     - copy ./urllib3/connection.pyc
[1m[90m[DEBUG][39m[0m:   Create directory /app/.buildozer/android/platform/build-arm64-v8a/dists/neshrblek/_python_bundle__arm64-v8a/_python_bundle/site-packages/./urllib3
[1m[INFO][0m:     - copy ./urllib3/filepost.pyc
[1m[INFO][0m:     - copy ./urllib3/_collections.pyc
[1m[INFO][0m:     - copy ./urllib3/poolmanager.pyc
[1m[INFO][0m:     - copy ./urllib3/response.pyc
[1m[INFO][0m:     - copy ./urllib3/exceptions.pyc
[1m[INFO][0m:     - copy ./urllib3/_base_connection.pyc
[1m[INFO][0m:     - copy ./urllib3/py.typed
[1m[INFO][0m:     - copy ./urllib3/_request_methods.pyc
[1m[INFO][0m:     - copy ./urllib3/fields.pyc
[1m[INFO][0m:     - copy ./urllib3/_version.pyc
[1m[INFO][0m:     - copy ./urllib3/__init__.pyc
[1m[INFO][0m:     - copy ./urllib3/connectionpool.pyc
[1m[INFO][0m:     - copy ./urllib3/contrib/pyopenssl.pyc
[1m[90m[DEBUG][39m[0m:   Create directory /app/.buildozer/android/platform/build-arm64-v8a/dists/neshrblek/_python_bundle__arm64-v8a/_python_bundle/site-packages/./urllib3/contrib
[1m[INFO][0m:     - copy ./urllib3/contrib/socks.pyc
[1m[INFO][0m:     - copy ./urllib3/contrib/__init__.pyc
[1m[INFO][0m:     - copy ./urllib3/contrib/emscripten/connection.pyc
[1m[90m[DEBUG][39m[0m:   Create directory /app/.buildozer/android/platform/build-arm64-v8a/dists/neshrblek/_python_bundle__arm64-v8a/_python_bundle/site-packages/./urllib3/contrib/emscripten
[1m[INFO][0m:     - copy ./urllib3/contrib/emscripten/request.pyc
[1m[INFO][0m:     - copy ./urllib3/contrib/emscripten/response.pyc
[1m[INFO][0m:     - copy ./urllib3/contrib/emscripten/fetch.pyc
[1m[INFO][0m:     - copy ./urllib3/contrib/emscripten/emscripten_fetch_worker.js
[1m[INFO][0m:     - copy ./urllib3/contrib/emscripten/__init__.pyc
[1m[INFO][0m:     - copy ./urllib3/http2/connection.pyc
[1m[90m[DEBUG][39m[0m:   Create directory /app/.buildozer/android/platform/build-arm64-v8a/dists/neshrblek/_python_bundle__arm64-v8a/_python_bundle/site-packages/./urllib3/http2
[1m[INFO][0m:     - copy ./urllib3/http2/probe.pyc
[1m[INFO][0m:     - copy ./urllib3/http2/__init__.pyc
[1m[INFO][0m:     - copy ./urllib3/util/util.pyc
[1m[90m[DEBUG][39m[0m:   Create directory /app/.buildozer/android/platform/build-arm64-v8a/dists/neshrblek/_python_bundle__arm64-v8a/_python_bundle/site-packages/./urllib3/util
[1m[INFO][0m:     - copy ./urllib3/util/connection.pyc
[1m[INFO][0m:     - copy ./urllib3/util/url.pyc
[1m[INFO][0m:     - copy ./urllib3/util/proxy.pyc
[1m[INFO][0m:     - copy ./urllib3/util/request.pyc
[1m[INFO][0m:     - copy ./urllib3/util/retry.pyc
[1m[INFO][0m:     - copy ./urllib3/util/response.pyc
[1m[INFO][0m:     - copy ./urllib3/util/ssl_match_hostname.pyc
[1m[INFO][0m:     - copy ./urllib3/util/__init__.pyc
[1m[INFO][0m:     - copy ./urllib3/util/timeout.pyc
[1m[INFO][0m:     - copy ./urllib3/util/wait.pyc
[1m[INFO][0m:     - copy ./urllib3/util/ssl_.pyc
[1m[INFO][0m:     - copy ./urllib3/util/ssltransport.pyc
[1m[INFO][0m:     - copy ./arabic_reshaper-3.0.1.dist-info/WHEEL
[1m[90m[DEBUG][39m[0m:   Create directory /app/.buildozer/android/platform/build-arm64-v8a/dists/neshrblek/_python_bundle__arm64-v8a/_python_bundle/site-packages/./arabic_reshaper-3.0.1.dist-info
[1m[INFO][0m:     - copy ./arabic_reshaper-3.0.1.dist-info/METADATA
[1m[INFO][0m:     - copy ./arabic_reshaper-3.0.1.dist-info/REQUESTED
[1m[INFO][0m:     - copy ./arabic_reshaper-3.0.1.dist-info/INSTALLER
[1m[INFO][0m:     - copy ./arabic_reshaper-3.0.1.dist-info/RECORD
[1m[INFO][0m:     - copy ./arabic_reshaper-3.0.1.dist-info/licenses/LICENSE
[1m[90m[DEBUG][39m[0m:   Create directory /app/.buildozer/android/platform/build-arm64-v8a/dists/neshrblek/_python_bundle__arm64-v8a/_python_bundle/site-packages/./arabic_reshaper-3.0.1.dist-info/licenses
[1m[INFO][0m:     - copy ./idna/__main__.pyc
[1m[90m[DEBUG][39m[0m:   Create directory /app/.buildozer/android/platform/build-arm64-v8a/dists/neshrblek/_python_bundle__arm64-v8a/_python_bundle/site-packages/./idna
[1m[INFO][0m:     - copy ./idna/idnadata.pyc
[1m[INFO][0m:     - copy ./idna/uts46data.pyc
[1m[INFO][0m:     - copy ./idna/intranges.pyc
[1m[INFO][0m:     - copy ./idna/py.typed
[1m[INFO][0m:     - copy ./idna/codec.pyc
[1m[INFO][0m:     - copy ./idna/cli.pyc
[1m[INFO][0m:     - copy ./idna/compat.pyc
[1m[INFO][0m:     - copy ./idna/__init__.pyc
[1m[INFO][0m:     - copy ./idna/core.pyc
[1m[INFO][0m:     - copy ./idna/package_data.pyc
[1m[INFO][0m:     - copy ./filetype/filetype.pyc
[1m[90m[DEBUG][39m[0m:   Create directory /app/.buildozer/android/platform/build-arm64-v8a/dists/neshrblek/_python_bundle__arm64-v8a/_python_bundle/site-packages/./filetype
[1m[INFO][0m:     - copy ./filetype/__main__.pyc
[1m[INFO][0m:     - copy ./filetype/match.pyc
[1m[INFO][0m:     - copy ./filetype/utils.pyc
[1m[INFO][0m:     - copy ./filetype/__init__.pyc
[1m[INFO][0m:     - copy ./filetype/helpers.pyc
[1m[INFO][0m:     - copy ./filetype/types/video.pyc
[1m[90m[DEBUG][39m[0m:   Create directory /app/.buildozer/android/platform/build-arm64-v8a/dists/neshrblek/_python_bundle__arm64-v8a/_python_bundle/site-packages/./filetype/types
[1m[INFO][0m:     - copy ./filetype/types/image.pyc
[1m[INFO][0m:     - copy ./filetype/types/document.pyc
[1m[INFO][0m:     - copy ./filetype/types/isobmff.pyc
[1m[INFO][0m:     - copy ./filetype/types/archive.pyc
[1m[INFO][0m:     - copy ./filetype/types/__init__.pyc
[1m[INFO][0m:     - copy ./filetype/types/font.pyc
[1m[INFO][0m:     - copy ./filetype/types/audio.pyc
[1m[INFO][0m:     - copy ./filetype/types/base.pyc
[1m[INFO][0m:     - copy ./filetype/types/application.pyc
[1m[INFO][0m:     - copy ./kivy/factory.pyc
[1m[90m[DEBUG][39m[0m:   Create directory /app/.buildozer/android/platform/build-arm64-v8a/dists/neshrblek/_python_bundle__arm64-v8a/_python_bundle/site-packages/./kivy
[1m[INFO][0m:     - copy ./kivy/properties.cpython-314-x86_64-linux-gnu.so
[1m[INFO][0m:     - copy ./kivy/config.pyc
[1m[INFO][0m:     - copy ./kivy/factory_registers.pyc
[1m[INFO][0m:     - copy ./kivy/animation.pyc
[1m[INFO][0m:     - copy ./kivy/_clock.cpython-314-x86_64-linux-gnu.so
[1m[INFO][0m:     - copy ./kivy/_clock.pxd
[1m[INFO][0m:     - copy ./kivy/utils.pyc
[1m[INFO][0m:     - copy ./kivy/context.pyc
[1m[INFO][0m:     - copy ./kivy/parser.pyc
[1m[INFO][0m:     - copy ./kivy/interactive.pyc
[1m[INFO][0m:     - copy ./kivy/cache.pyc
[1m[INFO][0m:     - copy ./kivy/_metrics.pxd
[1m[INFO][0m:     - copy ./kivy/atlas.pyc
[1m[INFO][0m:     - copy ./kivy/multistroke.pyc
[1m[INFO][0m:     - copy ./kivy/compat.pyc
[1m[INFO][0m:     - copy ./kivy/clock.pyc
[1m[INFO][0m:     - copy ./kivy/gesture.pyc
[1m[INFO][0m:     - copy ./kivy/loader.pyc
[1m[INFO][0m:     - copy ./kivy/properties.pxd
[1m[INFO][0m:     - copy ./kivy/_version.pyc
[1m[INFO][0m:     - copy ./kivy/metrics.pyc
[1m[INFO][0m:     - copy ./kivy/setupconfig.pyc
[1m[INFO][0m:     - copy ./kivy/vector.pyc
[1m[INFO][0m:     - copy ./kivy/weakproxy.cpython-314-x86_64-linux-gnu.so
[1m[INFO][0m:     - copy ./kivy/logger.pyc
[1m[INFO][0m:     - copy ./kivy/support.pyc
[1m[INFO][0m:     - copy ./kivy/__init__.pyc
[1m[INFO][0m:     - copy ./kivy/geometry.pyc
[1m[INFO][0m:     - copy ./kivy/_event.cpython-314-x86_64-linux-gnu.so
[1m[INFO][0m:     - copy ./kivy/event.pyc
[1m[INFO][0m:     - copy ./kivy/resources.pyc
[1m[INFO][0m:     - copy ./kivy/app.pyc
[1m[INFO][0m:     - copy ./kivy/_event.pxd
[1m[INFO][0m:     - copy ./kivy/_metrics.cpython-314-x86_64-linux-gnu.so
[1m[INFO][0m:     - copy ./kivy/base.pyc
[1m[INFO][0m:     - copy ./kivy/weakmethod.pyc
[1m[INFO][0m:     - copy ./kivy/extras/highlight.pyc
[1m[90m[DEBUG][39m[0m:   Create directory /app/.buildozer/android/platform/build-arm64-v8a/dists/neshrblek/_python_bundle__arm64-v8a/_python_bundle/site-packages/./kivy/extras
[1m[INFO][0m:     - copy ./kivy/extras/__init__.pyc
[1m[INFO][0m:     - copy ./kivy/uix/tabbedpanel.pyc
[1m[90m[DEBUG][39m[0m:   Create directory /app/.buildozer/android/platform/build-arm64-v8a/dists/neshrblek/_python_bundle__arm64-v8a/_python_bundle/site-packages/./kivy/uix
[1m[INFO][0m:     - copy ./kivy/uix/colorpicker.pyc
[1m[INFO][0m:     - copy ./kivy/uix/floatlayout.pyc
[1m[INFO][0m:     - copy ./kivy/uix/camera.pyc
[1m[INFO][0m:     - copy ./kivy/uix/progressbar.pyc
[1m[INFO][0m:     - copy ./kivy/uix/label.pyc
[1m[INFO][0m:     - copy ./kivy/uix/recyclelayout.pyc
[1m[INFO][0m:     - copy ./kivy/uix/scrollview.pyc
[1m[INFO][0m:     - copy ./kivy/uix/bubble.pyc
[1m[INFO][0m:     - copy ./kivy/uix/gridlayout.pyc
[1m[INFO][0m:     - copy ./kivy/uix/pagelayout.pyc
[1m[INFO][0m:     - copy ./kivy/uix/scatterlayout.pyc
[1m[INFO][0m:     - copy ./kivy/uix/video.pyc
[1m[INFO][0m:     - copy ./kivy/uix/textinput.pyc
[1m[INFO][0m:     - copy ./kivy/uix/actionbar.pyc
[1m[INFO][0m:     - copy ./kivy/uix/videoplayer.pyc
[1m[INFO][0m:     - copy ./kivy/uix/image.pyc
[1m[INFO][0m:     - copy ./kivy/uix/layout.pyc
[1m[INFO][0m:     - copy ./kivy/uix/vkeyboard.pyc
[1m[INFO][0m:     - copy ./kivy/uix/checkbox.pyc
[1m[INFO][0m:     - copy ./kivy/uix/relativelayout.pyc
[1m[INFO][0m:     - copy ./kivy/uix/popup.pyc
[1m[INFO][0m:     - copy ./kivy/uix/effectwidget.pyc
[1m[INFO][0m:     - copy ./kivy/uix/gesturesurface.pyc
[1m[INFO][0m:     - copy ./kivy/uix/button.pyc
[1m[INFO][0m:     - copy ./kivy/uix/boxlayout.pyc
[1m[INFO][0m:     - copy ./kivy/uix/treeview.pyc
[1m[INFO][0m:     - copy ./kivy/uix/settings.pyc
[1m[INFO][0m:     - copy ./kivy/uix/dropdown.pyc
[1m[INFO][0m:     - copy ./kivy/uix/scatter.pyc
[1m[INFO][0m:     - copy ./kivy/uix/splitter.pyc
[1m[INFO][0m:     - copy ./kivy/uix/screenmanager.pyc
[1m[INFO][0m:     - copy ./kivy/uix/accordion.pyc
[1m[INFO][0m:     - copy ./kivy/uix/anchorlayout.pyc
[1m[INFO][0m:     - copy ./kivy/uix/rst.pyc
[1m[INFO][0m:     - copy ./kivy/uix/stacklayout.pyc
[1m[INFO][0m:     - copy ./kivy/uix/spinner.pyc
[1m[INFO][0m:     - copy ./kivy/uix/recycleboxlayout.pyc
[1m[INFO][0m:     - copy ./kivy/uix/__init__.pyc
[1m[INFO][0m:     - copy ./kivy/uix/recyclegridlayout.pyc
[1m[INFO][0m:     - copy ./kivy/uix/sandbox.pyc
[1m[INFO][0m:     - copy ./kivy/uix/stencilview.pyc
[1m[INFO][0m:     - copy ./kivy/uix/widget.pyc
[1m[INFO][0m:     - copy ./kivy/uix/togglebutton.pyc
[1m[INFO][0m:     - copy ./kivy/uix/modalview.pyc
[1m[INFO][0m:     - copy ./kivy/uix/codeinput.pyc
[1m[INFO][0m:     - copy ./kivy/uix/switch.pyc
[1m[INFO][0m:     - copy ./kivy/uix/filechooser.pyc
[1m[INFO][0m:     - copy ./kivy/uix/slider.pyc
[1m[INFO][0m:     - copy ./kivy/uix/carousel.pyc
[1m[INFO][0m:     - copy ./kivy/uix/recycleview/layout.pyc
[1m[90m[DEBUG][39m[0m:   Create directory /app/.buildozer/android/platform/build-arm64-v8a/dists/neshrblek/_python_bundle__arm64-v8a/_python_bundle/site-packages/./kivy/uix/recycleview
[1m[INFO][0m:     - copy ./kivy/uix/recycleview/views.pyc
[1m[INFO][0m:     - copy ./kivy/uix/recycleview/datamodel.pyc
[1m[INFO][0m:     - copy ./kivy/uix/recycleview/__init__.pyc
[1m[INFO][0m:     - copy ./kivy/uix/behaviors/emacs.pyc
[1m[90m[DEBUG][39m[0m:   Create directory /app/.buildozer/android/platform/build-arm64-v8a/dists/neshrblek/_python_bundle__arm64-v8a/_python_bundle/site-packages/./kivy/uix/behaviors
[1m[INFO][0m:     - copy ./kivy/uix/behaviors/focus.pyc
[1m[INFO][0m:     - copy ./kivy/uix/behaviors/drag.pyc
[1m[INFO][0m:     - copy ./kivy/uix/behaviors/button.pyc
[1m[INFO][0m:     - copy ./kivy/uix/behaviors/touchripple.pyc
[1m[INFO][0m:     - copy ./kivy/uix/behaviors/knspace.pyc
[1m[INFO][0m:     - copy ./kivy/uix/behaviors/compoundselection.pyc
[1m[INFO][0m:     - copy ./kivy/uix/behaviors/__init__.pyc
[1m[INFO][0m:     - copy ./kivy/uix/behaviors/codenavigation.pyc
[1m[INFO][0m:     - copy ./kivy/uix/behaviors/togglebutton.pyc
[1m[INFO][0m:     - copy ./kivy/uix/behaviors/cover.pyc
[1m[INFO][0m:     - copy ./kivy/modules/touchring.pyc
[1m[90m[DEBUG][39m[0m:   Create directory /app/.buildozer/android/platform/build-arm64-v8a/dists/neshrblek/_python_bundle__arm64-v8a/_python_bundle/site-packages/./kivy/modules
[1m[INFO][0m:     - copy ./kivy/modules/recorder.pyc
[1m[INFO][0m:     - copy ./kivy/modules/screen.pyc
[1m[INFO][0m:     - copy ./kivy/modules/console.pyc
[1m[INFO][0m:     - copy ./kivy/modules/keybinding.pyc
[1m[INFO][0m:     - copy ./kivy/modules/monitor.pyc
[1m[INFO][0m:     - copy ./kivy/modules/joycursor.pyc
[1m[INFO][0m:     - copy ./kivy/modules/webdebugger.pyc
[1m[INFO][0m:     - copy ./kivy/modules/__init__.pyc
[1m[INFO][0m:     - copy ./kivy/modules/showborder.pyc
[1m[INFO][0m:     - copy ./kivy/modules/inspector.pyc
[1m[INFO][0m:     - copy ./kivy/modules/cursor.pyc
[1m[INFO][0m:     - copy ./kivy/modules/_webdebugger.pyc
[1m[INFO][0m:     - copy ./kivy/eventmanager/__init__.pyc
[1m[90m[DEBUG][39m[0m:   Create directory /app/.buildozer/android/platform/build-arm64-v8a/dists/neshrblek/_python_bundle__arm64-v8a/_python_bundle/site-packages/./kivy/eventmanager
[1m[INFO][0m:     - copy ./kivy/deps/__init__.pyc
[1m[90m[DEBUG][39m[0m:   Create directory /app/.buildozer/android/platform/build-arm64-v8a/dists/neshrblek/_python_bundle__arm64-v8a/_python_bundle/site-packages/./kivy/deps
[1m[INFO][0m:     - copy ./kivy/core/__init__.pyc
[1m[90m[DEBUG][39m[0m:   Create directory /app/.buildozer/android/platform/build-arm64-v8a/dists/neshrblek/_python_bundle__arm64-v8a/_python_bundle/site-packages/./kivy/core
[1m[INFO][0m:     - copy ./kivy/core/clipboard/clipboard_nspaste.pyc
[1m[90m[DEBUG][39m[0m:   Create directory /app/.buildozer/android/platform/build-arm64-v8a/dists/neshrblek/_python_bundle__arm64-v8a/_python_bundle/site-packages/./kivy/core/clipboard
[1m[INFO][0m:     - copy ./kivy/core/clipboard/clipboard_pygame.pyc
[1m[INFO][0m:     - copy ./kivy/core/clipboard/clipboard_android.pyc
[1m[INFO][0m:     - copy ./kivy/core/clipboard/clipboard_xclip.pyc
[1m[INFO][0m:     - copy ./kivy/core/clipboard/_clipboard_ext.pyc
[1m[INFO][0m:     - copy ./kivy/core/clipboard/clipboard_sdl2.pyc
[1m[INFO][0m:     - copy ./kivy/core/clipboard/__init__.pyc
[1m[INFO][0m:     - copy ./kivy/core/clipboard/clipboard_winctypes.pyc
[1m[INFO][0m:     - copy ./kivy/core/clipboard/clipboard_gtk3.pyc
[1m[INFO][0m:     - copy ./kivy/core/clipboard/clipboard_dummy.pyc
[1m[INFO][0m:     - copy ./kivy/core/clipboard/clipboard_xsel.pyc
[1m[INFO][0m:     - copy ./kivy/core/clipboard/clipboard_dbusklipper.pyc
[1m[INFO][0m:     - copy ./kivy/core/clipboard/_clipboard_sdl2.cpython-314-x86_64-linux-gnu.so
[1m[INFO][0m:     - copy ./kivy/core/window/window_info.pxd
[1m[90m[DEBUG][39m[0m:   Create directory /app/.buildozer/android/platform/build-arm64-v8a/dists/neshrblek/_python_bundle__arm64-v8a/_python_bundle/site-packages/./kivy/core/window
[1m[INFO][0m:     - copy ./kivy/core/window/window_egl_rpi.pyc
[1m[INFO][0m:     - copy ./kivy/core/window/window_attrs.pxi
[1m[INFO][0m:     - copy ./kivy/core/window/window_info.cpython-314-x86_64-linux-gnu.so
[1m[INFO][0m:     - copy ./kivy/core/window/window_sdl2.pyc
[1m[INFO][0m:     - copy ./kivy/core/window/window_pygame.pyc
[1m[INFO][0m:     - copy ./kivy/core/window/_window_sdl2.cpython-314-x86_64-linux-gnu.so
[1m[INFO][0m:     - copy ./kivy/core/window/__init__.pyc
[1m[INFO][0m:     - copy ./kivy/core/gl/__init__.pyc
[1m[90m[DEBUG][39m[0m:   Create directory /app/.buildozer/android/platform/build-arm64-v8a/dists/neshrblek/_python_bundle__arm64-v8a/_python_bundle/site-packages/./kivy/core/gl
[1m[INFO][0m:     - copy ./kivy/core/spelling/spelling_enchant.pyc
[1m[90m[DEBUG][39m[0m:   Create directory /app/.buildozer/android/platform/build-arm64-v8a/dists/neshrblek/_python_bundle__arm64-v8a/_python_bundle/site-packages/./kivy/core/spelling
[1m[INFO][0m:     - copy ./kivy/core/spelling/spelling_osxappkit.pyc
[1m[INFO][0m:     - copy ./kivy/core/spelling/__init__.pyc
[1m[INFO][0m:     - copy ./kivy/core/camera/camera_opencv.pyc
[1m[90m[DEBUG][39m[0m:   Create directory /app/.buildozer/android/platform/build-arm64-v8a/dists/neshrblek/_python_bundle__arm64-v8a/_python_bundle/site-packages/./kivy/core/camera
[1m[INFO][0m:     - copy ./kivy/core/camera/camera_android.pyc
[1m[INFO][0m:     - copy ./kivy/core/camera/__init__.pyc
[1m[INFO][0m:     - copy ./kivy/core/camera/camera_gi.pyc
[1m[INFO][0m:     - copy ./kivy/core/camera/camera_picamera.pyc
[1m[INFO][0m:     - copy ./kivy/core/image/img_pygame.pyc
[1m[90m[DEBUG][39m[0m:   Create directory /app/.buildozer/android/platform/build-arm64-v8a/dists/neshrblek/_python_bundle__arm64-v8a/_python_bundle/site-packages/./kivy/core/image
[1m[INFO][0m:     - copy ./kivy/core/image/_img_sdl2.cpython-314-x86_64-linux-gnu.so
[1m[INFO][0m:     - copy ./kivy/core/image/img_sdl2.pyc
[1m[INFO][0m:     - copy ./kivy/core/image/__init__.pyc
[1m[INFO][0m:     - copy ./kivy/core/image/img_tex.pyc
[1m[INFO][0m:     - copy ./kivy/core/image/img_ffpyplayer.pyc
[1m[INFO][0m:     - copy ./kivy/core/image/img_pil.pyc
[1m[INFO][0m:     - copy ./kivy/core/image/img_dds.pyc
[1m[INFO][0m:     - copy ./kivy/core/video/video_ffmpeg.pyc
[1m[90m[DEBUG][39m[0m:   Create directory /app/.buildozer/android/platform/build-arm64-v8a/dists/neshrblek/_python_bundle__arm64-v8a/_python_bundle/site-packages/./kivy/core/video
[1m[INFO][0m:     - copy ./kivy/core/video/video_null.pyc
[1m[INFO][0m:     - copy ./kivy/core/video/__init__.pyc
[1m[INFO][0m:     - copy ./kivy/core/video/video_gstplayer.pyc
[1m[INFO][0m:     - copy ./kivy/core/video/video_ffpyplayer.pyc
[1m[INFO][0m:     - copy ./kivy/core/audio/audio_ffpyplayer.pyc
[1m[90m[DEBUG][39m[0m:   Create directory /app/.buildozer/android/platform/build-arm64-v8a/dists/neshrblek/_python_bundle__arm64-v8a/_python_bundle/site-packages/./kivy/core/audio
[1m[INFO][0m:     - copy ./kivy/core/audio/audio_pygame.pyc
[1m[INFO][0m:     - copy ./kivy/core/audio/audio_gstplayer.pyc
[1m[INFO][0m:     - copy ./kivy/core/audio/audio_android.pyc
[1m[INFO][0m:     - copy ./kivy/core/audio/audio_avplayer.pyc
[1m[INFO][0m:     - copy ./kivy/core/audio/__init__.pyc
[1m[INFO][0m:     - copy ./kivy/core/audio/audio_sdl2.cpython-314-x86_64-linux-gnu.so
[1m[INFO][0m:     - copy ./kivy/core/text/text_pil.pyc
[1m[90m[DEBUG][39m[0m:   Create directory /app/.buildozer/android/platform/build-arm64-v8a/dists/neshrblek/_python_bundle__arm64-v8a/_python_bundle/site-packages/./kivy/core/text
[1m[INFO][0m:     - copy ./kivy/core/text/text_pango.pyc
[1m[INFO][0m:     - copy ./kivy/core/text/text_pygame.pyc
[1m[INFO][0m:     - copy ./kivy/core/text/text_layout.cpython-314-x86_64-linux-gnu.so
[1m[INFO][0m:     - copy ./kivy/core/text/_text_sdl2.cpython-314-x86_64-linux-gnu.so
[1m[INFO][0m:     - copy ./kivy/core/text/markup.pyc
[1m[INFO][0m:     - copy ./kivy/core/text/text_layout.pxd
[1m[INFO][0m:     - copy ./kivy/core/text/text_sdl2.pyc
[1m[INFO][0m:     - copy ./kivy/core/text/__init__.pyc
[1m[INFO][0m:     - copy ./kivy/network/urlrequest.pyc
[1m[90m[DEBUG][39m[0m:   Create directory /app/.buildozer/android/platform/build-arm64-v8a/dists/neshrblek/_python_bundle__arm64-v8a/_python_bundle/site-packages/./kivy/network
[1m[INFO][0m:     - copy ./kivy/network/__init__.pyc
[1m[INFO][0m:     - copy ./kivy/data/style.kv
[1m[90m[DEBUG][39m[0m:   Create directory /app/.buildozer/android/platform/build-arm64-v8a/dists/neshrblek/_python_bundle__arm64-v8a/_python_bundle/site-packages/./kivy/data
[1m[INFO][0m:     - copy ./kivy/data/settings_kivy.json
[1m[INFO][0m:     - copy ./kivy/data/images/cursor.png
[1m[90m[DEBUG][39m[0m:   Create directory /app/.buildozer/android/platform/build-arm64-v8a/dists/neshrblek/_python_bundle__arm64-v8a/_python_bundle/site-packages/./kivy/data/images
[1m[INFO][0m:     - copy ./kivy/data/images/image-loading.gif
[1m[INFO][0m:     - copy ./kivy/data/images/defaultshape.png
[1m[INFO][0m:     - copy ./kivy/data/images/defaulttheme.atlas
[1m[INFO][0m:     - copy ./kivy/data/images/background.jpg
[1m[INFO][0m:     - copy ./kivy/data/images/image-loading.zip
[1m[INFO][0m:     - copy ./kivy/data/images/testpattern.png
[1m[INFO][0m:     - copy ./kivy/data/images/defaulttheme-0.png
[1m[INFO][0m:     - copy ./kivy/data/keyboards/es_ES.json
[1m[90m[DEBUG][39m[0m:   Create directory /app/.buildozer/android/platform/build-arm64-v8a/dists/neshrblek/_python_bundle__arm64-v8a/_python_bundle/site-packages/./kivy/data/keyboards
[1m[INFO][0m:     - copy ./kivy/data/keyboards/de.json
[1m[INFO][0m:     - copy ./kivy/data/keyboards/en_US.json
[1m[INFO][0m:     - copy ./kivy/data/keyboards/fr_CH.json
[1m[INFO][0m:     - copy ./kivy/data/keyboards/azerty.json
[1m[INFO][0m:     - copy ./kivy/data/keyboards/de_CH.json
[1m[INFO][0m:     - copy ./kivy/data/keyboards/qwertz.json
[1m[INFO][0m:     - copy ./kivy/data/keyboards/qwerty.json
[1m[INFO][0m:     - copy ./kivy/data/glsl/default.vs
[1m[90m[DEBUG][39m[0m:   Create directory /app/.buildozer/android/platform/build-arm64-v8a/dists/neshrblek/_python_bundle__arm64-v8a/_python_bundle/site-packages/./kivy/data/glsl
[1m[INFO][0m:     - copy ./kivy/data/glsl/default.fs
[1m[INFO][0m:     - copy ./kivy/data/glsl/default.png
[1m[INFO][0m:     - copy ./kivy/data/glsl/header.fs
[1m[INFO][0m:     - copy ./kivy/data/glsl/header.vs
[1m[INFO][0m:     - copy ./kivy/data/logo/kivy-icon-16.png
[1m[90m[DEBUG][39m[0m:   Create directory /app/.buildozer/android/platform/build-arm64-v8a/dists/neshrblek/_python_bundle__arm64-v8a/_python_bundle/site-packages/./kivy/data/logo
[1m[INFO][0m:     - copy ./kivy/data/logo/kivy-icon-64.png
[1m[INFO][0m:     - copy ./kivy/data/logo/kivy-icon-24.png
[1m[INFO][0m:     - copy ./kivy/data/logo/kivy-icon-48.png
[1m[INFO][0m:     - copy ./kivy/data/logo/kivy-icon-256.png
[1m[INFO][0m:     - copy ./kivy/data/logo/kivy-icon-64.ico
[1m[INFO][0m:     - copy ./kivy/data/logo/kivy-icon-128.png
[1m[INFO][0m:     - copy ./kivy/data/logo/kivy-icon-512.png
[1m[INFO][0m:     - copy ./kivy/data/logo/kivy-icon-32.png
[1m[INFO][0m:     - copy ./kivy/data/fonts/DejaVuSans.ttf
[1m[90m[DEBUG][39m[0m:   Create directory /app/.buildozer/android/platform/build-arm64-v8a/dists/neshrblek/_python_bundle__arm64-v8a/_python_bundle/site-packages/./kivy/data/fonts
[1m[INFO][0m:     - copy ./kivy/data/fonts/Roboto-BoldItalic.ttf
[1m[INFO][0m:     - copy ./kivy/data/fonts/Roboto-Regular.ttf
[1m[INFO][0m:     - copy ./kivy/data/fonts/RobotoMono-Regular.ttf
[1m[INFO][0m:     - copy ./kivy/data/fonts/Roboto-Italic.ttf
[1m[INFO][0m:     - copy ./kivy/data/fonts/Roboto-Bold.ttf
[1m[INFO][0m:     - copy ./kivy/input/factory.pyc
[1m[90m[DEBUG][39m[0m:   Create directory /app/.buildozer/android/platform/build-arm64-v8a/dists/neshrblek/_python_bundle__arm64-v8a/_python_bundle/site-packages/./kivy/input
[1m[INFO][0m:     - copy ./kivy/input/recorder.pyc
[1m[INFO][0m:     - copy ./kivy/input/provider.pyc
[1m[INFO][0m:     - copy ./kivy/input/shape.pyc
[1m[INFO][0m:     - copy ./kivy/input/__init__.pyc
[1m[INFO][0m:     - copy ./kivy/input/motionevent.pyc
[1m[INFO][0m:     - copy ./kivy/input/providers/probesysfs.pyc
[1m[90m[DEBUG][39m[0m:   Create directory /app/.buildozer/android/platform/build-arm64-v8a/dists/neshrblek/_python_bundle__arm64-v8a/_python_bundle/site-packages/./kivy/input/providers
[1m[INFO][0m:     - copy ./kivy/input/providers/mouse.pyc
[1m[INFO][0m:     - copy ./kivy/input/providers/androidjoystick.pyc
[1m[INFO][0m:     - copy ./kivy/input/providers/mtdev.pyc
[1m[INFO][0m:     - copy ./kivy/input/providers/wm_common.pyc
[1m[INFO][0m:     - copy ./kivy/input/providers/wm_pen.pyc
[1m[INFO][0m:     - copy ./kivy/input/providers/mactouch.pyc
[1m[INFO][0m:     - copy ./kivy/input/providers/__init__.pyc
[1m[INFO][0m:     - copy ./kivy/input/providers/hidinput.pyc
[1m[INFO][0m:     - copy ./kivy/input/providers/leapfinger.pyc
[1m[INFO][0m:     - copy ./kivy/input/providers/wm_touch.pyc
[1m[INFO][0m:     - copy ./kivy/input/providers/tuio.pyc
[1m[INFO][0m:     - copy ./kivy/input/providers/linuxwacom.pyc
[1m[INFO][0m:     - copy ./kivy/input/postproc/dejitter.pyc
[1m[90m[DEBUG][39m[0m:   Create directory /app/.buildozer/android/platform/build-arm64-v8a/dists/neshrblek/_python_bundle__arm64-v8a/_python_bundle/site-packages/./kivy/input/postproc
[1m[INFO][0m:     - copy ./kivy/input/postproc/doubletap.pyc
[1m[INFO][0m:     - copy ./kivy/input/postproc/retaintouch.pyc
[1m[INFO][0m:     - copy ./kivy/input/postproc/__init__.pyc
[1m[INFO][0m:     - copy ./kivy/input/postproc/tripletap.pyc
[1m[INFO][0m:     - copy ./kivy/input/postproc/calibration.pyc
[1m[INFO][0m:     - copy ./kivy/input/postproc/ignorelist.pyc
[1m[INFO][0m:     - copy ./kivy/storage/dictstore.pyc
[1m[90m[DEBUG][39m[0m:   Create directory /app/.buildozer/android/platform/build-arm64-v8a/dists/neshrblek/_python_bundle__arm64-v8a/_python_bundle/site-packages/./kivy/storage
[1m[INFO][0m:     - copy ./kivy/storage/jsonstore.pyc
[1m[INFO][0m:     - copy ./kivy/storage/__init__.pyc
[1m[INFO][0m:     - copy ./kivy/storage/redisstore.pyc
[1m[INFO][0m:     - copy ./kivy/graphics/transformation.cpython-314-x86_64-linux-gnu.so
[1m[90m[DEBUG][39m[0m:   Create directory /app/.buildozer/android/platform/build-arm64-v8a/dists/neshrblek/_python_bundle__arm64-v8a/_python_bundle/site-packages/./kivy/graphics
[1m[INFO][0m:     - copy ./kivy/graphics/boxshadow.cpython-314-x86_64-linux-gnu.so
[1m[INFO][0m:     - copy ./kivy/graphics/context.cpython-314-x86_64-linux-gnu.so
[1m[INFO][0m:     - copy ./kivy/graphics/tesselator.pxd
[1m[INFO][0m:     - copy ./kivy/graphics/tesselator.cpython-314-x86_64-linux-gnu.so
[1m[INFO][0m:     - copy ./kivy/graphics/boxshadow.pxd
[1m[INFO][0m:     - copy ./kivy/graphics/buffer.cpython-314-x86_64-linux-gnu.so
[1m[INFO][0m:     - copy ./kivy/graphics/transformation.pxd
[1m[INFO][0m:     - copy ./kivy/graphics/vbo.cpython-314-x86_64-linux-gnu.so
[1m[INFO][0m:     - copy ./kivy/graphics/vertex.cpython-314-x86_64-linux-gnu.so
[1m[INFO][0m:     - copy ./kivy/graphics/vbo.pxd
[1m[INFO][0m:     - copy ./kivy/graphics/img_tools.pxi
[1m[INFO][0m:     - copy ./kivy/graphics/opcodes.pxi
[1m[INFO][0m:     - copy ./kivy/graphics/texture.pxd
[1m[INFO][0m:     - copy ./kivy/graphics/vertex_instructions_line.pxi
[1m[INFO][0m:     - copy ./kivy/graphics/shader.cpython-314-x86_64-linux-gnu.so
[1m[INFO][0m:     - copy ./kivy/graphics/scissor_instructions.cpython-314-x86_64-linux-gnu.so
[1m[INFO][0m:     - copy ./kivy/graphics/gl_instructions.cpython-314-x86_64-linux-gnu.so
[1m[INFO][0m:     - copy ./kivy/graphics/compiler.pxd
[1m[INFO][0m:     - copy ./kivy/graphics/context_instructions.cpython-314-x86_64-linux-gnu.so
[1m[INFO][0m:     - copy ./kivy/graphics/vertex.pxd
[1m[INFO][0m:     - copy ./kivy/graphics/shader.pxd
[1m[INFO][0m:     - copy ./kivy/graphics/buffer.pxd
[1m[INFO][0m:     - copy ./kivy/graphics/fbo.cpython-314-x86_64-linux-gnu.so
[1m[INFO][0m:     - copy ./kivy/graphics/vertex_instructions.pxd
[1m[INFO][0m:     - copy ./kivy/graphics/memory.pxi
[1m[INFO][0m:     - copy ./kivy/graphics/gl_debug_logger.pxi
[1m[INFO][0m:     - copy ./kivy/graphics/opengl_utils_def.pxi
[1m[INFO][0m:     - copy ./kivy/graphics/opengl_utils.pxd
[1m[INFO][0m:     - copy ./kivy/graphics/instructions.cpython-314-x86_64-linux-gnu.so
[1m[INFO][0m:     - copy ./kivy/graphics/svg.pxd
[1m[INFO][0m:     - copy ./kivy/graphics/context_instructions.pxd
[1m[INFO][0m:     - copy ./kivy/graphics/compiler.cpython-314-x86_64-linux-gnu.so
[1m[INFO][0m:     - copy ./kivy/graphics/cgl.pxd
[1m[INFO][0m:     - copy ./kivy/graphics/cgl.h
[1m[INFO][0m:     - copy ./kivy/graphics/context.pxd
[1m[INFO][0m:     - copy ./kivy/graphics/stencil_instructions.cpython-314-x86_64-linux-gnu.so
[1m[INFO][0m:     - copy ./kivy/graphics/vertex_instructions.cpython-314-x86_64-linux-gnu.so
[1m[INFO][0m:     - copy ./kivy/graphics/__init__.pyc
[1m[INFO][0m:     - copy ./kivy/graphics/svg.cpython-314-x86_64-linux-gnu.so
[1m[INFO][0m:     - copy ./kivy/graphics/common.pxi
[1m[INFO][0m:     - copy ./kivy/graphics/stencil_instructions.pxd
[1m[INFO][0m:     - copy ./kivy/graphics/cgl.cpython-314-x86_64-linux-gnu.so
[1m[INFO][0m:     - copy ./kivy/graphics/texture.cpython-314-x86_64-linux-gnu.so
[1m[INFO][0m:     - copy ./kivy/graphics/opengl.cpython-314-x86_64-linux-gnu.so
[1m[INFO][0m:     - copy ./kivy/graphics/opengl_utils.cpython-314-x86_64-linux-gnu.so
[1m[INFO][0m:     - copy ./kivy/graphics/fbo.pxd
[1m[INFO][0m:     - copy ./kivy/graphics/instructions.pxd
[1m[INFO][0m:     - copy ./kivy/graphics/cgl_backend/cgl_mock.cpython-314-x86_64-linux-gnu.so
[1m[90m[DEBUG][39m[0m:   Create directory /app/.buildozer/android/platform/build-arm64-v8a/dists/neshrblek/_python_bundle__arm64-v8a/_python_bundle/site-packages/./kivy/graphics/cgl_backend
[1m[INFO][0m:     - copy ./kivy/graphics/cgl_backend/cgl_debug.cpython-314-x86_64-linux-gnu.so
[1m[INFO][0m:     - copy ./kivy/graphics/cgl_backend/cgl_gl.cpython-314-x86_64-linux-gnu.so
[1m[INFO][0m:     - copy ./kivy/graphics/cgl_backend/__init__.pyc
[1m[INFO][0m:     - copy ./kivy/graphics/cgl_backend/cgl_sdl2.cpython-314-x86_64-linux-gnu.so
[1m[INFO][0m:     - copy ./kivy/graphics/cgl_backend/cgl_glew.cpython-314-x86_64-linux-gnu.so
[1m[INFO][0m:     - copy ./kivy/include/gl2platform.h
[1m[90m[DEBUG][39m[0m:   Create directory /app/.buildozer/android/platform/build-arm64-v8a/dists/neshrblek/_python_bundle__arm64-v8a/_python_bundle/site-packages/./kivy/include
[1m[INFO][0m:     - copy ./kivy/include/config.h
[1m[INFO][0m:     - copy ./kivy/include/common_subset.h
[1m[INFO][0m:     - copy ./kivy/include/gl_redirect.h
[1m[INFO][0m:     - copy ./kivy/include/config.pxi
[1m[INFO][0m:     - copy ./kivy/include/khrplatform.h
[1m[INFO][0m:     - copy ./kivy/lang/parser.pyc
[1m[90m[DEBUG][39m[0m:   Create directory /app/.buildozer/android/platform/build-arm64-v8a/dists/neshrblek/_python_bundle__arm64-v8a/_python_bundle/site-packages/./kivy/lang
[1m[INFO][0m:     - copy ./kivy/lang/__init__.pyc
[1m[INFO][0m:     - copy ./kivy/lang/builder.pyc
[1m[INFO][0m:     - copy ./kivy/tools/generate-icons.pyc
[1m[90m[DEBUG][39m[0m:   Create directory /app/.buildozer/android/platform/build-arm64-v8a/dists/neshrblek/_python_bundle__arm64-v8a/_python_bundle/site-packages/./kivy/tools
[1m[INFO][0m:     - copy ./kivy/tools/texturecompress.pyc
[1m[INFO][0m:     - copy ./kivy/tools/changelog_parser.pyc
[1m[INFO][0m:     - copy ./kivy/tools/gallery.pyc
[1m[INFO][0m:     - copy ./kivy/tools/stub-gl-debug.pyc
[1m[INFO][0m:     - copy ./kivy/tools/coverage.pyc
[1m[INFO][0m:     - copy ./kivy/tools/__init__.pyc
[1m[INFO][0m:     - copy ./kivy/tools/kviewer.pyc
[1m[INFO][0m:     - copy ./kivy/tools/benchmark.pyc
[1m[INFO][0m:     - copy ./kivy/tools/report.pyc
[1m[INFO][0m:     - copy ./kivy/tools/highlight/kivy.tmLanguage
[1m[90m[DEBUG][39m[0m:   Create directory /app/.buildozer/android/platform/build-arm64-v8a/dists/neshrblek/_python_bundle__arm64-v8a/_python_bundle/site-packages/./kivy/tools/highlight
[1m[INFO][0m:     - copy ./kivy/tools/highlight/kivy.json-tmlanguage
[1m[INFO][0m:     - copy ./kivy/tools/highlight/__init__.pyc
[1m[INFO][0m:     - copy ./kivy/tools/highlight/kivy-mode.el
[1m[INFO][0m:     - copy ./kivy/tools/highlight/kivy.vim
[1m[INFO][0m:     - copy ./kivy/tools/gles_compat/subset_gles.pyc
[1m[90m[DEBUG][39m[0m:   Create directory /app/.buildozer/android/platform/build-arm64-v8a/dists/neshrblek/_python_bundle__arm64-v8a/_python_bundle/site-packages/./kivy/tools/gles_compat
[1m[INFO][0m:     - copy ./kivy/tools/gles_compat/gl2.h
[1m[INFO][0m:     - copy ./kivy/tools/precommit_hooks/pre-commit-config.yaml
[1m[90m[DEBUG][39m[0m:   Create directory /app/.buildozer/android/platform/build-arm64-v8a/dists/neshrblek/_python_bundle__arm64-v8a/_python_bundle/site-packages/./kivy/tools/precommit_hooks
[1m[INFO][0m:     - copy ./kivy/tools/pep8checker/pep8.pyc
[1m[90m[DEBUG][39m[0m:   Create directory /app/.buildozer/android/platform/build-arm64-v8a/dists/neshrblek/_python_bundle__arm64-v8a/_python_bundle/site-packages/./kivy/tools/pep8checker
[1m[INFO][0m:     - copy ./kivy/tools/pep8checker/pre-commit.githook
[1m[INFO][0m:     - copy ./kivy/tools/pep8checker/pep8kivy.pyc
[1m[INFO][0m:     - copy ./kivy/tools/packaging/factory.pyc
[1m[90m[DEBUG][39m[0m:   Create directory /app/.buildozer/android/platform/build-arm64-v8a/dists/neshrblek/_python_bundle__arm64-v8a/_python_bundle/site-packages/./kivy/tools/packaging
[1m[INFO][0m:     - copy ./kivy/tools/packaging/cython_cfg.pyc
[1m[INFO][0m:     - copy ./kivy/tools/packaging/__init__.pyc
[1m[INFO][0m:     - copy ./kivy/tools/packaging/pyinstaller_hooks/__main__.pyc
[1m[90m[DEBUG][39m[0m:   Create directory /app/.buildozer/android/platform/build-arm64-v8a/dists/neshrblek/_python_bundle__arm64-v8a/_python_bundle/site-packages/./kivy/tools/packaging/pyinstaller_hooks
[1m[INFO][0m:     - copy ./kivy/tools/packaging/pyinstaller_hooks/__init__.pyc
[1m[INFO][0m:     - copy ./kivy/tools/packaging/pyinstaller_hooks/hook-kivy.pyc
[1m[INFO][0m:     - copy ./kivy/tools/packaging/pyinstaller_hooks/pyi_rth_kivy.pyc
[1m[INFO][0m:     - copy ./kivy/tools/theming/defaulttheme/slider_cursor_disabled.png
[1m[90m[DEBUG][39m[0m:   Create directory /app/.buildozer/android/platform/build-arm64-v8a/dists/neshrblek/_python_bundle__arm64-v8a/_python_bundle/site-packages/./kivy/tools/theming/defaulttheme
[1m[INFO][0m:     - copy ./kivy/tools/theming/defaulttheme/vkeyboard_disabled_key_normal.png
[1m[INFO][0m:     - copy ./kivy/tools/theming/defaulttheme/textinput.png
[1m[INFO][0m:     - copy ./kivy/tools/theming/defaulttheme/selector_right.png
[1m[INFO][0m:     - copy ./kivy/tools/theming/defaulttheme/action_group_down.png
[1m[INFO][0m:     - copy ./kivy/tools/theming/defaulttheme/splitter_grip_h.png
[1m[INFO][0m:     - copy ./kivy/tools/theming/defaulttheme/splitter.png
[1m[INFO][0m:     - copy ./kivy/tools/theming/defaulttheme/splitter_disabled_down.png
[1m[INFO][0m:     - copy ./kivy/tools/theming/defaulttheme/action_item_down.png
[1m[INFO][0m:     - copy ./kivy/tools/theming/defaulttheme/checkbox_off.png
[1m[INFO][0m:     - copy ./kivy/tools/theming/defaulttheme/vkeyboard_key_normal.png
[1m[INFO][0m:     - copy ./kivy/tools/theming/defaulttheme/button_pressed.png
[1m[INFO][0m:     - copy ./kivy/tools/theming/defaulttheme/checkbox_disabled_on.png
[1m[INFO][0m:     - copy ./kivy/tools/theming/defaulttheme/switch-background_disabled.png
[1m[INFO][0m:     - copy ./kivy/tools/theming/defaulttheme/splitter_down_h.png
[1m[INFO][0m:     - copy ./kivy/tools/theming/defaulttheme/audio-volume-medium.png
[1m[INFO][0m:     - copy ./kivy/tools/theming/defaulttheme/progressbar.png
[1m[INFO][0m:     - copy ./kivy/tools/theming/defaulttheme/selector_left.png
[1m[INFO][0m:     - copy ./kivy/tools/theming/defaulttheme/tab_btn_disabled_pressed.png
[1m[INFO][0m:     - copy ./kivy/tools/theming/defaulttheme/spinner_disabled.png
[1m[INFO][0m:     - copy ./kivy/tools/theming/defaulttheme/spinner.png
[1m[INFO][0m:     - copy ./kivy/tools/theming/defaulttheme/slider_cursor.png
[1m[INFO][0m:     - copy ./kivy/tools/theming/defaulttheme/textinput_disabled_active.png
[1m[INFO][0m:     - copy ./kivy/tools/theming/defaulttheme/modalview-background.png
[1m[INFO][0m:     - copy ./kivy/tools/theming/defaulttheme/bubble_btn_pressed.png
[1m[INFO][0m:     - copy ./kivy/tools/theming/defaulttheme/switch-button_disabled.png
[1m[INFO][0m:     - copy ./kivy/tools/theming/defaulttheme/audio-volume-high.png
[1m[INFO][0m:     - copy ./kivy/tools/theming/defaulttheme/sliderv_background_disabled.png
[1m[INFO][0m:     - copy ./kivy/tools/theming/defaulttheme/image-missing.png
[1m[INFO][0m:     - copy ./kivy/tools/theming/defaulttheme/overflow.png
[1m[INFO][0m:     - copy ./kivy/tools/theming/defaulttheme/vkeyboard_disabled_background.png
[1m[INFO][0m:     - copy ./kivy/tools/theming/defaulttheme/filechooser_selected.png
[1m[INFO][0m:     - copy ./kivy/tools/theming/defaulttheme/splitter_grip.png
[1m[INFO][0m:     - copy ./kivy/tools/theming/defaulttheme/checkbox_on.png
[1m[INFO][0m:     - copy ./kivy/tools/theming/defaulttheme/checkbox_radio_off.png
[1m[INFO][0m:     - copy ./kivy/tools/theming/defaulttheme/textinput_active.png
[1m[INFO][0m:     - copy ./kivy/tools/theming/defaulttheme/separator.png
[1m[INFO][0m:     - copy ./kivy/tools/theming/defaulttheme/media-playback-stop.png
[1m[INFO][0m:     - copy ./kivy/tools/theming/defaulttheme/action_view.png
[1m[INFO][0m:     - copy ./kivy/tools/theming/defaulttheme/splitter_down.png
[1m[INFO][0m:     - copy ./kivy/tools/theming/defaulttheme/player-play-overlay.png
[1m[INFO][0m:     - copy ./kivy/tools/theming/defaulttheme/tab_btn.png
[1m[INFO][0m:     - copy ./kivy/tools/theming/defaulttheme/splitter_disabled.png
[1m[INFO][0m:     - copy ./kivy/tools/theming/defaulttheme/media-playback-pause.png
[1m[INFO][0m:     - copy ./kivy/tools/theming/defaulttheme/previous_normal.png
[1m[INFO][0m:     - copy ./kivy/tools/theming/defaulttheme/audio-volume-muted.png
[1m[INFO][0m:     - copy ./kivy/tools/theming/defaulttheme/media-playback-start.png
[1m[INFO][0m:     - copy ./kivy/tools/theming/defaulttheme/tab_disabled.png
[1m[INFO][0m:     - copy ./kivy/tools/theming/defaulttheme/tab.png
[1m[INFO][0m:     - copy ./kivy/tools/theming/defaulttheme/bubble_btn.png
[1m[INFO][0m:     - copy ./kivy/tools/theming/defaulttheme/switch-background.png
[1m[INFO][0m:     - copy ./kivy/tools/theming/defaulttheme/tree_opened.png
[1m[INFO][0m:     - copy ./kivy/tools/theming/defaulttheme/switch-button.png
[1m[INFO][0m:     - copy ./kivy/tools/theming/defaulttheme/splitter_disabled_down_h.png
[1m[INFO][0m:     - copy ./kivy/tools/theming/defaulttheme/sliderh_background.png
[1m[INFO][0m:     - copy ./kivy/tools/theming/defaulttheme/checkbox_radio_on.png
[1m[INFO][0m:     - copy ./kivy/tools/theming/defaulttheme/filechooser_folder.png
[1m[INFO][0m:     - copy ./kivy/tools/theming/defaulttheme/checkbox_disabled_off.png
[1m[INFO][0m:     - copy ./kivy/tools/theming/defaulttheme/player-background.png
[1m[INFO][0m:     - copy ./kivy/tools/theming/defaulttheme/splitter_disabled_h.png
[1m[INFO][0m:     - copy ./kivy/tools/theming/defaulttheme/action_group.png
[1m[INFO][0m:     - copy ./kivy/tools/theming/defaulttheme/sliderh_background_disabled.png
[1m[INFO][0m:     - copy ./kivy/tools/theming/defaulttheme/vkeyboard_key_down.png
[1m[INFO][0m:     - copy ./kivy/tools/theming/defaulttheme/bubble.png
[1m[INFO][0m:     - copy ./kivy/tools/theming/defaulttheme/action_item.png
[1m[INFO][0m:     - copy ./kivy/tools/theming/defaulttheme/vkeyboard_disabled_key_down.png
[1m[INFO][0m:     - copy ./kivy/tools/theming/defaulttheme/button.png
[1m[INFO][0m:     - copy ./kivy/tools/theming/defaulttheme/audio-volume-low.png
[1m[INFO][0m:     - copy ./kivy/tools/theming/defaulttheme/tab_btn_disabled.png
[1m[INFO][0m:     - copy ./kivy/tools/theming/defaulttheme/vkeyboard_background.png
[1m[INFO][0m:     - copy ./kivy/tools/theming/defaulttheme/action_group_disabled.png
[1m[INFO][0m:     - copy ./kivy/tools/theming/defaulttheme/textinput_disabled.png
[1m[INFO][0m:     - copy ./kivy/tools/theming/defaulttheme/filechooser_file.png
[1m[INFO][0m:     - copy ./kivy/tools/theming/defaulttheme/ring.png
[1m[INFO][0m:     - copy ./kivy/tools/theming/defaulttheme/bubble_arrow.png
[1m[INFO][0m:     - copy ./kivy/tools/theming/defaulttheme/tree_closed.png
[1m[INFO][0m:     - copy ./kivy/tools/theming/defaulttheme/progressbar_background.png
[1m[INFO][0m:     - copy ./kivy/tools/theming/defaulttheme/close.png
[1m[INFO][0m:     - copy ./kivy/tools/theming/defaulttheme/tab_btn_pressed.png
[1m[INFO][0m:     - copy ./kivy/tools/theming/defaulttheme/selector_middle.png
[1m[INFO][0m:     - copy ./kivy/tools/theming/defaulttheme/splitter_h.png
[1m[INFO][0m:     - copy ./kivy/tools/theming/defaulttheme/spinner_pressed.png
[1m[INFO][0m:     - copy ./kivy/tools/theming/defaulttheme/sliderv_background.png
[1m[INFO][0m:     - copy ./kivy/tools/theming/defaulttheme/action_bar.png
[1m[INFO][0m:     - copy ./kivy/tools/theming/defaulttheme/button_disabled.png
[1m[INFO][0m:     - copy ./kivy/tools/theming/defaulttheme/checkbox_radio_disabled_off.png
[1m[INFO][0m:     - copy ./kivy/tools/theming/defaulttheme/button_disabled_pressed.png
[1m[INFO][0m:     - copy ./kivy/tools/theming/defaulttheme/checkbox_radio_disabled_on.png
[1m[INFO][0m:     - copy ./kivy/tools/image-testsuite/gimp28-testsuite.pyc
[1m[90m[DEBUG][39m[0m:   Create directory /app/.buildozer/android/platform/build-arm64-v8a/dists/neshrblek/_python_bundle__arm64-v8a/_python_bundle/site-packages/./kivy/tools/image-testsuite
[1m[INFO][0m:     - copy ./kivy/tools/image-testsuite/imagemagick-testsuite.sh
[1m[INFO][0m:     - copy ./kivy/tools/image-testsuite/README.md
[1m[INFO][0m:     - copy ./kivy/garden/__init__.pyc
[1m[90m[DEBUG][39m[0m:   Create directory /app/.buildozer/android/platform/build-arm64-v8a/dists/neshrblek/_python_bundle__arm64-v8a/_python_bundle/site-packages/./kivy/garden
[1m[INFO][0m:     - copy ./kivy/lib/ddsfile.pyc
[1m[90m[DEBUG][39m[0m:   Create directory /app/.buildozer/android/platform/build-arm64-v8a/dists/neshrblek/_python_bundle__arm64-v8a/_python_bundle/site-packages/./kivy/lib
[1m[INFO][0m:     - copy ./kivy/lib/mtdev.pyc
[1m[INFO][0m:     - copy ./kivy/lib/__init__.pyc
[1m[INFO][0m:     - copy ./kivy/lib/sdl2.pxi
[1m[INFO][0m:     - copy ./kivy/lib/gstplayer/__init__.pyc
[1m[90m[DEBUG][39m[0m:   Create directory /app/.buildozer/android/platform/build-arm64-v8a/dists/neshrblek/_python_bundle__arm64-v8a/_python_bundle/site-packages/./kivy/lib/gstplayer
[1m[INFO][0m:     - copy ./kivy/lib/pango/pangoft2.pxi
[1m[90m[DEBUG][39m[0m:   Create directory /app/.buildozer/android/platform/build-arm64-v8a/dists/neshrblek/_python_bundle__arm64-v8a/_python_bundle/site-packages/./kivy/lib/pango
[1m[INFO][0m:     - copy ./kivy/lib/vidcore_lite/bcm.pxd
[1m[90m[DEBUG][39m[0m:   Create directory /app/.buildozer/android/platform/build-arm64-v8a/dists/neshrblek/_python_bundle__arm64-v8a/_python_bundle/site-packages/./kivy/lib/vidcore_lite
[1m[INFO][0m:     - copy ./kivy/lib/vidcore_lite/__init__.pyc
[1m[INFO][0m:     - copy ./kivy/effects/opacityscroll.pyc
[1m[90m[DEBUG][39m[0m:   Create directory /app/.buildozer/android/platform/build-arm64-v8a/dists/neshrblek/_python_bundle__arm64-v8a/_python_bundle/site-packages/./kivy/effects
[1m[INFO][0m:     - copy ./kivy/effects/__init__.pyc
[1m[INFO][0m:     - copy ./kivy/effects/dampedscroll.pyc
[1m[INFO][0m:     - copy ./kivy/effects/kinetic.pyc
[1m[INFO][0m:     - copy ./kivy/effects/scroll.pyc
[1m[INFO][0m:     - copy ./cffi/verifier.pyc
[1m[90m[DEBUG][39m[0m:   Create directory /app/.buildozer/android/platform/build-arm64-v8a/dists/neshrblek/_python_bundle__arm64-v8a/_python_bundle/site-packages/./cffi
[1m[INFO][0m:     - copy ./cffi/cffi_opcode.pyc
[1m[INFO][0m:     - copy ./cffi/parse_c_type.h
[1m[INFO][0m:     - copy ./cffi/recompiler.pyc
[1m[INFO][0m:     - copy ./cffi/error.pyc
[1m[INFO][0m:     - copy ./cffi/_imp_emulation.pyc
[1m[INFO][0m:     - copy ./cffi/backend_ctypes.pyc
[1m[INFO][0m:     - copy ./cffi/_embedding.h
[1m[INFO][0m:     - copy ./cffi/vengine_cpy.pyc
[1m[INFO][0m:     - copy ./cffi/_cffi_errors.h
[1m[INFO][0m:     - copy ./cffi/vengine_gen.pyc
[1m[INFO][0m:     - copy ./cffi/pkgconfig.pyc
[1m[INFO][0m:     - copy ./cffi/model.pyc
[1m[INFO][0m:     - copy ./cffi/ffiplatform.pyc
[1m[INFO][0m:     - copy ./cffi/lock.pyc
[1m[INFO][0m:     - copy ./cffi/__init__.pyc
[1m[INFO][0m:     - copy ./cffi/setuptools_ext.pyc
[1m[INFO][0m:     - copy ./cffi/api.pyc
[1m[INFO][0m:     - copy ./cffi/_cffi_include.h
[1m[INFO][0m:     - copy ./cffi/commontypes.pyc
[1m[INFO][0m:     - copy ./cffi/cparser.pyc
[1m[INFO][0m:     - copy ./cffi/_shimmed_dist_utils.pyc
[1m[INFO][0m:     - copy ./android/_android.cpython-314-x86_64-linux-gnu.so
[1m[90m[DEBUG][39m[0m:   Create directory /app/.buildozer/android/platform/build-arm64-v8a/dists/neshrblek/_python_bundle__arm64-v8a/_python_bundle/site-packages/./android
[1m[INFO][0m:     - copy ./android/config.pyc
[1m[INFO][0m:     - copy ./android/touch.pyc
[1m[INFO][0m:     - copy ./android/_android_billing.cpython-314-x86_64-linux-gnu.so
[1m[INFO][0m:     - copy ./android/billing.pyc
[1m[INFO][0m:     - copy ./android/_ctypes_library_finder.pyc
[1m[INFO][0m:     - copy ./android/activity.pyc
[1m[INFO][0m:     - copy ./android/mixer.pyc
[1m[INFO][0m:     - copy ./android/runnable.pyc
[1m[INFO][0m:     - copy ./android/_android_sound.cpython-314-x86_64-linux-gnu.so
[1m[INFO][0m:     - copy ./android/loadingscreen.pyc
[1m[INFO][0m:     - copy ./android/permissions.pyc
[1m[INFO][0m:     - copy ./android/__init__.pyc
[1m[INFO][0m:     - copy ./android/display_cutout.pyc
[1m[INFO][0m:     - copy ./android/storage.pyc
[1m[INFO][0m:     - copy ./android/broadcast.pyc
[1m[INFO][0m:     - copy ./cffi-2.0.0.dist-info/WHEEL
[1m[90m[DEBUG][39m[0m:   Create directory /app/.buildozer/android/platform/build-arm64-v8a/dists/neshrblek/_python_bundle__arm64-v8a/_python_bundle/site-packages/./cffi-2.0.0.dist-info
[1m[INFO][0m:     - copy ./cffi-2.0.0.dist-info/METADATA
[1m[INFO][0m:     - copy ./cffi-2.0.0.dist-info/entry_points.txt
[1m[INFO][0m:     - copy ./cffi-2.0.0.dist-info/RECORD
[1m[INFO][0m:     - copy ./cffi-2.0.0.dist-info/top_level.txt
[1m[INFO][0m:     - copy ./cffi-2.0.0.dist-info/licenses/LICENSE
[1m[90m[DEBUG][39m[0m:   Create directory /app/.buildozer/android/platform/build-arm64-v8a/dists/neshrblek/_python_bundle__arm64-v8a/_python_bundle/site-packages/./cffi-2.0.0.dist-info/licenses
[1m[INFO][0m:     - copy ./cffi-2.0.0.dist-info/licenses/AUTHORS
[1m[INFO][0m:     - copy ./filetype-1.2.0.dist-info/zip-safe
[1m[90m[DEBUG][39m[0m:   Create directory /app/.buildozer/android/platform/build-arm64-v8a/dists/neshrblek/_python_bundle__arm64-v8a/_python_bundle/site-packages/./filetype-1.2.0.dist-info
[1m[INFO][0m:     - copy ./filetype-1.2.0.dist-info/LICENSE
[1m[INFO][0m:     - copy ./filetype-1.2.0.dist-info/WHEEL
[1m[INFO][0m:     - copy ./filetype-1.2.0.dist-info/METADATA
[1m[INFO][0m:     - copy ./filetype-1.2.0.dist-info/REQUESTED
[1m[INFO][0m:     - copy ./filetype-1.2.0.dist-info/INSTALLER
[1m[INFO][0m:     - copy ./filetype-1.2.0.dist-info/entry_points.txt
[1m[INFO][0m:     - copy ./filetype-1.2.0.dist-info/RECORD
[1m[INFO][0m:     - copy ./filetype-1.2.0.dist-info/top_level.txt
[1m[INFO][0m:     - copy ./arabic_reshaper/arabic_reshaper.pyc
[1m[90m[DEBUG][39m[0m:   Create directory /app/.buildozer/android/platform/build-arm64-v8a/dists/neshrblek/_python_bundle__arm64-v8a/_python_bundle/site-packages/./arabic_reshaper
[1m[INFO][0m:     - copy ./arabic_reshaper/ligatures.pyc
[1m[INFO][0m:     - copy ./arabic_reshaper/__version__.pyc
[1m[INFO][0m:     - copy ./arabic_reshaper/reshaper_config.pyc
[1m[INFO][0m:     - copy ./arabic_reshaper/__init__.pyc
[1m[INFO][0m:     - copy ./arabic_reshaper/letters.pyc
[1m[INFO][0m:     - copy ./certifi-2026.5.20.dist-info/WHEEL
[1m[90m[DEBUG][39m[0m:   Create directory /app/.buildozer/android/platform/build-arm64-v8a/dists/neshrblek/_python_bundle__arm64-v8a/_python_bundle/site-packages/./certifi-2026.5.20.dist-info
[1m[INFO][0m:     - copy ./certifi-2026.5.20.dist-info/METADATA
[1m[INFO][0m:     - copy ./certifi-2026.5.20.dist-info/REQUESTED
[1m[INFO][0m:     - copy ./certifi-2026.5.20.dist-info/INSTALLER
[1m[INFO][0m:     - copy ./certifi-2026.5.20.dist-info/RECORD
[1m[INFO][0m:     - copy ./certifi-2026.5.20.dist-info/top_level.txt
[1m[INFO][0m:     - copy ./certifi-2026.5.20.dist-info/licenses/LICENSE
[1m[90m[DEBUG][39m[0m:   Create directory /app/.buildozer/android/platform/build-arm64-v8a/dists/neshrblek/_python_bundle__arm64-v8a/_python_bundle/site-packages/./certifi-2026.5.20.dist-info/licenses
[1m[INFO][0m:     - copy ./cryptography-46.0.3.dist-info/WHEEL
[1m[90m[DEBUG][39m[0m:   Create directory /app/.buildozer/android/platform/build-arm64-v8a/dists/neshrblek/_python_bundle__arm64-v8a/_python_bundle/site-packages/./cryptography-46.0.3.dist-info
[1m[INFO][0m:     - copy ./cryptography-46.0.3.dist-info/METADATA
[1m[INFO][0m:     - copy ./cryptography-46.0.3.dist-info/RECORD
[1m[INFO][0m:     - copy ./cryptography-46.0.3.dist-info/sboms/cryptography-rust.cyclonedx.json
[1m[90m[DEBUG][39m[0m:   Create directory /app/.buildozer/android/platform/build-arm64-v8a/dists/neshrblek/_python_bundle__arm64-v8a/_python_bundle/site-packages/./cryptography-46.0.3.dist-info/sboms
[1m[INFO][0m:     - copy ./cryptography-46.0.3.dist-info/licenses/LICENSE.BSD
[1m[90m[DEBUG][39m[0m:   Create directory /app/.buildozer/android/platform/build-arm64-v8a/dists/neshrblek/_python_bundle__arm64-v8a/_python_bundle/site-packages/./cryptography-46.0.3.dist-info/licenses
[1m[INFO][0m:     - copy ./cryptography-46.0.3.dist-info/licenses/LICENSE
[1m[INFO][0m:     - copy ./cryptography-46.0.3.dist-info/licenses/LICENSE.APACHE
[1m[INFO][0m:     - copy ./pycparser-2.14.dist-info/WHEEL
[1m[90m[DEBUG][39m[0m:   Create directory /app/.buildozer/android/platform/build-arm64-v8a/dists/neshrblek/_python_bundle__arm64-v8a/_python_bundle/site-packages/./pycparser-2.14.dist-info
[1m[INFO][0m:     - copy ./pycparser-2.14.dist-info/METADATA
[1m[INFO][0m:     - copy ./pycparser-2.14.dist-info/direct_url.json
[1m[INFO][0m:     - copy ./pycparser-2.14.dist-info/REQUESTED
[1m[INFO][0m:     - copy ./pycparser-2.14.dist-info/INSTALLER
[1m[INFO][0m:     - copy ./pycparser-2.14.dist-info/RECORD
[1m[INFO][0m:     - copy ./pycparser-2.14.dist-info/top_level.txt
[1m[INFO][0m:     - copy ./pycparser-2.14.dist-info/licenses/LICENSE
[1m[90m[DEBUG][39m[0m:   Create directory /app/.buildozer/android/platform/build-arm64-v8a/dists/neshrblek/_python_bundle__arm64-v8a/_python_bundle/site-packages/./pycparser-2.14.dist-info/licenses
[1m[INFO][0m:     - copy ./pycparser/_c_ast.cfg
[1m[90m[DEBUG][39m[0m:   Create directory /app/.buildozer/android/platform/build-arm64-v8a/dists/neshrblek/_python_bundle__arm64-v8a/_python_bundle/site-packages/./pycparser
[1m[INFO][0m:     - copy ./pycparser/plyparser.pyc
[1m[INFO][0m:     - copy ./pycparser/_ast_gen.pyc
[1m[INFO][0m:     - copy ./pycparser/ast_transforms.pyc
[1m[INFO][0m:     - copy ./pycparser/c_ast.pyc
[1m[INFO][0m:     - copy ./pycparser/lextab.pyc
[1m[INFO][0m:     - copy ./pycparser/c_lexer.pyc
[1m[INFO][0m:     - copy ./pycparser/c_parser.pyc
[1m[INFO][0m:     - copy ./pycparser/__init__.pyc
[1m[INFO][0m:     - copy ./pycparser/_build_tables.pyc
[1m[INFO][0m:     - copy ./pycparser/c_generator.pyc
[1m[INFO][0m:     - copy ./pycparser/yacctab.pyc
[1m[INFO][0m:     - copy ./pycparser/ply/yacc.pyc
[1m[90m[DEBUG][39m[0m:   Create directory /app/.buildozer/android/platform/build-arm64-v8a/dists/neshrblek/_python_bundle__arm64-v8a/_python_bundle/site-packages/./pycparser/ply
[1m[INFO][0m:     - copy ./pycparser/ply/cpp.pyc
[1m[INFO][0m:     - copy ./pycparser/ply/lex.pyc
[1m[INFO][0m:     - copy ./pycparser/ply/ctokens.pyc
[1m[INFO][0m:     - copy ./pycparser/ply/__init__.pyc
[1m[INFO][0m:     - copy ./python_bidi-0.6.10.dist-info/WHEEL
[1m[90m[DEBUG][39m[0m:   Create directory /app/.buildozer/android/platform/build-arm64-v8a/dists/neshrblek/_python_bundle__arm64-v8a/_python_bundle/site-packages/./python_bidi-0.6.10.dist-info
[1m[INFO][0m:     - copy ./python_bidi-0.6.10.dist-info/METADATA
[1m[INFO][0m:     - copy ./python_bidi-0.6.10.dist-info/REQUESTED
[1m[INFO][0m:     - copy ./python_bidi-0.6.10.dist-info/INSTALLER
[1m[INFO][0m:     - copy ./python_bidi-0.6.10.dist-info/entry_points.txt
[1m[INFO][0m:     - copy ./python_bidi-0.6.10.dist-info/RECORD
[1m[INFO][0m:     - copy ./python_bidi-0.6.10.dist-info/sboms/python-bidi.cyclonedx.json
[1m[90m[DEBUG][39m[0m:   Create directory /app/.buildozer/android/platform/build-arm64-v8a/dists/neshrblek/_python_bundle__arm64-v8a/_python_bundle/site-packages/./python_bidi-0.6.10.dist-info/sboms
[1m[INFO][0m:     - copy ./python_bidi-0.6.10.dist-info/licenses/LICENSE-THIRD-PARTY.yml
[1m[90m[DEBUG][39m[0m:   Create directory /app/.buildozer/android/platform/build-arm64-v8a/dists/neshrblek/_python_bundle__arm64-v8a/_python_bundle/site-packages/./python_bidi-0.6.10.dist-info/licenses
[1m[INFO][0m:     - copy ./python_bidi-0.6.10.dist-info/licenses/COPYING.LESSER
[1m[INFO][0m:     - copy ./python_bidi-0.6.10.dist-info/licenses/AUTHORS.rst
[1m[INFO][0m:     - copy ./python_bidi-0.6.10.dist-info/licenses/COPYING
[1m[INFO][0m:     - copy ./pyrebase/pyre_sseclient.pyc
[1m[90m[DEBUG][39m[0m:   Create directory /app/.buildozer/android/platform/build-arm64-v8a/dists/neshrblek/_python_bundle__arm64-v8a/_python_bundle/site-packages/./pyrebase
[1m[INFO][0m:     - copy ./pyrebase/pyrebase.pyc
[1m[INFO][0m:     - copy ./pyrebase/__init__.pyc
[1m[INFO][0m:     - copy ./docs/installation.rst
[1m[90m[DEBUG][39m[0m:   Create directory /app/.buildozer/android/platform/build-arm64-v8a/dists/neshrblek/_python_bundle__arm64-v8a/_python_bundle/site-packages/./docs
[1m[INFO][0m:     - copy ./docs/faq.rst
[1m[INFO][0m:     - copy ./docs/community.rst
[1m[INFO][0m:     - copy ./docs/api-stability.rst
[1m[INFO][0m:     - copy ./docs/spelling_wordlist.txt
[1m[INFO][0m:     - copy ./docs/fernet.rst
[1m[INFO][0m:     - copy ./docs/changelog.rst
[1m[INFO][0m:     - copy ./docs/glossary.rst
[1m[INFO][0m:     - copy ./docs/index.rst
[1m[INFO][0m:     - copy ./docs/exceptions.rst
[1m[INFO][0m:     - copy ./docs/Makefile
[1m[INFO][0m:     - copy ./docs/make.bat
[1m[INFO][0m:     - copy ./docs/random-numbers.rst
[1m[INFO][0m:     - copy ./docs/limitations.rst
[1m[INFO][0m:     - copy ./docs/openssl.rst
[1m[INFO][0m:     - copy ./docs/conf.pyc
[1m[INFO][0m:     - copy ./docs/security.rst
[1m[INFO][0m:     - copy ./docs/doing-a-release.rst
[1m[INFO][0m:     - copy ./docs/hazmat/primitives/symmetric-encryption.rst
[1m[90m[DEBUG][39m[0m:   Create directory /app/.buildozer/android/platform/build-arm64-v8a/dists/neshrblek/_python_bundle__arm64-v8a/_python_bundle/site-packages/./docs/hazmat/primitives
[1m[INFO][0m:     - copy ./docs/hazmat/primitives/cryptographic-hashes.rst
[1m[INFO][0m:     - copy ./docs/hazmat/primitives/twofactor.rst
[1m[INFO][0m:     - copy ./docs/hazmat/primitives/constant-time.rst
[1m[INFO][0m:     - copy ./docs/hazmat/primitives/index.rst
[1m[INFO][0m:     - copy ./docs/hazmat/primitives/key-derivation-functions.rst
[1m[INFO][0m:     - copy ./docs/hazmat/primitives/keywrap.rst
[1m[INFO][0m:     - copy ./docs/hazmat/primitives/aead.rst
[1m[INFO][0m:     - copy ./docs/hazmat/primitives/padding.rst
[1m[INFO][0m:     - copy ./docs/hazmat/primitives/asymmetric/utils.rst
[1m[90m[DEBUG][39m[0m:   Create directory /app/.buildozer/android/platform/build-arm64-v8a/dists/neshrblek/_python_bundle__arm64-v8a/_python_bundle/site-packages/./docs/hazmat/primitives/asymmetric
[1m[INFO][0m:     - copy ./docs/hazmat/primitives/asymmetric/x25519.rst
[1m[INFO][0m:     - copy ./docs/hazmat/primitives/asymmetric/rsa.rst
[1m[INFO][0m:     - copy ./docs/hazmat/primitives/asymmetric/dsa.rst
[1m[INFO][0m:     - copy ./docs/hazmat/primitives/asymmetric/dh.rst
[1m[INFO][0m:     - copy ./docs/hazmat/primitives/asymmetric/ed25519.rst
[1m[INFO][0m:     - copy ./docs/hazmat/primitives/asymmetric/ed448.rst
[1m[INFO][0m:     - copy ./docs/hazmat/primitives/asymmetric/x448.rst
[1m[INFO][0m:     - copy ./docs/hazmat/primitives/asymmetric/index.rst
[1m[INFO][0m:     - copy ./docs/hazmat/primitives/asymmetric/cloudhsm.rst
[1m[INFO][0m:     - copy ./docs/hazmat/primitives/asymmetric/ec.rst
[1m[INFO][0m:     - copy ./docs/hazmat/primitives/asymmetric/serialization.rst
[1m[INFO][0m:     - copy ./docs/hazmat/primitives/mac/hmac.rst
[1m[90m[DEBUG][39m[0m:   Create directory /app/.buildozer/android/platform/build-arm64-v8a/dists/neshrblek/_python_bundle__arm64-v8a/_python_bundle/site-packages/./docs/hazmat/primitives/mac
[1m[INFO][0m:     - copy ./docs/hazmat/primitives/mac/poly1305.rst
[1m[INFO][0m:     - copy ./docs/hazmat/primitives/mac/index.rst
[1m[INFO][0m:     - copy ./docs/hazmat/primitives/mac/cmac.rst
[1m[INFO][0m:     - copy ./docs/hazmat/decrepit/index.rst
[1m[90m[DEBUG][39m[0m:   Create directory /app/.buildozer/android/platform/build-arm64-v8a/dists/neshrblek/_python_bundle__arm64-v8a/_python_bundle/site-packages/./docs/hazmat/decrepit
[1m[INFO][0m:     - copy ./docs/hazmat/decrepit/ciphers.rst
[1m[INFO][0m:     - copy ./docs/_ext/cryptography-docs.pyc
[1m[90m[DEBUG][39m[0m:   Create directory /app/.buildozer/android/platform/build-arm64-v8a/dists/neshrblek/_python_bundle__arm64-v8a/_python_bundle/site-packages/./docs/_ext
[1m[INFO][0m:     - copy ./docs/_ext/linkcode_res.pyc
[1m[INFO][0m:     - copy ./docs/development/test-vectors.rst
[1m[90m[DEBUG][39m[0m:   Create directory /app/.buildozer/android/platform/build-arm64-v8a/dists/neshrblek/_python_bundle__arm64-v8a/_python_bundle/site-packages/./docs/development
[1m[INFO][0m:     - copy ./docs/development/submitting-patches.rst
[1m[INFO][0m:     - copy ./docs/development/reviewing-patches.rst
[1m[INFO][0m:     - copy ./docs/development/index.rst
[1m[INFO][0m:     - copy ./docs/development/c-bindings.rst
[1m[INFO][0m:     - copy ./docs/development/getting-started.rst
[1m[INFO][0m:     - copy ./docs/development/custom-vectors/arc4.rst
[1m[90m[DEBUG][39m[0m:   Create directory /app/.buildozer/android/platform/build-arm64-v8a/dists/neshrblek/_python_bundle__arm64-v8a/_python_bundle/site-packages/./docs/development/custom-vectors
[1m[INFO][0m:     - copy ./docs/development/custom-vectors/rc2.rst
[1m[INFO][0m:     - copy ./docs/development/custom-vectors/idea.rst
[1m[INFO][0m:     - copy ./docs/development/custom-vectors/aes-192-gcm-siv.rst
[1m[INFO][0m:     - copy ./docs/development/custom-vectors/secp256k1.rst
[1m[INFO][0m:     - copy ./docs/development/custom-vectors/rsa-oaep-sha2.rst
[1m[INFO][0m:     - copy ./docs/development/custom-vectors/seed.rst
[1m[INFO][0m:     - copy ./docs/development/custom-vectors/chacha20.rst
[1m[INFO][0m:     - copy ./docs/development/custom-vectors/hkdf.rst
[1m[INFO][0m:     - copy ./docs/development/custom-vectors/cast5.rst
[1m[INFO][0m:     - copy ./docs/development/custom-vectors/hkdf/verify_hkdf.go
[1m[90m[DEBUG][39m[0m:   Create directory /app/.buildozer/android/platform/build-arm64-v8a/dists/neshrblek/_python_bundle__arm64-v8a/_python_bundle/site-packages/./docs/development/custom-vectors/hkdf
[1m[INFO][0m:     - copy ./docs/development/custom-vectors/hkdf/generate_hkdf.pyc
[1m[INFO][0m:     - copy ./docs/development/custom-vectors/chacha20/generate_chacha20_overflow.pyc
[1m[90m[DEBUG][39m[0m:   Create directory /app/.buildozer/android/platform/build-arm64-v8a/dists/neshrblek/_python_bundle__arm64-v8a/_python_bundle/site-packages/./docs/development/custom-vectors/chacha20
[1m[INFO][0m:     - copy ./docs/development/custom-vectors/chacha20/verify_chacha20_overflow.pyc
[1m[INFO][0m:     - copy ./docs/development/custom-vectors/idea/generate_idea.pyc
[1m[90m[DEBUG][39m[0m:   Create directory /app/.buildozer/android/platform/build-arm64-v8a/dists/neshrblek/_python_bundle__arm64-v8a/_python_bundle/site-packages/./docs/development/custom-vectors/idea
[1m[INFO][0m:     - copy ./docs/development/custom-vectors/idea/verify_idea.pyc
[1m[INFO][0m:     - copy ./docs/development/custom-vectors/arc4/verify_arc4.go
[1m[90m[DEBUG][39m[0m:   Create directory /app/.buildozer/android/platform/build-arm64-v8a/dists/neshrblek/_python_bundle__arm64-v8a/_python_bundle/site-packages/./docs/development/custom-vectors/arc4
[1m[INFO][0m:     - copy ./docs/development/custom-vectors/arc4/generate_arc4.pyc
[1m[INFO][0m:     - copy ./docs/development/custom-vectors/rc2/genrc2.go
[1m[90m[DEBUG][39m[0m:   Create directory /app/.buildozer/android/platform/build-arm64-v8a/dists/neshrblek/_python_bundle__arm64-v8a/_python_bundle/site-packages/./docs/development/custom-vectors/rc2
[1m[INFO][0m:     - copy ./docs/development/custom-vectors/rc2/go.mod
[1m[INFO][0m:     - copy ./docs/development/custom-vectors/rc2/rc2/rc2.go
[1m[90m[DEBUG][39m[0m:   Create directory /app/.buildozer/android/platform/build-arm64-v8a/dists/neshrblek/_python_bundle__arm64-v8a/_python_bundle/site-packages/./docs/development/custom-vectors/rc2/rc2
[1m[INFO][0m:     - copy ./docs/development/custom-vectors/secp256k1/verify_secp256k1.pyc
[1m[90m[DEBUG][39m[0m:   Create directory /app/.buildozer/android/platform/build-arm64-v8a/dists/neshrblek/_python_bundle__arm64-v8a/_python_bundle/site-packages/./docs/development/custom-vectors/secp256k1
[1m[INFO][0m:     - copy ./docs/development/custom-vectors/secp256k1/generate_secp256k1.pyc
[1m[INFO][0m:     - copy ./docs/development/custom-vectors/seed/verify_seed.pyc
[1m[90m[DEBUG][39m[0m:   Create directory /app/.buildozer/android/platform/build-arm64-v8a/dists/neshrblek/_python_bundle__arm64-v8a/_python_bundle/site-packages/./docs/development/custom-vectors/seed
[1m[INFO][0m:     - copy ./docs/development/custom-vectors/seed/generate_seed.pyc
[1m[INFO][0m:     - copy ./docs/development/custom-vectors/cast5/generate_cast5.pyc
[1m[90m[DEBUG][39m[0m:   Create directory /app/.buildozer/android/platform/build-arm64-v8a/dists/neshrblek/_python_bundle__arm64-v8a/_python_bundle/site-packages/./docs/development/custom-vectors/cast5
[1m[INFO][0m:     - copy ./docs/development/custom-vectors/cast5/verify_cast5.go
[1m[INFO][0m:     - copy ./docs/development/custom-vectors/rsa-oaep-sha2/generate_rsa_oaep_sha2.pyc
[1m[90m[DEBUG][39m[0m:   Create directory /app/.buildozer/android/platform/build-arm64-v8a/dists/neshrblek/_python_bundle__arm64-v8a/_python_bundle/site-packages/./docs/development/custom-vectors/rsa-oaep-sha2
[1m[INFO][0m:     - copy ./docs/development/custom-vectors/rsa-oaep-sha2/VerifyRSAOAEPSHA2.java
[1m[INFO][0m:     - copy ./docs/development/custom-vectors/aes-192-gcm-siv/generate_aes192gcmsiv.pyc
[1m[90m[DEBUG][39m[0m:   Create directory /app/.buildozer/android/platform/build-arm64-v8a/dists/neshrblek/_python_bundle__arm64-v8a/_python_bundle/site-packages/./docs/development/custom-vectors/aes-192-gcm-siv
[1m[INFO][0m:     - copy ./docs/development/custom-vectors/aes-192-gcm-siv/verify-aes192gcmsiv/Cargo.toml
[1m[90m[DEBUG][39m[0m:   Create directory /app/.buildozer/android/platform/build-arm64-v8a/dists/neshrblek/_python_bundle__arm64-v8a/_python_bundle/site-packages/./docs/development/custom-vectors/aes-192-gcm-siv/verify-aes192gcmsiv
[1m[INFO][0m:     - copy ./docs/development/custom-vectors/aes-192-gcm-siv/verify-aes192gcmsiv/src/main.rs
[1m[90m[DEBUG][39m[0m:   Create directory /app/.buildozer/android/platform/build-arm64-v8a/dists/neshrblek/_python_bundle__arm64-v8a/_python_bundle/site-packages/./docs/development/custom-vectors/aes-192-gcm-siv/verify-aes192gcmsiv/src
[1m[INFO][0m:     - copy ./docs/x509/reference.rst
[1m[90m[DEBUG][39m[0m:   Create directory /app/.buildozer/android/platform/build-arm64-v8a/dists/neshrblek/_python_bundle__arm64-v8a/_python_bundle/site-packages/./docs/x509
[1m[INFO][0m:     - copy ./docs/x509/certificate-transparency.rst
[1m[INFO][0m:     - copy ./docs/x509/ocsp.rst
[1m[INFO][0m:     - copy ./docs/x509/verification.rst
[1m[INFO][0m:     - copy ./docs/x509/tutorial.rst
[1m[INFO][0m:     - copy ./docs/x509/index.rst
[1m[INFO][0m:     - copy ./docs/_static/.keep
[1m[90m[DEBUG][39m[0m:   Create directory /app/.buildozer/android/platform/build-arm64-v8a/dists/neshrblek/_python_bundle__arm64-v8a/_python_bundle/site-packages/./docs/_static
[1m[INFO][0m:     - copy ./pyrebase4-4.9.0.dist-info/WHEEL
[1m[90m[DEBUG][39m[0m:   Create directory /app/.buildozer/android/platform/build-arm64-v8a/dists/neshrblek/_python_bundle__arm64-v8a/_python_bundle/site-packages/./pyrebase4-4.9.0.dist-info
[1m[INFO][0m:     - copy ./pyrebase4-4.9.0.dist-info/METADATA
[1m[INFO][0m:     - copy ./pyrebase4-4.9.0.dist-info/REQUESTED
[1m[INFO][0m:     - copy ./pyrebase4-4.9.0.dist-info/INSTALLER
[1m[INFO][0m:     - copy ./pyrebase4-4.9.0.dist-info/RECORD
[1m[INFO][0m:     - copy ./pyrebase4-4.9.0.dist-info/top_level.txt
[1m[INFO][0m:     - copy ./idna-3.18.dist-info/WHEEL
[1m[90m[DEBUG][39m[0m:   Create directory /app/.buildozer/android/platform/build-arm64-v8a/dists/neshrblek/_python_bundle__arm64-v8a/_python_bundle/site-packages/./idna-3.18.dist-info
[1m[INFO][0m:     - copy ./idna-3.18.dist-info/METADATA
[1m[INFO][0m:     - copy ./idna-3.18.dist-info/REQUESTED
[1m[INFO][0m:     - copy ./idna-3.18.dist-info/INSTALLER
[1m[INFO][0m:     - copy ./idna-3.18.dist-info/entry_points.txt
[1m[INFO][0m:     - copy ./idna-3.18.dist-info/RECORD
[1m[INFO][0m:     - copy ./idna-3.18.dist-info/licenses/LICENSE.md
[1m[90m[DEBUG][39m[0m:   Create directory /app/.buildozer/android/platform/build-arm64-v8a/dists/neshrblek/_python_bundle__arm64-v8a/_python_bundle/site-packages/./idna-3.18.dist-info/licenses
[1m[INFO][0m:     - copy ./pyasn1_modules/rfc2986.pyc
[1m[90m[DEBUG][39m[0m:   Create directory /app/.buildozer/android/platform/build-arm64-v8a/dists/neshrblek/_python_bundle__arm64-v8a/_python_bundle/site-packages/./pyasn1_modules
[1m[INFO][0m:     - copy ./pyasn1_modules/rfc1901.pyc
[1m[INFO][0m:     - copy ./pyasn1_modules/rfc3560.pyc
[1m[INFO][0m:     - copy ./pyasn1_modules/rfc5636.pyc
[1m[INFO][0m:     - copy ./pyasn1_modules/rfc2459.pyc
[1m[INFO][0m:     - copy ./pyasn1_modules/rfc8410.pyc
[1m[INFO][0m:     - copy ./pyasn1_modules/rfc3852.pyc
[1m[INFO][0m:     - copy ./pyasn1_modules/rfc3058.pyc
[1m[INFO][0m:     - copy ./pyasn1_modules/rfc6210.pyc
[1m[INFO][0m:     - copy ./pyasn1_modules/rfc1155.pyc
[1m[INFO][0m:     - copy ./pyasn1_modules/rfc7508.pyc
[1m[INFO][0m:     - copy ./pyasn1_modules/rfc1902.pyc
[1m[INFO][0m:     - copy ./pyasn1_modules/rfc4491.pyc
[1m[INFO][0m:     - copy ./pyasn1_modules/rfc1157.pyc
[1m[INFO][0m:     - copy ./pyasn1_modules/rfc6010.pyc
[1m[INFO][0m:     - copy ./pyasn1_modules/rfc5916.pyc
[1m[INFO][0m:     - copy ./pyasn1_modules/rfc6032.pyc
[1m[INFO][0m:     - copy ./pyasn1_modules/rfc6402.pyc
[1m[INFO][0m:     - copy ./pyasn1_modules/rfc5913.pyc
[1m[INFO][0m:     - copy ./pyasn1_modules/rfc7585.pyc
[1m[INFO][0m:     - copy ./pyasn1_modules/rfc2985.pyc
[1m[INFO][0m:     - copy ./pyasn1_modules/rfc4210.pyc
[1m[INFO][0m:     - copy ./pyasn1_modules/rfc4043.pyc
[1m[INFO][0m:     - copy ./pyasn1_modules/rfc4073.pyc
[1m[INFO][0m:     - copy ./pyasn1_modules/rfc3412.pyc
[1m[INFO][0m:     - copy ./pyasn1_modules/rfc4108.pyc
[1m[INFO][0m:     - copy ./pyasn1_modules/rfc8769.pyc
[1m[INFO][0m:     - copy ./pyasn1_modules/rfc3125.pyc
[1m[INFO][0m:     - copy ./pyasn1_modules/rfc5755.pyc
[1m[INFO][0m:     - copy ./pyasn1_modules/rfc3770.pyc
[1m[INFO][0m:     - copy ./pyasn1_modules/rfc2876.pyc
[1m[INFO][0m:     - copy ./pyasn1_modules/rfc5652.pyc
[1m[INFO][0m:     - copy ./pyasn1_modules/rfc6664.pyc
[1m[INFO][0m:     - copy ./pyasn1_modules/rfc8702.pyc
[1m[INFO][0m:     - copy ./pyasn1_modules/rfc6487.pyc
[1m[INFO][0m:     - copy ./pyasn1_modules/rfc6019.pyc
[1m[INFO][0m:     - copy ./pyasn1_modules/rfc7894.pyc
[1m[INFO][0m:     - copy ./pyasn1_modules/rfc7292.pyc
[1m[INFO][0m:     - copy ./pyasn1_modules/rfc7633.pyc
[1m[INFO][0m:     - copy ./pyasn1_modules/rfc3281.pyc
[1m[INFO][0m:     - copy ./pyasn1_modules/rfc4010.pyc
[1m[INFO][0m:     - copy ./pyasn1_modules/rfc3414.pyc
[1m[INFO][0m:     - copy ./pyasn1_modules/rfc5126.pyc
[1m[INFO][0m:     - copy ./pyasn1_modules/rfc8494.pyc
[1m[INFO][0m:     - copy ./pyasn1_modules/rfc5035.pyc
[1m[INFO][0m:     - copy ./pyasn1_modules/rfc6486.pyc
[1m[INFO][0m:     - copy ./pyasn1_modules/rfc5751.pyc
[1m[INFO][0m:     - copy ./pyasn1_modules/rfc8696.pyc
[1m[INFO][0m:     - copy ./pyasn1_modules/pem.pyc
[1m[INFO][0m:     - copy ./pyasn1_modules/rfc6955.pyc
[1m[INFO][0m:     - copy ./pyasn1_modules/rfc5940.pyc
[1m[INFO][0m:     - copy ./pyasn1_modules/rfc3779.pyc
[1m[INFO][0m:     - copy ./pyasn1_modules/rfc2315.pyc
[1m[INFO][0m:     - copy ./pyasn1_modules/rfc3370.pyc
[1m[INFO][0m:     - copy ./pyasn1_modules/rfc4211.pyc
[1m[INFO][0m:     - copy ./pyasn1_modules/rfc5915.pyc
[1m[INFO][0m:     - copy ./pyasn1_modules/rfc4357.pyc
[1m[INFO][0m:     - copy ./pyasn1_modules/rfc6960.pyc
[1m[INFO][0m:     - copy ./pyasn1_modules/rfc5752.pyc
[1m[INFO][0m:     - copy ./pyasn1_modules/rfc3280.pyc
[1m[INFO][0m:     - copy ./pyasn1_modules/rfc8520.pyc
[1m[INFO][0m:     - copy ./pyasn1_modules/rfc8398.pyc
[1m[INFO][0m:     - copy ./pyasn1_modules/rfc5753.pyc
[1m[INFO][0m:     - copy ./pyasn1_modules/rfc6120.pyc
[1m[INFO][0m:     - copy ./pyasn1_modules/rfc8103.pyc
[1m[INFO][0m:     - copy ./pyasn1_modules/rfc3447.pyc
[1m[INFO][0m:     - copy ./pyasn1_modules/rfc2314.pyc
[1m[INFO][0m:     - copy ./pyasn1_modules/rfc2631.pyc
[1m[INFO][0m:     - copy ./pyasn1_modules/rfc5280.pyc
[1m[INFO][0m:     - copy ./pyasn1_modules/rfc8619.pyc
[1m[INFO][0m:     - copy ./pyasn1_modules/rfc2251.pyc
[1m[INFO][0m:     - copy ./pyasn1_modules/rfc7773.pyc
[1m[INFO][0m:     - copy ./pyasn1_modules/rfc5990.pyc
[1m[INFO][0m:     - copy ./pyasn1_modules/rfc1905.pyc
[1m[INFO][0m:     - copy ./pyasn1_modules/rfc8419.pyc
[1m[INFO][0m:     - copy ./pyasn1_modules/rfc3820.pyc
[1m[INFO][0m:     - copy ./pyasn1_modules/rfc5275.pyc
[1m[INFO][0m:     - copy ./pyasn1_modules/rfc7191.pyc
[1m[INFO][0m:     - copy ./pyasn1_modules/rfc6170.pyc
[1m[INFO][0m:     - copy ./pyasn1_modules/rfc8360.pyc
[1m[INFO][0m:     - copy ./pyasn1_modules/rfc3537.pyc
[1m[INFO][0m:     - copy ./pyasn1_modules/rfc2560.pyc
[1m[INFO][0m:     - copy ./pyasn1_modules/rfc6482.pyc
[1m[INFO][0m:     - copy ./pyasn1_modules/rfc5649.pyc
[1m[INFO][0m:     - copy ./pyasn1_modules/rfc3657.pyc
[1m[INFO][0m:     - copy ./pyasn1_modules/rfc7030.pyc
[1m[INFO][0m:     - copy ./pyasn1_modules/rfc4387.pyc
[1m[INFO][0m:     - copy ./pyasn1_modules/rfc4476.pyc
[1m[INFO][0m:     - copy ./pyasn1_modules/rfc3279.pyc
[1m[INFO][0m:     - copy ./pyasn1_modules/rfc2437.pyc
[1m[INFO][0m:     - copy ./pyasn1_modules/rfc5639.pyc
[1m[INFO][0m:     - copy ./pyasn1_modules/rfc8692.pyc
[1m[INFO][0m:     - copy ./pyasn1_modules/rfc8017.pyc
[1m[INFO][0m:     - copy ./pyasn1_modules/rfc3565.pyc
[1m[INFO][0m:     - copy ./pyasn1_modules/rfc8479.pyc
[1m[INFO][0m:     - copy ./pyasn1_modules/rfc7296.pyc
[1m[INFO][0m:     - copy ./pyasn1_modules/rfc8226.pyc
[1m[INFO][0m:     - copy ./pyasn1_modules/__init__.pyc
[1m[INFO][0m:     - copy ./pyasn1_modules/rfc7906.pyc
[1m[INFO][0m:     - copy ./pyasn1_modules/rfc8418.pyc
[1m[INFO][0m:     - copy ./pyasn1_modules/rfc8649.pyc
[1m[INFO][0m:     - copy ./pyasn1_modules/rfc4985.pyc
[1m[INFO][0m:     - copy ./pyasn1_modules/rfc8708.pyc
[1m[INFO][0m:     - copy ./pyasn1_modules/rfc3161.pyc
[1m[INFO][0m:     - copy ./pyasn1_modules/rfc3739.pyc
[1m[INFO][0m:     - copy ./pyasn1_modules/rfc5480.pyc
[1m[INFO][0m:     - copy ./pyasn1_modules/rfc3114.pyc
[1m[INFO][0m:     - copy ./pyasn1_modules/rfc5958.pyc
[1m[INFO][0m:     - copy ./pyasn1_modules/rfc8018.pyc
[1m[INFO][0m:     - copy ./pyasn1_modules/rfc4334.pyc
[1m[INFO][0m:     - copy ./pyasn1_modules/rfc5083.pyc
[1m[INFO][0m:     - copy ./pyasn1_modules/rfc4683.pyc
[1m[INFO][0m:     - copy ./pyasn1_modules/rfc5934.pyc
[1m[INFO][0m:     - copy ./pyasn1_modules/rfc3274.pyc
[1m[INFO][0m:     - copy ./pyasn1_modules/rfc5924.pyc
[1m[INFO][0m:     - copy ./pyasn1_modules/rfc5208.pyc
[1m[INFO][0m:     - copy ./pyasn1_modules/rfc7914.pyc
[1m[INFO][0m:     - copy ./pyasn1_modules/rfc2634.pyc
[1m[INFO][0m:     - copy ./pyasn1_modules/rfc5697.pyc
[1m[INFO][0m:     - copy ./pyasn1_modules/rfc8358.pyc
[1m[INFO][0m:     - copy ./pyasn1_modules/rfc5084.pyc
[1m[INFO][0m:     - copy ./pyasn1_modules/rfc4055.pyc
[1m[INFO][0m:     - copy ./pyasn1_modules/rfc4490.pyc
[1m[INFO][0m:     - copy ./pyasn1_modules/rfc5914.pyc
[1m[INFO][0m:     - copy ./pyasn1_modules/rfc8209.pyc
[1m[INFO][0m:     - copy ./pyasn1_modules/rfc6031.pyc
[1m[INFO][0m:     - copy ./pyasn1_modules/rfc2511.pyc
[1m[INFO][0m:     - copy ./pyasn1_modules/rfc5917.pyc
[1m[INFO][0m:     - copy ./pyasn1_modules/rfc6187.pyc
[1m[INFO][0m:     - copy ./pyasn1_modules/rfc6211.pyc
[1m[INFO][0m:     - copy ./pyasn1_modules/rfc3709.pyc
[1m[INFO][0m:     - copy ./pyasn1_modules/rfc7229.pyc
[1m[INFO][0m:     - copy ./chardet-7.4.3.dist-info/WHEEL
[1m[90m[DEBUG][39m[0m:   Create directory /app/.buildozer/android/platform/build-arm64-v8a/dists/neshrblek/_python_bundle__arm64-v8a/_python_bundle/site-packages/./chardet-7.4.3.dist-info
[1m[INFO][0m:     - copy ./chardet-7.4.3.dist-info/METADATA
[1m[INFO][0m:     - copy ./chardet-7.4.3.dist-info/REQUESTED
[1m[INFO][0m:     - copy ./chardet-7.4.3.dist-info/INSTALLER
[1m[INFO][0m:     - copy ./chardet-7.4.3.dist-info/entry_points.txt
[1m[INFO][0m:     - copy ./chardet-7.4.3.dist-info/RECORD
[1m[INFO][0m:     - copy ./chardet-7.4.3.dist-info/licenses/LICENSE
[1m[90m[DEBUG][39m[0m:   Create directory /app/.buildozer/android/platform/build-arm64-v8a/dists/neshrblek/_python_bundle__arm64-v8a/_python_bundle/site-packages/./chardet-7.4.3.dist-info/licenses
[1m[INFO][0m:     - copy ./requests/structures.pyc
[1m[90m[DEBUG][39m[0m:   Create directory /app/.buildozer/android/platform/build-arm64-v8a/dists/neshrblek/_python_bundle__arm64-v8a/_python_bundle/site-packages/./requests
[1m[INFO][0m:     - copy ./requests/help.pyc
[1m[INFO][0m:     - copy ./requests/adapters.pyc
[1m[INFO][0m:     - copy ./requests/cookies.pyc
[1m[INFO][0m:     - copy ./requests/utils.pyc
[1m[INFO][0m:     - copy ./requests/exceptions.pyc
[1m[INFO][0m:     - copy ./requests/py.typed
[1m[INFO][0m:     - copy ./requests/compat.pyc
[1m[INFO][0m:     - copy ./requests/models.pyc
[1m[INFO][0m:     - copy ./requests/sessions.pyc
[1m[INFO][0m:     - copy ./requests/_types.pyc
[1m[INFO][0m:     - copy ./requests/__version__.pyc
[1m[INFO][0m:     - copy ./requests/status_codes.pyc
[1m[INFO][0m:     - copy ./requests/_internal_utils.pyc
[1m[INFO][0m:     - copy ./requests/packages.pyc
[1m[INFO][0m:     - copy ./requests/hooks.pyc
[1m[INFO][0m:     - copy ./requests/certs.pyc
[1m[INFO][0m:     - copy ./requests/__init__.pyc
[1m[INFO][0m:     - copy ./requests/api.pyc
[1m[INFO][0m:     - copy ./requests/auth.pyc
[1m[INFO][0m:     - copy ./requests-2.34.2.dist-info/WHEEL
[1m[90m[DEBUG][39m[0m:   Create directory /app/.buildozer/android/platform/build-arm64-v8a/dists/neshrblek/_python_bundle__arm64-v8a/_python_bundle/site-packages/./requests-2.34.2.dist-info
[1m[INFO][0m:     - copy ./requests-2.34.2.dist-info/METADATA
[1m[INFO][0m:     - copy ./requests-2.34.2.dist-info/REQUESTED
[1m[INFO][0m:     - copy ./requests-2.34.2.dist-info/INSTALLER
[1m[INFO][0m:     - copy ./requests-2.34.2.dist-info/RECORD
[1m[INFO][0m:     - copy ./requests-2.34.2.dist-info/top_level.txt
[1m[INFO][0m:     - copy ./requests-2.34.2.dist-info/licenses/LICENSE
[1m[90m[DEBUG][39m[0m:   Create directory /app/.buildozer/android/platform/build-arm64-v8a/dists/neshrblek/_python_bundle__arm64-v8a/_python_bundle/site-packages/./requests-2.34.2.dist-info/licenses
[1m[INFO][0m:     - copy ./requests-2.34.2.dist-info/licenses/NOTICE
[1m[INFO][0m:     - copy ./jwcrypto/jwe.pyc
[1m[90m[DEBUG][39m[0m:   Create directory /app/.buildozer/android/platform/build-arm64-v8a/dists/neshrblek/_python_bundle__arm64-v8a/_python_bundle/site-packages/./jwcrypto
[1m[INFO][0m:     - copy ./jwcrypto/jwk.pyc
[1m[INFO][0m:     - copy ./jwcrypto/tests.pyc
[1m[INFO][0m:     - copy ./jwcrypto/tests-cookbook.pyc
[1m[INFO][0m:     - copy ./jwcrypto/jwa.pyc
[1m[INFO][0m:     - copy ./jwcrypto/jwt.pyc
[1m[INFO][0m:     - copy ./jwcrypto/common.pyc
[1m[INFO][0m:     - copy ./jwcrypto/version.pyc
[1m[INFO][0m:     - copy ./jwcrypto/jws.pyc
[1m[INFO][0m:     - copy ./jwcrypto/__init__.pyc
[1m[INFO][0m:     - copy ./urllib3-2.7.0.dist-info/WHEEL
[1m[90m[DEBUG][39m[0m:   Create directory /app/.buildozer/android/platform/build-arm64-v8a/dists/neshrblek/_python_bundle__arm64-v8a/_python_bundle/site-packages/./urllib3-2.7.0.dist-info
[1m[INFO][0m:     - copy ./urllib3-2.7.0.dist-info/METADATA
[1m[INFO][0m:     - copy ./urllib3-2.7.0.dist-info/REQUESTED
[1m[INFO][0m:     - copy ./urllib3-2.7.0.dist-info/INSTALLER
[1m[INFO][0m:     - copy ./urllib3-2.7.0.dist-info/RECORD
[1m[INFO][0m:     - copy ./urllib3-2.7.0.dist-info/licenses/LICENSE.txt
[1m[90m[DEBUG][39m[0m:   Create directory /app/.buildozer/android/platform/build-arm64-v8a/dists/neshrblek/_python_bundle__arm64-v8a/_python_bundle/site-packages/./urllib3-2.7.0.dist-info/licenses
[1m[INFO][0m:     - copy ./_distutils_hack/override.pyc
[1m[90m[DEBUG][39m[0m:   Create directory /app/.buildozer/android/platform/build-arm64-v8a/dists/neshrblek/_python_bundle__arm64-v8a/_python_bundle/site-packages/./_distutils_hack
[1m[INFO][0m:     - copy ./_distutils_hack/__init__.pyc
[1m[INFO][0m:     - copy ./jwcrypto-1.5.7.dist-info/WHEEL
[1m[90m[DEBUG][39m[0m:   Create directory /app/.buildozer/android/platform/build-arm64-v8a/dists/neshrblek/_python_bundle__arm64-v8a/_python_bundle/site-packages/./jwcrypto-1.5.7.dist-info
[1m[INFO][0m:     - copy ./jwcrypto-1.5.7.dist-info/METADATA
[1m[INFO][0m:     - copy ./jwcrypto-1.5.7.dist-info/REQUESTED
[1m[INFO][0m:     - copy ./jwcrypto-1.5.7.dist-info/INSTALLER
[1m[INFO][0m:     - copy ./jwcrypto-1.5.7.dist-info/RECORD
[1m[INFO][0m:     - copy ./jwcrypto-1.5.7.dist-info/top_level.txt
[1m[INFO][0m:     - copy ./jwcrypto-1.5.7.dist-info/licenses/LICENSE
[1m[90m[DEBUG][39m[0m:   Create directory /app/.buildozer/android/platform/build-arm64-v8a/dists/neshrblek/_python_bundle__arm64-v8a/_python_bundle/site-packages/./jwcrypto-1.5.7.dist-info/licenses
[1m[INFO][0m:     - copy ./gcloud-0.18.3.dist-info/WHEEL
[1m[90m[DEBUG][39m[0m:   Create directory /app/.buildozer/android/platform/build-arm64-v8a/dists/neshrblek/_python_bundle__arm64-v8a/_python_bundle/site-packages/./gcloud-0.18.3.dist-info
[1m[INFO][0m:     - copy ./gcloud-0.18.3.dist-info/METADATA
[1m[INFO][0m:     - copy ./gcloud-0.18.3.dist-info/REQUESTED
[1m[INFO][0m:     - copy ./gcloud-0.18.3.dist-info/INSTALLER
[1m[INFO][0m:     - copy ./gcloud-0.18.3.dist-info/RECORD
[1m[INFO][0m:     - copy ./gcloud-0.18.3.dist-info/top_level.txt
[1m[INFO][0m:     - copy ./pyjnius-1.7.0.dist-info/WHEEL
[1m[90m[DEBUG][39m[0m:   Create directory /app/.buildozer/android/platform/build-arm64-v8a/dists/neshrblek/_python_bundle__arm64-v8a/_python_bundle/site-packages/./pyjnius-1.7.0.dist-info
[1m[INFO][0m:     - copy ./pyjnius-1.7.0.dist-info/METADATA
[1m[INFO][0m:     - copy ./pyjnius-1.7.0.dist-info/RECORD
[1m[INFO][0m:     - copy ./pyjnius-1.7.0.dist-info/top_level.txt
[1m[INFO][0m:     - copy ./pyjnius-1.7.0.dist-info/licenses/LICENSE
[1m[90m[DEBUG][39m[0m:   Create directory /app/.buildozer/android/platform/build-arm64-v8a/dists/neshrblek/_python_bundle__arm64-v8a/_python_bundle/site-packages/./pyjnius-1.7.0.dist-info/licenses
[1m[INFO][0m:     - copy ./share/doc/jwcrypto/LICENSE
[1m[90m[DEBUG][39m[0m:   Create directory /app/.buildozer/android/platform/build-arm64-v8a/dists/neshrblek/_python_bundle__arm64-v8a/_python_bundle/site-packages/./share/doc/jwcrypto
[1m[INFO][0m:     - copy ./share/doc/jwcrypto/README.md
[1m[INFO][0m:     - copy ./cryptography/utils.pyc
[1m[90m[DEBUG][39m[0m:   Create directory /app/.buildozer/android/platform/build-arm64-v8a/dists/neshrblek/_python_bundle__arm64-v8a/_python_bundle/site-packages/./cryptography
[1m[INFO][0m:     - copy ./cryptography/exceptions.pyc
[1m[INFO][0m:     - copy ./cryptography/py.typed
[1m[INFO][0m:     - copy ./cryptography/__about__.pyc
[1m[INFO][0m:     - copy ./cryptography/fernet.pyc
[1m[INFO][0m:     - copy ./cryptography/__init__.pyc
[1m[INFO][0m:     - copy ./cryptography/hazmat/_oid.pyc
[1m[90m[DEBUG][39m[0m:   Create directory /app/.buildozer/android/platform/build-arm64-v8a/dists/neshrblek/_python_bundle__arm64-v8a/_python_bundle/site-packages/./cryptography/hazmat
[1m[INFO][0m:     - copy ./cryptography/hazmat/__init__.pyc
[1m[INFO][0m:     - copy ./cryptography/hazmat/primitives/cmac.pyc
[1m[90m[DEBUG][39m[0m:   Create directory /app/.buildozer/android/platform/build-arm64-v8a/dists/neshrblek/_python_bundle__arm64-v8a/_python_bundle/site-packages/./cryptography/hazmat/primitives
[1m[INFO][0m:     - copy ./cryptography/hazmat/primitives/hmac.pyc
[1m[INFO][0m:     - copy ./cryptography/hazmat/primitives/keywrap.pyc
[1m[INFO][0m:     - copy ./cryptography/hazmat/primitives/constant_time.pyc
[1m[INFO][0m:     - copy ./cryptography/hazmat/primitives/_asymmetric.pyc
[1m[INFO][0m:     - copy ./cryptography/hazmat/primitives/poly1305.pyc
[1m[INFO][0m:     - copy ./cryptography/hazmat/primitives/_serialization.pyc
[1m[INFO][0m:     - copy ./cryptography/hazmat/primitives/hashes.pyc
[1m[INFO][0m:     - copy ./cryptography/hazmat/primitives/__init__.pyc
[1m[INFO][0m:     - copy ./cryptography/hazmat/primitives/padding.pyc
[1m[INFO][0m:     - copy ./cryptography/hazmat/primitives/_cipheralgorithm.pyc
[1m[INFO][0m:     - copy ./cryptography/hazmat/primitives/serialization/pkcs7.pyc
[1m[90m[DEBUG][39m[0m:   Create directory /app/.buildozer/android/platform/build-arm64-v8a/dists/neshrblek/_python_bundle__arm64-v8a/_python_bundle/site-packages/./cryptography/hazmat/primitives/serialization
[1m[INFO][0m:     - copy ./cryptography/hazmat/primitives/serialization/ssh.pyc
[1m[INFO][0m:     - copy ./cryptography/hazmat/primitives/serialization/pkcs12.pyc
[1m[INFO][0m:     - copy ./cryptography/hazmat/primitives/serialization/__init__.pyc
[1m[INFO][0m:     - copy ./cryptography/hazmat/primitives/serialization/base.pyc
[1m[INFO][0m:     - copy ./cryptography/hazmat/primitives/twofactor/totp.pyc
[1m[90m[DEBUG][39m[0m:   Create directory /app/.buildozer/android/platform/build-arm64-v8a/dists/neshrblek/_python_bundle__arm64-v8a/_python_bundle/site-packages/./cryptography/hazmat/primitives/twofactor
[1m[INFO][0m:     - copy ./cryptography/hazmat/primitives/twofactor/__init__.pyc
[1m[INFO][0m:     - copy ./cryptography/hazmat/primitives/twofactor/hotp.pyc
[1m[INFO][0m:     - copy ./cryptography/hazmat/primitives/kdf/pbkdf2.pyc
[1m[90m[DEBUG][39m[0m:   Create directory /app/.buildozer/android/platform/build-arm64-v8a/dists/neshrblek/_python_bundle__arm64-v8a/_python_bundle/site-packages/./cryptography/hazmat/primitives/kdf
[1m[INFO][0m:     - copy ./cryptography/hazmat/primitives/kdf/hkdf.pyc
[1m[INFO][0m:     - copy ./cryptography/hazmat/primitives/kdf/x963kdf.pyc
[1m[INFO][0m:     - copy ./cryptography/hazmat/primitives/kdf/concatkdf.pyc
[1m[INFO][0m:     - copy ./cryptography/hazmat/primitives/kdf/kbkdf.pyc
[1m[INFO][0m:     - copy ./cryptography/hazmat/primitives/kdf/__init__.pyc
[1m[INFO][0m:     - copy ./cryptography/hazmat/primitives/kdf/scrypt.pyc
[1m[INFO][0m:     - copy ./cryptography/hazmat/primitives/kdf/argon2.pyc
[1m[INFO][0m:     - copy ./cryptography/hazmat/primitives/ciphers/algorithms.pyc
[1m[90m[DEBUG][39m[0m:   Create directory /app/.buildozer/android/platform/build-arm64-v8a/dists/neshrblek/_python_bundle__arm64-v8a/_python_bundle/site-packages/./cryptography/hazmat/primitives/ciphers
[1m[INFO][0m:     - copy ./cryptography/hazmat/primitives/ciphers/aead.pyc
[1m[INFO][0m:     - copy ./cryptography/hazmat/primitives/ciphers/__init__.pyc
[1m[INFO][0m:     - copy ./cryptography/hazmat/primitives/ciphers/modes.pyc
[1m[INFO][0m:     - copy ./cryptography/hazmat/primitives/ciphers/base.pyc
[1m[INFO][0m:     - copy ./cryptography/hazmat/primitives/asymmetric/x448.pyc
[1m[90m[DEBUG][39m[0m:   Create directory /app/.buildozer/android/platform/build-arm64-v8a/dists/neshrblek/_python_bundle__arm64-v8a/_python_bundle/site-packages/./cryptography/hazmat/primitives/asymmetric
[1m[INFO][0m:     - copy ./cryptography/hazmat/primitives/asymmetric/ec.pyc
[1m[INFO][0m:     - copy ./cryptography/hazmat/primitives/asymmetric/types.pyc
[1m[INFO][0m:     - copy ./cryptography/hazmat/primitives/asymmetric/x25519.pyc
[1m[INFO][0m:     - copy ./cryptography/hazmat/primitives/asymmetric/ed448.pyc
[1m[INFO][0m:     - copy ./cryptography/hazmat/primitives/asymmetric/dh.pyc
[1m[INFO][0m:     - copy ./cryptography/hazmat/primitives/asymmetric/utils.pyc
[1m[INFO][0m:     - copy ./cryptography/hazmat/primitives/asymmetric/ed25519.pyc
[1m[INFO][0m:     - copy ./cryptography/hazmat/primitives/asymmetric/dsa.pyc
[1m[INFO][0m:     - copy ./cryptography/hazmat/primitives/asymmetric/rsa.pyc
[1m[INFO][0m:     - copy ./cryptography/hazmat/primitives/asymmetric/__init__.pyc
[1m[INFO][0m:     - copy ./cryptography/hazmat/primitives/asymmetric/padding.pyc
[1m[INFO][0m:     - copy ./cryptography/hazmat/asn1/asn1.pyc
[1m[90m[DEBUG][39m[0m:   Create directory /app/.buildozer/android/platform/build-arm64-v8a/dists/neshrblek/_python_bundle__arm64-v8a/_python_bundle/site-packages/./cryptography/hazmat/asn1
[1m[INFO][0m:     - copy ./cryptography/hazmat/asn1/__init__.pyc
[1m[INFO][0m:     - copy ./cryptography/hazmat/bindings/_rust.abi3.so
[1m[90m[DEBUG][39m[0m:   Create directory /app/.buildozer/android/platform/build-arm64-v8a/dists/neshrblek/_python_bundle__arm64-v8a/_python_bundle/site-packages/./cryptography/hazmat/bindings
[1m[INFO][0m:     - copy ./cryptography/hazmat/bindings/__init__.pyc
[1m[INFO][0m:     - copy ./cryptography/hazmat/bindings/_rust/test_support.pyi
[1m[90m[DEBUG][39m[0m:   Create directory /app/.buildozer/android/platform/build-arm64-v8a/dists/neshrblek/_python_bundle__arm64-v8a/_python_bundle/site-packages/./cryptography/hazmat/bindings/_rust
[1m[INFO][0m:     - copy ./cryptography/hazmat/bindings/_rust/declarative_asn1.pyi
[1m[INFO][0m:     - copy ./cryptography/hazmat/bindings/_rust/ocsp.pyi
[1m[INFO][0m:     - copy ./cryptography/hazmat/bindings/_rust/x509.pyi
[1m[INFO][0m:     - copy ./cryptography/hazmat/bindings/_rust/exceptions.pyi
[1m[INFO][0m:     - copy ./cryptography/hazmat/bindings/_rust/asn1.pyi
[1m[INFO][0m:     - copy ./cryptography/hazmat/bindings/_rust/pkcs7.pyi
[1m[INFO][0m:     - copy ./cryptography/hazmat/bindings/_rust/pkcs12.pyi
[1m[INFO][0m:     - copy ./cryptography/hazmat/bindings/_rust/_openssl.pyi
[1m[INFO][0m:     - copy ./cryptography/hazmat/bindings/_rust/__init__.pyi
[1m[INFO][0m:     - copy ./cryptography/hazmat/bindings/_rust/openssl/rsa.pyi
[1m[90m[DEBUG][39m[0m:   Create directory /app/.buildozer/android/platform/build-arm64-v8a/dists/neshrblek/_python_bundle__arm64-v8a/_python_bundle/site-packages/./cryptography/hazmat/bindings/_rust/openssl
[1m[INFO][0m:     - copy ./cryptography/hazmat/bindings/_rust/openssl/x25519.pyi
[1m[INFO][0m:     - copy ./cryptography/hazmat/bindings/_rust/openssl/ciphers.pyi
[1m[INFO][0m:     - copy ./cryptography/hazmat/bindings/_rust/openssl/kdf.pyi
[1m[INFO][0m:     - copy ./cryptography/hazmat/bindings/_rust/openssl/cmac.pyi
[1m[INFO][0m:     - copy ./cryptography/hazmat/bindings/_rust/openssl/poly1305.pyi
[1m[INFO][0m:     - copy ./cryptography/hazmat/bindings/_rust/openssl/x448.pyi
[1m[INFO][0m:     - copy ./cryptography/hazmat/bindings/_rust/openssl/dh.pyi
[1m[INFO][0m:     - copy ./cryptography/hazmat/bindings/_rust/openssl/ed25519.pyi
[1m[INFO][0m:     - copy ./cryptography/hazmat/bindings/_rust/openssl/hashes.pyi
[1m[INFO][0m:     - copy ./cryptography/hazmat/bindings/_rust/openssl/dsa.pyi
[1m[INFO][0m:     - copy ./cryptography/hazmat/bindings/_rust/openssl/ec.pyi
[1m[INFO][0m:     - copy ./cryptography/hazmat/bindings/_rust/openssl/aead.pyi
[1m[INFO][0m:     - copy ./cryptography/hazmat/bindings/_rust/openssl/hmac.pyi
[1m[INFO][0m:     - copy ./cryptography/hazmat/bindings/_rust/openssl/ed448.pyi
[1m[INFO][0m:     - copy ./cryptography/hazmat/bindings/_rust/openssl/keys.pyi
[1m[INFO][0m:     - copy ./cryptography/hazmat/bindings/_rust/openssl/__init__.pyi
[1m[INFO][0m:     - copy ./cryptography/hazmat/bindings/openssl/_conditional.pyc
[1m[90m[DEBUG][39m[0m:   Create directory /app/.buildozer/android/platform/build-arm64-v8a/dists/neshrblek/_python_bundle__arm64-v8a/_python_bundle/site-packages/./cryptography/hazmat/bindings/openssl
[1m[INFO][0m:     - copy ./cryptography/hazmat/bindings/openssl/binding.pyc
[1m[INFO][0m:     - copy ./cryptography/hazmat/bindings/openssl/__init__.pyc
[1m[INFO][0m:     - copy ./cryptography/hazmat/decrepit/__init__.pyc
[1m[90m[DEBUG][39m[0m:   Create directory /app/.buildozer/android/platform/build-arm64-v8a/dists/neshrblek/_python_bundle__arm64-v8a/_python_bundle/site-packages/./cryptography/hazmat/decrepit
[1m[INFO][0m:     - copy ./cryptography/hazmat/decrepit/ciphers/algorithms.pyc
[1m[90m[DEBUG][39m[0m:   Create directory /app/.buildozer/android/platform/build-arm64-v8a/dists/neshrblek/_python_bundle__arm64-v8a/_python_bundle/site-packages/./cryptography/hazmat/decrepit/ciphers
[1m[INFO][0m:     - copy ./cryptography/hazmat/decrepit/ciphers/__init__.pyc
[1m[INFO][0m:     - copy ./cryptography/hazmat/backends/__init__.pyc
[1m[90m[DEBUG][39m[0m:   Create directory /app/.buildozer/android/platform/build-arm64-v8a/dists/neshrblek/_python_bundle__arm64-v8a/_python_bundle/site-packages/./cryptography/hazmat/backends
[1m[INFO][0m:     - copy ./cryptography/hazmat/backends/openssl/__init__.pyc
[1m[90m[DEBUG][39m[0m:   Create directory /app/.buildozer/android/platform/build-arm64-v8a/dists/neshrblek/_python_bundle__arm64-v8a/_python_bundle/site-packages/./cryptography/hazmat/backends/openssl
[1m[INFO][0m:     - copy ./cryptography/hazmat/backends/openssl/backend.pyc
[1m[INFO][0m:     - copy ./cryptography/x509/extensions.pyc
[1m[90m[DEBUG][39m[0m:   Create directory /app/.buildozer/android/platform/build-arm64-v8a/dists/neshrblek/_python_bundle__arm64-v8a/_python_bundle/site-packages/./cryptography/x509
[1m[INFO][0m:     - copy ./cryptography/x509/oid.pyc
[1m[INFO][0m:     - copy ./cryptography/x509/general_name.pyc
[1m[INFO][0m:     - copy ./cryptography/x509/__init__.pyc
[1m[INFO][0m:     - copy ./cryptography/x509/name.pyc
[1m[INFO][0m:     - copy ./cryptography/x509/ocsp.pyc
[1m[INFO][0m:     - copy ./cryptography/x509/certificate_transparency.pyc
[1m[INFO][0m:     - copy ./cryptography/x509/base.pyc
[1m[INFO][0m:     - copy ./cryptography/x509/verification.pyc
[1m[INFO][0m:     - copy ./jnius/signatures.pyc
[1m[90m[DEBUG][39m[0m:   Create directory /app/.buildozer/android/platform/build-arm64-v8a/dists/neshrblek/_python_bundle__arm64-v8a/_python_bundle/site-packages/./jnius
[1m[INFO][0m:     - copy ./jnius/env.pyc
[1m[INFO][0m:     - copy ./jnius/__init__.pyc
[1m[INFO][0m:     - copy ./jnius/jnius.cpython-314-x86_64-linux-gnu.so
[1m[INFO][0m:     - copy ./jnius/reflect.pyc
[1m[INFO][0m:     - copy ./jnius/src/org/jnius/NativeInvocationHandler.class
[1m[90m[DEBUG][39m[0m:   Create directory /app/.buildozer/android/platform/build-arm64-v8a/dists/neshrblek/_python_bundle__arm64-v8a/_python_bundle/site-packages/./jnius/src/org/jnius
[1m[INFO][0m:     - copy ./jnius/src/org/jnius/NativeInvocationHandler.java
[1m[INFO][0m:     - copy ./android-1.0.dist-info/WHEEL
[1m[90m[DEBUG][39m[0m:   Create directory /app/.buildozer/android/platform/build-arm64-v8a/dists/neshrblek/_python_bundle__arm64-v8a/_python_bundle/site-packages/./android-1.0.dist-info
[1m[INFO][0m:     - copy ./android-1.0.dist-info/METADATA
[1m[INFO][0m:     - copy ./android-1.0.dist-info/RECORD
[1m[INFO][0m:     - copy ./android-1.0.dist-info/top_level.txt
[1m[INFO][0m:     - copy ./certifi/__main__.pyc
[1m[90m[DEBUG][39m[0m:   Create directory /app/.buildozer/android/platform/build-arm64-v8a/dists/neshrblek/_python_bundle__arm64-v8a/_python_bundle/site-packages/./certifi
[1m[INFO][0m:     - copy ./certifi/py.typed
[1m[INFO][0m:     - copy ./certifi/cacert.pem
[1m[INFO][0m:     - copy ./certifi/__init__.pyc
[1m[INFO][0m:     - copy ./certifi/core.pyc
[1m[INFO][0m:     - copy ./chardet/__main__.pyc
[1m[90m[DEBUG][39m[0m:   Create directory /app/.buildozer/android/platform/build-arm64-v8a/dists/neshrblek/_python_bundle__arm64-v8a/_python_bundle/site-packages/./chardet
[1m[INFO][0m:     - copy ./chardet/equivalences.pyc
[1m[INFO][0m:     - copy ./chardet/enums.pyc
[1m[INFO][0m:     - copy ./chardet/py.typed
[1m[INFO][0m:     - copy ./chardet/_utils.pyc
[1m[INFO][0m:     - copy ./chardet/cli.pyc
[1m[INFO][0m:     - copy ./chardet/detector.pyc
[1m[INFO][0m:     - copy ./chardet/registry.pyc
[1m[INFO][0m:     - copy ./chardet/_version.pyc
[1m[INFO][0m:     - copy ./chardet/__init__.pyc
[1m[INFO][0m:     - copy ./chardet/universaldetector.pyc
[1m[INFO][0m:     - copy ./chardet/pipeline/statistical.cpython-314-x86_64-linux-gnu.so
[1m[90m[DEBUG][39m[0m:   Create directory /app/.buildozer/android/platform/build-arm64-v8a/dists/neshrblek/_python_bundle__arm64-v8a/_python_bundle/site-packages/./chardet/pipeline
[1m[INFO][0m:     - copy ./chardet/pipeline/utf8.cpython-314-x86_64-linux-gnu.so
[1m[INFO][0m:     - copy ./chardet/pipeline/statistical.pyc
[1m[INFO][0m:     - copy ./chardet/pipeline/bom.pyc
[1m[INFO][0m:     - copy ./chardet/pipeline/ascii.cpython-314-x86_64-linux-gnu.so
[1m[INFO][0m:     - copy ./chardet/pipeline/escape.pyc
[1m[INFO][0m:     - copy ./chardet/pipeline/validity.pyc
[1m[INFO][0m:     - copy ./chardet/pipeline/validity.cpython-314-x86_64-linux-gnu.so
[1m[INFO][0m:     - copy ./chardet/pipeline/structural.cpython-314-x86_64-linux-gnu.so
[1m[INFO][0m:     - copy ./chardet/pipeline/markup.pyc
[1m[INFO][0m:     - copy ./chardet/pipeline/binary.pyc
[1m[INFO][0m:     - copy ./chardet/pipeline/confusion.pyc
[1m[INFO][0m:     - copy ./chardet/pipeline/ascii.pyc
[1m[INFO][0m:     - copy ./chardet/pipeline/magic.pyc
[1m[INFO][0m:     - copy ./chardet/pipeline/escape.cpython-314-x86_64-linux-gnu.so
[1m[INFO][0m:     - copy ./chardet/pipeline/utf1632.cpython-314-x86_64-linux-gnu.so
[1m[INFO][0m:     - copy ./chardet/pipeline/magic.cpython-314-x86_64-linux-gnu.so
[1m[INFO][0m:     - copy ./chardet/pipeline/confusion.cpython-314-x86_64-linux-gnu.so
[1m[INFO][0m:     - copy ./chardet/pipeline/__init__.pyc
[1m[INFO][0m:     - copy ./chardet/pipeline/structural.pyc
[1m[INFO][0m:     - copy ./chardet/pipeline/utf1632.pyc
[1m[INFO][0m:     - copy ./chardet/pipeline/orchestrator.cpython-314-x86_64-linux-gnu.so
[1m[INFO][0m:     - copy ./chardet/pipeline/utf8.pyc
[1m[INFO][0m:     - copy ./chardet/pipeline/orchestrator.pyc
[1m[INFO][0m:     - copy ./chardet/models/training_metadata.yaml
[1m[90m[DEBUG][39m[0m:   Create directory /app/.buildozer/android/platform/build-arm64-v8a/dists/neshrblek/_python_bundle__arm64-v8a/_python_bundle/site-packages/./chardet/models
[1m[INFO][0m:     - copy ./chardet/models/models.bin
[1m[INFO][0m:     - copy ./chardet/models/__init__.cpython-314-x86_64-linux-gnu.so
[1m[INFO][0m:     - copy ./chardet/models/idf.bin
[1m[INFO][0m:     - copy ./chardet/models/confusion.bin
[1m[INFO][0m:     - copy ./chardet/models/__init__.pyc
[1m[INFO][0m:     - copy ./bidi/wrapper.pyc
[1m[90m[DEBUG][39m[0m:   Create directory /app/.buildozer/android/platform/build-arm64-v8a/dists/neshrblek/_python_bundle__arm64-v8a/_python_bundle/site-packages/./bidi
[1m[INFO][0m:     - copy ./bidi/mirror.pyc
[1m[INFO][0m:     - copy ./bidi/algorithm.pyc
[1m[INFO][0m:     - copy ./bidi/bidi.cpython-314-x86_64-linux-gnu.so
[1m[INFO][0m:     - copy ./bidi/__init__.pyc
[1m[INFO][0m:     - copy ./six-1.17.0.dist-info/LICENSE
[1m[90m[DEBUG][39m[0m:   Create directory /app/.buildozer/android/platform/build-arm64-v8a/dists/neshrblek/_python_bundle__arm64-v8a/_python_bundle/site-packages/./six-1.17.0.dist-info
[1m[INFO][0m:     - copy ./six-1.17.0.dist-info/WHEEL
[1m[INFO][0m:     - copy ./six-1.17.0.dist-info/METADATA
[1m[INFO][0m:     - copy ./six-1.17.0.dist-info/REQUESTED
[1m[INFO][0m:     - copy ./six-1.17.0.dist-info/INSTALLER
[1m[INFO][0m:     - copy ./six-1.17.0.dist-info/RECORD
[1m[INFO][0m:     - copy ./six-1.17.0.dist-info/top_level.txt
[1m[INFO][0m:     - copy ./setuptools/gui-32.exe
[1m[90m[DEBUG][39m[0m:   Create directory /app/.buildozer/android/platform/build-arm64-v8a/dists/neshrblek/_python_bundle__arm64-v8a/_python_bundle/site-packages/./setuptools
[1m[INFO][0m:     - copy ./setuptools/_importlib.pyc
[1m[INFO][0m:     - copy ./setuptools/discovery.pyc
[1m[INFO][0m:     - copy ./setuptools/launch.pyc
[1m[INFO][0m:     - copy ./setuptools/extension.pyc
[1m[INFO][0m:     - copy ./setuptools/msvc.pyc
[1m[INFO][0m:     - copy ./setuptools/cli-arm64.exe
[1m[INFO][0m:     - copy ./setuptools/launcher manifest.xml
[1m[INFO][0m:     - copy ./setuptools/gui.exe
[1m[INFO][0m:     - copy ./setuptools/depends.pyc
[1m[INFO][0m:     - copy ./setuptools/monkey.pyc
[1m[INFO][0m:     - copy ./setuptools/namespaces.pyc
[1m[INFO][0m:     - copy ./setuptools/cli.exe
[1m[INFO][0m:     - copy ./setuptools/windows_support.pyc
[1m[INFO][0m:     - copy ./setuptools/cli-32.exe
[1m[INFO][0m:     - copy ./setuptools/_path.pyc
[1m[INFO][0m:     - copy ./setuptools/_static.pyc
[1m[INFO][0m:     - copy ./setuptools/script.tmpl
[1m[INFO][0m:     - copy ./setuptools/_itertools.pyc
[1m[INFO][0m:     - copy ./setuptools/_entry_points.pyc
[1m[INFO][0m:     - copy ./setuptools/version.pyc
[1m[INFO][0m:     - copy ./setuptools/wheel.pyc
[1m[INFO][0m:     - copy ./setuptools/_normalization.pyc
[1m[INFO][0m:     - copy ./setuptools/errors.pyc
[1m[INFO][0m:     - copy ./setuptools/cli-64.exe
[1m[INFO][0m:     - copy ./setuptools/gui-64.exe
[1m[INFO][0m:     - copy ./setuptools/_discovery.pyc
[1m[INFO][0m:     - copy ./setuptools/_shutil.pyc
[1m[INFO][0m:     - copy ./setuptools/_imp.pyc
[1m[INFO][0m:     - copy ./setuptools/_scripts.pyc
[1m[INFO][0m:     - copy ./setuptools/gui-arm64.exe
[1m[INFO][0m:     - copy ./setuptools/__init__.pyc
[1m[INFO][0m:     - copy ./setuptools/script (dev).tmpl
[1m[INFO][0m:     - copy ./setuptools/glob.pyc
[1m[INFO][0m:     - copy ./setuptools/logging.pyc
[1m[INFO][0m:     - copy ./setuptools/archive_util.pyc
[1m[INFO][0m:     - copy ./setuptools/build_meta.pyc
[1m[INFO][0m:     - copy ./setuptools/installer.pyc
[1m[INFO][0m:     - copy ./setuptools/unicode_utils.pyc
[1m[INFO][0m:     - copy ./setuptools/modified.pyc
[1m[INFO][0m:     - copy ./setuptools/dist.pyc
[1m[INFO][0m:     - copy ./setuptools/warnings.pyc
[1m[INFO][0m:     - copy ./setuptools/_core_metadata.pyc
[1m[INFO][0m:     - copy ./setuptools/_reqs.pyc
[1m[INFO][0m:     - copy ./setuptools/config/expand.pyc
[1m[90m[DEBUG][39m[0m:   Create directory /app/.buildozer/android/platform/build-arm64-v8a/dists/neshrblek/_python_bundle__arm64-v8a/_python_bundle/site-packages/./setuptools/config
[1m[INFO][0m:     - copy ./setuptools/config/NOTICE
[1m[INFO][0m:     - copy ./setuptools/config/setupcfg.pyc
[1m[INFO][0m:     - copy ./setuptools/config/setuptools.schema.json
[1m[INFO][0m:     - copy ./setuptools/config/_apply_pyprojecttoml.pyc
[1m[INFO][0m:     - copy ./setuptools/config/__init__.pyc
[1m[INFO][0m:     - copy ./setuptools/config/pyprojecttoml.pyc
[1m[INFO][0m:     - copy ./setuptools/config/distutils.schema.json
[1m[INFO][0m:     - copy ./setuptools/config/_validate_pyproject/formats.pyc
[1m[90m[DEBUG][39m[0m:   Create directory /app/.buildozer/android/platform/build-arm64-v8a/dists/neshrblek/_python_bundle__arm64-v8a/_python_bundle/site-packages/./setuptools/config/_validate_pyproject
[1m[INFO][0m:     - copy ./setuptools/config/_validate_pyproject/NOTICE
[1m[INFO][0m:     - copy ./setuptools/config/_validate_pyproject/extra_validations.pyc
[1m[INFO][0m:     - copy ./setuptools/config/_validate_pyproject/error_reporting.pyc
[1m[INFO][0m:     - copy ./setuptools/config/_validate_pyproject/__init__.pyc
[1m[INFO][0m:     - copy ./setuptools/config/_validate_pyproject/fastjsonschema_validations.pyc
[1m[INFO][0m:     - copy ./setuptools/config/_validate_pyproject/fastjsonschema_exceptions.pyc
[1m[INFO][0m:     - copy ./setuptools/command/alias.pyc
[1m[90m[DEBUG][39m[0m:   Create directory /app/.buildozer/android/platform/build-arm64-v8a/dists/neshrblek/_python_bundle__arm64-v8a/_python_bundle/site-packages/./setuptools/command
[1m[INFO][0m:     - copy ./setuptools/command/test.pyc
[1m[INFO][0m:     - copy ./setuptools/command/build.pyc
[1m[INFO][0m:     - copy ./setuptools/command/easy_install.pyc
[1m[INFO][0m:     - copy ./setuptools/command/_requirestxt.pyc
[1m[INFO][0m:     - copy ./setuptools/command/build_py.pyc
[1m[INFO][0m:     - copy ./setuptools/command/setopt.pyc
[1m[INFO][0m:     - copy ./setuptools/command/sdist.pyc
[1m[INFO][0m:     - copy ./setuptools/command/install_egg_info.pyc
[1m[INFO][0m:     - copy ./setuptools/command/install.pyc
[1m[INFO][0m:     - copy ./setuptools/command/install_scripts.pyc
[1m[INFO][0m:     - copy ./setuptools/command/build_ext.pyc
[1m[INFO][0m:     - copy ./setuptools/command/bdist_wheel.pyc
[1m[INFO][0m:     - copy ./setuptools/command/egg_info.pyc
[1m[INFO][0m:     - copy ./setuptools/command/install_lib.pyc
[1m[INFO][0m:     - copy ./setuptools/command/dist_info.pyc
[1m[INFO][0m:     - copy ./setuptools/command/__init__.pyc
[1m[INFO][0m:     - copy ./setuptools/command/rotate.pyc
[1m[INFO][0m:     - copy ./setuptools/command/bdist_egg.pyc
[1m[INFO][0m:     - copy ./setuptools/command/develop.pyc
[1m[INFO][0m:     - copy ./setuptools/command/build_clib.pyc
[1m[INFO][0m:     - copy ./setuptools/command/editable_wheel.pyc
[1m[INFO][0m:     - copy ./setuptools/command/saveopts.pyc
[1m[INFO][0m:     - copy ./setuptools/command/bdist_rpm.pyc
[1m[INFO][0m:     - copy ./setuptools/compat/py312.pyc
[1m[90m[DEBUG][39m[0m:   Create directory /app/.buildozer/android/platform/build-arm64-v8a/dists/neshrblek/_python_bundle__arm64-v8a/_python_bundle/site-packages/./setuptools/compat
[1m[INFO][0m:     - copy ./setuptools/compat/py311.pyc
[1m[INFO][0m:     - copy ./setuptools/compat/py39.pyc
[1m[INFO][0m:     - copy ./setuptools/compat/__init__.pyc
[1m[INFO][0m:     - copy ./setuptools/compat/py310.pyc
[1m[INFO][0m:     - copy ./setuptools/_vendor/.lock
[1m[90m[DEBUG][39m[0m:   Create directory /app/.buildozer/android/platform/build-arm64-v8a/dists/neshrblek/_python_bundle__arm64-v8a/_python_bundle/site-packages/./setuptools/_vendor
[1m[INFO][0m:     - copy ./setuptools/_vendor/jaraco/functools/py.typed
[1m[90m[DEBUG][39m[0m:   Create directory /app/.buildozer/android/platform/build-arm64-v8a/dists/neshrblek/_python_bundle__arm64-v8a/_python_bundle/site-packages/./setuptools/_vendor/jaraco/functools
[1m[INFO][0m:     - copy ./setuptools/_vendor/jaraco/functools/__init__.pyc
[1m[INFO][0m:     - copy ./setuptools/_vendor/jaraco/functools/__init__.pyi
[1m[INFO][0m:     - copy ./setuptools/_vendor/jaraco/context/py.typed
[1m[90m[DEBUG][39m[0m:   Create directory /app/.buildozer/android/platform/build-arm64-v8a/dists/neshrblek/_python_bundle__arm64-v8a/_python_bundle/site-packages/./setuptools/_vendor/jaraco/context
[1m[INFO][0m:     - copy ./setuptools/_vendor/jaraco/context/__init__.pyc
[1m[INFO][0m:     - copy ./setuptools/_vendor/jaraco/text/strip-prefix.pyc
[1m[90m[DEBUG][39m[0m:   Create directory /app/.buildozer/android/platform/build-arm64-v8a/dists/neshrblek/_python_bundle__arm64-v8a/_python_bundle/site-packages/./setuptools/_vendor/jaraco/text
[1m[INFO][0m:     - copy ./setuptools/_vendor/jaraco/text/Lorem ipsum.txt
[1m[INFO][0m:     - copy ./setuptools/_vendor/jaraco/text/to-dvorak.pyc
[1m[INFO][0m:     - copy ./setuptools/_vendor/jaraco/text/to-qwerty.pyc
[1m[INFO][0m:     - copy ./setuptools/_vendor/jaraco/text/__init__.pyc
[1m[INFO][0m:     - copy ./setuptools/_vendor/jaraco/text/show-newlines.pyc
[1m[INFO][0m:     - copy ./setuptools/_vendor/jaraco/text/layouts.pyc
[1m[INFO][0m:     - copy ./setuptools/_vendor/autocommand-2.2.2.dist-info/LICENSE
[1m[90m[DEBUG][39m[0m:   Create directory /app/.buildozer/android/platform/build-arm64-v8a/dists/neshrblek/_python_bundle__arm64-v8a/_python_bundle/site-packages/./setuptools/_vendor/autocommand-2.2.2.dist-info
[1m[INFO][0m:     - copy ./setuptools/_vendor/autocommand-2.2.2.dist-info/WHEEL
[1m[INFO][0m:     - copy ./setuptools/_vendor/autocommand-2.2.2.dist-info/METADATA
[1m[INFO][0m:     - copy ./setuptools/_vendor/autocommand-2.2.2.dist-info/REQUESTED
[1m[INFO][0m:     - copy ./setuptools/_vendor/autocommand-2.2.2.dist-info/INSTALLER
[1m[INFO][0m:     - copy ./setuptools/_vendor/autocommand-2.2.2.dist-info/RECORD
[1m[INFO][0m:     - copy ./setuptools/_vendor/autocommand-2.2.2.dist-info/top_level.txt
[1m[INFO][0m:     - copy ./setuptools/_vendor/autocommand/autoparse.pyc
[1m[90m[DEBUG][39m[0m:   Create directory /app/.buildozer/android/platform/build-arm64-v8a/dists/neshrblek/_python_bundle__arm64-v8a/_python_bundle/site-packages/./setuptools/_vendor/autocommand
[1m[INFO][0m:     - copy ./setuptools/_vendor/autocommand/errors.pyc
[1m[INFO][0m:     - copy ./setuptools/_vendor/autocommand/autoasync.pyc
[1m[INFO][0m:     - copy ./setuptools/_vendor/autocommand/__init__.pyc
[1m[INFO][0m:     - copy ./setuptools/_vendor/autocommand/automain.pyc
[1m[INFO][0m:     - copy ./setuptools/_vendor/autocommand/autocommand.pyc
[1m[INFO][0m:     - copy ./setuptools/_vendor/wheel/__main__.pyc
[1m[90m[DEBUG][39m[0m:   Create directory /app/.buildozer/android/platform/build-arm64-v8a/dists/neshrblek/_python_bundle__arm64-v8a/_python_bundle/site-packages/./setuptools/_vendor/wheel
[1m[INFO][0m:     - copy ./setuptools/_vendor/wheel/macosx_libfile.pyc
[1m[INFO][0m:     - copy ./setuptools/_vendor/wheel/_setuptools_logging.pyc
[1m[INFO][0m:     - copy ./setuptools/_vendor/wheel/_metadata.pyc
[1m[INFO][0m:     - copy ./setuptools/_vendor/wheel/bdist_wheel.pyc
[1m[INFO][0m:     - copy ./setuptools/_vendor/wheel/metadata.pyc
[1m[INFO][0m:     - copy ./setuptools/_vendor/wheel/__init__.pyc
[1m[INFO][0m:     - copy ./setuptools/_vendor/wheel/_bdist_wheel.pyc
[1m[INFO][0m:     - copy ./setuptools/_vendor/wheel/wheelfile.pyc
[1m[INFO][0m:     - copy ./setuptools/_vendor/wheel/_commands/unpack.pyc
[1m[90m[DEBUG][39m[0m:   Create directory /app/.buildozer/android/platform/build-arm64-v8a/dists/neshrblek/_python_bundle__arm64-v8a/_python_bundle/site-packages/./setuptools/_vendor/wheel/_commands
[1m[INFO][0m:     - copy ./setuptools/_vendor/wheel/_commands/convert.pyc
[1m[INFO][0m:     - copy ./setuptools/_vendor/wheel/_commands/pack.pyc
[1m[INFO][0m:     - copy ./setuptools/_vendor/wheel/_commands/tags.pyc
[1m[INFO][0m:     - copy ./setuptools/_vendor/wheel/_commands/__init__.pyc
[1m[INFO][0m:     - copy ./setuptools/_vendor/backports/__init__.pyc
[1m[90m[DEBUG][39m[0m:   Create directory /app/.buildozer/android/platform/build-arm64-v8a/dists/neshrblek/_python_bundle__arm64-v8a/_python_bundle/site-packages/./setuptools/_vendor/backports
[1m[INFO][0m:     - copy ./setuptools/_vendor/backports/tarfile/__main__.pyc
[1m[90m[DEBUG][39m[0m:   Create directory /app/.buildozer/android/platform/build-arm64-v8a/dists/neshrblek/_python_bundle__arm64-v8a/_python_bundle/site-packages/./setuptools/_vendor/backports/tarfile
[1m[INFO][0m:     - copy ./setuptools/_vendor/backports/tarfile/__init__.pyc
[1m[INFO][0m:     - copy ./setuptools/_vendor/backports/tarfile/compat/py38.pyc
[1m[90m[DEBUG][39m[0m:   Create directory /app/.buildozer/android/platform/build-arm64-v8a/dists/neshrblek/_python_bundle__arm64-v8a/_python_bundle/site-packages/./setuptools/_vendor/backports/tarfile/compat
[1m[INFO][0m:     - copy ./setuptools/_vendor/backports/tarfile/compat/__init__.pyc
[1m[INFO][0m:     - copy ./setuptools/_vendor/tomli-2.4.0.dist-info/WHEEL
[1m[90m[DEBUG][39m[0m:   Create directory /app/.buildozer/android/platform/build-arm64-v8a/dists/neshrblek/_python_bundle__arm64-v8a/_python_bundle/site-packages/./setuptools/_vendor/tomli-2.4.0.dist-info
[1m[INFO][0m:     - copy ./setuptools/_vendor/tomli-2.4.0.dist-info/METADATA
[1m[INFO][0m:     - copy ./setuptools/_vendor/tomli-2.4.0.dist-info/REQUESTED
[1m[INFO][0m:     - copy ./setuptools/_vendor/tomli-2.4.0.dist-info/INSTALLER
[1m[INFO][0m:     - copy ./setuptools/_vendor/tomli-2.4.0.dist-info/RECORD
[1m[INFO][0m:     - copy ./setuptools/_vendor/tomli-2.4.0.dist-info/licenses/LICENSE
[1m[90m[DEBUG][39m[0m:   Create directory /app/.buildozer/android/platform/build-arm64-v8a/dists/neshrblek/_python_bundle__arm64-v8a/_python_bundle/site-packages/./setuptools/_vendor/tomli-2.4.0.dist-info/licenses
[1m[INFO][0m:     - copy ./setuptools/_vendor/packaging-26.0.dist-info/WHEEL
[1m[90m[DEBUG][39m[0m:   Create directory /app/.buildozer/android/platform/build-arm64-v8a/dists/neshrblek/_python_bundle__arm64-v8a/_python_bundle/site-packages/./setuptools/_vendor/packaging-26.0.dist-info
[1m[INFO][0m:     - copy ./setuptools/_vendor/packaging-26.0.dist-info/METADATA
[1m[INFO][0m:     - copy ./setuptools/_vendor/packaging-26.0.dist-info/REQUESTED
[1m[INFO][0m:     - copy ./setuptools/_vendor/packaging-26.0.dist-info/INSTALLER
[1m[INFO][0m:     - copy ./setuptools/_vendor/packaging-26.0.dist-info/RECORD
[1m[INFO][0m:     - copy ./setuptools/_vendor/packaging-26.0.dist-info/licenses/LICENSE.BSD
[1m[90m[DEBUG][39m[0m:   Create directory /app/.buildozer/android/platform/build-arm64-v8a/dists/neshrblek/_python_bundle__arm64-v8a/_python_bundle/site-packages/./setuptools/_vendor/packaging-26.0.dist-info/licenses
[1m[INFO][0m:     - copy ./setuptools/_vendor/packaging-26.0.dist-info/licenses/LICENSE
[1m[INFO][0m:     - copy ./setuptools/_vendor/packaging-26.0.dist-info/licenses/LICENSE.APACHE
[1m[INFO][0m:     - copy ./setuptools/_vendor/zipp/_functools.pyc
[1m[90m[DEBUG][39m[0m:   Create directory /app/.buildozer/android/platform/build-arm64-v8a/dists/neshrblek/_python_bundle__arm64-v8a/_python_bundle/site-packages/./setuptools/_vendor/zipp
[1m[INFO][0m:     - copy ./setuptools/_vendor/zipp/__init__.pyc
[1m[INFO][0m:     - copy ./setuptools/_vendor/zipp/glob.pyc
[1m[INFO][0m:     - copy ./setuptools/_vendor/zipp/compat/overlay.pyc
[1m[90m[DEBUG][39m[0m:   Create directory /app/.buildozer/android/platform/build-arm64-v8a/dists/neshrblek/_python_bundle__arm64-v8a/_python_bundle/site-packages/./setuptools/_vendor/zipp/compat
[1m[INFO][0m:     - copy ./setuptools/_vendor/zipp/compat/__init__.pyc
[1m[INFO][0m:     - copy ./setuptools/_vendor/zipp/compat/py310.pyc
[1m[INFO][0m:     - copy ./setuptools/_vendor/zipp/compat/py313.pyc
[1m[INFO][0m:     - copy ./setuptools/_vendor/importlib_metadata-8.7.1.dist-info/WHEEL
[1m[90m[DEBUG][39m[0m:   Create directory /app/.buildozer/android/platform/build-arm64-v8a/dists/neshrblek/_python_bundle__arm64-v8a/_python_bundle/site-packages/./setuptools/_vendor/importlib_metadata-8.7.1.dist-info
[1m[INFO][0m:     - copy ./setuptools/_vendor/importlib_metadata-8.7.1.dist-info/METADATA
[1m[INFO][0m:     - copy ./setuptools/_vendor/importlib_metadata-8.7.1.dist-info/REQUESTED
[1m[INFO][0m:     - copy ./setuptools/_vendor/importlib_metadata-8.7.1.dist-info/INSTALLER
[1m[INFO][0m:     - copy ./setuptools/_vendor/importlib_metadata-8.7.1.dist-info/RECORD
[1m[INFO][0m:     - copy ./setuptools/_vendor/importlib_metadata-8.7.1.dist-info/top_level.txt
[1m[INFO][0m:     - copy ./setuptools/_vendor/importlib_metadata-8.7.1.dist-info/licenses/LICENSE
[1m[90m[DEBUG][39m[0m:   Create directory /app/.buildozer/android/platform/build-arm64-v8a/dists/neshrblek/_python_bundle__arm64-v8a/_python_bundle/site-packages/./setuptools/_vendor/importlib_metadata-8.7.1.dist-info/licenses
[1m[INFO][0m:     - copy ./setuptools/_vendor/more_itertools/more.pyi
[1m[90m[DEBUG][39m[0m:   Create directory /app/.buildozer/android/platform/build-arm64-v8a/dists/neshrblek/_python_bundle__arm64-v8a/_python_bundle/site-packages/./setuptools/_vendor/more_itertools
[1m[INFO][0m:     - copy ./setuptools/_vendor/more_itertools/py.typed
[1m[INFO][0m:     - copy ./setuptools/_vendor/more_itertools/__init__.pyc
[1m[INFO][0m:     - copy ./setuptools/_vendor/more_itertools/__init__.pyi
[1m[INFO][0m:     - copy ./setuptools/_vendor/more_itertools/recipes.pyc
[1m[INFO][0m:     - copy ./setuptools/_vendor/more_itertools/recipes.pyi
[1m[INFO][0m:     - copy ./setuptools/_vendor/more_itertools/more.pyc
[1m[INFO][0m:     - copy ./setuptools/_vendor/platformdirs/__main__.pyc
[1m[90m[DEBUG][39m[0m:   Create directory /app/.buildozer/android/platform/build-arm64-v8a/dists/neshrblek/_python_bundle__arm64-v8a/_python_bundle/site-packages/./setuptools/_vendor/platformdirs
[1m[INFO][0m:     - copy ./setuptools/_vendor/platformdirs/macos.pyc
[1m[INFO][0m:     - copy ./setuptools/_vendor/platformdirs/py.typed
[1m[INFO][0m:     - copy ./setuptools/_vendor/platformdirs/windows.pyc
[1m[INFO][0m:     - copy ./setuptools/_vendor/platformdirs/version.pyc
[1m[INFO][0m:     - copy ./setuptools/_vendor/platformdirs/android.pyc
[1m[INFO][0m:     - copy ./setuptools/_vendor/platformdirs/unix.pyc
[1m[INFO][0m:     - copy ./setuptools/_vendor/platformdirs/__init__.pyc
[1m[INFO][0m:     - copy ./setuptools/_vendor/platformdirs/api.pyc
[1m[INFO][0m:     - copy ./setuptools/_vendor/jaraco.text-4.0.0.dist-info/LICENSE
[1m[90m[DEBUG][39m[0m:   Create directory /app/.buildozer/android/platform/build-arm64-v8a/dists/neshrblek/_python_bundle__arm64-v8a/_python_bundle/site-packages/./setuptools/_vendor/jaraco.text-4.0.0.dist-info
[1m[INFO][0m:     - copy ./setuptools/_vendor/jaraco.text-4.0.0.dist-info/WHEEL
[1m[INFO][0m:     - copy ./setuptools/_vendor/jaraco.text-4.0.0.dist-info/METADATA
[1m[INFO][0m:     - copy ./setuptools/_vendor/jaraco.text-4.0.0.dist-info/REQUESTED
[1m[INFO][0m:     - copy ./setuptools/_vendor/jaraco.text-4.0.0.dist-info/INSTALLER
[1m[INFO][0m:     - copy ./setuptools/_vendor/jaraco.text-4.0.0.dist-info/RECORD
[1m[INFO][0m:     - copy ./setuptools/_vendor/jaraco.text-4.0.0.dist-info/top_level.txt
[1m[INFO][0m:     - copy ./setuptools/_vendor/more_itertools-10.8.0.dist-info/WHEEL
[1m[90m[DEBUG][39m[0m:   Create directory /app/.buildozer/android/platform/build-arm64-v8a/dists/neshrblek/_python_bundle__arm64-v8a/_python_bundle/site-packages/./setuptools/_vendor/more_itertools-10.8.0.dist-info
[1m[INFO][0m:     - copy ./setuptools/_vendor/more_itertools-10.8.0.dist-info/METADATA
[1m[INFO][0m:     - copy ./setuptools/_vendor/more_itertools-10.8.0.dist-info/REQUESTED
[1m[INFO][0m:     - copy ./setuptools/_vendor/more_itertools-10.8.0.dist-info/INSTALLER
[1m[INFO][0m:     - copy ./setuptools/_vendor/more_itertools-10.8.0.dist-info/RECORD
[1m[INFO][0m:     - copy ./setuptools/_vendor/more_itertools-10.8.0.dist-info/licenses/LICENSE
[1m[90m[DEBUG][39m[0m:   Create directory /app/.buildozer/android/platform/build-arm64-v8a/dists/neshrblek/_python_bundle__arm64-v8a/_python_bundle/site-packages/./setuptools/_vendor/more_itertools-10.8.0.dist-info/licenses
[1m[INFO][0m:     - copy ./setuptools/_vendor/zipp-3.23.0.dist-info/WHEEL
[1m[90m[DEBUG][39m[0m:   Create directory /app/.buildozer/android/platform/build-arm64-v8a/dists/neshrblek/_python_bundle__arm64-v8a/_python_bundle/site-packages/./setuptools/_vendor/zipp-3.23.0.dist-info
[1m[INFO][0m:     - copy ./setuptools/_vendor/zipp-3.23.0.dist-info/METADATA
[1m[INFO][0m:     - copy ./setuptools/_vendor/zipp-3.23.0.dist-info/REQUESTED
[1m[INFO][0m:     - copy ./setuptools/_vendor/zipp-3.23.0.dist-info/INSTALLER
[1m[INFO][0m:     - copy ./setuptools/_vendor/zipp-3.23.0.dist-info/RECORD
[1m[INFO][0m:     - copy ./setuptools/_vendor/zipp-3.23.0.dist-info/top_level.txt
[1m[INFO][0m:     - copy ./setuptools/_vendor/zipp-3.23.0.dist-info/licenses/LICENSE
[1m[90m[DEBUG][39m[0m:   Create directory /app/.buildozer/android/platform/build-arm64-v8a/dists/neshrblek/_python_bundle__arm64-v8a/_python_bundle/site-packages/./setuptools/_vendor/zipp-3.23.0.dist-info/licenses
[1m[INFO][0m:     - copy ./setuptools/_vendor/tomli/py.typed
[1m[90m[DEBUG][39m[0m:   Create directory /app/.buildozer/android/platform/build-arm64-v8a/dists/neshrblek/_python_bundle__arm64-v8a/_python_bundle/site-packages/./setuptools/_vendor/tomli
[1m[INFO][0m:     - copy ./setuptools/_vendor/tomli/_parser.pyc
[1m[INFO][0m:     - copy ./setuptools/_vendor/tomli/_types.pyc
[1m[INFO][0m:     - copy ./setuptools/_vendor/tomli/_re.pyc
[1m[INFO][0m:     - copy ./setuptools/_vendor/tomli/__init__.pyc
[1m[INFO][0m:     - copy ./setuptools/_vendor/packaging/specifiers.pyc
[1m[90m[DEBUG][39m[0m:   Create directory /app/.buildozer/android/platform/build-arm64-v8a/dists/neshrblek/_python_bundle__arm64-v8a/_python_bundle/site-packages/./setuptools/_vendor/packaging
[1m[INFO][0m:     - copy ./setuptools/_vendor/packaging/_musllinux.pyc
[1m[INFO][0m:     - copy ./setuptools/_vendor/packaging/utils.pyc
[1m[INFO][0m:     - copy ./setuptools/_vendor/packaging/markers.pyc
[1m[INFO][0m:     - copy ./setuptools/_vendor/packaging/_elffile.pyc
[1m[INFO][0m:     - copy ./setuptools/_vendor/packaging/py.typed
[1m[INFO][0m:     - copy ./setuptools/_vendor/packaging/pylock.pyc
[1m[INFO][0m:     - copy ./setuptools/_vendor/packaging/_tokenizer.pyc
[1m[INFO][0m:     - copy ./setuptools/_vendor/packaging/_parser.pyc
[1m[INFO][0m:     - copy ./setuptools/_vendor/packaging/version.pyc
[1m[INFO][0m:     - copy ./setuptools/_vendor/packaging/metadata.pyc
[1m[INFO][0m:     - copy ./setuptools/_vendor/packaging/requirements.pyc
[1m[INFO][0m:     - copy ./setuptools/_vendor/packaging/_structures.pyc
[1m[INFO][0m:     - copy ./setuptools/_vendor/packaging/tags.pyc
[1m[INFO][0m:     - copy ./setuptools/_vendor/packaging/__init__.pyc
[1m[INFO][0m:     - copy ./setuptools/_vendor/packaging/_manylinux.pyc
[1m[INFO][0m:     - copy ./setuptools/_vendor/packaging/licenses/_spdx.pyc
[1m[90m[DEBUG][39m[0m:   Create directory /app/.buildozer/android/platform/build-arm64-v8a/dists/neshrblek/_python_bundle__arm64-v8a/_python_bundle/site-packages/./setuptools/_vendor/packaging/licenses
[1m[INFO][0m:     - copy ./setuptools/_vendor/packaging/licenses/__init__.pyc
[1m[INFO][0m:     - copy ./setuptools/_vendor/jaraco_context-6.1.0.dist-info/WHEEL
[1m[90m[DEBUG][39m[0m:   Create directory /app/.buildozer/android/platform/build-arm64-v8a/dists/neshrblek/_python_bundle__arm64-v8a/_python_bundle/site-packages/./setuptools/_vendor/jaraco_context-6.1.0.dist-info
[1m[INFO][0m:     - copy ./setuptools/_vendor/jaraco_context-6.1.0.dist-info/METADATA
[1m[INFO][0m:     - copy ./setuptools/_vendor/jaraco_context-6.1.0.dist-info/REQUESTED
[1m[INFO][0m:     - copy ./setuptools/_vendor/jaraco_context-6.1.0.dist-info/INSTALLER
[1m[INFO][0m:     - copy ./setuptools/_vendor/jaraco_context-6.1.0.dist-info/RECORD
[1m[INFO][0m:     - copy ./setuptools/_vendor/jaraco_context-6.1.0.dist-info/top_level.txt
[1m[INFO][0m:     - copy ./setuptools/_vendor/jaraco_context-6.1.0.dist-info/licenses/LICENSE
[1m[90m[DEBUG][39m[0m:   Create directory /app/.buildozer/android/platform/build-arm64-v8a/dists/neshrblek/_python_bundle__arm64-v8a/_python_bundle/site-packages/./setuptools/_vendor/jaraco_context-6.1.0.dist-info/licenses
[1m[INFO][0m:     - copy ./setuptools/_vendor/wheel-0.46.3.dist-info/WHEEL
[1m[90m[DEBUG][39m[0m:   Create directory /app/.buildozer/android/platform/build-arm64-v8a/dists/neshrblek/_python_bundle__arm64-v8a/_python_bundle/site-packages/./setuptools/_vendor/wheel-0.46.3.dist-info
[1m[INFO][0m:     - copy ./setuptools/_vendor/wheel-0.46.3.dist-info/METADATA
[1m[INFO][0m:     - copy ./setuptools/_vendor/wheel-0.46.3.dist-info/REQUESTED
[1m[INFO][0m:     - copy ./setuptools/_vendor/wheel-0.46.3.dist-info/INSTALLER
[1m[INFO][0m:     - copy ./setuptools/_vendor/wheel-0.46.3.dist-info/entry_points.txt
[1m[INFO][0m:     - copy ./setuptools/_vendor/wheel-0.46.3.dist-info/RECORD
[1m[INFO][0m:     - copy ./setuptools/_vendor/wheel-0.46.3.dist-info/licenses/LICENSE.txt
[1m[90m[DEBUG][39m[0m:   Create directory /app/.buildozer/android/platform/build-arm64-v8a/dists/neshrblek/_python_bundle__arm64-v8a/_python_bundle/site-packages/./setuptools/_vendor/wheel-0.46.3.dist-info/licenses
[1m[INFO][0m:     - copy ./setuptools/_vendor/jaraco_functools-4.4.0.dist-info/WHEEL
[1m[90m[DEBUG][39m[0m:   Create directory /app/.buildozer/android/platform/build-arm64-v8a/dists/neshrblek/_python_bundle__arm64-v8a/_python_bundle/site-packages/./setuptools/_vendor/jaraco_functools-4.4.0.dist-info
[1m[INFO][0m:     - copy ./setuptools/_vendor/jaraco_functools-4.4.0.dist-info/METADATA
[1m[INFO][0m:     - copy ./setuptools/_vendor/jaraco_functools-4.4.0.dist-info/REQUESTED
[1m[INFO][0m:     - copy ./setuptools/_vendor/jaraco_functools-4.4.0.dist-info/INSTALLER
[1m[INFO][0m:     - copy ./setuptools/_vendor/jaraco_functools-4.4.0.dist-info/RECORD
[1m[INFO][0m:     - copy ./setuptools/_vendor/jaraco_functools-4.4.0.dist-info/top_level.txt
[1m[INFO][0m:     - copy ./setuptools/_vendor/jaraco_functools-4.4.0.dist-info/licenses/LICENSE
[1m[90m[DEBUG][39m[0m:   Create directory /app/.buildozer/android/platform/build-arm64-v8a/dists/neshrblek/_python_bundle__arm64-v8a/_python_bundle/site-packages/./setuptools/_vendor/jaraco_functools-4.4.0.dist-info/licenses
[1m[INFO][0m:     - copy ./setuptools/_vendor/platformdirs-4.4.0.dist-info/WHEEL
[1m[90m[DEBUG][39m[0m:   Create directory /app/.buildozer/android/platform/build-arm64-v8a/dists/neshrblek/_python_bundle__arm64-v8a/_python_bundle/site-packages/./setuptools/_vendor/platformdirs-4.4.0.dist-info
[1m[INFO][0m:     - copy ./setuptools/_vendor/platformdirs-4.4.0.dist-info/METADATA
[1m[INFO][0m:     - copy ./setuptools/_vendor/platformdirs-4.4.0.dist-info/REQUESTED
[1m[INFO][0m:     - copy ./setuptools/_vendor/platformdirs-4.4.0.dist-info/INSTALLER
[1m[INFO][0m:     - copy ./setuptools/_vendor/platformdirs-4.4.0.dist-info/RECORD
[1m[INFO][0m:     - copy ./setuptools/_vendor/platformdirs-4.4.0.dist-info/licenses/LICENSE
[1m[90m[DEBUG][39m[0m:   Create directory /app/.buildozer/android/platform/build-arm64-v8a/dists/neshrblek/_python_bundle__arm64-v8a/_python_bundle/site-packages/./setuptools/_vendor/platformdirs-4.4.0.dist-info/licenses
[1m[INFO][0m:     - copy ./setuptools/_vendor/importlib_metadata/diagnose.pyc
[1m[90m[DEBUG][39m[0m:   Create directory /app/.buildozer/android/platform/build-arm64-v8a/dists/neshrblek/_python_bundle__arm64-v8a/_python_bundle/site-packages/./setuptools/_vendor/importlib_metadata
[1m[INFO][0m:     - copy ./setuptools/_vendor/importlib_metadata/_compat.pyc
[1m[INFO][0m:     - copy ./setuptools/_vendor/importlib_metadata/_functools.pyc
[1m[INFO][0m:     - copy ./setuptools/_vendor/importlib_metadata/_collections.pyc
[1m[INFO][0m:     - copy ./setuptools/_vendor/importlib_metadata/py.typed
[1m[INFO][0m:     - copy ./setuptools/_vendor/importlib_metadata/_adapters.pyc
[1m[INFO][0m:     - copy ./setuptools/_vendor/importlib_metadata/_typing.pyc
[1m[INFO][0m:     - copy ./setuptools/_vendor/importlib_metadata/_itertools.pyc
[1m[INFO][0m:     - copy ./setuptools/_vendor/importlib_metadata/_text.pyc
[1m[INFO][0m:     - copy ./setuptools/_vendor/importlib_metadata/__init__.pyc
[1m[INFO][0m:     - copy ./setuptools/_vendor/importlib_metadata/_meta.pyc
[1m[INFO][0m:     - copy ./setuptools/_vendor/importlib_metadata/compat/py311.pyc
[1m[90m[DEBUG][39m[0m:   Create directory /app/.buildozer/android/platform/build-arm64-v8a/dists/neshrblek/_python_bundle__arm64-v8a/_python_bundle/site-packages/./setuptools/_vendor/importlib_metadata/compat
[1m[INFO][0m:     - copy ./setuptools/_vendor/importlib_metadata/compat/py39.pyc
[1m[INFO][0m:     - copy ./setuptools/_vendor/importlib_metadata/compat/__init__.pyc
[1m[INFO][0m:     - copy ./setuptools/_vendor/backports.tarfile-1.2.0.dist-info/LICENSE
[1m[90m[DEBUG][39m[0m:   Create directory /app/.buildozer/android/platform/build-arm64-v8a/dists/neshrblek/_python_bundle__arm64-v8a/_python_bundle/site-packages/./setuptools/_vendor/backports.tarfile-1.2.0.dist-info
[1m[INFO][0m:     - copy ./setuptools/_vendor/backports.tarfile-1.2.0.dist-info/WHEEL
[1m[INFO][0m:     - copy ./setuptools/_vendor/backports.tarfile-1.2.0.dist-info/METADATA
[1m[INFO][0m:     - copy ./setuptools/_vendor/backports.tarfile-1.2.0.dist-info/REQUESTED
[1m[INFO][0m:     - copy ./setuptools/_vendor/backports.tarfile-1.2.0.dist-info/INSTALLER
[1m[INFO][0m:     - copy ./setuptools/_vendor/backports.tarfile-1.2.0.dist-info/RECORD
[1m[INFO][0m:     - copy ./setuptools/_vendor/backports.tarfile-1.2.0.dist-info/top_level.txt
[1m[INFO][0m:     - copy ./setuptools/_distutils/util.pyc
[1m[90m[DEBUG][39m[0m:   Create directory /app/.buildozer/android/platform/build-arm64-v8a/dists/neshrblek/_python_bundle__arm64-v8a/_python_bundle/site-packages/./setuptools/_distutils
[1m[INFO][0m:     - copy ./setuptools/_distutils/unixccompiler.pyc
[1m[INFO][0m:     - copy ./setuptools/_distutils/dep_util.pyc
[1m[INFO][0m:     - copy ./setuptools/_distutils/extension.pyc
[1m[INFO][0m:     - copy ./setuptools/_distutils/_log.pyc
[1m[INFO][0m:     - copy ./setuptools/_distutils/cygwinccompiler.pyc
[1m[INFO][0m:     - copy ./setuptools/_distutils/text_file.pyc
[1m[INFO][0m:     - copy ./setuptools/_distutils/_macos_compat.pyc
[1m[INFO][0m:     - copy ./setuptools/_distutils/_msvccompiler.pyc
[1m[INFO][0m:     - copy ./setuptools/_distutils/ccompiler.pyc
[1m[INFO][0m:     - copy ./setuptools/_distutils/sysconfig.pyc
[1m[INFO][0m:     - copy ./setuptools/_distutils/filelist.pyc
[1m[INFO][0m:     - copy ./setuptools/_distutils/spawn.pyc
[1m[INFO][0m:     - copy ./setuptools/_distutils/version.pyc
[1m[INFO][0m:     - copy ./setuptools/_distutils/errors.pyc
[1m[INFO][0m:     - copy ./setuptools/_distutils/log.pyc
[1m[INFO][0m:     - copy ./setuptools/_distutils/versionpredicate.pyc
[1m[INFO][0m:     - copy ./setuptools/_distutils/fancy_getopt.pyc
[1m[INFO][0m:     - copy ./setuptools/_distutils/__init__.pyc
[1m[INFO][0m:     - copy ./setuptools/_distutils/archive_util.pyc
[1m[INFO][0m:     - copy ./setuptools/_distutils/debug.pyc
[1m[INFO][0m:     - copy ./setuptools/_distutils/dir_util.pyc
[1m[INFO][0m:     - copy ./setuptools/_distutils/file_util.pyc
[1m[INFO][0m:     - copy ./setuptools/_distutils/zosccompiler.pyc
[1m[INFO][0m:     - copy ./setuptools/_distutils/_modified.pyc
[1m[INFO][0m:     - copy ./setuptools/_distutils/dist.pyc
[1m[INFO][0m:     - copy ./setuptools/_distutils/core.pyc
[1m[INFO][0m:     - copy ./setuptools/_distutils/cmd.pyc
[1m[INFO][0m:     - copy ./setuptools/_distutils/command/install_data.pyc
[1m[90m[DEBUG][39m[0m:   Create directory /app/.buildozer/android/platform/build-arm64-v8a/dists/neshrblek/_python_bundle__arm64-v8a/_python_bundle/site-packages/./setuptools/_distutils/command
[1m[INFO][0m:     - copy ./setuptools/_distutils/command/build.pyc
[1m[INFO][0m:     - copy ./setuptools/_distutils/command/install_headers.pyc
[1m[INFO][0m:     - copy ./setuptools/_distutils/command/config.pyc
[1m[INFO][0m:     - copy ./setuptools/_distutils/command/build_py.pyc
[1m[INFO][0m:     - copy ./setuptools/_distutils/command/sdist.pyc
[1m[INFO][0m:     - copy ./setuptools/_distutils/command/install_egg_info.pyc
[1m[INFO][0m:     - copy ./setuptools/_distutils/command/install.pyc
[1m[INFO][0m:     - copy ./setuptools/_distutils/command/check.pyc
[1m[INFO][0m:     - copy ./setuptools/_distutils/command/bdist.pyc
[1m[INFO][0m:     - copy ./setuptools/_distutils/command/bdist_dumb.pyc
[1m[INFO][0m:     - copy ./setuptools/_distutils/command/install_scripts.pyc
[1m[INFO][0m:     - copy ./setuptools/_distutils/command/build_ext.pyc
[1m[INFO][0m:     - copy ./setuptools/_distutils/command/clean.pyc
[1m[INFO][0m:     - copy ./setuptools/_distutils/command/install_lib.pyc
[1m[INFO][0m:     - copy ./setuptools/_distutils/command/__init__.pyc
[1m[INFO][0m:     - copy ./setuptools/_distutils/command/_framework_compat.pyc
[1m[INFO][0m:     - copy ./setuptools/_distutils/command/build_clib.pyc
[1m[INFO][0m:     - copy ./setuptools/_distutils/command/build_scripts.pyc
[1m[INFO][0m:     - copy ./setuptools/_distutils/command/bdist_rpm.pyc
[1m[INFO][0m:     - copy ./setuptools/_distutils/compat/py39.pyc
[1m[90m[DEBUG][39m[0m:   Create directory /app/.buildozer/android/platform/build-arm64-v8a/dists/neshrblek/_python_bundle__arm64-v8a/_python_bundle/site-packages/./setuptools/_distutils/compat
[1m[INFO][0m:     - copy ./setuptools/_distutils/compat/__init__.pyc
[1m[INFO][0m:     - copy ./setuptools/_distutils/compat/numpy.pyc
[1m[INFO][0m:     - copy ./setuptools/_distutils/compilers/C/msvc.pyc
[1m[90m[DEBUG][39m[0m:   Create directory /app/.buildozer/android/platform/build-arm64-v8a/dists/neshrblek/_python_bundle__arm64-v8a/_python_bundle/site-packages/./setuptools/_distutils/compilers/C
[1m[INFO][0m:     - copy ./setuptools/_distutils/compilers/C/cygwin.pyc
[1m[INFO][0m:     - copy ./setuptools/_distutils/compilers/C/zos.pyc
[1m[INFO][0m:     - copy ./setuptools/_distutils/compilers/C/errors.pyc
[1m[INFO][0m:     - copy ./setuptools/_distutils/compilers/C/unix.pyc
[1m[INFO][0m:     - copy ./setuptools/_distutils/compilers/C/base.pyc
[1m[INFO][0m:     - copy ./Kivy-2.3.1.dist-info/LICENSE
[1m[90m[DEBUG][39m[0m:   Create directory /app/.buildozer/android/platform/build-arm64-v8a/dists/neshrblek/_python_bundle__arm64-v8a/_python_bundle/site-packages/./Kivy-2.3.1.dist-info
[1m[INFO][0m:     - copy ./Kivy-2.3.1.dist-info/WHEEL
[1m[INFO][0m:     - copy ./Kivy-2.3.1.dist-info/AUTHORS
[1m[INFO][0m:     - copy ./Kivy-2.3.1.dist-info/METADATA
[1m[INFO][0m:     - copy ./Kivy-2.3.1.dist-info/dependency_links.txt
[1m[INFO][0m:     - copy ./Kivy-2.3.1.dist-info/RECORD
[1m[INFO][0m:     - copy ./Kivy-2.3.1.dist-info/top_level.txt
[1m[INFO][0m:     - copy ./gcloud/test_client.pyc
[1m[90m[DEBUG][39m[0m:   Create directory /app/.buildozer/android/platform/build-arm64-v8a/dists/neshrblek/_python_bundle__arm64-v8a/_python_bundle/site-packages/./gcloud
[1m[INFO][0m:     - copy ./gcloud/_testing.pyc
[1m[INFO][0m:     - copy ./gcloud/connection.pyc
[1m[INFO][0m:     - copy ./gcloud/client.pyc
[1m[INFO][0m:     - copy ./gcloud/environment_vars.pyc
[1m[INFO][0m:     - copy ./gcloud/test_connection.pyc
[1m[INFO][0m:     - copy ./gcloud/exceptions.pyc
[1m[INFO][0m:     - copy ./gcloud/credentials.pyc
[1m[INFO][0m:     - copy ./gcloud/_helpers.pyc
[1m[INFO][0m:     - copy ./gcloud/iterator.pyc
[1m[INFO][0m:     - copy ./gcloud/__init__.pyc
[1m[INFO][0m:     - copy ./gcloud/test_iterator.pyc
[1m[INFO][0m:     - copy ./gcloud/test_credentials.pyc
[1m[INFO][0m:     - copy ./gcloud/test_exceptions.pyc
[1m[INFO][0m:     - copy ./gcloud/test__helpers.pyc
[1m[INFO][0m:     - copy ./gcloud/resource_manager/test_client.pyc
[1m[90m[DEBUG][39m[0m:   Create directory /app/.buildozer/android/platform/build-arm64-v8a/dists/neshrblek/_python_bundle__arm64-v8a/_python_bundle/site-packages/./gcloud/resource_manager
[1m[INFO][0m:     - copy ./gcloud/resource_manager/connection.pyc
[1m[INFO][0m:     - copy ./gcloud/resource_manager/client.pyc
[1m[INFO][0m:     - copy ./gcloud/resource_manager/project.pyc
[1m[INFO][0m:     - copy ./gcloud/resource_manager/test_connection.pyc
[1m[INFO][0m:     - copy ./gcloud/resource_manager/test_project.pyc
[1m[INFO][0m:     - copy ./gcloud/resource_manager/__init__.pyc
[1m[INFO][0m:     - copy ./gcloud/pubsub/test_client.pyc
[1m[90m[DEBUG][39m[0m:   Create directory /app/.buildozer/android/platform/build-arm64-v8a/dists/neshrblek/_python_bundle__arm64-v8a/_python_bundle/site-packages/./gcloud/pubsub
[1m[INFO][0m:     - copy ./gcloud/pubsub/connection.pyc
[1m[INFO][0m:     - copy ./gcloud/pubsub/client.pyc
[1m[INFO][0m:     - copy ./gcloud/pubsub/test_connection.pyc
[1m[INFO][0m:     - copy ./gcloud/pubsub/iam.pyc
[1m[INFO][0m:     - copy ./gcloud/pubsub/test__gax.pyc
[1m[INFO][0m:     - copy ./gcloud/pubsub/topic.pyc
[1m[INFO][0m:     - copy ./gcloud/pubsub/test_message.pyc
[1m[INFO][0m:     - copy ./gcloud/pubsub/subscription.pyc
[1m[INFO][0m:     - copy ./gcloud/pubsub/_gax.pyc
[1m[INFO][0m:     - copy ./gcloud/pubsub/_helpers.pyc
[1m[INFO][0m:     - copy ./gcloud/pubsub/test_topic.pyc
[1m[INFO][0m:     - copy ./gcloud/pubsub/__init__.pyc
[1m[INFO][0m:     - copy ./gcloud/pubsub/message.pyc
[1m[INFO][0m:     - copy ./gcloud/pubsub/test_iam.pyc
[1m[INFO][0m:     - copy ./gcloud/pubsub/test_subscription.pyc
[1m[INFO][0m:     - copy ./gcloud/pubsub/test__helpers.pyc
[1m[INFO][0m:     - copy ./gcloud/datastore/test_client.pyc
[1m[90m[DEBUG][39m[0m:   Create directory /app/.buildozer/android/platform/build-arm64-v8a/dists/neshrblek/_python_bundle__arm64-v8a/_python_bundle/site-packages/./gcloud/datastore
[1m[INFO][0m:     - copy ./gcloud/datastore/connection.pyc
[1m[INFO][0m:     - copy ./gcloud/datastore/client.pyc
[1m[INFO][0m:     - copy ./gcloud/datastore/test_entity.pyc
[1m[INFO][0m:     - copy ./gcloud/datastore/test_connection.pyc
[1m[INFO][0m:     - copy ./gcloud/datastore/key.pyc
[1m[INFO][0m:     - copy ./gcloud/datastore/transaction.pyc
[1m[INFO][0m:     - copy ./gcloud/datastore/entity.pyc
[1m[INFO][0m:     - copy ./gcloud/datastore/test_query.pyc
[1m[INFO][0m:     - copy ./gcloud/datastore/test_helpers.pyc
[1m[INFO][0m:     - copy ./gcloud/datastore/test_key.pyc
[1m[INFO][0m:     - copy ./gcloud/datastore/__init__.pyc
[1m[INFO][0m:     - copy ./gcloud/datastore/test_transaction.pyc
[1m[INFO][0m:     - copy ./gcloud/datastore/query.pyc
[1m[INFO][0m:     - copy ./gcloud/datastore/batch.pyc
[1m[INFO][0m:     - copy ./gcloud/datastore/helpers.pyc
[1m[INFO][0m:     - copy ./gcloud/datastore/test_batch.pyc
[1m[INFO][0m:     - copy ./gcloud/datastore/_generated/query_pb2.pyc
[1m[90m[DEBUG][39m[0m:   Create directory /app/.buildozer/android/platform/build-arm64-v8a/dists/neshrblek/_python_bundle__arm64-v8a/_python_bundle/site-packages/./gcloud/datastore/_generated
[1m[INFO][0m:     - copy ./gcloud/datastore/_generated/_datastore.proto
[1m[INFO][0m:     - copy ./gcloud/datastore/_generated/datastore_pb2.pyc
[1m[INFO][0m:     - copy ./gcloud/datastore/_generated/__init__.pyc
[1m[INFO][0m:     - copy ./gcloud/datastore/_generated/_entity.proto
[1m[INFO][0m:     - copy ./gcloud/datastore/_generated/entity_pb2.pyc
[1m[INFO][0m:     - copy ./gcloud/datastore/_generated/_query.proto
[1m[INFO][0m:     - copy ./gcloud/bigquery/test_client.pyc
[1m[90m[DEBUG][39m[0m:   Create directory /app/.buildozer/android/platform/build-arm64-v8a/dists/neshrblek/_python_bundle__arm64-v8a/_python_bundle/site-packages/./gcloud/bigquery
[1m[INFO][0m:     - copy ./gcloud/bigquery/connection.pyc
[1m[INFO][0m:     - copy ./gcloud/bigquery/client.pyc
[1m[INFO][0m:     - copy ./gcloud/bigquery/test_connection.pyc
[1m[INFO][0m:     - copy ./gcloud/bigquery/job.pyc
[1m[INFO][0m:     - copy ./gcloud/bigquery/test_dataset.pyc
[1m[INFO][0m:     - copy ./gcloud/bigquery/_helpers.pyc
[1m[INFO][0m:     - copy ./gcloud/bigquery/test_query.pyc
[1m[INFO][0m:     - copy ./gcloud/bigquery/table.pyc
[1m[INFO][0m:     - copy ./gcloud/bigquery/dataset.pyc
[1m[INFO][0m:     - copy ./gcloud/bigquery/__init__.pyc
[1m[INFO][0m:     - copy ./gcloud/bigquery/query.pyc
[1m[INFO][0m:     - copy ./gcloud/bigquery/test_table.pyc
[1m[INFO][0m:     - copy ./gcloud/bigquery/test__helpers.pyc
[1m[INFO][0m:     - copy ./gcloud/bigquery/test_job.pyc
[1m[INFO][0m:     - copy ./gcloud/error_reporting/test_client.pyc
[1m[90m[DEBUG][39m[0m:   Create directory /app/.buildozer/android/platform/build-arm64-v8a/dists/neshrblek/_python_bundle__arm64-v8a/_python_bundle/site-packages/./gcloud/error_reporting
[1m[INFO][0m:     - copy ./gcloud/error_reporting/client.pyc
[1m[INFO][0m:     - copy ./gcloud/error_reporting/__init__.pyc
[1m[INFO][0m:     - copy ./gcloud/dns/test_client.pyc
[1m[90m[DEBUG][39m[0m:   Create directory /app/.buildozer/android/platform/build-arm64-v8a/dists/neshrblek/_python_bundle__arm64-v8a/_python_bundle/site-packages/./gcloud/dns
[1m[INFO][0m:     - copy ./gcloud/dns/connection.pyc
[1m[INFO][0m:     - copy ./gcloud/dns/client.pyc
[1m[INFO][0m:     - copy ./gcloud/dns/test_connection.pyc
[1m[INFO][0m:     - copy ./gcloud/dns/test_resource_record_set.pyc
[1m[INFO][0m:     - copy ./gcloud/dns/test_changes.pyc
[1m[INFO][0m:     - copy ./gcloud/dns/resource_record_set.pyc
[1m[INFO][0m:     - copy ./gcloud/dns/test_zone.pyc
[1m[INFO][0m:     - copy ./gcloud/dns/__init__.pyc
[1m[INFO][0m:     - copy ./gcloud/dns/zone.pyc
[1m[INFO][0m:     - copy ./gcloud/dns/changes.pyc
[1m[INFO][0m:     - copy ./gcloud/monitoring/test_client.pyc
[1m[90m[DEBUG][39m[0m:   Create directory /app/.buildozer/android/platform/build-arm64-v8a/dists/neshrblek/_python_bundle__arm64-v8a/_python_bundle/site-packages/./gcloud/monitoring
[1m[INFO][0m:     - copy ./gcloud/monitoring/test_metric.pyc
[1m[INFO][0m:     - copy ./gcloud/monitoring/metric.pyc
[1m[INFO][0m:     - copy ./gcloud/monitoring/connection.pyc
[1m[INFO][0m:     - copy ./gcloud/monitoring/client.pyc
[1m[INFO][0m:     - copy ./gcloud/monitoring/test_connection.pyc
[1m[INFO][0m:     - copy ./gcloud/monitoring/label.pyc
[1m[INFO][0m:     - copy ./gcloud/monitoring/timeseries.pyc
[1m[INFO][0m:     - copy ./gcloud/monitoring/test_label.pyc
[1m[INFO][0m:     - copy ./gcloud/monitoring/test_resource.pyc
[1m[INFO][0m:     - copy ./gcloud/monitoring/test_query.pyc
[1m[INFO][0m:     - copy ./gcloud/monitoring/_dataframe.pyc
[1m[INFO][0m:     - copy ./gcloud/monitoring/__init__.pyc
[1m[INFO][0m:     - copy ./gcloud/monitoring/query.pyc
[1m[INFO][0m:     - copy ./gcloud/monitoring/resource.pyc
[1m[INFO][0m:     - copy ./gcloud/monitoring/test_timeseries.pyc
[1m[INFO][0m:     - copy ./gcloud/monitoring/test__dataframe.pyc
[1m[INFO][0m:     - copy ./gcloud/storage/test_client.pyc
[1m[90m[DEBUG][39m[0m:   Create directory /app/.buildozer/android/platform/build-arm64-v8a/dists/neshrblek/_python_bundle__arm64-v8a/_python_bundle/site-packages/./gcloud/storage
[1m[INFO][0m:     - copy ./gcloud/storage/test_acl.pyc
[1m[INFO][0m:     - copy ./gcloud/storage/acl.pyc
[1m[INFO][0m:     - copy ./gcloud/storage/connection.pyc
[1m[INFO][0m:     - copy ./gcloud/storage/client.pyc
[1m[INFO][0m:     - copy ./gcloud/storage/test_connection.pyc
[1m[INFO][0m:     - copy ./gcloud/storage/test_bucket.pyc
[1m[INFO][0m:     - copy ./gcloud/storage/_helpers.pyc
[1m[INFO][0m:     - copy ./gcloud/storage/__init__.pyc
[1m[INFO][0m:     - copy ./gcloud/storage/batch.pyc
[1m[INFO][0m:     - copy ./gcloud/storage/bucket.pyc
[1m[INFO][0m:     - copy ./gcloud/storage/blob.pyc
[1m[INFO][0m:     - copy ./gcloud/storage/test_blob.pyc
[1m[INFO][0m:     - copy ./gcloud/storage/test_batch.pyc
[1m[INFO][0m:     - copy ./gcloud/storage/test__helpers.pyc
[1m[INFO][0m:     - copy ./gcloud/streaming/util.pyc
[1m[90m[DEBUG][39m[0m:   Create directory /app/.buildozer/android/platform/build-arm64-v8a/dists/neshrblek/_python_bundle__arm64-v8a/_python_bundle/site-packages/./gcloud/streaming
[1m[INFO][0m:     - copy ./gcloud/streaming/test_stream_slice.pyc
[1m[INFO][0m:     - copy ./gcloud/streaming/stream_slice.pyc
[1m[INFO][0m:     - copy ./gcloud/streaming/test_util.pyc
[1m[INFO][0m:     - copy ./gcloud/streaming/test_transfer.pyc
[1m[INFO][0m:     - copy ./gcloud/streaming/http_wrapper.pyc
[1m[INFO][0m:     - copy ./gcloud/streaming/exceptions.pyc
[1m[INFO][0m:     - copy ./gcloud/streaming/transfer.pyc
[1m[INFO][0m:     - copy ./gcloud/streaming/test_http_wrapper.pyc
[1m[INFO][0m:     - copy ./gcloud/streaming/__init__.pyc
[1m[INFO][0m:     - copy ./gcloud/streaming/test_buffered_stream.pyc
[1m[INFO][0m:     - copy ./gcloud/streaming/buffered_stream.pyc
[1m[INFO][0m:     - copy ./gcloud/streaming/test_exceptions.pyc
[1m[INFO][0m:     - copy ./gcloud/bigtable/test_client.pyc
[1m[90m[DEBUG][39m[0m:   Create directory /app/.buildozer/android/platform/build-arm64-v8a/dists/neshrblek/_python_bundle__arm64-v8a/_python_bundle/site-packages/./gcloud/bigtable
[1m[INFO][0m:     - copy ./gcloud/bigtable/instance.pyc
[1m[INFO][0m:     - copy ./gcloud/bigtable/_testing.pyc
[1m[INFO][0m:     - copy ./gcloud/bigtable/cluster.pyc
[1m[INFO][0m:     - copy ./gcloud/bigtable/client.pyc
[1m[INFO][0m:     - copy ./gcloud/bigtable/read-rows-acceptance-test.json
[1m[INFO][0m:     - copy ./gcloud/bigtable/test_instance.pyc
[1m[INFO][0m:     - copy ./gcloud/bigtable/row.pyc
[1m[INFO][0m:     - copy ./gcloud/bigtable/column_family.pyc
[1m[INFO][0m:     - copy ./gcloud/bigtable/test_row_data.pyc
[1m[INFO][0m:     - copy ./gcloud/bigtable/row_filters.pyc
[1m[INFO][0m:     - copy ./gcloud/bigtable/table.pyc
[1m[INFO][0m:     - copy ./gcloud/bigtable/test_row_filters.pyc
[1m[INFO][0m:     - copy ./gcloud/bigtable/__init__.pyc
[1m[INFO][0m:     - copy ./gcloud/bigtable/test_cluster.pyc
[1m[INFO][0m:     - copy ./gcloud/bigtable/test_table.pyc
[1m[INFO][0m:     - copy ./gcloud/bigtable/test_column_family.pyc
[1m[INFO][0m:     - copy ./gcloud/bigtable/test_row.pyc
[1m[INFO][0m:     - copy ./gcloud/bigtable/row_data.pyc
[1m[INFO][0m:     - copy ./gcloud/bigtable/happybase/connection.pyc
[1m[90m[DEBUG][39m[0m:   Create directory /app/.buildozer/android/platform/build-arm64-v8a/dists/neshrblek/_python_bundle__arm64-v8a/_python_bundle/site-packages/./gcloud/bigtable/happybase
[1m[INFO][0m:     - copy ./gcloud/bigtable/happybase/test_connection.pyc
[1m[INFO][0m:     - copy ./gcloud/bigtable/happybase/test_pool.pyc
[1m[INFO][0m:     - copy ./gcloud/bigtable/happybase/pool.pyc
[1m[INFO][0m:     - copy ./gcloud/bigtable/happybase/table.pyc
[1m[INFO][0m:     - copy ./gcloud/bigtable/happybase/__init__.pyc
[1m[INFO][0m:     - copy ./gcloud/bigtable/happybase/test_table.pyc
[1m[INFO][0m:     - copy ./gcloud/bigtable/happybase/batch.pyc
[1m[INFO][0m:     - copy ./gcloud/bigtable/happybase/test_batch.pyc
[1m[INFO][0m:     - copy ./gcloud/bigtable/_generated/bigtable_pb2.pyc
[1m[90m[DEBUG][39m[0m:   Create directory /app/.buildozer/android/platform/build-arm64-v8a/dists/neshrblek/_python_bundle__arm64-v8a/_python_bundle/site-packages/./gcloud/bigtable/_generated
[1m[INFO][0m:     - copy ./gcloud/bigtable/_generated/_bigtable_instance_admin.proto
[1m[INFO][0m:     - copy ./gcloud/bigtable/_generated/_operations.proto
[1m[INFO][0m:     - copy ./gcloud/bigtable/_generated/_data.proto
[1m[INFO][0m:     - copy ./gcloud/bigtable/_generated/instance_pb2.pyc
[1m[INFO][0m:     - copy ./gcloud/bigtable/_generated/table_pb2.pyc
[1m[INFO][0m:     - copy ./gcloud/bigtable/_generated/_common.proto
[1m[INFO][0m:     - copy ./gcloud/bigtable/_generated/_bigtable_table_admin.proto
[1m[INFO][0m:     - copy ./gcloud/bigtable/_generated/bigtable_table_admin_pb2.pyc
[1m[INFO][0m:     - copy ./gcloud/bigtable/_generated/_bigtable.proto
[1m[INFO][0m:     - copy ./gcloud/bigtable/_generated/_table.proto
[1m[INFO][0m:     - copy ./gcloud/bigtable/_generated/data_pb2.pyc
[1m[INFO][0m:     - copy ./gcloud/bigtable/_generated/bigtable_instance_admin_pb2.pyc
[1m[INFO][0m:     - copy ./gcloud/bigtable/_generated/__init__.pyc
[1m[INFO][0m:     - copy ./gcloud/bigtable/_generated/common_pb2.pyc
[1m[INFO][0m:     - copy ./gcloud/bigtable/_generated/operations_grpc_pb2.pyc
[1m[INFO][0m:     - copy ./gcloud/bigtable/_generated/_instance.proto
[1m[INFO][0m:     - copy ./gcloud/translate/test_client.pyc
[1m[90m[DEBUG][39m[0m:   Create directory /app/.buildozer/android/platform/build-arm64-v8a/dists/neshrblek/_python_bundle__arm64-v8a/_python_bundle/site-packages/./gcloud/translate
[1m[INFO][0m:     - copy ./gcloud/translate/connection.pyc
[1m[INFO][0m:     - copy ./gcloud/translate/client.pyc
[1m[INFO][0m:     - copy ./gcloud/translate/test_connection.pyc
[1m[INFO][0m:     - copy ./gcloud/translate/__init__.pyc
[1m[INFO][0m:     - copy ./gcloud/logging/test_client.pyc
[1m[90m[DEBUG][39m[0m:   Create directory /app/.buildozer/android/platform/build-arm64-v8a/dists/neshrblek/_python_bundle__arm64-v8a/_python_bundle/site-packages/./gcloud/logging
[1m[INFO][0m:     - copy ./gcloud/logging/test_metric.pyc
[1m[INFO][0m:     - copy ./gcloud/logging/metric.pyc
[1m[INFO][0m:     - copy ./gcloud/logging/connection.pyc
[1m[INFO][0m:     - copy ./gcloud/logging/client.pyc
[1m[INFO][0m:     - copy ./gcloud/logging/test_connection.pyc
[1m[INFO][0m:     - copy ./gcloud/logging/test__gax.pyc
[1m[INFO][0m:     - copy ./gcloud/logging/sink.pyc
[1m[INFO][0m:     - copy ./gcloud/logging/_gax.pyc
[1m[INFO][0m:     - copy ./gcloud/logging/test_entries.pyc
[1m[INFO][0m:     - copy ./gcloud/logging/test_logger.pyc
[1m[INFO][0m:     - copy ./gcloud/logging/entries.pyc
[1m[INFO][0m:     - copy ./gcloud/logging/logger.pyc
[1m[INFO][0m:     - copy ./gcloud/logging/__init__.pyc
[1m[INFO][0m:     - copy ./gcloud/logging/test_sink.pyc
[1m[INFO][0m:     - copy ./pyasn1/error.pyc
[1m[90m[DEBUG][39m[0m:   Create directory /app/.buildozer/android/platform/build-arm64-v8a/dists/neshrblek/_python_bundle__arm64-v8a/_python_bundle/site-packages/./pyasn1
[1m[INFO][0m:     - copy ./pyasn1/__init__.pyc
[1m[INFO][0m:     - copy ./pyasn1/debug.pyc
[1m[INFO][0m:     - copy ./pyasn1/type/constraint.pyc
[1m[90m[DEBUG][39m[0m:   Create directory /app/.buildozer/android/platform/build-arm64-v8a/dists/neshrblek/_python_bundle__arm64-v8a/_python_bundle/site-packages/./pyasn1/type
[1m[INFO][0m:     - copy ./pyasn1/type/useful.pyc
[1m[INFO][0m:     - copy ./pyasn1/type/error.pyc
[1m[INFO][0m:     - copy ./pyasn1/type/char.pyc
[1m[INFO][0m:     - copy ./pyasn1/type/namedval.pyc
[1m[INFO][0m:     - copy ./pyasn1/type/tag.pyc
[1m[INFO][0m:     - copy ./pyasn1/type/namedtype.pyc
[1m[INFO][0m:     - copy ./pyasn1/type/opentype.pyc
[1m[INFO][0m:     - copy ./pyasn1/type/__init__.pyc
[1m[INFO][0m:     - copy ./pyasn1/type/tagmap.pyc
[1m[INFO][0m:     - copy ./pyasn1/type/univ.pyc
[1m[INFO][0m:     - copy ./pyasn1/type/base.pyc
[1m[INFO][0m:     - copy ./pyasn1/codec/streaming.pyc
[1m[90m[DEBUG][39m[0m:   Create directory /app/.buildozer/android/platform/build-arm64-v8a/dists/neshrblek/_python_bundle__arm64-v8a/_python_bundle/site-packages/./pyasn1/codec
[1m[INFO][0m:     - copy ./pyasn1/codec/__init__.pyc
[1m[INFO][0m:     - copy ./pyasn1/codec/der/encoder.pyc
[1m[90m[DEBUG][39m[0m:   Create directory /app/.buildozer/android/platform/build-arm64-v8a/dists/neshrblek/_python_bundle__arm64-v8a/_python_bundle/site-packages/./pyasn1/codec/der
[1m[INFO][0m:     - copy ./pyasn1/codec/der/decoder.pyc
[1m[INFO][0m:     - copy ./pyasn1/codec/der/__init__.pyc
[1m[INFO][0m:     - copy ./pyasn1/codec/cer/encoder.pyc
[1m[90m[DEBUG][39m[0m:   Create directory /app/.buildozer/android/platform/build-arm64-v8a/dists/neshrblek/_python_bundle__arm64-v8a/_python_bundle/site-packages/./pyasn1/codec/cer
[1m[INFO][0m:     - copy ./pyasn1/codec/cer/decoder.pyc
[1m[INFO][0m:     - copy ./pyasn1/codec/cer/__init__.pyc
[1m[INFO][0m:     - copy ./pyasn1/codec/native/encoder.pyc
[1m[90m[DEBUG][39m[0m:   Create directory /app/.buildozer/android/platform/build-arm64-v8a/dists/neshrblek/_python_bundle__arm64-v8a/_python_bundle/site-packages/./pyasn1/codec/native
[1m[INFO][0m:     - copy ./pyasn1/codec/native/decoder.pyc
[1m[INFO][0m:     - copy ./pyasn1/codec/native/__init__.pyc
[1m[INFO][0m:     - copy ./pyasn1/codec/ber/encoder.pyc
[1m[90m[DEBUG][39m[0m:   Create directory /app/.buildozer/android/platform/build-arm64-v8a/dists/neshrblek/_python_bundle__arm64-v8a/_python_bundle/site-packages/./pyasn1/codec/ber
[1m[INFO][0m:     - copy ./pyasn1/codec/ber/decoder.pyc
[1m[INFO][0m:     - copy ./pyasn1/codec/ber/__init__.pyc
[1m[INFO][0m:     - copy ./pyasn1/codec/ber/eoo.pyc
[1m[INFO][0m:     - copy ./pyasn1/compat/integer.pyc
[1m[90m[DEBUG][39m[0m:   Create directory /app/.buildozer/android/platform/build-arm64-v8a/dists/neshrblek/_python_bundle__arm64-v8a/_python_bundle/site-packages/./pyasn1/compat
[1m[INFO][0m:     - copy ./pyasn1/compat/__init__.pyc
[1m[INFO][0m:     - copy ./pyasn1_modules-0.4.2.dist-info/zip-safe
[1m[90m[DEBUG][39m[0m:   Create directory /app/.buildozer/android/platform/build-arm64-v8a/dists/neshrblek/_python_bundle__arm64-v8a/_python_bundle/site-packages/./pyasn1_modules-0.4.2.dist-info
[1m[INFO][0m:     - copy ./pyasn1_modules-0.4.2.dist-info/WHEEL
[1m[INFO][0m:     - copy ./pyasn1_modules-0.4.2.dist-info/METADATA
[1m[INFO][0m:     - copy ./pyasn1_modules-0.4.2.dist-info/REQUESTED
[1m[INFO][0m:     - copy ./pyasn1_modules-0.4.2.dist-info/INSTALLER
[1m[INFO][0m:     - copy ./pyasn1_modules-0.4.2.dist-info/RECORD
[1m[INFO][0m:     - copy ./pyasn1_modules-0.4.2.dist-info/top_level.txt
[1m[INFO][0m:     - copy ./pyasn1_modules-0.4.2.dist-info/licenses/LICENSE.txt
[1m[90m[DEBUG][39m[0m:   Create directory /app/.buildozer/android/platform/build-arm64-v8a/dists/neshrblek/_python_bundle__arm64-v8a/_python_bundle/site-packages/./pyasn1_modules-0.4.2.dist-info/licenses
[1m[INFO][0m:     - copy ./bin/idna
[1m[90m[DEBUG][39m[0m:   Create directory /app/.buildozer/android/platform/build-arm64-v8a/dists/neshrblek/_python_bundle__arm64-v8a/_python_bundle/site-packages/./bin
[1m[INFO][0m:     - copy ./bin/pybidi
[1m[INFO][0m:     - copy ./bin/filetype
[1m[INFO][0m:     - copy ./bin/chardetect
[1m[INFO][0m:    [36m<- directory context /app/.buildozer/android/platform/build-arm64-v8a/dists/neshrblek[39m
stty: 'standard input': Inappropriate ioctl for device
[1m[90m[DEBUG][39m[0m:   [90m->[0m running cp /app/.buildozer/android/platform/build-arm64-v8a/build/other_builds/python3/arm64-v8a__ndk_target_21/python3/android-build/libpython3.14.so /app/.buildozer/android/platform/build-arm64-v8a/dists/neshrblek/libs/arm64-v8a[0m
[1m[INFO][0m:    Renaming .so files to reflect cross-compile
stty: 'standard input': Inappropriate ioctl for device
[1m[90m[DEBUG][39m[0m:   [90m->[0m running find /app/.buildozer/android/platform/build-arm64-v8a/dists/neshrblek/_python_bundle__arm64-v8a/_python_bundle/site-packages -iname *.so[0m
[1m[90m[DEBUG][39m[0m:   	/app/.buildozer/android/platform/build-arm64-v8a/dists/neshrblek/_python_bundle__arm64-v8a/_python_bundle/site-packages/kivy/properties.cpython-314-x86_64-linux-gnu.so
[1m[90m[DEBUG][39m[0m:   	/app/.buildozer/android/platform/build-arm64-v8a/dists/neshrblek/_python_bundle__arm64-v8a/_python_bundle/site-packages/kivy/_clock.cpython-314-x86_64-linux-gnu.so
[1m[90m[DEBUG][39m[0m:   	/app/.buildozer/android/platform/build-arm64-v8a/dists/neshrblek/_python_bundle__arm64-v8a/_python_bundle/site-packages/kivy/core/clipboard/_clipboard_sdl2.cpython-314-x86_64-linux-gnu.so
[1m[90m[DEBUG][39m[0m:   	/app/.buildozer/android/platform/build-arm64-v8a/dists/neshrblek/_python_bundle__arm64-v8a/_python_bundle/site-packages/kivy/core/window/window_info.cpython-314-x86_64-linux-gnu.so
[1m[90m[DEBUG][39m[0m:   	/app/.buildozer/android/platform/build-arm64-v8a/dists/neshrblek/_python_bundle__arm64-v8a/_python_bundle/site-packages/kivy/core/window/_window_sdl2.cpython-314-x86_64-linux-gnu.so
[1m[90m[DEBUG][39m[0m:   	/app/.buildozer/android/platform/build-arm64-v8a/dists/neshrblek/_python_bundle__arm64-v8a/_python_bundle/site-packages/kivy/core/image/_img_sdl2.cpython-314-x86_64-linux-gnu.so
[1m[90m[DEBUG][39m[0m:   	/app/.buildozer/android/platform/build-arm64-v8a/dists/neshrblek/_python_bundle__arm64-v8a/_python_bundle/site-packages/kivy/core/audio/audio_sdl2.cpython-314-x86_64-linux-gnu.so
[1m[90m[DEBUG][39m[0m:   	/app/.buildozer/android/platform/build-arm64-v8a/dists/neshrblek/_python_bundle__arm64-v8a/_python_bundle/site-packages/kivy/core/text/text_layout.cpython-314-x86_64-linux-gnu.so
[1m[90m[DEBUG][39m[0m:   	/app/.buildozer/android/platform/build-arm64-v8a/dists/neshrblek/_python_bundle__arm64-v8a/_python_bundle/site-packages/kivy/core/text/_text_sdl2.cpython-314-x86_64-linux-gnu.so
[1m[90m[DEBUG][39m[0m:   	/app/.buildozer/android/platform/build-arm64-v8a/dists/neshrblek/_python_bundle__arm64-v8a/_python_bundle/site-packages/kivy/weakproxy.cpython-314-x86_64-linux-gnu.so
[1m[90m[DEBUG][39m[0m:   	/app/.buildozer/android/platform/build-arm64-v8a/dists/neshrblek/_python_bundle__arm64-v8a/_python_bundle/site-packages/kivy/_event.cpython-314-x86_64-linux-gnu.so
[1m[90m[DEBUG][39m[0m:   	/app/.buildozer/android/platform/build-arm64-v8a/dists/neshrblek/_python_bundle__arm64-v8a/_python_bundle/site-packages/kivy/graphics/transformation.cpython-314-x86_64-linux-gnu.so
[1m[90m[DEBUG][39m[0m:   	/app/.buildozer/android/platform/build-arm64-v8a/dists/neshrblek/_python_bundle__arm64-v8a/_python_bundle/site-packages/kivy/graphics/boxshadow.cpython-314-x86_64-linux-gnu.so
[1m[90m[DEBUG][39m[0m:   	/app/.buildozer/android/platform/build-arm64-v8a/dists/neshrblek/_python_bundle__arm64-v8a/_python_bundle/site-packages/kivy/graphics/context.cpython-314-x86_64-linux-gnu.so
[1m[90m[DEBUG][39m[0m:   	/app/.buildozer/android/platform/build-arm64-v8a/dists/neshrblek/_python_bundle__arm64-v8a/_python_bundle/site-packages/kivy/graphics/tesselator.cpython-314-x86_64-linux-gnu.so
[1m[90m[DEBUG][39m[0m:   	/app/.buildozer/android/platform/build-arm64-v8a/dists/neshrblek/_python_bundle__arm64-v8a/_python_bundle/site-packages/kivy/graphics/buffer.cpython-314-x86_64-linux-gnu.so
[1m[90m[DEBUG][39m[0m:   	/app/.buildozer/android/platform/build-arm64-v8a/dists/neshrblek/_python_bundle__arm64-v8a/_python_bundle/site-packages/kivy/graphics/vbo.cpython-314-x86_64-linux-gnu.so
[1m[90m[DEBUG][39m[0m:   	/app/.buildozer/android/platform/build-arm64-v8a/dists/neshrblek/_python_bundle__arm64-v8a/_python_bundle/site-packages/kivy/graphics/vertex.cpython-314-x86_64-linux-gnu.so
[1m[90m[DEBUG][39m[0m:   	/app/.buildozer/android/platform/build-arm64-v8a/dists/neshrblek/_python_bundle__arm64-v8a/_python_bundle/site-packages/kivy/graphics/shader.cpython-314-x86_64-linux-gnu.so
[1m[90m[DEBUG][39m[0m:   	/app/.buildozer/android/platform/build-arm64-v8a/dists/neshrblek/_python_bundle__arm64-v8a/_python_bundle/site-packages/kivy/graphics/scissor_instructions.cpython-314-x86_64-linux-gnu.so
[1m[90m[DEBUG][39m[0m:   	/app/.buildozer/android/platform/build-arm64-v8a/dists/neshrblek/_python_bundle__arm64-v8a/_python_bundle/site-packages/kivy/graphics/gl_instructions.cpython-314-x86_64-linux-gnu.so
[1m[90m[DEBUG][39m[0m:   	/app/.buildozer/android/platform/build-arm64-v8a/dists/neshrblek/_python_bundle__arm64-v8a/_python_bundle/site-packages/kivy/graphics/context_instructions.cpython-314-x86_64-linux-gnu.so
[1m[90m[DEBUG][39m[0m:   	/app/.buildozer/android/platform/build-arm64-v8a/dists/neshrblek/_python_bundle__arm64-v8a/_python_bundle/site-packages/kivy/graphics/fbo.cpython-314-x86_64-linux-gnu.so
[1m[90m[DEBUG][39m[0m:   	/app/.buildozer/android/platform/build-arm64-v8a/dists/neshrblek/_python_bundle__arm64-v8a/_python_bundle/site-packages/kivy/graphics/instructions.cpython-314-x86_64-linux-gnu.so
[1m[90m[DEBUG][39m[0m:   	/app/.buildozer/android/platform/build-arm64-v8a/dists/neshrblek/_python_bundle__arm64-v8a/_python_bundle/site-packages/kivy/graphics/cgl_backend/cgl_mock.cpython-314-x86_64-linux-gnu.so
[1m[90m[DEBUG][39m[0m:   	/app/.buildozer/android/platform/build-arm64-v8a/dists/neshrblek/_python_bundle__arm64-v8a/_python_bundle/site-packages/kivy/graphics/cgl_backend/cgl_debug.cpython-314-x86_64-linux-gnu.so
[1m[90m[DEBUG][39m[0m:   	/app/.buildozer/android/platform/build-arm64-v8a/dists/neshrblek/_python_bundle__arm64-v8a/_python_bundle/site-packages/kivy/graphics/cgl_backend/cgl_gl.cpython-314-x86_64-linux-gnu.so
[1m[90m[DEBUG][39m[0m:   	/app/.buildozer/android/platform/build-arm64-v8a/dists/neshrblek/_python_bundle__arm64-v8a/_python_bundle/site-packages/kivy/graphics/cgl_backend/cgl_sdl2.cpython-314-x86_64-linux-gnu.so
[1m[90m[DEBUG][39m[0m:   	/app/.buildozer/android/platform/build-arm64-v8a/dists/neshrblek/_python_bundle__arm64-v8a/_python_bundle/site-packages/kivy/graphics/cgl_backend/cgl_glew.cpython-314-x86_64-linux-gnu.so
[1m[90m[DEBUG][39m[0m:   	/app/.buildozer/android/platform/build-arm64-v8a/dists/neshrblek/_python_bundle__arm64-v8a/_python_bundle/site-packages/kivy/graphics/compiler.cpython-314-x86_64-linux-gnu.so
[1m[90m[DEBUG][39m[0m:   	/app/.buildozer/android/platform/build-arm64-v8a/dists/neshrblek/_python_bundle__arm64-v8a/_python_bundle/site-packages/kivy/graphics/stencil_instructions.cpython-314-x86_64-linux-gnu.so
[1m[90m[DEBUG][39m[0m:   	/app/.buildozer/android/platform/build-arm64-v8a/dists/neshrblek/_python_bundle__arm64-v8a/_python_bundle/site-packages/kivy/graphics/vertex_instructions.cpython-314-x86_64-linux-gnu.so
[1m[90m[DEBUG][39m[0m:   	/app/.buildozer/android/platform/build-arm64-v8a/dists/neshrblek/_python_bundle__arm64-v8a/_python_bundle/site-packages/kivy/graphics/svg.cpython-314-x86_64-linux-gnu.so
[1m[90m[DEBUG][39m[0m:   	/app/.buildozer/android/platform/build-arm64-v8a/dists/neshrblek/_python_bundle__arm64-v8a/_python_bundle/site-packages/kivy/graphics/cgl.cpython-314-x86_64-linux-gnu.so
[1m[90m[DEBUG][39m[0m:   	/app/.buildozer/android/platform/build-arm64-v8a/dists/neshrblek/_python_bundle__arm64-v8a/_python_bundle/site-packages/kivy/graphics/texture.cpython-314-x86_64-linux-gnu.so
[1m[90m[DEBUG][39m[0m:   	/app/.buildozer/android/platform/build-arm64-v8a/dists/neshrblek/_python_bundle__arm64-v8a/_python_bundle/site-packages/kivy/graphics/opengl.cpython-314-x86_64-linux-gnu.so
[1m[90m[DEBUG][39m[0m:   	/app/.buildozer/android/platform/build-arm64-v8a/dists/neshrblek/_python_bundle__arm64-v8a/_python_bundle/site-packages/kivy/graphics/opengl_utils.cpython-314-x86_64-linux-gnu.so
[1m[90m[DEBUG][39m[0m:   	/app/.buildozer/android/platform/build-arm64-v8a/dists/neshrblek/_python_bundle__arm64-v8a/_python_bundle/site-packages/kivy/_metrics.cpython-314-x86_64-linux-gnu.so
[1m[90m[DEBUG][39m[0m:   	/app/.buildozer/android/platform/build-arm64-v8a/dists/neshrblek/_python_bundle__arm64-v8a/_python_bundle/site-packages/android/_android.cpython-314-x86_64-linux-gnu.so
[1m[90m[DEBUG][39m[0m:   	/app/.buildozer/android/platform/build-arm64-v8a/dists/neshrblek/_python_bundle__arm64-v8a/_python_bundle/site-packages/android/_android_billing.cpython-314-x86_64-linux-gnu.so
[1m[90m[DEBUG][39m[0m:   	/app/.buildozer/android/platform/build-arm64-v8a/dists/neshrblek/_python_bundle__arm64-v8a/_python_bundle/site-packages/android/_android_sound.cpython-314-x86_64-linux-gnu.so
[1m[90m[DEBUG][39m[0m:   	/app/.buildozer/android/platform/build-arm64-v8a/dists/neshrblek/_python_bundle__arm64-v8a/_python_bundle/site-packages/_cffi_backend.cpython-314-x86_64-linux-gnu.so
[1m[90m[DEBUG][39m[0m:   	/app/.buildozer/android/platform/build-arm64-v8a/dists/neshrblek/_python_bundle__arm64-v8a/_python_bundle/site-packages/4ef79d6367bb14396397__mypyc.cpython-314-x86_64-linux-gnu.so
[1m[90m[DEBUG][39m[0m:   	/app/.buildozer/android/platform/build-arm64-v8a/dists/neshrblek/_python_bundle__arm64-v8a/_python_bundle/site-packages/cryptography/hazmat/bindings/_rust.abi3.so
[1m[90m[DEBUG][39m[0m:   	/app/.buildozer/android/platform/build-arm64-v8a/dists/neshrblek/_python_bundle__arm64-v8a/_python_bundle/site-packages/jnius/jnius.cpython-314-x86_64-linux-gnu.so
[1m[90m[DEBUG][39m[0m:   	/app/.buildozer/android/platform/build-arm64-v8a/dists/neshrblek/_python_bundle__arm64-v8a/_python_bundle/site-packages/chardet/pipeline/statistical.cpython-314-x86_64-linux-gnu.so
[1m[90m[DEBUG][39m[0m:   	/app/.buildozer/android/platform/build-arm64-v8a/dists/neshrblek/_python_bundle__arm64-v8a/_python_bundle/site-packages/chardet/pipeline/utf8.cpython-314-x86_64-linux-gnu.so
[1m[90m[DEBUG][39m[0m:   	/app/.buildozer/android/platform/build-arm64-v8a/dists/neshrblek/_python_bundle__arm64-v8a/_python_bundle/site-packages/chardet/pipeline/ascii.cpython-314-x86_64-linux-gnu.so
[1m[90m[DEBUG][39m[0m:   	/app/.buildozer/android/platform/build-arm64-v8a/dists/neshrblek/_python_bundle__arm64-v8a/_python_bundle/site-packages/chardet/pipeline/validity.cpython-314-x86_64-linux-gnu.so
[1m[90m[DEBUG][39m[0m:   	/app/.buildozer/android/platform/build-arm64-v8a/dists/neshrblek/_python_bundle__arm64-v8a/_python_bundle/site-packages/chardet/pipeline/structural.cpython-314-x86_64-linux-gnu.so
[1m[90m[DEBUG][39m[0m:   	/app/.buildozer/android/platform/build-arm64-v8a/dists/neshrblek/_python_bundle__arm64-v8a/_python_bundle/site-packages/chardet/pipeline/escape.cpython-314-x86_64-linux-gnu.so
[1m[90m[DEBUG][39m[0m:   	/app/.buildozer/android/platform/build-arm64-v8a/dists/neshrblek/_python_bundle__arm64-v8a/_python_bundle/site-packages/chardet/pipeline/utf1632.cpython-314-x86_64-linux-gnu.so
[1m[90m[DEBUG][39m[0m:   	/app/.buildozer/android/platform/build-arm64-v8a/dists/neshrblek/_python_bundle__arm64-v8a/_python_bundle/site-packages/chardet/pipeline/magic.cpython-314-x86_64-linux-gnu.so
[1m[90m[DEBUG][39m[0m:   	/app/.buildozer/android/platform/build-arm64-v8a/dists/neshrblek/_python_bundle__arm64-v8a/_python_bundle/site-packages/chardet/pipeline/confusion.cpython-314-x86_64-linux-gnu.so
[1m[90m[DEBUG][39m[0m:   	/app/.buildozer/android/platform/build-arm64-v8a/dists/neshrblek/_python_bundle__arm64-v8a/_python_bundle/site-packages/chardet/pipeline/orchestrator.cpython-314-x86_64-linux-gnu.so
[1m[90m[DEBUG][39m[0m:   	/app/.buildozer/android/platform/build-arm64-v8a/dists/neshrblek/_python_bundle__arm64-v8a/_python_bundle/site-packages/chardet/models/__init__.cpython-314-x86_64-linux-gnu.so
[1m[90m[DEBUG][39m[0m:   	/app/.buildozer/android/platform/build-arm64-v8a/dists/neshrblek/_python_bundle__arm64-v8a/_python_bundle/site-packages/bidi/bidi.cpython-314-x86_64-linux-gnu.so
[1m[90m[DEBUG][39m[0m:   Moving /app/.buildozer/android/platform/build-arm64-v8a/dists/neshrblek/_python_bundle__arm64-v8a/_python_bundle/site-packages/kivy/properties.cpython-314-x86_64-linux-gnu.so to /app/.buildozer/android/platform/build-arm64-v8a/dists/neshrblek/_python_bundle__arm64-v8a/_python_bundle/site-packages/kivy/properties.so
[1m[90m[DEBUG][39m[0m:   Moving /app/.buildozer/android/platform/build-arm64-v8a/dists/neshrblek/_python_bundle__arm64-v8a/_python_bundle/site-packages/kivy/_clock.cpython-314-x86_64-linux-gnu.so to /app/.buildozer/android/platform/build-arm64-v8a/dists/neshrblek/_python_bundle__arm64-v8a/_python_bundle/site-packages/kivy/_clock.so
[1m[90m[DEBUG][39m[0m:   Moving /app/.buildozer/android/platform/build-arm64-v8a/dists/neshrblek/_python_bundle__arm64-v8a/_python_bundle/site-packages/kivy/core/clipboard/_clipboard_sdl2.cpython-314-x86_64-linux-gnu.so to /app/.buildozer/android/platform/build-arm64-v8a/dists/neshrblek/_python_bundle__arm64-v8a/_python_bundle/site-packages/kivy/core/clipboard/_clipboard_sdl2.so
[1m[90m[DEBUG][39m[0m:   Moving /app/.buildozer/android/platform/build-arm64-v8a/dists/neshrblek/_python_bundle__arm64-v8a/_python_bundle/site-packages/kivy/core/window/window_info.cpython-314-x86_64-linux-gnu.so to /app/.buildozer/android/platform/build-arm64-v8a/dists/neshrblek/_python_bundle__arm64-v8a/_python_bundle/site-packages/kivy/core/window/window_info.so
[1m[90m[DEBUG][39m[0m:   Moving /app/.buildozer/android/platform/build-arm64-v8a/dists/neshrblek/_python_bundle__arm64-v8a/_python_bundle/site-packages/kivy/core/window/_window_sdl2.cpython-314-x86_64-linux-gnu.so to /app/.buildozer/android/platform/build-arm64-v8a/dists/neshrblek/_python_bundle__arm64-v8a/_python_bundle/site-packages/kivy/core/window/_window_sdl2.so
[1m[90m[DEBUG][39m[0m:   Moving /app/.buildozer/android/platform/build-arm64-v8a/dists/neshrblek/_python_bundle__arm64-v8a/_python_bundle/site-packages/kivy/core/image/_img_sdl2.cpython-314-x86_64-linux-gnu.so to /app/.buildozer/android/platform/build-arm64-v8a/dists/neshrblek/_python_bundle__arm64-v8a/_python_bundle/site-packages/kivy/core/image/_img_sdl2.so
[1m[90m[DEBUG][39m[0m:   Moving /app/.buildozer/android/platform/build-arm64-v8a/dists/neshrblek/_python_bundle__arm64-v8a/_python_bundle/site-packages/kivy/core/audio/audio_sdl2.cpython-314-x86_64-linux-gnu.so to /app/.buildozer/android/platform/build-arm64-v8a/dists/neshrblek/_python_bundle__arm64-v8a/_python_bundle/site-packages/kivy/core/audio/audio_sdl2.so
[1m[90m[DEBUG][39m[0m:   Moving /app/.buildozer/android/platform/build-arm64-v8a/dists/neshrblek/_python_bundle__arm64-v8a/_python_bundle/site-packages/kivy/core/text/text_layout.cpython-314-x86_64-linux-gnu.so to /app/.buildozer/android/platform/build-arm64-v8a/dists/neshrblek/_python_bundle__arm64-v8a/_python_bundle/site-packages/kivy/core/text/text_layout.so
[1m[90m[DEBUG][39m[0m:   Moving /app/.buildozer/android/platform/build-arm64-v8a/dists/neshrblek/_python_bundle__arm64-v8a/_python_bundle/site-packages/kivy/core/text/_text_sdl2.cpython-314-x86_64-linux-gnu.so to /app/.buildozer/android/platform/build-arm64-v8a/dists/neshrblek/_python_bundle__arm64-v8a/_python_bundle/site-packages/kivy/core/text/_text_sdl2.so
[1m[90m[DEBUG][39m[0m:   Moving /app/.buildozer/android/platform/build-arm64-v8a/dists/neshrblek/_python_bundle__arm64-v8a/_python_bundle/site-packages/kivy/weakproxy.cpython-314-x86_64-linux-gnu.so to /app/.buildozer/android/platform/build-arm64-v8a/dists/neshrblek/_python_bundle__arm64-v8a/_python_bundle/site-packages/kivy/weakproxy.so
[1m[90m[DEBUG][39m[0m:   Moving /app/.buildozer/android/platform/build-arm64-v8a/dists/neshrblek/_python_bundle__arm64-v8a/_python_bundle/site-packages/kivy/_event.cpython-314-x86_64-linux-gnu.so to /app/.buildozer/android/platform/build-arm64-v8a/dists/neshrblek/_python_bundle__arm64-v8a/_python_bundle/site-packages/kivy/_event.so
[1m[90m[DEBUG][39m[0m:   Moving /app/.buildozer/android/platform/build-arm64-v8a/dists/neshrblek/_python_bundle__arm64-v8a/_python_bundle/site-packages/kivy/graphics/transformation.cpython-314-x86_64-linux-gnu.so to /app/.buildozer/android/platform/build-arm64-v8a/dists/neshrblek/_python_bundle__arm64-v8a/_python_bundle/site-packages/kivy/graphics/transformation.so
[1m[90m[DEBUG][39m[0m:   Moving /app/.buildozer/android/platform/build-arm64-v8a/dists/neshrblek/_python_bundle__arm64-v8a/_python_bundle/site-packages/kivy/graphics/boxshadow.cpython-314-x86_64-linux-gnu.so to /app/.buildozer/android/platform/build-arm64-v8a/dists/neshrblek/_python_bundle__arm64-v8a/_python_bundle/site-packages/kivy/graphics/boxshadow.so
[1m[90m[DEBUG][39m[0m:   Moving /app/.buildozer/android/platform/build-arm64-v8a/dists/neshrblek/_python_bundle__arm64-v8a/_python_bundle/site-packages/kivy/graphics/context.cpython-314-x86_64-linux-gnu.so to /app/.buildozer/android/platform/build-arm64-v8a/dists/neshrblek/_python_bundle__arm64-v8a/_python_bundle/site-packages/kivy/graphics/context.so
[1m[90m[DEBUG][39m[0m:   Moving /app/.buildozer/android/platform/build-arm64-v8a/dists/neshrblek/_python_bundle__arm64-v8a/_python_bundle/site-packages/kivy/graphics/tesselator.cpython-314-x86_64-linux-gnu.so to /app/.buildozer/android/platform/build-arm64-v8a/dists/neshrblek/_python_bundle__arm64-v8a/_python_bundle/site-packages/kivy/graphics/tesselator.so
[1m[90m[DEBUG][39m[0m:   Moving /app/.buildozer/android/platform/build-arm64-v8a/dists/neshrblek/_python_bundle__arm64-v8a/_python_bundle/site-packages/kivy/graphics/buffer.cpython-314-x86_64-linux-gnu.so to /app/.buildozer/android/platform/build-arm64-v8a/dists/neshrblek/_python_bundle__arm64-v8a/_python_bundle/site-packages/kivy/graphics/buffer.so
[1m[90m[DEBUG][39m[0m:   Moving /app/.buildozer/android/platform/build-arm64-v8a/dists/neshrblek/_python_bundle__arm64-v8a/_python_bundle/site-packages/kivy/graphics/vbo.cpython-314-x86_64-linux-gnu.so to /app/.buildozer/android/platform/build-arm64-v8a/dists/neshrblek/_python_bundle__arm64-v8a/_python_bundle/site-packages/kivy/graphics/vbo.so
[1m[90m[DEBUG][39m[0m:   Moving /app/.buildozer/android/platform/build-arm64-v8a/dists/neshrblek/_python_bundle__arm64-v8a/_python_bundle/site-packages/kivy/graphics/vertex.cpython-314-x86_64-linux-gnu.so to /app/.buildozer/android/platform/build-arm64-v8a/dists/neshrblek/_python_bundle__arm64-v8a/_python_bundle/site-packages/kivy/graphics/vertex.so
[1m[90m[DEBUG][39m[0m:   Moving /app/.buildozer/android/platform/build-arm64-v8a/dists/neshrblek/_python_bundle__arm64-v8a/_python_bundle/site-packages/kivy/graphics/shader.cpython-314-x86_64-linux-gnu.so to /app/.buildozer/android/platform/build-arm64-v8a/dists/neshrblek/_python_bundle__arm64-v8a/_python_bundle/site-packages/kivy/graphics/shader.so
[1m[90m[DEBUG][39m[0m:   Moving /app/.buildozer/android/platform/build-arm64-v8a/dists/neshrblek/_python_bundle__arm64-v8a/_python_bundle/site-packages/kivy/graphics/scissor_instructions.cpython-314-x86_64-linux-gnu.so to /app/.buildozer/android/platform/build-arm64-v8a/dists/neshrblek/_python_bundle__arm64-v8a/_python_bundle/site-packages/kivy/graphics/scissor_instructions.so
[1m[90m[DEBUG][39m[0m:   Moving /app/.buildozer/android/platform/build-arm64-v8a/dists/neshrblek/_python_bundle__arm64-v8a/_python_bundle/site-packages/kivy/graphics/gl_instructions.cpython-314-x86_64-linux-gnu.so to /app/.buildozer/android/platform/build-arm64-v8a/dists/neshrblek/_python_bundle__arm64-v8a/_python_bundle/site-packages/kivy/graphics/gl_instructions.so
[1m[90m[DEBUG][39m[0m:   Moving /app/.buildozer/android/platform/build-arm64-v8a/dists/neshrblek/_python_bundle__arm64-v8a/_python_bundle/site-packages/kivy/graphics/context_instructions.cpython-314-x86_64-linux-gnu.so to /app/.buildozer/android/platform/build-arm64-v8a/dists/neshrblek/_python_bundle__arm64-v8a/_python_bundle/site-packages/kivy/graphics/context_instructions.so
[1m[90m[DEBUG][39m[0m:   Moving /app/.buildozer/android/platform/build-arm64-v8a/dists/neshrblek/_python_bundle__arm64-v8a/_python_bundle/site-packages/kivy/graphics/fbo.cpython-314-x86_64-linux-gnu.so to /app/.buildozer/android/platform/build-arm64-v8a/dists/neshrblek/_python_bundle__arm64-v8a/_python_bundle/site-packages/kivy/graphics/fbo.so
[1m[90m[DEBUG][39m[0m:   Moving /app/.buildozer/android/platform/build-arm64-v8a/dists/neshrblek/_python_bundle__arm64-v8a/_python_bundle/site-packages/kivy/graphics/instructions.cpython-314-x86_64-linux-gnu.so to /app/.buildozer/android/platform/build-arm64-v8a/dists/neshrblek/_python_bundle__arm64-v8a/_python_bundle/site-packages/kivy/graphics/instructions.so
[1m[90m[DEBUG][39m[0m:   Moving /app/.buildozer/android/platform/build-arm64-v8a/dists/neshrblek/_python_bundle__arm64-v8a/_python_bundle/site-packages/kivy/graphics/cgl_backend/cgl_mock.cpython-314-x86_64-linux-gnu.so to /app/.buildozer/android/platform/build-arm64-v8a/dists/neshrblek/_python_bundle__arm64-v8a/_python_bundle/site-packages/kivy/graphics/cgl_backend/cgl_mock.so
[1m[90m[DEBUG][39m[0m:   Moving /app/.buildozer/android/platform/build-arm64-v8a/dists/neshrblek/_python_bundle__arm64-v8a/_python_bundle/site-packages/kivy/graphics/cgl_backend/cgl_debug.cpython-314-x86_64-linux-gnu.so to /app/.buildozer/android/platform/build-arm64-v8a/dists/neshrblek/_python_bundle__arm64-v8a/_python_bundle/site-packages/kivy/graphics/cgl_backend/cgl_debug.so
[1m[90m[DEBUG][39m[0m:   Moving /app/.buildozer/android/platform/build-arm64-v8a/dists/neshrblek/_python_bundle__arm64-v8a/_python_bundle/site-packages/kivy/graphics/cgl_backend/cgl_gl.cpython-314-x86_64-linux-gnu.so to /app/.buildozer/android/platform/build-arm64-v8a/dists/neshrblek/_python_bundle__arm64-v8a/_python_bundle/site-packages/kivy/graphics/cgl_backend/cgl_gl.so
[1m[90m[DEBUG][39m[0m:   Moving /app/.buildozer/android/platform/build-arm64-v8a/dists/neshrblek/_python_bundle__arm64-v8a/_python_bundle/site-packages/kivy/graphics/cgl_backend/cgl_sdl2.cpython-314-x86_64-linux-gnu.so to /app/.buildozer/android/platform/build-arm64-v8a/dists/neshrblek/_python_bundle__arm64-v8a/_python_bundle/site-packages/kivy/graphics/cgl_backend/cgl_sdl2.so
[1m[90m[DEBUG][39m[0m:   Moving /app/.buildozer/android/platform/build-arm64-v8a/dists/neshrblek/_python_bundle__arm64-v8a/_python_bundle/site-packages/kivy/graphics/cgl_backend/cgl_glew.cpython-314-x86_64-linux-gnu.so to /app/.buildozer/android/platform/build-arm64-v8a/dists/neshrblek/_python_bundle__arm64-v8a/_python_bundle/site-packages/kivy/graphics/cgl_backend/cgl_glew.so
[1m[90m[DEBUG][39m[0m:   Moving /app/.buildozer/android/platform/build-arm64-v8a/dists/neshrblek/_python_bundle__arm64-v8a/_python_bundle/site-packages/kivy/graphics/compiler.cpython-314-x86_64-linux-gnu.so to /app/.buildozer/android/platform/build-arm64-v8a/dists/neshrblek/_python_bundle__arm64-v8a/_python_bundle/site-packages/kivy/graphics/compiler.so
[1m[90m[DEBUG][39m[0m:   Moving /app/.buildozer/android/platform/build-arm64-v8a/dists/neshrblek/_python_bundle__arm64-v8a/_python_bundle/site-packages/kivy/graphics/stencil_instructions.cpython-314-x86_64-linux-gnu.so to /app/.buildozer/android/platform/build-arm64-v8a/dists/neshrblek/_python_bundle__arm64-v8a/_python_bundle/site-packages/kivy/graphics/stencil_instructions.so
[1m[90m[DEBUG][39m[0m:   Moving /app/.buildozer/android/platform/build-arm64-v8a/dists/neshrblek/_python_bundle__arm64-v8a/_python_bundle/site-packages/kivy/graphics/vertex_instructions.cpython-314-x86_64-linux-gnu.so to /app/.buildozer/android/platform/build-arm64-v8a/dists/neshrblek/_python_bundle__arm64-v8a/_python_bundle/site-packages/kivy/graphics/vertex_instructions.so
[1m[90m[DEBUG][39m[0m:   Moving /app/.buildozer/android/platform/build-arm64-v8a/dists/neshrblek/_python_bundle__arm64-v8a/_python_bundle/site-packages/kivy/graphics/svg.cpython-314-x86_64-linux-gnu.so to /app/.buildozer/android/platform/build-arm64-v8a/dists/neshrblek/_python_bundle__arm64-v8a/_python_bundle/site-packages/kivy/graphics/svg.so
[1m[90m[DEBUG][39m[0m:   Moving /app/.buildozer/android/platform/build-arm64-v8a/dists/neshrblek/_python_bundle__arm64-v8a/_python_bundle/site-packages/kivy/graphics/cgl.cpython-314-x86_64-linux-gnu.so to /app/.buildozer/android/platform/build-arm64-v8a/dists/neshrblek/_python_bundle__arm64-v8a/_python_bundle/site-packages/kivy/graphics/cgl.so
[1m[90m[DEBUG][39m[0m:   Moving /app/.buildozer/android/platform/build-arm64-v8a/dists/neshrblek/_python_bundle__arm64-v8a/_python_bundle/site-packages/kivy/graphics/texture.cpython-314-x86_64-linux-gnu.so to /app/.buildozer/android/platform/build-arm64-v8a/dists/neshrblek/_python_bundle__arm64-v8a/_python_bundle/site-packages/kivy/graphics/texture.so
[1m[90m[DEBUG][39m[0m:   Moving /app/.buildozer/android/platform/build-arm64-v8a/dists/neshrblek/_python_bundle__arm64-v8a/_python_bundle/site-packages/kivy/graphics/opengl.cpython-314-x86_64-linux-gnu.so to /app/.buildozer/android/platform/build-arm64-v8a/dists/neshrblek/_python_bundle__arm64-v8a/_python_bundle/site-packages/kivy/graphics/opengl.so
[1m[90m[DEBUG][39m[0m:   Moving /app/.buildozer/android/platform/build-arm64-v8a/dists/neshrblek/_python_bundle__arm64-v8a/_python_bundle/site-packages/kivy/graphics/opengl_utils.cpython-314-x86_64-linux-gnu.so to /app/.buildozer/android/platform/build-arm64-v8a/dists/neshrblek/_python_bundle__arm64-v8a/_python_bundle/site-packages/kivy/graphics/opengl_utils.so
[1m[90m[DEBUG][39m[0m:   Moving /app/.buildozer/android/platform/build-arm64-v8a/dists/neshrblek/_python_bundle__arm64-v8a/_python_bundle/site-packages/kivy/_metrics.cpython-314-x86_64-linux-gnu.so to /app/.buildozer/android/platform/build-arm64-v8a/dists/neshrblek/_python_bundle__arm64-v8a/_python_bundle/site-packages/kivy/_metrics.so
[1m[90m[DEBUG][39m[0m:   Moving /app/.buildozer/android/platform/build-arm64-v8a/dists/neshrblek/_python_bundle__arm64-v8a/_python_bundle/site-packages/android/_android.cpython-314-x86_64-linux-gnu.so to /app/.buildozer/android/platform/build-arm64-v8a/dists/neshrblek/_python_bundle__arm64-v8a/_python_bundle/site-packages/android/_android.so
[1m[90m[DEBUG][39m[0m:   Moving /app/.buildozer/android/platform/build-arm64-v8a/dists/neshrblek/_python_bundle__arm64-v8a/_python_bundle/site-packages/android/_android_billing.cpython-314-x86_64-linux-gnu.so to /app/.buildozer/android/platform/build-arm64-v8a/dists/neshrblek/_python_bundle__arm64-v8a/_python_bundle/site-packages/android/_android_billing.so
[1m[90m[DEBUG][39m[0m:   Moving /app/.buildozer/android/platform/build-arm64-v8a/dists/neshrblek/_python_bundle__arm64-v8a/_python_bundle/site-packages/android/_android_sound.cpython-314-x86_64-linux-gnu.so to /app/.buildozer/android/platform/build-arm64-v8a/dists/neshrblek/_python_bundle__arm64-v8a/_python_bundle/site-packages/android/_android_sound.so
[1m[90m[DEBUG][39m[0m:   Moving /app/.buildozer/android/platform/build-arm64-v8a/dists/neshrblek/_python_bundle__arm64-v8a/_python_bundle/site-packages/_cffi_backend.cpython-314-x86_64-linux-gnu.so to /app/.buildozer/android/platform/build-arm64-v8a/dists/neshrblek/_python_bundle__arm64-v8a/_python_bundle/site-packages/_cffi_backend.so
[1m[90m[DEBUG][39m[0m:   Moving /app/.buildozer/android/platform/build-arm64-v8a/dists/neshrblek/_python_bundle__arm64-v8a/_python_bundle/site-packages/4ef79d6367bb14396397__mypyc.cpython-314-x86_64-linux-gnu.so to /app/.buildozer/android/platform/build-arm64-v8a/dists/neshrblek/_python_bundle__arm64-v8a/_python_bundle/site-packages/4ef79d6367bb14396397__mypyc.so
[1m[90m[DEBUG][39m[0m:   Moving /app/.buildozer/android/platform/build-arm64-v8a/dists/neshrblek/_python_bundle__arm64-v8a/_python_bundle/site-packages/jnius/jnius.cpython-314-x86_64-linux-gnu.so to /app/.buildozer/android/platform/build-arm64-v8a/dists/neshrblek/_python_bundle__arm64-v8a/_python_bundle/site-packages/jnius/jnius.so
[1m[90m[DEBUG][39m[0m:   Moving /app/.buildozer/android/platform/build-arm64-v8a/dists/neshrblek/_python_bundle__arm64-v8a/_python_bundle/site-packages/chardet/pipeline/statistical.cpython-314-x86_64-linux-gnu.so to /app/.buildozer/android/platform/build-arm64-v8a/dists/neshrblek/_python_bundle__arm64-v8a/_python_bundle/site-packages/chardet/pipeline/statistical.so
[1m[90m[DEBUG][39m[0m:   Moving /app/.buildozer/android/platform/build-arm64-v8a/dists/neshrblek/_python_bundle__arm64-v8a/_python_bundle/site-packages/chardet/pipeline/utf8.cpython-314-x86_64-linux-gnu.so to /app/.buildozer/android/platform/build-arm64-v8a/dists/neshrblek/_python_bundle__arm64-v8a/_python_bundle/site-packages/chardet/pipeline/utf8.so
[1m[90m[DEBUG][39m[0m:   Moving /app/.buildozer/android/platform/build-arm64-v8a/dists/neshrblek/_python_bundle__arm64-v8a/_python_bundle/site-packages/chardet/pipeline/ascii.cpython-314-x86_64-linux-gnu.so to /app/.buildozer/android/platform/build-arm64-v8a/dists/neshrblek/_python_bundle__arm64-v8a/_python_bundle/site-packages/chardet/pipeline/ascii.so
[1m[90m[DEBUG][39m[0m:   Moving /app/.buildozer/android/platform/build-arm64-v8a/dists/neshrblek/_python_bundle__arm64-v8a/_python_bundle/site-packages/chardet/pipeline/validity.cpython-314-x86_64-linux-gnu.so to /app/.buildozer/android/platform/build-arm64-v8a/dists/neshrblek/_python_bundle__arm64-v8a/_python_bundle/site-packages/chardet/pipeline/validity.so
[1m[90m[DEBUG][39m[0m:   Moving /app/.buildozer/android/platform/build-arm64-v8a/dists/neshrblek/_python_bundle__arm64-v8a/_python_bundle/site-packages/chardet/pipeline/structural.cpython-314-x86_64-linux-gnu.so to /app/.buildozer/android/platform/build-arm64-v8a/dists/neshrblek/_python_bundle__arm64-v8a/_python_bundle/site-packages/chardet/pipeline/structural.so
[1m[90m[DEBUG][39m[0m:   Moving /app/.buildozer/android/platform/build-arm64-v8a/dists/neshrblek/_python_bundle__arm64-v8a/_python_bundle/site-packages/chardet/pipeline/escape.cpython-314-x86_64-linux-gnu.so to /app/.buildozer/android/platform/build-arm64-v8a/dists/neshrblek/_python_bundle__arm64-v8a/_python_bundle/site-packages/chardet/pipeline/escape.so
[1m[90m[DEBUG][39m[0m:   Moving /app/.buildozer/android/platform/build-arm64-v8a/dists/neshrblek/_python_bundle__arm64-v8a/_python_bundle/site-packages/chardet/pipeline/utf1632.cpython-314-x86_64-linux-gnu.so to /app/.buildozer/android/platform/build-arm64-v8a/dists/neshrblek/_python_bundle__arm64-v8a/_python_bundle/site-packages/chardet/pipeline/utf1632.so
[1m[90m[DEBUG][39m[0m:   Moving /app/.buildozer/android/platform/build-arm64-v8a/dists/neshrblek/_python_bundle__arm64-v8a/_python_bundle/site-packages/chardet/pipeline/magic.cpython-314-x86_64-linux-gnu.so to /app/.buildozer/android/platform/build-arm64-v8a/dists/neshrblek/_python_bundle__arm64-v8a/_python_bundle/site-packages/chardet/pipeline/magic.so
[1m[90m[DEBUG][39m[0m:   Moving /app/.buildozer/android/platform/build-arm64-v8a/dists/neshrblek/_python_bundle__arm64-v8a/_python_bundle/site-packages/chardet/pipeline/confusion.cpython-314-x86_64-linux-gnu.so to /app/.buildozer/android/platform/build-arm64-v8a/dists/neshrblek/_python_bundle__arm64-v8a/_python_bundle/site-packages/chardet/pipeline/confusion.so
[1m[90m[DEBUG][39m[0m:   Moving /app/.buildozer/android/platform/build-arm64-v8a/dists/neshrblek/_python_bundle__arm64-v8a/_python_bundle/site-packages/chardet/pipeline/orchestrator.cpython-314-x86_64-linux-gnu.so to /app/.buildozer/android/platform/build-arm64-v8a/dists/neshrblek/_python_bundle__arm64-v8a/_python_bundle/site-packages/chardet/pipeline/orchestrator.so
[1m[90m[DEBUG][39m[0m:   Moving /app/.buildozer/android/platform/build-arm64-v8a/dists/neshrblek/_python_bundle__arm64-v8a/_python_bundle/site-packages/chardet/models/__init__.cpython-314-x86_64-linux-gnu.so to /app/.buildozer/android/platform/build-arm64-v8a/dists/neshrblek/_python_bundle__arm64-v8a/_python_bundle/site-packages/chardet/models/__init__.so
[1m[90m[DEBUG][39m[0m:   Moving /app/.buildozer/android/platform/build-arm64-v8a/dists/neshrblek/_python_bundle__arm64-v8a/_python_bundle/site-packages/bidi/bidi.cpython-314-x86_64-linux-gnu.so to /app/.buildozer/android/platform/build-arm64-v8a/dists/neshrblek/_python_bundle__arm64-v8a/_python_bundle/site-packages/bidi/bidi.so
[1m[INFO][0m:    Stripping libraries
stty: 'standard input': Inappropriate ioctl for device
[1m[90m[DEBUG][39m[0m:   [90m->[0m running find /app/.buildozer/android/platform/build-arm64-v8a/dists/neshrblek/_python_bundle__arm64-v8a/_python_bundle/modules /app/.buildozer/android/platform/build-arm64-v8a/dists/neshrblek/libs -iname *.so[0m
[1m[90m[DEBUG][39m[0m:   	/app/.buildozer/android/platform/build-arm64-v8a/dists/neshrblek/_python_bundle__arm64-v8a/_python_bundle/modules/_sha1.cpython-314-aarch64-linux-android.so
[1m[90m[DEBUG][39m[0m:   	/app/.buildozer/android/platform/build-arm64-v8a/dists/neshrblek/_python_bundle__arm64-v8a/_python_bundle/modules/select.cpython-314-aarch64-linux-android.so
[1m[90m[DEBUG][39m[0m:   	/app/.buildozer/android/platform/build-arm64-v8a/dists/neshrblek/_python_bundle__arm64-v8a/_python_bundle/modules/_bisect.cpython-314-aarch64-linux-android.so
[1m[90m[DEBUG][39m[0m:   	/app/.buildozer/android/platform/build-arm64-v8a/dists/neshrblek/_python_bundle__arm64-v8a/_python_bundle/modules/math.cpython-314-aarch64-linux-android.so
[1m[90m[DEBUG][39m[0m:   	/app/.buildozer/android/platform/build-arm64-v8a/dists/neshrblek/_python_bundle__arm64-v8a/_python_bundle/modules/resource.cpython-314-aarch64-linux-android.so
[1m[90m[DEBUG][39m[0m:   	/app/.buildozer/android/platform/build-arm64-v8a/dists/neshrblek/_python_bundle__arm64-v8a/_python_bundle/modules/_blake2.cpython-314-aarch64-linux-android.so
[1m[90m[DEBUG][39m[0m:   	/app/.buildozer/android/platform/build-arm64-v8a/dists/neshrblek/_python_bundle__arm64-v8a/_python_bundle/modules/fcntl.cpython-314-aarch64-linux-android.so
[1m[90m[DEBUG][39m[0m:   	/app/.buildozer/android/platform/build-arm64-v8a/dists/neshrblek/_python_bundle__arm64-v8a/_python_bundle/modules/_zoneinfo.cpython-314-aarch64-linux-android.so
[1m[90m[DEBUG][39m[0m:   	/app/.buildozer/android/platform/build-arm64-v8a/dists/neshrblek/_python_bundle__arm64-v8a/_python_bundle/modules/_testlimitedcapi.cpython-314-aarch64-linux-android.so
[1m[90m[DEBUG][39m[0m:   	/app/.buildozer/android/platform/build-arm64-v8a/dists/neshrblek/_python_bundle__arm64-v8a/_python_bundle/modules/_random.cpython-314-aarch64-linux-android.so
[1m[90m[DEBUG][39m[0m:   	/app/.buildozer/android/platform/build-arm64-v8a/dists/neshrblek/_python_bundle__arm64-v8a/_python_bundle/modules/xxsubtype.cpython-314-aarch64-linux-android.so
[1m[90m[DEBUG][39m[0m:   	/app/.buildozer/android/platform/build-arm64-v8a/dists/neshrblek/_python_bundle__arm64-v8a/_python_bundle/modules/_pickle.cpython-314-aarch64-linux-android.so
[1m[90m[DEBUG][39m[0m:   	/app/.buildozer/android/platform/build-arm64-v8a/dists/neshrblek/_python_bundle__arm64-v8a/_python_bundle/modules/xxlimited.cpython-314-aarch64-linux-android.so
[1m[90m[DEBUG][39m[0m:   	/app/.buildozer/android/platform/build-arm64-v8a/dists/neshrblek/_python_bundle__arm64-v8a/_python_bundle/modules/_ssl.cpython-314-aarch64-linux-android.so
[1m[90m[DEBUG][39m[0m:   	/app/.buildozer/android/platform/build-arm64-v8a/dists/neshrblek/_python_bundle__arm64-v8a/_python_bundle/modules/mmap.cpython-314-aarch64-linux-android.so
[1m[90m[DEBUG][39m[0m:   	/app/.buildozer/android/platform/build-arm64-v8a/dists/neshrblek/_python_bundle__arm64-v8a/_python_bundle/modules/_queue.cpython-314-aarch64-linux-android.so
[1m[90m[DEBUG][39m[0m:   	/app/.buildozer/android/platform/build-arm64-v8a/dists/neshrblek/_python_bundle__arm64-v8a/_python_bundle/modules/_testclinic.cpython-314-aarch64-linux-android.so
[1m[90m[DEBUG][39m[0m:   	/app/.buildozer/android/platform/build-arm64-v8a/dists/neshrblek/_python_bundle__arm64-v8a/_python_bundle/modules/_interpqueues.cpython-314-aarch64-linux-android.so
[1m[90m[DEBUG][39m[0m:   	/app/.buildozer/android/platform/build-arm64-v8a/dists/neshrblek/_python_bundle__arm64-v8a/_python_bundle/modules/_decimal.cpython-314-aarch64-linux-android.so
[1m[90m[DEBUG][39m[0m:   	/app/.buildozer/android/platform/build-arm64-v8a/dists/neshrblek/_python_bundle__arm64-v8a/_python_bundle/modules/_md5.cpython-314-aarch64-linux-android.so
[1m[90m[DEBUG][39m[0m:   	/app/.buildozer/android/platform/build-arm64-v8a/dists/neshrblek/_python_bundle__arm64-v8a/_python_bundle/modules/_multibytecodec.cpython-314-aarch64-linux-android.so
[1m[90m[DEBUG][39m[0m:   	/app/.buildozer/android/platform/build-arm64-v8a/dists/neshrblek/_python_bundle__arm64-v8a/_python_bundle/modules/_posixsubprocess.cpython-314-aarch64-linux-android.so
[1m[90m[DEBUG][39m[0m:   	/app/.buildozer/android/platform/build-arm64-v8a/dists/neshrblek/_python_bundle__arm64-v8a/_python_bundle/modules/_sqlite3.cpython-314-aarch64-linux-android.so
[1m[90m[DEBUG][39m[0m:   	/app/.buildozer/android/platform/build-arm64-v8a/dists/neshrblek/_python_bundle__arm64-v8a/_python_bundle/modules/_ctypes.cpython-314-aarch64-linux-android.so
[1m[90m[DEBUG][39m[0m:   	/app/.buildozer/android/platform/build-arm64-v8a/dists/neshrblek/_python_bundle__arm64-v8a/_python_bundle/modules/_codecs_iso2022.cpython-314-aarch64-linux-android.so
[1m[90m[DEBUG][39m[0m:   	/app/.buildozer/android/platform/build-arm64-v8a/dists/neshrblek/_python_bundle__arm64-v8a/_python_bundle/modules/_elementtree.cpython-314-aarch64-linux-android.so
[1m[90m[DEBUG][39m[0m:   	/app/.buildozer/android/platform/build-arm64-v8a/dists/neshrblek/_python_bundle__arm64-v8a/_python_bundle/modules/_sha3.cpython-314-aarch64-linux-android.so
[1m[90m[DEBUG][39m[0m:   	/app/.buildozer/android/platform/build-arm64-v8a/dists/neshrblek/_python_bundle__arm64-v8a/_python_bundle/modules/_codecs_cn.cpython-314-aarch64-linux-android.so
[1m[90m[DEBUG][39m[0m:   	/app/.buildozer/android/platform/build-arm64-v8a/dists/neshrblek/_python_bundle__arm64-v8a/_python_bundle/modules/_statistics.cpython-314-aarch64-linux-android.so
[1m[90m[DEBUG][39m[0m:   	/app/.buildozer/android/platform/build-arm64-v8a/dists/neshrblek/_python_bundle__arm64-v8a/_python_bundle/modules/_hmac.cpython-314-aarch64-linux-android.so
[1m[90m[DEBUG][39m[0m:   	/app/.buildozer/android/platform/build-arm64-v8a/dists/neshrblek/_python_bundle__arm64-v8a/_python_bundle/modules/_codecs_hk.cpython-314-aarch64-linux-android.so
[1m[90m[DEBUG][39m[0m:   	/app/.buildozer/android/platform/build-arm64-v8a/dists/neshrblek/_python_bundle__arm64-v8a/_python_bundle/modules/_heapq.cpython-314-aarch64-linux-android.so
[1m[90m[DEBUG][39m[0m:   	/app/.buildozer/android/platform/build-arm64-v8a/dists/neshrblek/_python_bundle__arm64-v8a/_python_bundle/modules/cmath.cpython-314-aarch64-linux-android.so
[1m[90m[DEBUG][39m[0m:   	/app/.buildozer/android/platform/build-arm64-v8a/dists/neshrblek/_python_bundle__arm64-v8a/_python_bundle/modules/_xxtestfuzz.cpython-314-aarch64-linux-android.so
[1m[90m[DEBUG][39m[0m:   	/app/.buildozer/android/platform/build-arm64-v8a/dists/neshrblek/_python_bundle__arm64-v8a/_python_bundle/modules/_testimportmultiple.cpython-314-aarch64-linux-android.so
[1m[90m[DEBUG][39m[0m:   	/app/.buildozer/android/platform/build-arm64-v8a/dists/neshrblek/_python_bundle__arm64-v8a/_python_bundle/modules/unicodedata.cpython-314-aarch64-linux-android.so
[1m[90m[DEBUG][39m[0m:   	/app/.buildozer/android/platform/build-arm64-v8a/dists/neshrblek/_python_bundle__arm64-v8a/_python_bundle/modules/_codecs_jp.cpython-314-aarch64-linux-android.so
[1m[90m[DEBUG][39m[0m:   	/app/.buildozer/android/platform/build-arm64-v8a/dists/neshrblek/_python_bundle__arm64-v8a/_python_bundle/modules/_codecs_tw.cpython-314-aarch64-linux-android.so
[1m[90m[DEBUG][39m[0m:   	/app/.buildozer/android/platform/build-arm64-v8a/dists/neshrblek/_python_bundle__arm64-v8a/_python_bundle/modules/_csv.cpython-314-aarch64-linux-android.so
[1m[90m[DEBUG][39m[0m:   	/app/.buildozer/android/platform/build-arm64-v8a/dists/neshrblek/_python_bundle__arm64-v8a/_python_bundle/modules/_remote_debugging.cpython-314-aarch64-linux-android.so
[1m[90m[DEBUG][39m[0m:   	/app/.buildozer/android/platform/build-arm64-v8a/dists/neshrblek/_python_bundle__arm64-v8a/_python_bundle/modules/syslog.cpython-314-aarch64-linux-android.so
[1m[90m[DEBUG][39m[0m:   	/app/.buildozer/android/platform/build-arm64-v8a/dists/neshrblek/_python_bundle__arm64-v8a/_python_bundle/modules/_hashlib.cpython-314-aarch64-linux-android.so
[1m[90m[DEBUG][39m[0m:   	/app/.buildozer/android/platform/build-arm64-v8a/dists/neshrblek/_python_bundle__arm64-v8a/_python_bundle/modules/_testinternalcapi.cpython-314-aarch64-linux-android.so
[1m[90m[DEBUG][39m[0m:   	/app/.buildozer/android/platform/build-arm64-v8a/dists/neshrblek/_python_bundle__arm64-v8a/_python_bundle/modules/_sha2.cpython-314-aarch64-linux-android.so
[1m[90m[DEBUG][39m[0m:   	/app/.buildozer/android/platform/build-arm64-v8a/dists/neshrblek/_python_bundle__arm64-v8a/_python_bundle/modules/_testcapi.cpython-314-aarch64-linux-android.so
[1m[90m[DEBUG][39m[0m:   	/app/.buildozer/android/platform/build-arm64-v8a/dists/neshrblek/_python_bundle__arm64-v8a/_python_bundle/modules/_testclinic_limited.cpython-314-aarch64-linux-android.so
[1m[90m[DEBUG][39m[0m:   	/app/.buildozer/android/platform/build-arm64-v8a/dists/neshrblek/_python_bundle__arm64-v8a/_python_bundle/modules/_json.cpython-314-aarch64-linux-android.so
[1m[90m[DEBUG][39m[0m:   	/app/.buildozer/android/platform/build-arm64-v8a/dists/neshrblek/_python_bundle__arm64-v8a/_python_bundle/modules/_lsprof.cpython-314-aarch64-linux-android.so
[1m[90m[DEBUG][39m[0m:   	/app/.buildozer/android/platform/build-arm64-v8a/dists/neshrblek/_python_bundle__arm64-v8a/_python_bundle/modules/_socket.cpython-314-aarch64-linux-android.so
[1m[90m[DEBUG][39m[0m:   	/app/.buildozer/android/platform/build-arm64-v8a/dists/neshrblek/_python_bundle__arm64-v8a/_python_bundle/modules/_testmultiphase.cpython-314-aarch64-linux-android.so
[1m[90m[DEBUG][39m[0m:   	/app/.buildozer/android/platform/build-arm64-v8a/dists/neshrblek/_python_bundle__arm64-v8a/_python_bundle/modules/_codecs_kr.cpython-314-aarch64-linux-android.so
[1m[90m[DEBUG][39m[0m:   	/app/.buildozer/android/platform/build-arm64-v8a/dists/neshrblek/_python_bundle__arm64-v8a/_python_bundle/modules/xxlimited_35.cpython-314-aarch64-linux-android.so
[1m[90m[DEBUG][39m[0m:   	/app/.buildozer/android/platform/build-arm64-v8a/dists/neshrblek/_python_bundle__arm64-v8a/_python_bundle/modules/_asyncio.cpython-314-aarch64-linux-android.so
[1m[90m[DEBUG][39m[0m:   	/app/.buildozer/android/platform/build-arm64-v8a/dists/neshrblek/_python_bundle__arm64-v8a/_python_bundle/modules/_testsinglephase.cpython-314-aarch64-linux-android.so
[1m[90m[DEBUG][39m[0m:   	/app/.buildozer/android/platform/build-arm64-v8a/dists/neshrblek/_python_bundle__arm64-v8a/_python_bundle/modules/pyexpat.cpython-314-aarch64-linux-android.so
[1m[90m[DEBUG][39m[0m:   	/app/.buildozer/android/platform/build-arm64-v8a/dists/neshrblek/_python_bundle__arm64-v8a/_python_bundle/modules/zlib.cpython-314-aarch64-linux-android.so
[1m[90m[DEBUG][39m[0m:   	/app/.buildozer/android/platform/build-arm64-v8a/dists/neshrblek/_python_bundle__arm64-v8a/_python_bundle/modules/_interpreters.cpython-314-aarch64-linux-android.so
[1m[90m[DEBUG][39m[0m:   	/app/.buildozer/android/platform/build-arm64-v8a/dists/neshrblek/_python_bundle__arm64-v8a/_python_bundle/modules/_interpchannels.cpython-314-aarch64-linux-android.so
[1m[90m[DEBUG][39m[0m:   	/app/.buildozer/android/platform/build-arm64-v8a/dists/neshrblek/_python_bundle__arm64-v8a/_python_bundle/modules/_testbuffer.cpython-314-aarch64-linux-android.so
[1m[90m[DEBUG][39m[0m:   	/app/.buildozer/android/platform/build-arm64-v8a/dists/neshrblek/_python_bundle__arm64-v8a/_python_bundle/modules/binascii.cpython-314-aarch64-linux-android.so
[1m[90m[DEBUG][39m[0m:   	/app/.buildozer/android/platform/build-arm64-v8a/dists/neshrblek/_python_bundle__arm64-v8a/_python_bundle/modules/termios.cpython-314-aarch64-linux-android.so
[1m[90m[DEBUG][39m[0m:   	/app/.buildozer/android/platform/build-arm64-v8a/dists/neshrblek/_python_bundle__arm64-v8a/_python_bundle/modules/_struct.cpython-314-aarch64-linux-android.so
[1m[90m[DEBUG][39m[0m:   	/app/.buildozer/android/platform/build-arm64-v8a/dists/neshrblek/_python_bundle__arm64-v8a/_python_bundle/modules/array.cpython-314-aarch64-linux-android.so
[1m[90m[DEBUG][39m[0m:   	/app/.buildozer/android/platform/build-arm64-v8a/dists/neshrblek/_python_bundle__arm64-v8a/_python_bundle/modules/_ctypes_test.cpython-314-aarch64-linux-android.so
[1m[90m[DEBUG][39m[0m:   	/app/.buildozer/android/platform/build-arm64-v8a/dists/neshrblek/libs/arm64-v8a/libpythonbin.so
[1m[90m[DEBUG][39m[0m:   	/app/.buildozer/android/platform/build-arm64-v8a/dists/neshrblek/libs/arm64-v8a/libpython3.14.so
[1m[90m[DEBUG][39m[0m:   	/app/.buildozer/android/platform/build-arm64-v8a/dists/neshrblek/libs/arm64-v8a/libSDL2_mixer.so
[1m[90m[DEBUG][39m[0m:   	/app/.buildozer/android/platform/build-arm64-v8a/dists/neshrblek/libs/arm64-v8a/libsqlite3.so
[1m[90m[DEBUG][39m[0m:   	/app/.buildozer/android/platform/build-arm64-v8a/dists/neshrblek/libs/arm64-v8a/libmain.so
[1m[90m[DEBUG][39m[0m:   	/app/.buildozer/android/platform/build-arm64-v8a/dists/neshrblek/libs/arm64-v8a/libSDL2.so
[1m[90m[DEBUG][39m[0m:   	/app/.buildozer/android/platform/build-arm64-v8a/dists/neshrblek/libs/arm64-v8a/libssl.so
[1m[90m[DEBUG][39m[0m:   	/app/.buildozer/android/platform/build-arm64-v8a/dists/neshrblek/libs/arm64-v8a/libSDL2_image.so
[1m[90m[DEBUG][39m[0m:   	/app/.buildozer/android/platform/build-arm64-v8a/dists/neshrblek/libs/arm64-v8a/libcrypto.so
[1m[90m[DEBUG][39m[0m:   	/app/.buildozer/android/platform/build-arm64-v8a/dists/neshrblek/libs/arm64-v8a/libSDL2_ttf.so
[1m[90m[DEBUG][39m[0m:   	/app/.buildozer/android/platform/build-arm64-v8a/dists/neshrblek/libs/arm64-v8a/libffi.so
[1m[INFO][0m:    Stripping libraries in private dir
[1m[INFO][0m:    Frying eggs in /app/.buildozer/android/platform/build-arm64-v8a/dists/neshrblek/_python_bundle__arm64-v8a/_python_bundle/site-packages
[1m[INFO][0m:    [36m<- directory context /app/.buildozer/android/platform/python-for-android[39m
[1m[INFO][0m:    Copying in SDL .java files from: /app/.buildozer/android/platform/build-arm64-v8a/build/bootstrap_builds/sdl2/jni/SDL/android-project/app/src/main/java/org/libsdl/app
[1m[INFO][0m:    [36m-> directory context /app/.buildozer/android/platform/build-arm64-v8a/dists/neshrblek[39m
[1m[INFO][0m:    Saving distribution info
[1m[INFO][0m:    [36m<- directory context /app/.buildozer/android/platform/python-for-android[39m
[1m[INFO][0m:    [1m[32m# Your distribution was created successfully, exiting.[0m[39m
[1m[INFO][0m:    Dist can be found at (for now) /app/.buildozer/android/platform/build-arm64-v8a/dists/neshrblek
# Build the application #1
# Copy application source from /app
# Remove directory and subdirectory /app/.buildozer/android/app
# Create directory /app/.buildozer/android/app
# Copy /app/main.py to /app/.buildozer/android/app/main.py
# Copy /app/Cairo-Regular.ttf to /app/.buildozer/android/app/Cairo-Regular.ttf
# Copy /app/google-services.json to /app/.buildozer/android/app/google-services.json
# copy /app/.buildozer/applibs to /app/.buildozer/android/app/_applibs
# Copy /home/jules/.pyenv/versions/3.12.13/lib/python3.12/site-packages/buildozer/sitecustomize.py to /app/.buildozer/android/app/sitecustomize.py
# Package the application
# project.properties updated
# Run '/home/jules/.pyenv/versions/3.12.13/bin/python3.12 -m pythonforandroid.toolchain apk --bootstrap sdl2 --dist_name neshrblek --name Nacrilk --version 0.1 --package com.nabil.neshrblek --minsdk 21 --ndk-api 21 --private /app/.buildozer/android/app --android-entrypoint org.kivy.android.PythonActivity --android-apptheme @android:style/Theme.NoTitleBar --orientation portrait --window --enable-androidx --copy-libs --arch arm64-v8a --color=always --storage-dir=/app/.buildozer/android/platform/build-arm64-v8a --ndk-api=21 --ignore-setup-py --debug' ...
# Cwd /app/.buildozer/android/platform/python-for-android
[WARNING]: prerequisites.py is experimental and does not support all prerequisites yet.
[WARNING]: Please report any issues to the python-for-android issue tracker.
[WARNING]: prerequisites.py is experimental and does not support all prerequisites yet.
[WARNING]: Please report any issues to the python-for-android issue tracker.
[1m[INFO][0m:    Will compile for the following archs: arm64-v8a
[1m[INFO][0m:    Found Android API target in $ANDROIDAPI: 31
[1m[INFO][0m:    Available Android APIs are (31)
[1m[INFO][0m:    Requested API target 31 is available, continuing.
[1m[INFO][0m:    Found NDK dir in $ANDROIDNDK: /app/.buildozer/android/platform/android-ndk-r25b
[1m[INFO][0m:    Found NDK version 28c
[1m[31m[WARNING][39m[0m: Maximum recommended NDK version is 28c, but newer versions may work.
[1m[31m[WARNING][39m[0m: Newer NDKs may not be fully supported by p4a.
[1m[INFO][0m:    Getting NDK API version (i.e. minimum supported API) from user argument
[1m[90m[DEBUG][39m[0m:   All possible dists: [<Distribution: name neshrblek with recipes (hostpython3, libffi, openssl, sdl2_image, sdl2_mixer, sdl2_ttf, sqlite3, python3, sdl2, pyjnius, setuptools, android, pycparser, cffi, kivy, cryptography, certifi, arabic-reshaper, urllib3, jwcrypto, six, chardet, idna, gcloud, requests, pyasn1, pyasn1-modules, pyrebase4, filetype, python-bidi)>]
[1m[90m[DEBUG][39m[0m:   Dist matching name and arch: [<Distribution: name neshrblek with recipes (hostpython3, libffi, openssl, sdl2_image, sdl2_mixer, sdl2_ttf, sqlite3, python3, sdl2, pyjnius, setuptools, android, pycparser, cffi, kivy, cryptography, certifi, arabic-reshaper, urllib3, jwcrypto, six, chardet, idna, gcloud, requests, pyasn1, pyasn1-modules, pyrebase4, filetype, python-bidi)>]
[1m[90m[DEBUG][39m[0m:   Dist matching ndk_api and recipe: [<Distribution: name neshrblek with recipes (hostpython3, libffi, openssl, sdl2_image, sdl2_mixer, sdl2_ttf, sqlite3, python3, sdl2, pyjnius, setuptools, android, pycparser, cffi, kivy, cryptography, certifi, arabic-reshaper, urllib3, jwcrypto, six, chardet, idna, gcloud, requests, pyasn1, pyasn1-modules, pyrebase4, filetype, python-bidi)>]
[1m[INFO][0m:    Of the existing distributions, the following meet the given requirements:
[1m[INFO][0m:    	[32m[1mneshrblek[0m: min API 21, includes recipes ([32mhostpython3, libffi, openssl, sdl2_image, sdl2_mixer, sdl2_ttf, sqlite3, python3, sdl2, pyjnius, setuptools, android, pycparser, cffi, kivy, cryptography, certifi, arabic-reshaper, urllib3, jwcrypto, six, chardet, idna, gcloud, requests, pyasn1, pyasn1-modules, pyrebase4, filetype, python-bidi[0m), built for archs ([34marm64-v8a[0m)
[1m[INFO][0m:    [1m[94mneshrblek has compatible recipes, using this one[0m
[1m[90m[DEBUG][39m[0m:   All possible dists: [<Distribution: name neshrblek with recipes (hostpython3, libffi, openssl, sdl2_image, sdl2_mixer, sdl2_ttf, sqlite3, python3, sdl2, pyjnius, setuptools, android, pycparser, cffi, kivy, cryptography, certifi, arabic-reshaper, urllib3, jwcrypto, six, chardet, idna, gcloud, requests, pyasn1, pyasn1-modules, pyrebase4, filetype, python-bidi)>]
[1m[90m[DEBUG][39m[0m:   Dist matching name and arch: [<Distribution: name neshrblek with recipes (hostpython3, libffi, openssl, sdl2_image, sdl2_mixer, sdl2_ttf, sqlite3, python3, sdl2, pyjnius, setuptools, android, pycparser, cffi, kivy, cryptography, certifi, arabic-reshaper, urllib3, jwcrypto, six, chardet, idna, gcloud, requests, pyasn1, pyasn1-modules, pyrebase4, filetype, python-bidi)>]
[1m[90m[DEBUG][39m[0m:   Dist matching ndk_api and recipe: [<Distribution: name neshrblek with recipes (hostpython3, libffi, openssl, sdl2_image, sdl2_mixer, sdl2_ttf, sqlite3, python3, sdl2, pyjnius, setuptools, android, pycparser, cffi, kivy, cryptography, certifi, arabic-reshaper, urllib3, jwcrypto, six, chardet, idna, gcloud, requests, pyasn1, pyasn1-modules, pyrebase4, filetype, python-bidi)>]
[1m[INFO][0m:    Of the existing distributions, the following meet the given requirements:
[1m[INFO][0m:    	[32m[1mneshrblek[0m: min API 21, includes recipes ([32mhostpython3, libffi, openssl, sdl2_image, sdl2_mixer, sdl2_ttf, sqlite3, python3, sdl2, pyjnius, setuptools, android, pycparser, cffi, kivy, cryptography, certifi, arabic-reshaper, urllib3, jwcrypto, six, chardet, idna, gcloud, requests, pyasn1, pyasn1-modules, pyrebase4, filetype, python-bidi[0m), built for archs ([34marm64-v8a[0m)
[1m[INFO][0m:    [1m[94mneshrblek has compatible recipes, using this one[0m
[1m[INFO][0m:    [36m-> directory context /app/.buildozer/android/platform/build-arm64-v8a/build/bootstrap_builds/sdl2[39m
[1m[INFO][0m:    [36m<- directory context /app/.buildozer/android/platform/python-for-android[39m
[1m[INFO][0m:    [36m-> directory context /app/.buildozer/android/platform/build-arm64-v8a/dists/neshrblek[39m
[1m[90m[DEBUG][39m[0m:   Remove directory and subdirectory src/main/assets
[1m[90m[DEBUG][39m[0m:   Create directory src/main/assets
Compiling '/app/.buildozer/android/app/main.py'...
Compiling '/app/.buildozer/android/app/sitecustomize.py'...
[1m[90m[DEBUG][39m[0m:   Remove directory and subdirectory /tmp/p4a-extra-env-uebwdhs0
[1m[INFO][0m:    Detected highest available build tools version to be 37.0.0
stty: 'standard input': Inappropriate ioctl for device
[1m[90m[DEBUG][39m[0m:   [90m->[0m running dos2unix /app/.buildozer/android/platform/build-arm64-v8a/dists/neshrblek/gradlew[0m
[1m[90m[DEBUG][39m[0m:   	dos2unix: converting file /app/.buildozer/android/platform/build-arm64-v8a/dists/neshrblek/gradlew to Unix format...
stty: 'standard input': Inappropriate ioctl for device
[1m[90m[DEBUG][39m[0m:   [90m->[0m running gradlew clean assembleDebug[0m
[1m[90m[DEBUG][39m[0m:   	Downloading https://services.gradle.org/distributions/gradle-8.14.3-all.zip
[1m[90m[DEBUG][39m[0m:   	.............................................................................................................................................................................................................................................................................................................................................................................................................................................................................................................................................................................................................................................................................................................................................................................................................................................................................................................................................................................................................................................................................................................................................................................................................................................................................................................................................................................................................................................................................................................................................................................................................................................................................................................................................................................................................................................................................................................................................................................................................................................................................................................................................................................................................................................................................................................................................................................................................................................................................................................................................................................................................................................................................................................................................................................................................................................................................................................................................................................................................................................................................................................................................................................................................................................................................................................................................................................................................................................................................................................................................................................................................................................................................................................................................................................................................................................................................................................................................................................................................................................................................................................................................................................................................................................................................................................................................................................................................................................................................................................................................................................................................................................................................................................................................................................................................................................................................................................................................................................................................................................................................................................................................................................................................................................................................................................................................................................................................................................................................................................................................................................................................................................................................................................................................................................................................................................................................................................................................................................................................................................................................................................................................................................................................................................................................................................................................................................................................................................................................................................................................................................................................................................................................................................................................................................................................................................................................................................................................................................................................................................................................................................................................................................................................................................................................................................................................................................................................................................................................................................................................................................................................................................................................................................................................................................................................................................................................................................................................................................................................................................................................................................................................................................................................................................................................................................................................................................................................................................................................................................................................................................................................................................................................................................................................................................................................................................................................................................................................................................................................................................................................................................................................................................................................................................................................................................................................................................................................................................................................................................................................................................................................................................................................................................................................................................................................................................................................................................................................................................................................................................................................................................................................................................................................................................................................................................................................................................................................................................................................................................................................................................................................................................................................................................................................................................................................................................................................................................................................................................................................................................................................................................................................................................................................................................................................................................................................................................................................................................................................................................................................................................................................................................................................................
[1m[90m[DEBUG][39m[0m:   	Unzipping /home/jules/.gradle/wrapper/dists/gradle-8.14.3-all/h9bud5ffjflfoe91ghcb596uv/gradle-8.14.3-all.zip to /home/jules/.gradle/wrapper/dists/gradle-8.14.3-all/h9bud5ffjflfoe91ghcb596uv
[1m[90m[DEBUG][39m[0m:   	Set executable permissions for: /home/jules/.gradle/wrapper/dists/gradle-8.14.3-all/h9bud5ffjflfoe91ghcb596uv/gradle-8.14.3/bin/gradle
[1m[90m[DEBUG][39m[0m:
[1m[90m[DEBUG][39m[0m:   	Welcome to Gradle 8.14.3!
[1m[90m[DEBUG][39m[0m:
[1m[90m[DEBUG][39m[0m:   	Here are the highlights of this release:
[1m[90m[DEBUG][39m[0m:   	 - Java 24 support
[1m[90m[DEBUG][39m[0m:   	 - GraalVM Native Image toolchain selection
[1m[90m[DEBUG][39m[0m:   	 - Enhancements to test reporting
[1m[90m[DEBUG][39m[0m:   	 - Build Authoring improvements
[1m[90m[DEBUG][39m[0m:
[1m[90m[DEBUG][39m[0m:   	For more details see https://docs.gradle.org/8.14.3/release-notes.html
[1m[90m[DEBUG][39m[0m:
[1m[90m[DEBUG][39m[0m:   	Starting a Gradle Daemon (subsequent builds will be faster)
[1m[90m[DEBUG][39m[0m:
[1m[90m[DEBUG][39m[0m:
[1m[90m[DEBUG][39m[0m:   	[2A[1B[1m> Starting Daemon[m[17D[1B[1A[1m> Starting Daemon > Connecting to Daemon[m[40D[1B[1A> IDLE[0K[6D[1B[2A[1m<[0;1m-------------> 0% INITIALIZING [59ms][m[38D[2B[2A[1m<[0;1m-------------> 0% INITIALIZING [159ms][m[39D[2B[2A[1m<[0;1m-------------> 0% INITIALIZING [260ms][m[39D[2B[2A[1m<[0;1m-------------> 0% INITIALIZING [359ms][m[39D[2B[2A[1m<[0;1m-------------> 0% INITIALIZING [459ms][m[39D[2B[2A[1m<[0;1m-------------> 0% INITIALIZING [559ms][m[39D[2B[2A[1m<[0;1m-------------> 0% INITIALIZING [659ms][m[39D[2B[2A[1m<[0;1m-------------> 0% INITIALIZING [762ms][m[39D[2B[2A[1m<[0;1m-------------> 0% INITIALIZING [859ms][m[39D[2B[2A[1m<[0;1m-------------> 0% INITIALIZING [959ms][m[39D[2B[2A[1m<[0;1m-------------> 0% INITIALIZING [1s][m[0K[36D[2B[1A[1m> Evaluating settings[m[21D[1B[2A[1m<[0;1m-------------> 0% INITIALIZING [2s][m[36D[2B[2A[1m<[0;1m-------------> 0% INITIALIZING [3s][m[36D[2B[2A[1m<[0;1m-------------> 0% INITIALIZING [4s][m[36D[2B[1A> IDLE[0K[6D[1B[2A[1m<[0;1m-------------> 0% CONFIGURING [4s][m[0K[35D[1B[1m> Loading projects[m[18D[1B[1A[1m> root project[m[0K[14D[1B[2A[1m<[0;1m-------------> 0% CONFIGURING [5s][m[35D[2B[2A[1m<[0;1m-------------> 0% CONFIGURING [6s][m[35D[2B[2A[1m<[0;1m-------------> 0% CONFIGURING [7s][m[35D[2B[2A[1m<[0;1m-------------> 0% CONFIGURING [8s][m[35D[2B[2A[1m<[0;1m-------------> 0% CONFIGURING [9s][m[35D[2B[2A[1m<[0;1m-------------> 0% CONFIGURING [10s][m[36D[2B[1A[1m> root project > Resolve dependencies of classpath[m[50D[1B[1A[1m> root project > Resolve dependencies of classpath > gradle-8.11.0.pom[m[70D[1B[2A[1m<[0;1m-------------> 0% CONFIGURING [11s][m[36D[2B[1A[1m> root project > Resolve dependencies of classpath[m[0K[50D[1B
[1m[90m[DEBUG][39m[0m:
[1m[90m[DEBUG][39m[0m:
[1m[90m[DEBUG][39m[0m:   	[4A[1m> root project > Resolve dependencies of classpath > sdk-common-31.11.0.pom[m[75D[1B[1m> root project > Resolve dependencies of classpath > sdklib-31.11.0.pom[m[71D[1B[1m> root project > Resolve dependencies of classpath > repository-31.11.0.pom[m[75D[1B[1m> root project > Resolve dependencies of classpath > ddmlib-31.11.0.pom[m[71D[1B[5A[1m<[0;1m-------------> 0% CONFIGURING [12s][m[36D[1B> IDLE[0K[6D[1B> IDLE[0K[6D[1B> IDLE[0K[6D[1B[1m> root project > Resolve dependencies of classpath > aapt2-proto-8.11.0-1278265[m[79D[1B[4A[1m> root project > Resolve dependencies of classpath > layoutlib-api-31.11.0.pom[m[78D[1B[1m> root project > Resolve dependencies of classpath > builder-test-api-8.11.0.po[m[79D[1B[1m> root project > Resolve dependencies of classpath > baseLibrary-8.11.0.pom[m[75D[1B[1m> root project > Resolve dependencies of classpath > databinding-compiler-commo[m[79D[1B[4A[1m> root project > Resolve dependencies of classpath > android-test-plugin-host-a[m[79D[1B[1m> root project > Resolve dependencies of classpath > builder-test-api-8.11.0.mo[m[79D[1B[1m> root project > Resolve dependencies of classpath > android-test-plugin-host-c[m[79D[1B[1m> root project > Resolve dependencies of classpath > android-device-provider-pr[m[79D[1B[4A[1m> root project > Resolve dependencies of classpath > kotlin-stdlib-2.1.20.pom[m[0K[77D[1B[1m> root project > Resolve dependencies of classpath > transform-api-2.0.0-deprec[m[79D[1B[1m> root project > Resolve dependencies of classpath > httpmime-4.5.6.pom[m[0K[71D[1B[1m> root project > Resolve dependencies of classpath > android-test-plugin-result[m[79D[1B[3A[1m> root project > Resolve dependencies of classpath > commons-io-2.16.1.pom[m[0K[74D[2B[1m> root project > Resolve dependencies of classpath > asm-9.7.1.pom[m[0K[66D[1B[4A[1m> root project > Resolve dependencies of classpath > kotlin-stdlib-2.1.20.modul[m[79D[1B[1m> root project > Resolve dependencies of classpath > ow2-1.5.1.pom[m[0K[66D[1B[1m> root project > Resolve dependencies of classpath > httpcomponents-client-4.5.[m[79D[1B[1m> root project > Resolve dependencies of classpath > commons-parent-69.pom[m[74D[1B[4A[1m> root project > Resolve dependencies of classpath > asm-commons-9.7.1.pom[m[0K[74D[1B> IDLE[0K[6D[1B[1m> root project > Resolve dependencies of classpath > httpcomponents-parent-10.p[m[79D[1B[1m> root project > Resolve dependencies of classpath > apache-31.pom[m[0K[66D[1B[4A[1m> root project > Resolve dependencies of classpath > apache-18.pom[m[0K[66D[2B[1m> root project > Resolve dependencies of classpath > bcpkix-jdk18on-1.79.pom[m[0K[76D[1B[1m> root project > Resolve dependencies of classpath > junit-bom-5.10.2.pom[m[73D[1B[4A[1m> root project > Resolve dependencies of classpath > jetifier-core-1.0.0-beta10[m[79D[2B> IDLE[0K[6D[1B[1m> root project > Resolve dependencies of classpath > oss-parent-7.pom[m[0K[69D[1B[4A[1m> root project > Resolve dependencies of classpath > jaxb-parent-2.3.2.pom[m[0K[74D[1B[1m> root project > Resolve dependencies of classpath > protobuf-java-3.25.5.pom[m[77D[1B[1m> root project > Resolve dependencies of classpath > javapoet-1.10.0.pom[m[72D[1B[1m> root project > Resolve dependencies of classpath > jetifier-processor-1.0.0-b[m[79D[1B[5A[1m<[0;1m-------------> 0% CONFIGURING [13s][m[36D[1B[1m> root project > Resolve dependencies of classpath > gson-2.11.0.pom[m[0K[68D[1B[1m> root project > Resolve dependencies of classpath > protobuf-parent-3.25.5.pom[m[79D[1B[1m> root project > Resolve dependencies of classpath > jaxb-bom-ext-2.3.2.pom[m[75D[1B[1m> root project > Resolve dependencies of classpath > protobuf-java-util-3.25.5.[m[79D[1B[4A> IDLE[0K[6D[1B[1m> root project > Resolve dependencies of classpath > grpc-core-1.69.1.pom[m[0K[73D[1B> IDLE[0K[6D[1B[1m> root project > Resolve dependencies of classpath > project-1.0.5.pom[m[0K[70D[1B[3A[1m> root project > Resolve dependencies of classpath > grpc-inprocess-1.69.1.pom[m[78D[2B> IDLE[0K[6D[1B[3A[1m> root project > Resolve dependencies of classpath > builder-8.11.0.module[m[0K[74D[2B[1m> root project > Resolve dependencies of classpath > builder-model-8.11.0.modul[m[79D[1B[4A[1m> root project > Resolve dependencies of classpath > kxml2-2.3.0.pom[m[68D[1B[1m> root project > Resolve dependencies of classpath > guava-33.3.1-jre.pom[m[0K[73D[1B[1m> root project > Resolve dependencies of classpath > commons-compress-1.21.pom[m[78D[1B[1m> root project > Resolve dependencies of classpath > javax.inject-1.pom[m[0K[71D[1B[4A[1m> root project > Resolve dependencies of classpath > commons-parent-52.pom[m[74D[1B> IDLE[0K[6D[1B[1m> root project > Resolve dependencies of classpath > kotlin-stdlib-jdk8-2.1.20.[m[79D[1B> IDLE[0K[6D[1B[4A[1m> root project > Resolve dependencies of classpath > apache-23.pom[m[0K[66D[2B> IDLE[0K[6D[2B[4A[1m> root project > Resolve dependencies of classpath[m[0K[50D[4B[4A[1m> root project > Resolve dependencies of classpath > httpcomponents-parent-11.p[m[79D[4B[4A[1m> root project > Resolve dependencies of classpath[m[0K[50D[4B[5A[1m<[0;1m-------------> 0% CONFIGURING [14s][m[36D[1B[1m> root project > Resolve dependencies of classpath > all-1.2.0.pom[m[66D[2B[1m> root project > Resolve dependencies of classpath > jimfs-parent-1.1.pom[m[73D[2B[4A> IDLE[0K[6D[2B[1m> root project > Resolve dependencies of classpath > annotations-23.0.0.pom[m[75D[2B[2A[1m> root project > Resolve dependencies of classpath > httpclient-4.5.14.pom[m[0K[74D[2B[4A[1m> root project > Resolve dependencies of classpath > jna-platform-5.6.0.pom[m[75D[2B[1m> root project > Resolve dependencies of classpath > protos-31.11.0.pom[m[0K[71D[2B[4A> IDLE[0K[6D[2B[1m> root project > Resolve dependencies of classpath > juniversalchardet-1.0.3.po[m[79D[2B[2A[1m> root project > Resolve dependencies of classpath > javax.annotation-api-1.3.2[m[79D[2B[2A[1m> root project > Resolve dependencies of classpath > jvnet-parent-3.pom[m[0K[71D[2B[2A[1m> root project > Resolve dependencies of classpath > asm-tree-9.7.1.pom[m[71D[2B[2A[1m> root project > Resolve dependencies of classpath[m[0K[50D[2B[4A[1m> root project > Resolve dependencies of classpath > istack-commons-3.0.8.pom[m[77D[1B[1m> root project > Resolve dependencies of classpath > jakarta.xml.bind-api-paren[m[79D[1B[1m> root project > Resolve dependencies of classpath > jaxb-txw-parent-2.3.2.pom[m[78D[2B[5A[1m<[0;1m-------------> 0% CONFIGURING [15s][m[36D[1B[1m> root project > Resolve dependencies of classpath > jakarta.activation-api-1.2[m[79D[1B[1m> root project > Resolve dependencies of classpath > fastinfoset-project-1.2.16[m[79D[1B> IDLE[0K[6D[2B[4A> IDLE[0K[6D[1B[1m> root project > Resolve dependencies of classpath > project-1.0.2.pom[m[0K[70D[3B[4A[1m> root project > Resolve dependencies of classpath > jose4j-0.9.5.pom[m[69D[1B[1m> root project > Resolve dependencies of classpath > auto-value-annotations-1.6[m[79D[1B[1m> root project > Resolve dependencies of classpath > error_prone_annotations-2.[m[79D[1B[1m> root project > Resolve dependencies of classpath > dagger-2.28.3.pom[m[70D[1B[4A> IDLE[0K[6D[1B> IDLE[0K[6D[1B[1m> root project > Resolve dependencies of classpath > slf4j-parent-1.7.30.pom[m[0K[76D[1B[1m> root project > Resolve dependencies of classpath > auto-parent-6.pom[m[70D[1B[2A[1m> root project > Resolve dependencies of classpath > jdom2-2.0.6.pom[m[0K[68D[1B> IDLE[0K[6D[1B[2A[1m> root project > Resolve dependencies of classpath > error_prone_parent-2.18.0.[m[79D[2B[2A[1m> root project > Resolve dependencies of classpath > jsr305-3.0.2.pom[m[0K[69D[2B[2A[1m> root project > Resolve dependencies of classpath > error_prone_annotations-2.[m[79D[2B[2A[1m> root project > Resolve dependencies of classpath[m[0K[50D[2B[5A[1m<[0;1m-------------> 0% CONFIGURING [16s][m[36D[2B[1m> root project > Resolve dependencies of classpath > grpc-context-1.69.1.pom[m[76D[1B[1m> root project > Resolve dependencies of classpath > perfmark-api-0.27.0.module[m[79D[1B[1m> root project > Resolve dependencies of classpath > animal-sniffer-parent-1.24[m[79D[1B[3A[1m> root project > Resolve dependencies of classpath[m[0K[50D[1B> IDLE[0K[6D[1B> IDLE[0K[6D[1B[3A[1m> root project > Resolve dependencies of classpath > netty-parent-4.1.110.Final[m[79D[3B[3A[1m> root project > Resolve dependencies of classpath > proto-google-common-protos[m[79D[2B[1m> root project > Resolve dependencies of classpath > grpc-protobuf-lite-1.69.1.[m[79D[1B[3A[1m> root project > Resolve dependencies of classpath > manifest-merger-31.11.0.po[m[79D[1B[1m> root project > Resolve dependencies of classpath > zipflinger-8.11.0.pom[m[74D[1B[1m> root project > Resolve dependencies of classpath > tracker-31.11.0.pom[m[0K[72D[1B[3A> IDLE[0K[6D[1B[1m> root project > Resolve dependencies of classpath > checker-qual-3.43.0.pom[m[76D[1B> IDLE[0K[6D[1B[2A[1m> root project > Resolve dependencies of classpath > j2objc-annotations-3.0.0.p[m[79D[2B[2A[1m> root project > Resolve dependencies of classpath > guava-parent-26.0-android.[m[79D[2B[3A[1m> root project > Resolve dependencies of classpath > commons-parent-42.pom[m[74D[1B[1m> root project > Resolve dependencies of classpath > commons-parent-34.pom[m[0K[74D[2B[3A[1m> root project > Resolve dependencies of classpath[m[0K[50D[1B> IDLE[0K[6D[2B[5A[1m<[0;1m-------------> 0% CONFIGURING [17s][m[36D[2B[1m> root project > Resolve dependencies of classpath > kotlin-stdlib-jdk7-2.1.20.[m[79D[3B[3A[1m> root project > Resolve dependencies of classpath > netty-handler-4.1.110.Fina[m[79D[1B[1m> root project > Resolve dependencies of classpath > netty-codec-http-4.1.110.F[m[79D[2B[3A> IDLE[0K[6D[1B[1m> root project > Resolve dependencies of classpath > netty-codec-socks-4.1.110.[m[79D[2B[2A[1m> root project > Resolve dependencies of classpath[m[0K[50D[2B[4A[1m> root project > Resolve files of configuration 'classpath' > manifest-merger-3[m[79D[1B[1m> root project > Resolve files of configuration 'classpath' > lint-model-31.11.[m[79D[1B[1m> root project > Resolve files of configuration 'classpath' > gradle-8.11.0.jar[m[79D[1B[1m> root project > Resolve files of configuration 'classpath' > builder-8.11.0.ja[m[79D[1B[4A[1m> root project > Resolve files of configuration 'classpath' > sdk-common-31.11.[m[79D[1B[1m> root project > Resolve files of configuration 'classpath' > sdklib-31.11.0.ja[m[79D[3B[3A> IDLE[0K[6D[3B[4A[1m> root project > Resolve files of configuration 'classpath' > gradle-api-8.11.0[m[79D[1B[1m> root project > Resolve files of configuration 'classpath' > builder-test-api-[m[79D[3B[5A[1m<[0;1m-------------> 0% CONFIGURING [18s][m[36D[1B[1m> root project > Resolve files of configuration 'classpath' > ddmlib-31.11.0.ja[m[79D[4B[3A[1m> root project > Resolve files of configuration 'classpath' > aaptcompiler-8.11[m[79D[3B[4A[1m> root project > Resolve files of configuration 'classpath' > bundletool-1.18.1[m[79D[1B[1m> root project > Resolve files of configuration 'classpath' > aapt2-proto-8.11.[m[79D[3B[3A[1m> root project > Resolve files of configuration 'classpath' > tracker-31.11.0.j[m[79D[3B[3A> IDLE[0K[6D[3B[3A[1m> root project > Resolve files of configuration 'classpath' > databinding-compi[m[79D[3B[3A> IDLE[0K[6D[3B[3A[1m> root project > Resolve files of configuration 'classpath' > databinding-commo[m[79D[3B[3A[1m> root project > Resolve files of configuration 'classpath' > layoutlib-api-31.[m[79D[3B[5A[1m<[0;1m-------------> 0% CONFIGURING [19s][m[36D[2B> IDLE[0K[6D[1B> IDLE[0K[6D[2B[3A[1m> root project > Resolve files of configuration 'classpath' > android-test-plug[m[79D[3B[2A[1m> root project > Resolve files of configuration 'classpath' > jetifier-processo[m[79D[2B[3A> IDLE[0K[6D[1B> IDLE[0K[6D[1B> IDLE[0K[6D[1B[4A[1m> root project > Resolve files of configuration 'classpath' > kotlin-reflect-2.[m[79D[4B[3A[1m> root project > Resolve files of configuration 'classpath' > dvlib-31.11.0.jar[m[79D[1B[1m> root project > Resolve files of configuration 'classpath' > common-31.11.0.ja[m[79D[1B[1m> root project > Resolve files of configuration 'classpath' > kotlin-stdlib-jdk[m[79D[1B[3A[1m> root project > Resolve files of configuration 'classpath' > kotlin-stdlib-2.1[m[79D[1B[1m> root project > Resolve files of configuration 'classpath' > httpmime-4.5.6.ja[m[79D[1B[1m> root project > Resolve files of configuration 'classpath' > commons-io-2.16.1[m[79D[1B[4A[1m> root project > Resolve files of configuration 'classpath' > asm-analysis-9.7.[m[79D[2B[1m> root project > Resolve files of configuration 'classpath' > asm-tree-9.7.1.ja[m[79D[1B[1m> root project > Resolve files of configuration 'classpath' > asm-util-9.7.1.ja[m[79D[1B[4A[1m> root project > Resolve files of configuration 'classpath' > jaxb-runtime-2.3.[m[79D[1B[1m> root project > Resolve files of configuration 'classpath' > javapoet-1.10.0.j[m[79D[1B[1m> root project > Resolve files of configuration 'classpath' > bcpkix-jdk18on-1.[m[79D[1B[1m> root project > Resolve files of configuration 'classpath' > apkzlib-8.11.0.ja[m[79D[1B[4A[1m> root project > Resolve files of configuration 'classpath' > core-proto-0.0.9-[m[79D[1B[1m> root project > Resolve files of configuration 'classpath' > tink-1.7.0.jar > [m[79D[1B[1m> root project > Resolve files of configuration 'classpath' > protos-31.11.0.ja[m[79D[1B[1m> root project > Resolve files of configuration 'classpath' > proto-google-comm[m[79D[1B[5A[1m<[0;1m-------------> 0% CONFIGURING [20s][m[36D[1B> IDLE[0K[6D[4B[4A[1m> root project > Resolve files of configuration 'classpath' > protobuf-java-3.2[m[79D[1B[1m> root project > Resolve files of configuration 'classpath' > grpc-netty-1.69.1[m[79D[3B[4A[1m> root project > Resolve files of configuration 'classpath' > gson-2.11.0.jar[m[0K[77D[1B[1m> root project > Resolve files of configuration 'classpath' > grpc-stub-1.69.1.[m[79D[2B[1m> root project > Resolve files of configuration 'classpath' > grpc-core-1.69.1.[m[79D[1B[4A[1m> root project > Resolve files of configuration 'classpath' > flatbuffers-java-[m[79D[1B> IDLE[0K[6D[2B[1m> root project > Resolve files of configuration 'classpath' > jimfs-1.1.jar[m[0K[75D[1B[4A[1m> root project > Resolve files of configuration 'classpath' > grpc-api-1.69.1.j[m[79D[1B[1m> root project > Resolve files of configuration 'classpath' > javax.inject-1.ja[m[79D[2B[1m> root project > Resolve files of configuration 'classpath' > guava-33.3.1-jre.[m[79D[1B[4A[1m> root project > Resolve files of configuration 'classpath' > bcutil-jdk18on-1.[m[79D[1B[1m> root project > Resolve files of configuration 'classpath' > commons-compress-[m[79D[3B[4A[1m> root project > Resolve files of configuration 'classpath' > httpclient-4.5.14[m[79D[1B[1m> root project > Resolve files of configuration 'classpath' > bcprov-jdk18on-1.[m[79D[2B> IDLE[0K[6D[1B[4A> IDLE[0K[6D[2B> IDLE[0K[6D[2B[4A[1m> root project > Resolve files of configuration 'classpath' > jna-platform-5.6.[m[79D[2B[1m> root project > Resolve files of configuration 'classpath' > stax-ex-1.8.1.jar[m[79D[2B[2A[1m> root project > Resolve files of configuration 'classpath' > istack-commons-ru[m[79D[1B[1m> root project > Resolve files of configuration 'classpath' > FastInfoset-1.2.1[m[79D[1B[5A[1m<[0;1m-------------> 0% CONFIGURING [21s][m[36D[1B> IDLE[0K[6D[2B> IDLE[0K[6D[1B> IDLE[0K[6D[1B[3A[1m> root project > Resolve files of configuration 'classpath'[m[0K[59D[3B[4A[1m> root project > Resolve files of configuration 'classpath' > netty-handler-pro[m[79D[1B[1m> root project > Resolve files of configuration 'classpath' > netty-codec-http2[m[79D[1B[1m> root project > Resolve files of configuration 'classpath' > netty-handler-4.1[m[79D[1B[1m> root project > Resolve files of configuration 'classpath' > netty-codec-http-[m[79D[1B[4A> IDLE[0K[6D[1B[1m> root project > Resolve files of configuration 'classpath' > checker-qual-3.43[m[79D[1B[1m> root project > Resolve files of configuration 'classpath' > apksig-8.11.0.jar[m[79D[1B> IDLE[0K[6D[1B[4A[1m> root project > Resolve files of configuration 'classpath' > netty-codec-4.1.1[m[79D[1B[1m> root project > Resolve files of configuration 'classpath' > jna-5.6.0.jar[m[0K[75D[1B[1m> root project > Resolve files of configuration 'classpath' > commons-codec-1.1[m[79D[1B[1m> root project > Resolve files of configuration 'classpath' > netty-codec-socks[m[79D[1B[4A[1m> root project > Resolve files of configuration 'classpath' > netty-resolver-4.[m[79D[1B> IDLE[0K[6D[1B[1m> root project > Resolve files of configuration 'classpath' > netty-transport-4[m[79D[1B[1m> root project > Resolve files of configuration 'classpath' > netty-buffer-4.1.[m[79D[1B[4A[1m> root project[m[0K[14D[2B> IDLE[0K[6D[1B> IDLE[0K[6D[1B[4A[1m> root project > Resolve files of configuration 'classpath' > Resolve files of [m[79D[4B[2A[1m> root project > Resolve files of configuration 'classpath' > Resolve files of [m[79D[1B[1m> root project > Resolve files of configuration 'classpath' > Resolve files of [m[79D[1B[5A[1m<[0;1m-------------> 0% CONFIGURING [22s][m[36D[3B> IDLE[0K[6D[2B[2A[1m> root project > Resolve files of configuration 'classpath' > Resolve files of [m[79D[2B[3A[1m> root project > Resolve files of configuration 'classpath' > Resolve files of [m[79D[3B[1A> IDLE[0K[6D[1B[5A[1m<[0;1m-------------> 0% CONFIGURING [23s][m[36D[5B[1A[1m> root project > Resolve files of configuration 'classpath' > Resolve files of [m[79D[1B[4A> IDLE[0K[6D[3B> IDLE[0K[6D[1B[4A[1m> root project > Resolve files of configuration 'classpath' > Resolve files of [m[79D[4B[1A[1m> root project > Resolve files of configuration 'classpath' > Resolve files of [m[79D[1B[4A> IDLE[0K[6D[4B[4A[1m> root project > Resolve files of configuration 'classpath' > Resolve files of [m[79D[4B[5A[1m<[0;1m-------------> 0% CONFIGURING [24s][m[36D[1B> IDLE[0K[6D[2B> IDLE[0K[6D[1B> IDLE[0K[6D[1B[4A[1m> root project > Resolve files of configuration 'classpath' > Resolve files of [m[79D[2B[1m> root project > Resolve files of configuration 'classpath' > Resolve files of [m[79D[2B[4A> IDLE[0K[6D[1B> IDLE[0K[6D[1B[1m> root project > Resolve files of configuration 'classpath'[m[0K[59D[2B[4A[1m> root project > Resolve files of configuration 'classpath' > MergeInstrumentat[m[79D[1B[1m> root project > Resolve files of configuration 'classpath' > MergeInstrumentat[m[79D[1B[1m> root project > Resolve files of configuration 'classpath' > MergeInstrumentat[m[79D[1B[1m> root project > Resolve files of configuration 'classpath' > MergeInstrumentat[m[79D[1B[2A[1m> root project > Resolve files of configuration 'classpath' > ExternalDependenc[m[79D[1B> IDLE[0K[6D[1B[3A[1m> root project > Resolve files of configuration 'classpath' > ExternalDependenc[m[79D[3B[4A[1m> root project > Resolve files of configuration 'classpath' > ExternalDependenc[m[79D[3B[1m> root project > Resolve files of configuration 'classpath' > ExternalDependenc[m[79D[1B[2A> IDLE[0K[6D[2B[5A[1m<[0;1m-------------> 0% CONFIGURING [25s][m[36D[1B> IDLE[0K[6D[2B[1m> root project > Resolve files of configuration 'classpath' > ExternalDependenc[m[79D[2B[4A[1m> root project > Resolve files of configuration 'classpath' > ExternalDependenc[m[79D[4B[4A> IDLE[0K[6D[4B[4A[1m> root project > Resolve files of configuration 'classpath' > ExternalDependenc[m[79D[2B> IDLE[0K[6D[2B[5A[1m<[0;1m-------------> 0% CONFIGURING [26s][m[36D[1B> IDLE[0K[6D[2B[1m> root project > Resolve files of configuration 'classpath' > ExternalDependenc[m[79D[2B[4A[1m> root project > Resolve files of configuration 'classpath' > ExternalDependenc[m[79D[4B[4A> IDLE[0K[6D[4B[4A[1m> root project > Resolve files of configuration 'classpath' > ExternalDependenc[m[79D[4B[2A> IDLE[0K[6D[2B[2A[1m> root project > Resolve files of configuration 'classpath' > MergeInstrumentat[m[79D[2B[5A[1m<[0;1m-------------> 0% CONFIGURING [27s][m[36D[3B> IDLE[0K[6D[2B[2A[1m> root project > Resolve files of configuration 'classpath' > ExternalDependenc[m[79D[2B[5A[1m<[0;1m-------------> 0% CONFIGURING [28s][m[36D[5B[2A> IDLE[0K[6D[2B[5A[1m<[0;1m-------------> 0% CONFIGURING [29s][m[36D[5B[5A[1m<[0;1m-------------> 0% CONFIGURING [30s][m[36D[5B[5A[1m<[0;1m-------------> 0% CONFIGURING [31s][m[36D[5B[1A> IDLE[0K[6D[1B[3A> IDLE[0K[6D[3B[3A[1m> root project > Resolve files of configuration 'classpath' > ExternalDependenc[m[79D[2B[1m> root project > Resolve files of configuration 'classpath' > ExternalDependenc[m[79D[1B[1A> IDLE[0K[6D[1B[5A[1m<[0;1m-------------> 0% CONFIGURING [32s][m[36D[5B[1A[1m> root project > Resolve files of configuration 'classpath' > ExternalDependenc[m[79D[1B[2A[1m> root project > Resolve files of configuration 'classpath' > ExternalDependenc[m[79D[2B[3A> IDLE[0K[6D[3B[3A[1m> root project > Resolve files of configuration 'classpath' > MergeInstrumentat[m[79D[3B[3A> IDLE[0K[6D[3B[4A> IDLE[0K[6D[1B[1m> root project > Resolve files of configuration 'classpath' > ExternalDependenc[m[79D[3B[5A[1m<[0;1m-------------> 0% CONFIGURING [33s][m[36D[2B> IDLE[0K[6D[1B> IDLE[0K[6D[2B[3A[1m> root project > Resolve files of configuration 'classpath' > ExternalDependenc[m[79D[1B[1m> root project > Resolve files of configuration 'classpath' > ExternalDependenc[m[79D[2B[4A[1m> root project > Resolve files of configuration 'classpath' > ExternalDependenc[m[79D[4B[4A> IDLE[0K[6D[3B> IDLE[0K[6D[1B[4A[1m> root project > Resolve files of configuration 'classpath' > ExternalDependenc[m[79D[4B[1A[1m> root project > Resolve files of configuration 'classpath' > ExternalDependenc[m[79D[1B[5A[1m<[0;1m-------------> 0% CONFIGURING [34s][m[36D[2B> IDLE[0K[6D[3B[3A[1m> root project > Resolve files of configuration 'classpath' > ExternalDependenc[m[79D[3B[3A> IDLE[0K[6D[3B[3A[1m> root project > Resolve files of configuration 'classpath' > ExternalDependenc[m[79D[2B> IDLE[0K[6D[1B[2A> IDLE[0K[6D[2B[2A[1m> root project > Resolve files of configuration 'classpath' > ExternalDependenc[m[79D[2B[5A[1m<[0;1m-------------> 0% CONFIGURING [35s][m[36D[2B[1m> root project > Resolve files of configuration 'classpath' > MergeInstrumentat[m[79D[3B[3A[1m> root project > Resolve files of configuration 'classpath' > ExternalDependenc[m[79D[1B> IDLE[0K[6D[2B[2A[1m> root project > Resolve files of configuration 'classpath' > ExternalDependenc[m[79D[2B[1A[1m> root project > Resolve files of configuration 'classpath' > ExternalDependenc[m[79D[1B[1A[1m> root project > Resolve files of configuration 'classpath' > MergeInstrumentat[m[79D[1B[2A> IDLE[0K[6D[1B[1m> root project > Resolve files of configuration 'classpath' > ExternalDependenc[m[79D[1B[2A[1m> root project > Resolve files of configuration 'classpath' > ExternalDependenc[m[79D[2B[5A[1m<[0;1m-------------> 0% CONFIGURING [36s][m[36D[3B> IDLE[0K[6D[2B[3A> IDLE[0K[6D[3B[4A> IDLE[0K[6D[4B[4A[1m> root project > Resolve files of configuration 'classpath' > ExternalDependenc[m[79D[4B[3A[1m> root project > Resolve files of configuration 'classpath' > ExternalDependenc[m[79D[3B[2A[1m> root project > Resolve files of configuration 'classpath' > ExternalDependenc[m[79D[2B[4A> IDLE[0K[6D[1B> IDLE[0K[6D[1B> IDLE[0K[6D[2B[4A[1m> root project > Resolve files of configuration 'classpath' > ExternalDependenc[m[79D[1B[1m> root project > Resolve files of configuration 'classpath' > ExternalDependenc[m[79D[1B[1m> root project > Resolve files of configuration 'classpath' > ExternalDependenc[m[79D[2B[5A[1m<[0;1m-------------> 0% CONFIGURING [37s][m[36D[1B> IDLE[0K[6D[2B> IDLE[0K[6D[2B[3A[1m> root project > Resolve files of configuration 'classpath' > MergeInstrumentat[m[79D[2B[1m> root project > Resolve files of configuration 'classpath' > MergeInstrumentat[m[79D[1B[4A[1m> root project > Resolve files of configuration 'classpath' > MergeInstrumentat[m[79D[1B[1m> root project > Resolve files of configuration 'classpath' > ExternalDependenc[m[79D[2B[1m> root project > Resolve files of configuration 'classpath' > ExternalDependenc[m[79D[1B[4A> IDLE[0K[6D[2B[1m> root project > Resolve files of configuration 'classpath' > ExternalDependenc[m[79D[1B> IDLE[0K[6D[1B[2A> IDLE[0K[6D[2B[3A[1m> root project[m[0K[14D[3B[5A[1m<[0;1m-------------> 0% CONFIGURING [38s][m[36D[5B[5A[1m<[0;1m-------------> 0% CONFIGURING [39s][m[36D[5B[5A[1m<[0;1m-------------> 0% CONFIGURING [40s][m[36D[5B[5A[1m<[0;1m-------------> 0% CONFIGURING [41s][m[36D[5B[5A[1m<[0;1m-------------> 0% CONFIGURING [42s][m[36D[5B[5A[1m<[0;1m-------------> 0% CONFIGURING [43s][m[36D[5B[5A[1m<[0;32;1m=============[0;39;1m> 100% CONFIGURING [44s][m[38D[2B> IDLE[0K[6D[3B[5A[1m<[0;32;1m=============[0;39;1m> 100% CONFIGURING [45s][m[38D[5B[5A[1m<[0;1m-------------> 0% EXECUTING [45s][m[0K[34D[5B[5A[1m<[0;32;1m=[0;39;1m------------> 9% EXECUTING [45s][m[34D[2B[1m> :javaPreCompileDebug[m[22D[3B[5A[1m<[0;32;1m=[0;39;1m------------> 14% EXECUTING [45s][m[35D[2B> IDLE[0K[6D[1B[1m> :generateDebugResValues[m[25D[2B[5A[1m<[0;32;1m==[0;39;1m-----------> 21% EXECUTING [45s][m[35D[3B[1m> :mergeDebugResources[m[0K[22D[2B[3A[1m> :packageDebugResources[m[24D[3B[5A[1m<[0;32;1m===[0;39;1m----------> 26% EXECUTING [46s][m[35D[2B[1m> :parseDebugLocalResources > Resolve files of configuration ':androidApis'[m[75D[1B> IDLE[0K[6D[2B[3A[1m> :parseDebugLocalResources > Resolve files of configuration ':androidApis' > P[m[79D[3B[5A[1m<[0;32;1m===[0;39;1m----------> 29% EXECUTING [46s][m[35D[2B[1m> :parseDebugLocalResources[m[0K[27D[3B[5A[1m<[0;32;1m====[0;39;1m---------> 34% EXECUTING [46s][m[35D[2B> IDLE[0K[6D[1B[1m> :processDebugMainManifest[m[27D[2B[5A[0K
[1m[90m[DEBUG][39m[0m:   	[1m> Task :processDebugMainManifest[m
[1m[90m[DEBUG][39m[0m:   	/app/.buildozer/android/platform/build-arm64-v8a/dists/neshrblek/src/main/AndroidManifest.xml:53:18-50 Warning:
[1m[90m[DEBUG][39m[0m:   	        android:extractNativeLibs should not be specified in this source AndroidManifest.xml file. See https://d.android.com/guide/topics/manifest/application-element#extractNativeLibs for more information.
[1m[90m[DEBUG][39m[0m:   	The AGP Upgrade Assistant can remove the attribute from the AndroidManifest.xml file and update the build file accordingly. See https://d.android.com/studio/build/agp-upgrade-assistant for more information.
[1m[90m[DEBUG][39m[0m:   	[0K
[1m[90m[DEBUG][39m[0m:   	[0K
[1m[90m[DEBUG][39m[0m:   	[0K
[1m[90m[DEBUG][39m[0m:   	[0K
[1m[90m[DEBUG][39m[0m:   	[0K
[1m[90m[DEBUG][39m[0m:   	[5A[1m<[0;32;1m====[0;39;1m---------> 36% EXECUTING [47s][m[35D[1B> IDLE[6D[1B> IDLE[6D[1B[1m> :processDebugManifest[m[23D[1B> IDLE[6D[1B[5A[1m<[0;32;1m=====[0;39;1m--------> 41% EXECUTING [47s][m[35D[3B[1m> :processDebugManifestForPackage[m[33D[2B[5A[1m<[0;32;1m=====[0;39;1m--------> 43% EXECUTING [47s][m[35D[3B[1m> :processDebugResources > Resolve dependencies of :detachedConfiguration2 > aa[m[79D[2B[2A[1m> :processDebugResources > Resolve dependencies of :detachedConfiguration2[m[0K[74D[2B[2A[1m> :processDebugResources > Resolve files of configuration ':detachedConfigurati[m[79D[2B[5A[1m<[0;32;1m=====[0;39;1m--------> 43% EXECUTING [48s][m[35D[5B[5A[1m<[0;32;1m======[0;39;1m-------> 53% EXECUTING [48s][m[35D[2B[1m> :compressDebugAssets[m[22D[1B[1m> :processDebugResources[m[0K[24D[1B[1m> :mergeDebugJavaResource[m[25D[1B[5A[1m<[0;32;1m=======[0;39;1m------> 58% EXECUTING [48s][m[35D[2B[1m> :desugarDebugFileDependencies[m[31D[3B[5A[1m<[0;32;1m=======[0;39;1m------> 60% EXECUTING [48s][m[35D[4B> IDLE[0K[6D[1B[5A[1m<[0;32;1m========[0;39;1m-----> 63% EXECUTING [48s][m[35D[3B> IDLE[0K[6D[2B[5A[1m<[0;32;1m========[0;39;1m-----> 63% EXECUTING [49s][m[35D[5B[5A[1m<[0;32;1m========[0;39;1m-----> 65% EXECUTING [49s][m[35D[2B[1m> :compileDebugJavaWithJavac[m[0K[28D[3B[5A[1m<[0;32;1m========[0;39;1m-----> 65% EXECUTING [50s][m[35D[5B[5A[1m<[0;32;1m========[0;39;1m-----> 65% EXECUTING [51s][m[35D[5B[5A[0K
[1m[90m[DEBUG][39m[0m:   	[1m> Task :compileDebugJavaWithJavac[m
[1m[90m[DEBUG][39m[0m:   	Java compiler version 21 has deprecated support for compiling with source/target version 8.
[1m[90m[DEBUG][39m[0m:   	Try one of the following options:
[1m[90m[DEBUG][39m[0m:   	    1. [Recommended] Use Java toolchain with a lower language version
[1m[90m[DEBUG][39m[0m:   	    2. Set a higher source/target version
[1m[90m[DEBUG][39m[0m:   	    3. Use a lower version of the JDK running the build (if you're not using Java toolchain)
[1m[90m[DEBUG][39m[0m:   	For more details on how to configure these settings, see https://developer.android.com/build/jdks.
[1m[90m[DEBUG][39m[0m:   	To suppress this warning, set android.javaCompile.suppressSourceTargetDeprecationWarning=true in gradle.properties.
[1m[90m[DEBUG][39m[0m:   	warning: [options] source value 8 is obsolete and will be removed in a future release
[1m[90m[DEBUG][39m[0m:   	warning: [options] target value 8 is obsolete and will be removed in a future release
[1m[90m[DEBUG][39m[0m:   	warning: [options] To suppress warnings about obsolete options, use -Xlint:-options.
[1m[90m[DEBUG][39m[0m:   	Note: Some input files use or override a deprecated API.
[1m[90m[DEBUG][39m[0m:   	Note: Recompile with -Xlint:deprecation for details.
[1m[90m[DEBUG][39m[0m:   	[0K
[1m[90m[DEBUG][39m[0m:   	[0K
[1m[90m[DEBUG][39m[0m:   	[0K
[1m[90m[DEBUG][39m[0m:   	[0K
[1m[90m[DEBUG][39m[0m:   	[0K
[1m[90m[DEBUG][39m[0m:   	[5A[1m<[0;32;1m========[0;39;1m-----> 65% EXECUTING [51s][m[35D[1B> IDLE[6D[1B[1m> :compileDebugJavaWithJavac[m[28D[1B> IDLE[6D[1B> IDLE[6D[1B[5A3 warnings[0K
[1m[90m[DEBUG][39m[0m:   	[4B[0K
[1m[90m[DEBUG][39m[0m:   	[5A[1m<[0;32;1m========[0;39;1m-----> 65% EXECUTING [51s][m[35D[1B> IDLE[0K[6D[1B[1m> :compileDebugJavaWithJavac[m[28D[1B> IDLE[6D[1B> IDLE[6D[1B[5A[1m<[0;32;1m========[0;39;1m-----> 68% EXECUTING [51s][m[35D[2B[1m> :mergeExtDexDebug[m[0K[19D[3B[5A[1m<[0;32;1m=========[0;39;1m----> 73% EXECUTING [51s][m[35D[2B> IDLE[0K[6D[1B[1m> :dexBuilderDebug[m[18D[2B[5A[1m<[0;32;1m=========[0;39;1m----> 73% EXECUTING [52s][m[35D[5B[5A[1m<[0;32;1m=========[0;39;1m----> 73% EXECUTING [53s][m[35D[5B[5A[1m<[0;32;1m=========[0;39;1m----> 75% EXECUTING [53s][m[35D[2B[1m> :mergeDebugJniLibFolders[m[26D[1B[1m> :mergeProjectDexDebug[m[23D[2B[5A[1m<[0;32;1m=========[0;39;1m----> 75% EXECUTING [54s][m[35D[5B[5A[1m<[0;32;1m==========[0;39;1m---> 78% EXECUTING [54s][m[35D[3B> IDLE[0K[6D[2B[5A[1m<[0;32;1m==========[0;39;1m---> 80% EXECUTING [54s][m[35D[2B[1m> :mergeDebugNativeLibs[m[0K[23D[1B[1m> :validateSigningDebug[m[23D[2B[5A[1m<[0;32;1m==========[0;39;1m---> 82% EXECUTING [54s][m[35D[2B> IDLE[0K[6D[3B[5A[1m<[0;32;1m==========[0;39;1m---> 82% EXECUTING [55s][m[35D[5B[5A[1m<[0;32;1m==========[0;39;1m---> 82% EXECUTING [56s][m[35D[5B[5A[1m<[0;32;1m===========[0;39;1m--> 87% EXECUTING [56s][m[35D[2B[1m> :writeDebugSigningConfigVersions[m[34D[1B[1m> :stripDebugDebugSymbols[m[25D[2B[5A[1m<[0;32;1m===========[0;39;1m--> 90% EXECUTING [56s][m[35D[2B> IDLE[0K[6D[3B[5A[1m<[0;32;1m============[0;39;1m-> 92% EXECUTING [56s][m[35D[3B[1m> :packageDebug[m[0K[15D[2B[5A[1m<[0;32;1m============[0;39;1m-> 92% EXECUTING [57s][m[35D[5B[5A[1m<[0;32;1m============[0;39;1m-> 92% EXECUTING [58s][m[35D[5B[5A[0K
[1m[90m[DEBUG][39m[0m:   	[Incubating] Problems report is available at: file:///app/.buildozer/android/platform/build-arm64-v8a/dists/neshrblek/build/reports/problems/problems-report.html[0K[0K
[1m[90m[DEBUG][39m[0m:   	[0K
[1m[90m[DEBUG][39m[0m:   	Deprecated Gradle features were used in this build, making it incompatible with Gradle 9.0.
[1m[90m[DEBUG][39m[0m:
[1m[90m[DEBUG][39m[0m:   	You can use '--warning-mode all' to show the individual deprecation warnings and determine if they come from your own scripts or plugins.
[1m[90m[DEBUG][39m[0m:
[1m[90m[DEBUG][39m[0m:   	For more on this, please refer to https://docs.gradle.org/8.14.3/userguide/command_line_interface.html#sec:command_line_warnings in the Gradle documentation.
[1m[90m[DEBUG][39m[0m:
[1m[90m[DEBUG][39m[0m:   	[32;1mBUILD SUCCESSFUL[0;39m in 1m 43s
[1m[90m[DEBUG][39m[0m:   	34 actionable tasks: 33 executed, 1 up-to-date
[1m[90m[DEBUG][39m[0m:   	[0K
[1m[90m[DEBUG][39m[0m:   	[0K
[1m[90m[DEBUG][39m[0m:   	[0K
[1m[90m[DEBUG][39m[0m:   	[0K
[1m[90m[DEBUG][39m[0m:   	[0K
[1m[90m[DEBUG][39m[0m:   	[5A[1m<[0;32;1m=============[0;39;1m> 100% EXECUTING [58s][m[36D[1B> IDLE[6D[1B> IDLE[6D[1B> IDLE[6D[1B> IDLE[6D[1B[5A[1m<[0;1m-------------> 0% WAITING[m[0K[26D[5B[5A[2K[1B[2K[1B[2K[1B[2K[1B[2K[4A[0m[34h[?25h
[1m[INFO][0m:    [36m<- directory context /app/.buildozer/android/platform/python-for-android[39m
[1m[90m[DEBUG][39m[0m:   All possible dists: [<Distribution: name neshrblek with recipes (hostpython3, libffi, openssl, sdl2_image, sdl2_mixer, sdl2_ttf, sqlite3, python3, sdl2, pyjnius, setuptools, android, pycparser, cffi, kivy, cryptography, certifi, arabic-reshaper, urllib3, jwcrypto, six, chardet, idna, gcloud, requests, pyasn1, pyasn1-modules, pyrebase4, filetype, python-bidi)>]
[1m[90m[DEBUG][39m[0m:   Dist matching name and arch: [<Distribution: name neshrblek with recipes (hostpython3, libffi, openssl, sdl2_image, sdl2_mixer, sdl2_ttf, sqlite3, python3, sdl2, pyjnius, setuptools, android, pycparser, cffi, kivy, cryptography, certifi, arabic-reshaper, urllib3, jwcrypto, six, chardet, idna, gcloud, requests, pyasn1, pyasn1-modules, pyrebase4, filetype, python-bidi)>]
[1m[90m[DEBUG][39m[0m:   Dist matching ndk_api and recipe: [<Distribution: name neshrblek with recipes (hostpython3, libffi, openssl, sdl2_image, sdl2_mixer, sdl2_ttf, sqlite3, python3, sdl2, pyjnius, setuptools, android, pycparser, cffi, kivy, cryptography, certifi, arabic-reshaper, urllib3, jwcrypto, six, chardet, idna, gcloud, requests, pyasn1, pyasn1-modules, pyrebase4, filetype, python-bidi)>]
[1m[INFO][0m:    Of the existing distributions, the following meet the given requirements:
[1m[INFO][0m:    	[32m[1mneshrblek[0m: min API 21, includes recipes ([32mhostpython3, libffi, openssl, sdl2_image, sdl2_mixer, sdl2_ttf, sqlite3, python3, sdl2, pyjnius, setuptools, android, pycparser, cffi, kivy, cryptography, certifi, arabic-reshaper, urllib3, jwcrypto, six, chardet, idna, gcloud, requests, pyasn1, pyasn1-modules, pyrebase4, filetype, python-bidi[0m), built for archs ([34marm64-v8a[0m)
[1m[INFO][0m:    [1m[94mneshrblek has compatible recipes, using this one[0m
[1m[INFO][0m:    [1m[32m# Copying android package to current directory[0m[39m
[1m[INFO][0m:    [1m[32m# Android package filename not found in build output. Guessing...[0m[39m
[1m[INFO][0m:    [1m[32m# Found android package file: /app/.buildozer/android/platform/build-arm64-v8a/dists/neshrblek/build/outputs/apk/debug/neshrblek-debug.apk[0m[39m
[1m[INFO][0m:    # Add version number to android package
[1m[INFO][0m:    # Android package renamed to neshrblek-debug-0.1.apk
stty: 'standard input': Inappropriate ioctl for device
[1m[90m[DEBUG][39m[0m:   [90m->[0m running cp /app/.buildozer/android/platform/build-arm64-v8a/dists/neshrblek/build/outputs/apk/debug/neshrblek-debug.apk neshrblek-debug-0.1.apk[0m
No setup.py/pyproject.toml used, copying full private data into .apk.
Applying Java source code patches...
Applying patch: src/patches/SDLActivity.java.patch
Applying patch: src/patches/SDLSurface.java.patch
# Copy /app/.buildozer/android/platform/build-arm64-v8a/dists/neshrblek/build/outputs/apk/debug/neshrblek-debug.apk to /app/bin/neshrblek-0.1-arm64-v8a-debug.apk
# Android packaging done!
# APK neshrblek-0.1-arm64-v8a-debug.apk available in the bin directory
